11-12 06:10:31.277: D/dalvikvm(6898): WAIT_FOR_CONCURRENT_GC blocked 15ms
11-12 06:10:31.277: D/dalvikvm(6898): WAIT_FOR_CONCURRENT_GC blocked 16ms
11-12 06:10:31.287: W/OcrModelUpStIntentOp(1080): Invalid action: com.google.android.gms.phenotype.COMMITTED
11-12 06:10:31.287: I/SettingsChangedIntentOp(1080): SettingsChangedIntentOperation.run: Got intent Intent { act=com.google.android.gms.phenotype.COMMITTED flg=0x10 pkg=com.google.android.gms cmp=com.google.android.gms/.chimera.GmsIntentOperationService (has extras) }
11-12 06:10:31.287: I/SettingsChangedIntentOp(1080): SettingsChangedIntentOperation.run Intent extra com.google.android.gms.phenotype.PACKAGE_NAME: com.google.android.gms.security
11-12 06:10:31.287: I/SettingsChangedIntentOp(1080): Action: com.google.android.gms.phenotype.COMMITTED
11-12 06:10:31.287: I/SettingsChangedIntentOp(1080): EXTRA_PACKAGE_NAME: com.google.android.gms.security
11-12 06:10:31.337: W/NetRec(6898): [934] ConfigChangedIntentOperation.onHandleIntent: Device does not support scoring, exiting
11-12 06:10:31.342: W/OcrModelUpStIntentOp(1080): Invalid action: com.google.android.gms.phenotype.COMMITTED
11-12 06:10:31.347: I/SettingsChangedIntentOp(1080): SettingsChangedIntentOperation.run: Got intent Intent { act=com.google.android.gms.phenotype.COMMITTED flg=0x10 pkg=com.google.android.gms cmp=com.google.android.gms/.chimera.GmsIntentOperationService (has extras) }
11-12 06:10:31.347: I/SettingsChangedIntentOp(1080): SettingsChangedIntentOperation.run Intent extra com.google.android.gms.phenotype.PACKAGE_NAME: com.google.android.gms.gcm
11-12 06:10:31.347: I/SettingsChangedIntentOp(1080): Action: com.google.android.gms.phenotype.COMMITTED
11-12 06:10:31.347: I/SettingsChangedIntentOp(1080): EXTRA_PACKAGE_NAME: com.google.android.gms.gcm
11-12 06:10:31.347: I/PTCommittedOperation(6898): Receive new configuration for com.google.android.gms.gcm
11-12 06:10:31.372: I/GCoreUlr(6898): WorldUpdater:com.google.gservices.intent.action.GSERVICES_CHANGED: Ensuring that reporting is stopped because of reasons: {account#9#=[InactiveReason{mIdentifier=4, mName='GoogleLocationDisabled'}, InactiveReason{mIdentifier=10, mName='AuthError'}, InactiveReason{mIdentifier=6, mName='ReportingNotEnabled'}, InactiveReason{mIdentifier=14, mName='HistoryNotEnabled'}]}
11-12 06:10:31.387: I/GCoreUlr(6898): Unbound from all location providers
11-12 06:10:31.387: I/GCoreUlr(6898): Place inference reporting - stop
11-12 06:10:31.427: I/GCoreUlr(6898): Stopping handler for UlrDispSvcFast
11-12 06:10:31.437: I/GCoreUlr(6898): Unbound from all location providers
11-12 06:10:31.437: I/GCoreUlr(6898): Place inference reporting - stop
11-12 06:10:31.452: D/dalvikvm(1080): GC_CONCURRENT freed 1494K, 17% free 13682K/16476K, paused 8ms+9ms, total 100ms
11-12 06:10:31.457: I/GCoreUlr(6898): DispatchingService ignoring Intent { act=android.net.wifi.WIFI_STATE_CHANGED flg=0x8000010 (has extras) } because ULR inactive
11-12 06:10:31.457: I/Icing(1080): Indexing 4281F7D24459DCE63CBEF96A6A4E42F550385E66 from com.google.android.googlequicksearchbox
11-12 06:10:31.457: W/ActivityManager(2346): Permission denied: checkComponentPermission() owningUid=10138
11-12 06:10:31.462: W/ActivityManager(2346): Permission denied: checkComponentPermission() owningUid=10138
11-12 06:10:31.467: I/Icing(1080): Indexing done 4281F7D24459DCE63CBEF96A6A4E42F550385E66
11-12 06:10:31.477: W/NetRec(6898): [912] ConfigChangedIntentOperation.onHandleIntent: Device does not support scoring, exiting
11-12 06:10:31.487: W/OcrModelUpStIntentOp(1080): Invalid action: com.google.android.gms.phenotype.COMMITTED
11-12 06:10:31.487: I/SettingsChangedIntentOp(1080): SettingsChangedIntentOperation.run: Got intent Intent { act=com.google.android.gms.phenotype.COMMITTED flg=0x10 pkg=com.google.android.gms cmp=com.google.android.gms/.chimera.GmsIntentOperationService (has extras) }
11-12 06:10:31.487: I/SettingsChangedIntentOp(1080): SettingsChangedIntentOperation.run Intent extra com.google.android.gms.phenotype.PACKAGE_NAME: com.google.android.gms
11-12 06:10:31.487: I/SettingsChangedIntentOp(1080): Action: com.google.android.gms.phenotype.COMMITTED
11-12 06:10:31.487: I/SettingsChangedIntentOp(1080): EXTRA_PACKAGE_NAME: com.google.android.gms
11-12 06:10:31.487: I/PTCommittedOperation(6898): Receive new configuration for com.google.android.gms
11-12 06:10:31.552: W/NetRec(6898): [934] ConfigChangedIntentOperation.onHandleIntent: Device does not support scoring, exiting
11-12 06:10:31.557: W/OcrModelUpStIntentOp(1080): Invalid action: com.google.android.gms.phenotype.COMMITTED
11-12 06:10:31.557: I/SettingsChangedIntentOp(1080): SettingsChangedIntentOperation.run: Got intent Intent { act=com.google.android.gms.phenotype.COMMITTED flg=0x10 pkg=com.google.android.gms cmp=com.google.android.gms/.chimera.GmsIntentOperationService (has extras) }
11-12 06:10:31.557: I/SettingsChangedIntentOp(1080): SettingsChangedIntentOperation.run Intent extra com.google.android.gms.phenotype.PACKAGE_NAME: com.google.android.gms.netrec
11-12 06:10:31.557: I/SettingsChangedIntentOp(1080): Action: com.google.android.gms.phenotype.COMMITTED
11-12 06:10:31.557: I/SettingsChangedIntentOp(1080): EXTRA_PACKAGE_NAME: com.google.android.gms.netrec
11-12 06:10:31.557: I/PTCommittedOperation(6898): Receive new configuration for com.google.android.gms.netrec
11-12 06:10:31.652: W/NetRec(6898): [934] ConfigChangedIntentOperation.onHandleIntent: Device does not support scoring, exiting
11-12 06:10:31.657: W/OcrModelUpStIntentOp(1080): Invalid action: com.google.android.gms.phenotype.COMMITTED
11-12 06:10:31.662: I/PTCommittedOperation(6898): Receive new configuration for com.google.android.gms.places
11-12 06:10:31.662: I/SettingsChangedIntentOp(1080): SettingsChangedIntentOperation.run: Got intent Intent { act=com.google.android.gms.phenotype.COMMITTED flg=0x10 pkg=com.google.android.gms cmp=com.google.android.gms/.chimera.GmsIntentOperationService (has extras) }
11-12 06:10:31.662: I/SettingsChangedIntentOp(1080): SettingsChangedIntentOperation.run Intent extra com.google.android.gms.phenotype.PACKAGE_NAME: com.google.android.gms.places
11-12 06:10:31.662: I/SettingsChangedIntentOp(1080): Action: com.google.android.gms.phenotype.COMMITTED
11-12 06:10:31.662: I/SettingsChangedIntentOp(1080): EXTRA_PACKAGE_NAME: com.google.android.gms.places
11-12 06:10:31.692: I/Icing(1080): Indexing 836B914D99BD4034B96B842F7BC8279EF1EE5740 from com.google.android.gms
11-12 06:10:31.692: I/Icing(1080): Indexing done 836B914D99BD4034B96B842F7BC8279EF1EE5740
11-12 06:10:31.702: I/Icing(1080): Indexing 4281F7D24459DCE63CBEF96A6A4E42F550385E66 from com.google.android.googlequicksearchbox
11-12 06:10:31.702: W/ActivityManager(2346): Permission denied: checkComponentPermission() owningUid=10138
11-12 06:10:31.702: W/ActivityManager(2346): Permission denied: checkComponentPermission() owningUid=10138
11-12 06:10:31.717: W/ActivityManager(2346): Permission denied: checkComponentPermission() owningUid=10138
11-12 06:10:31.717: W/ActivityManager(2346): Permission denied: checkComponentPermission() owningUid=10138
11-12 06:10:31.722: I/Icing(1080): Indexing done 4281F7D24459DCE63CBEF96A6A4E42F550385E66
11-12 06:10:32.197: D/SSRMv2:Monitor(2346): SIOP:: AP = 330, Prev AP = 300, Duration = 10002
11-12 06:10:32.417: D/STATUSBAR-NetworkController(2557): refreshSignalCluster: data=-1 bt=false
11-12 06:10:32.447: D/STATUSBAR-IconMerger(2557): checkOverflow(336), More:false, Req:false Child:6
11-12 06:10:33.437: D/STATUSBAR-NetworkController(2557): refreshSignalCluster: data=-1 bt=false
11-12 06:10:33.452: D/STATUSBAR-IconMerger(2557): checkOverflow(336), More:false, Req:false Child:6
11-12 06:10:33.707: D/dalvikvm(2346): GC_CONCURRENT freed 1971K, 37% free 20341K/32020K, paused 9ms+11ms, total 157ms
11-12 06:10:34.442: D/AndroidRuntime(28518): >>>>>> AndroidRuntime START com.android.internal.os.RuntimeInit <<<<<<
11-12 06:10:34.442: D/AndroidRuntime(28518): CheckJNI is OFF
11-12 06:10:34.442: D/AndroidRuntime(28518): setted country_code = Germany
11-12 06:10:34.442: D/AndroidRuntime(28518): setted countryiso_code = DE
11-12 06:10:34.442: D/AndroidRuntime(28518): setted sales_code = DBT
11-12 06:10:34.442: D/AndroidRuntime(28518): readGMSProperty: start
11-12 06:10:34.442: D/AndroidRuntime(28518): readGMSProperty: already setted!!
11-12 06:10:34.442: D/AndroidRuntime(28518): readGMSProperty: end
11-12 06:10:34.442: D/AndroidRuntime(28518): addProductProperty: start
11-12 06:10:34.452: D/dalvikvm(28518): Trying to load lib libjavacore.so 0x0
11-12 06:10:34.457: D/dalvikvm(28518): Added shared lib libjavacore.so 0x0
11-12 06:10:34.462: D/dalvikvm(28518): Trying to load lib libnativehelper.so 0x0
11-12 06:10:34.462: D/dalvikvm(28518): Added shared lib libnativehelper.so 0x0
11-12 06:10:34.692: D/SSRMv2:Monitor(2346): SIOP:: AP = 330 (read only)
11-12 06:10:34.702: D/dalvikvm(28518): Note: class Landroid/app/ActivityManagerNative; has 177 unimplemented (abstract) methods
11-12 06:10:34.737: D/AndroidRuntime(28518): Calling main entry com.android.commands.am.Am
11-12 06:10:34.862: D/DumpStaticPerfEnv(28529): Instrumentation completed successfully
11-12 06:10:34.867: D/AndroidRuntime(28518): Shutting down VM
11-12 06:10:34.872: D/dalvikvm(28518): GC_CONCURRENT freed 99K, 14% free 685K/788K, paused 1ms+0ms, total 4ms
11-12 06:10:35.132: I/ActivityManager(2346): Killing proc 28529:com.google.android.apps.mtaas.tools/u0a10161: force stop com.google.android.apps.mtaas.tools
11-12 06:10:35.162: D/dalvikvm(2656): GC_CONCURRENT freed 404K, 15% free 10088K/11820K, paused 5ms+2ms, total 30ms
11-12 06:10:37.197: D/SSRMv2:Monitor(2346): SIOP:: AP = 330 (read only)
11-12 06:10:37.447: D/STATUSBAR-NetworkController(2557): refreshSignalCluster: data=-1 bt=false
11-12 06:10:37.462: D/STATUSBAR-IconMerger(2557): checkOverflow(336), More:false, Req:false Child:6
11-12 06:10:38.547: E/Watchdog(2346): !@Sync 2688
11-12 06:10:38.762: I/DiscoveryManager(1080): Filter criteria(null) scannerFlags(0)
11-12 06:10:38.767: W/MdnsClient_Cast(1080): Multicast lock held. Releasing. Subtypes:""
11-12 06:10:39.457: D/STATUSBAR-NetworkController(2557): refreshSignalCluster: data=-1 bt=false
11-12 06:10:39.477: D/STATUSBAR-IconMerger(2557): checkOverflow(336), More:false, Req:false Child:6
11-12 06:10:39.697: D/SSRMv2:Monitor(2346): SIOP:: AP = 330 (read only)
11-12 06:10:40.157: V/AlarmManager(2346): waitForAlarm result :4
11-12 06:10:40.162: V/AlarmManager(2346): trigger ELAPSED_REALTIME_WAKEUP or RTC_WAKEUP
11-12 06:10:40.462: D/STATUSBAR-NetworkController(2557): refreshSignalCluster: data=-1 bt=false
11-12 06:10:40.472: D/STATUSBAR-IconMerger(2557): checkOverflow(336), More:false, Req:false Child:6
11-12 06:10:40.672: D/AndroidRuntime(28550): >>>>>> AndroidRuntime START com.android.internal.os.RuntimeInit <<<<<<
11-12 06:10:40.672: D/AndroidRuntime(28550): CheckJNI is OFF
11-12 06:10:40.677: D/AndroidRuntime(28550): setted country_code = Germany
11-12 06:10:40.677: D/AndroidRuntime(28550): setted countryiso_code = DE
11-12 06:10:40.677: D/AndroidRuntime(28550): setted sales_code = DBT
11-12 06:10:40.677: D/AndroidRuntime(28550): readGMSProperty: start
11-12 06:10:40.677: D/AndroidRuntime(28550): readGMSProperty: already setted!!
11-12 06:10:40.677: D/AndroidRuntime(28550): readGMSProperty: end
11-12 06:10:40.677: D/AndroidRuntime(28550): addProductProperty: start
11-12 06:10:40.687: D/dalvikvm(28550): Trying to load lib libjavacore.so 0x0
11-12 06:10:40.692: D/dalvikvm(28550): Added shared lib libjavacore.so 0x0
11-12 06:10:40.697: D/dalvikvm(28550): Trying to load lib libnativehelper.so 0x0
11-12 06:10:40.697: D/dalvikvm(28550): Added shared lib libnativehelper.so 0x0
11-12 06:10:40.937: D/dalvikvm(28550): Note: class Landroid/app/ActivityManagerNative; has 177 unimplemented (abstract) methods
11-12 06:10:40.972: D/AndroidRuntime(28550): Calling main entry com.android.commands.pm.Pm
11-12 06:10:41.072: D/AndroidRuntime(28550): Shutting down VM
11-12 06:10:41.077: D/dalvikvm(28550): GC_CONCURRENT freed 496K, 42% free 693K/1192K, paused 0ms+0ms, total 4ms
11-12 06:10:42.007: D/AndroidRuntime(28570): >>>>>> AndroidRuntime START com.android.internal.os.RuntimeInit <<<<<<
11-12 06:10:42.007: D/AndroidRuntime(28570): CheckJNI is OFF
11-12 06:10:42.007: D/AndroidRuntime(28570): setted country_code = Germany
11-12 06:10:42.007: D/AndroidRuntime(28570): setted countryiso_code = DE
11-12 06:10:42.007: D/AndroidRuntime(28570): setted sales_code = DBT
11-12 06:10:42.007: D/AndroidRuntime(28570): readGMSProperty: start
11-12 06:10:42.007: D/AndroidRuntime(28570): readGMSProperty: already setted!!
11-12 06:10:42.007: D/AndroidRuntime(28570): readGMSProperty: end
11-12 06:10:42.007: D/AndroidRuntime(28570): addProductProperty: start
11-12 06:10:42.022: D/dalvikvm(28570): Trying to load lib libjavacore.so 0x0
11-12 06:10:42.027: D/dalvikvm(28570): Added shared lib libjavacore.so 0x0
11-12 06:10:42.037: D/dalvikvm(28570): Trying to load lib libnativehelper.so 0x0
11-12 06:10:42.037: D/dalvikvm(28570): Added shared lib libnativehelper.so 0x0
11-12 06:10:42.197: D/SSRMv2:Monitor(2346): SIOP:: AP = 330, Prev AP = 330, Duration = 10001
11-12 06:10:42.282: D/dalvikvm(28570): Note: class Landroid/app/ActivityManagerNative; has 177 unimplemented (abstract) methods
11-12 06:10:42.332: D/AndroidRuntime(28570): Calling main entry com.android.commands.pm.Pm
11-12 06:10:42.352: W/LicenseLogService(2346): log() is called by non admin
11-12 06:10:42.357: I/PackageManager(2346): onServiceConnected
11-12 06:10:42.382: I/HarmonyEASService(2346): Updating for all 1
11-12 06:10:42.382: I/PackageManager(2346): Copying native libraries to /data/app-lib/vmdl830828766
11-12 06:10:42.562: D/dalvikvm(2346): GC_CONCURRENT freed 1437K, 34% free 20949K/31576K, paused 4ms+7ms, total 102ms
11-12 06:10:42.562: D/dalvikvm(2346): WAIT_FOR_CONCURRENT_GC blocked 89ms
11-12 06:10:42.777: D/dalvikvm(2346): GC_CONCURRENT freed 2167K, 35% free 20824K/31576K, paused 4ms+7ms, total 98ms
11-12 06:10:42.777: D/dalvikvm(2346): WAIT_FOR_CONCURRENT_GC blocked 89ms
11-12 06:10:42.932: D/dalvikvm(2346): GC_CONCURRENT freed 2031K, 34% free 20840K/31576K, paused 4ms+8ms, total 99ms
11-12 06:10:42.932: D/dalvikvm(2346): WAIT_FOR_CONCURRENT_GC blocked 89ms
11-12 06:10:42.937: D/ApplicationPolicy(2346): isApplicationInstallationEnabled
11-12 06:10:42.937: W/PackageManager(2346): verifying app can be installed or not
11-12 06:10:42.942: W/LicenseLogService(2346): log() is called by non admin
11-12 06:10:43.097: I/HarmonyEASService(2346): Updating for all 1
11-12 06:10:43.137: D/dalvikvm(28583): DexOpt: 'Ljunit/framework/Assert;' has an earlier definition; blocking out
11-12 06:10:43.137: D/dalvikvm(28583): DexOpt: 'Ljunit/framework/AssertionFailedError;' has an earlier definition; blocking out
11-12 06:10:43.137: D/dalvikvm(28583): DexOpt: 'Ljunit/framework/ComparisonCompactor;' has an earlier definition; blocking out
11-12 06:10:43.142: D/dalvikvm(28583): DexOpt: 'Ljunit/framework/Protectable;' has an earlier definition; blocking out
11-12 06:10:43.142: D/dalvikvm(28583): DexOpt: 'Ljunit/framework/Test;' has an earlier definition; blocking out
11-12 06:10:43.142: D/dalvikvm(28583): DexOpt: 'Ljunit/framework/TestFailure;' has an earlier definition; blocking out
11-12 06:10:43.142: D/dalvikvm(28583): DexOpt: 'Ljunit/framework/TestListener;' has an earlier definition; blocking out
11-12 06:10:43.142: D/dalvikvm(28583): DexOpt: 'Ljunit/framework/TestResult;' has an earlier definition; blocking out
11-12 06:10:43.157: D/dalvikvm(28583): DexOpt: 'Ljunit/extensions/TestDecorator;' has an earlier definition; blocking out
11-12 06:10:43.157: D/dalvikvm(28583): DexOpt: 'Ljunit/framework/ComparisonFailure;' has an earlier definition; blocking out
11-12 06:10:43.157: D/dalvikvm(28583): DexOpt: 'Ljunit/framework/TestCase;' has an earlier definition; blocking out
11-12 06:10:43.157: D/dalvikvm(28583): DexOpt: 'Ljunit/framework/TestResult$1;' has an earlier definition; blocking out
11-12 06:10:43.157: D/dalvikvm(28583): DexOpt: 'Ljunit/framework/TestSuite;' has an earlier definition; blocking out
11-12 06:10:43.162: D/dalvikvm(28583): DexOpt: 'Ljunit/framework/TestSuite$1;' has an earlier definition; blocking out
11-12 06:10:43.227: I/dalvikvm(28583): DexOpt: not resolving ambiguous class 'Ljunit/framework/Test;'
11-12 06:10:43.227: I/dalvikvm(28583): DexOpt: not resolving ambiguous class 'Ljunit/framework/TestCase;'
11-12 06:10:43.372: D/dalvikvm(28583): DexOpt: not verifying/optimizing 'Ljunit/framework/Assert;': multiple definitions
11-12 06:10:43.372: D/dalvikvm(28583): DexOpt: not verifying/optimizing 'Ljunit/framework/AssertionFailedError;': multiple definitions
11-12 06:10:43.372: D/dalvikvm(28583): DexOpt: not verifying/optimizing 'Ljunit/framework/ComparisonCompactor;': multiple definitions
11-12 06:10:43.372: I/dalvikvm(28583): DexOpt: not resolving ambiguous class 'Ljunit/framework/Test;'
11-12 06:10:43.372: D/dalvikvm(28583): DexOpt: not verifying/optimizing 'Ljunit/framework/Protectable;': multiple definitions
11-12 06:10:43.372: D/dalvikvm(28583): DexOpt: not verifying/optimizing 'Ljunit/framework/Test;': multiple definitions
11-12 06:10:43.372: D/dalvikvm(28583): DexOpt: not verifying/optimizing 'Ljunit/framework/TestFailure;': multiple definitions
11-12 06:10:43.372: D/dalvikvm(28583): DexOpt: not verifying/optimizing 'Ljunit/framework/TestListener;': multiple definitions
11-12 06:10:43.372: D/dalvikvm(28583): DexOpt: not verifying/optimizing 'Ljunit/framework/TestResult;': multiple definitions
11-12 06:10:43.407: I/dalvikvm(28583): DexOpt: not resolving ambiguous class 'Ljunit/framework/AssertionFailedError;'
11-12 06:10:43.407: I/dalvikvm(28583): DexOpt: not resolving ambiguous class 'Ljunit/framework/AssertionFailedError;'
11-12 06:10:43.412: I/dalvikvm(28583): DexOpt: not resolving ambiguous class 'Ljunit/framework/TestSuite;'
11-12 06:10:43.412: I/dalvikvm(28583): DexOpt: not resolving ambiguous class 'Ljunit/framework/TestResult;'
11-12 06:10:43.412: I/dalvikvm(28583): DexOpt: not resolving ambiguous class 'Ljunit/framework/TestCase;'
11-12 06:10:43.412: I/dalvikvm(28583): DexOpt: not resolving ambiguous class 'Ljunit/framework/Test;'
11-12 06:10:43.522: D/dalvikvm(28583): DexOpt: not verifying/optimizing 'Ljunit/extensions/TestDecorator;': multiple definitions
11-12 06:10:43.522: D/dalvikvm(28583): DexOpt: not verifying/optimizing 'Ljunit/framework/ComparisonFailure;': multiple definitions
11-12 06:10:43.522: I/dalvikvm(28583): DexOpt: not resolving ambiguous class 'Ljunit/framework/TestResult;'
11-12 06:10:43.522: D/dalvikvm(28583): DexOpt: not verifying/optimizing 'Ljunit/framework/TestCase;': multiple definitions
11-12 06:10:43.522: D/dalvikvm(28583): DexOpt: not verifying/optimizing 'Ljunit/framework/TestResult$1;': multiple definitions
11-12 06:10:43.522: D/dalvikvm(28583): DexOpt: not verifying/optimizing 'Ljunit/framework/TestSuite;': multiple definitions
11-12 06:10:43.522: I/dalvikvm(28583): DexOpt: not resolving ambiguous class 'Ljunit/framework/TestCase;'
11-12 06:10:43.522: I/dalvikvm(28583): DexOpt: not resolving ambiguous class 'Ljunit/framework/TestCase;'
11-12 06:10:43.537: I/dalvikvm(28583): DexOpt: not resolving ambiguous class 'Ljunit/framework/TestSuite;'
11-12 06:10:43.537: I/dalvikvm(28583): DexOpt: not resolving ambiguous class 'Ljunit/framework/Protectable;'
11-12 06:10:43.537: I/dalvikvm(28583): DexOpt: not resolving ambiguous class 'Ljunit/framework/TestSuite;'
11-12 06:10:43.537: I/dalvikvm(28583): DexOpt: not resolving ambiguous class 'Ljunit/framework/TestSuite;'
11-12 06:10:43.537: I/dalvikvm(28583): DexOpt: not resolving ambiguous class 'Ljunit/framework/TestSuite;'
11-12 06:10:43.562: D/dalvikvm(28583): DexOpt: not verifying/optimizing 'Ljunit/framework/TestSuite$1;': multiple definitions
11-12 06:10:43.567: I/dalvikvm(28583): DexOpt: not resolving ambiguous class 'Ljunit/framework/TestSuite;'
11-12 06:10:43.567: I/dalvikvm(28583): DexOpt: not resolving ambiguous class 'Ljunit/framework/TestSuite;'
11-12 06:10:43.587: I/dalvikvm(28583): DexOpt: not resolving ambiguous class 'Ljunit/framework/Test;'
11-12 06:10:43.592: I/dalvikvm(28583): DexOpt: not resolving ambiguous class 'Ljunit/framework/TestSuite;'
11-12 06:10:43.627: D/dalvikvm(28583): DexOpt: load 57ms, verify+opt 456ms, 1753196 bytes
11-12 06:10:43.732: V/AlarmManager(2346): waitForAlarm result :1
11-12 06:10:43.742: V/AlarmManager(2346): trigger ELAPSED_REALTIME_WAKEUP or RTC_WAKEUP
11-12 06:10:43.837: D/dalvikvm(27453): GC_CONCURRENT freed 179K, 11% free 10280K/11536K, paused 5ms+2ms, total 39ms
11-12 06:10:43.837: D/dalvikvm(27453): WAIT_FOR_CONCURRENT_GC blocked 17ms
11-12 06:10:43.912: W/PackageManager(2346): Not granting permission android.permission.READ_FRAME_BUFFER to package com.google.android.apps.mtaas.crawler (protectionLevel=18 flags=0x8be44)
11-12 06:10:43.912: W/PackageManager(2346): Not granting permission android.permission.DUMP to package com.google.android.apps.mtaas.crawler (protectionLevel=50 flags=0x8be44)
11-12 06:10:44.017: D/PackageManager(2346): Sending to user 0: act=android.intent.action.PACKAGE_ADDED dat=package:com.google.android.apps.mtaas.crawler flg=0x8000000 Bundle[{android.intent.extra.UID=10171, android.intent.extra.user_handle=0}]
11-12 06:10:44.017: D/PackageManager(2346): java.lang.RuntimeException: It's not exception, just print call stack
11-12 06:10:44.017: D/PackageManager(2346): 	at com.android.server.pm.PackageManagerService.sendPackageBroadcast(PackageManagerService.java:7661)
11-12 06:10:44.017: D/PackageManager(2346): 	at com.android.server.pm.PackageManagerService$PackageHandler.doHandleMessage(PackageManagerService.java:998)
11-12 06:10:44.017: D/PackageManager(2346): 	at com.android.server.pm.PackageManagerService$PackageHandler.handleMessage(PackageManagerService.java:716)
11-12 06:10:44.017: D/PackageManager(2346): 	at android.os.Handler.dispatchMessage(Handler.java:99)
11-12 06:10:44.017: D/PackageManager(2346): 	at android.os.Looper.loop(Looper.java:176)
11-12 06:10:44.017: D/PackageManager(2346): 	at android.os.HandlerThread.run(HandlerThread.java:61)
11-12 06:10:44.022: D/dalvikvm(2346): WAIT_FOR_CONCURRENT_GC blocked 1ms
11-12 06:10:44.042: I/ContextualPageManager(2684): awareHotseatItemsReload from CA
11-12 06:10:44.052: I/BackGroundService(3171): BackGroundService:  BR    
11-12 06:10:44.062: I/InputReader(2346): Reconfiguring input devices.  changes=0x00000010
11-12 06:10:44.082: W/ResourceType(3489): Failure getting entry for 0x7f020494 (t=1 e=1172) in package 0 (error -75)
11-12 06:10:44.117: D/dalvikvm(2666): GC_CONCURRENT freed 382K, 16% free 10075K/11876K, paused 5ms+2ms, total 33ms
11-12 06:10:44.117: D/dalvikvm(2666): WAIT_FOR_CONCURRENT_GC blocked 21ms
11-12 06:10:44.137: I/HomeSyncInstallReceiver(2666): Package Added : com.google.android.apps.mtaas.crawler
11-12 06:10:44.137: I/HomeSyncInstallReceiver(2666): This pkg do not need BT addr. Do nothing
11-12 06:10:44.142: I/VideoHubAPP(26155): VHDisable Receiver
11-12 06:10:44.142: I/VideoHubAPP(26155): VHDisable Receiver ACTION = android.intent.action.PACKAGE_ADDED
11-12 06:10:44.142: I/VideoHubAPP(26155): VHDisable Receiver PackageName = com.google.android.apps.mtaas.crawler
11-12 06:10:44.152: D/[FileShare][Server](28271): ServerBroadcastReceiver : onReceive: android.intent.action.PACKAGE_ADDED // package:com.google.android.apps.mtaas.crawler
11-12 06:10:44.152: D/[FileShare][Server](28271): ServerBroadcastReceiver : Current User : UserHandle{0}
11-12 06:10:44.152: D/[FileShare][Server](28271): ServerBroadcastReceiver : All UserInfo: [UserInfo{0:Eigentmer:13}]
11-12 06:10:44.157: D/CapabilityManagerService(28343): Receiver Broadcast:android.intent.action.PACKAGE_ADDED
11-12 06:10:44.182: D/PackageIntentReceiver(5645): ACTION_PACKAGE_ADDED
11-12 06:10:44.182: D/PackageIntentReceiver(5645): Not GearManger package! 
11-12 06:10:44.182: D/BackupManagerService(2346): Received broadcast Intent { act=android.intent.action.PACKAGE_ADDED dat=package:com.google.android.apps.mtaas.crawler flg=0x8000010 (has extras) }
11-12 06:10:44.187: W/Resources(2346): Converting to string: TypedValue{t=0x12/d=0xffffffff a=-1}
11-12 06:10:44.187: D/ECS_EnterpriseContainerService(2346): <<< Intent action is >>> : android.intent.action.PACKAGE_ADDED
11-12 06:10:44.187: D/ECS_EnterpriseContainerService(2346): <<< Intent data is   >>> : package:com.google.android.apps.mtaas.crawler
11-12 06:10:44.187: I/ECS_EnterpriseContainerService(2346): Inside package added listener
11-12 06:10:44.187: V/BackupManagerService(2346): addPackageParticipantsLocked: #1
11-12 06:10:44.192: W/Resources(2346): Converting to string: TypedValue{t=0x12/d=0xffffffff a=-1}
11-12 06:10:44.197: W/Resources(2346): Converting to string: TypedValue{t=0x12/d=0xffffffff a=-1}
11-12 06:10:44.227: W/Resources(2346): Converting to string: TypedValue{t=0x12/d=0xffffffff a=-1}
11-12 06:10:44.237: W/Resources(2346): Converting to string: TypedValue{t=0x12/d=0xffffffff a=-1}
11-12 06:10:44.242: W/Resources(2346): Converting to string: TypedValue{t=0x12/d=0xffffffff a=-1}
11-12 06:10:44.242: W/Resources(2346): Converting to string: TypedValue{t=0x12/d=0xffffffff a=-1}
11-12 06:10:44.242: W/Resources(2346): Converting to string: TypedValue{t=0x12/d=0x0 a=-1}
11-12 06:10:44.262: W/Resources(2346): Converting to string: TypedValue{t=0x12/d=0xffffffff a=-1}
11-12 06:10:44.267: W/Resources(2346): Converting to string: TypedValue{t=0x12/d=0x0 a=-1}
11-12 06:10:44.267: D/dalvikvm(2346): GC_EXPLICIT freed 1406K, 34% free 21096K/31576K, paused 8ms+16ms, total 246ms
11-12 06:10:44.272: D/AndroidRuntime(28570): Shutting down VM
11-12 06:10:44.272: I/CrashAnrDetector(2346): onPackageAdded : com.google.android.apps.mtaas.crawler
11-12 06:10:44.277: D/dalvikvm(28570): GC_CONCURRENT freed 94K, 13% free 674K/772K, paused 1ms+0ms, total 4ms
11-12 06:10:44.282: W/LicenseLogService(2346): log() is called by non admin
11-12 06:10:44.282: I/PCWCLIENTTRACE_SPPReceiver(28387): [onReceive] - android.intent.action.PACKAGE_ADDED
11-12 06:10:44.282: W/LicenseLogService(2346): log() is called by non admin
11-12 06:10:44.327: D/dalvikvm(27453): GC_CONCURRENT freed 110K, 11% free 10575K/11764K, paused 1ms+5ms, total 22ms
11-12 06:10:44.362: I/SA(28400): [PMR] Received action : android.intent.action.PACKAGE_ADDED
11-12 06:10:44.372: I/SA(28400): [SUR] onReceive log=[SA =  V = 18 HWD = 0X0 0.0 dpi = 0  SIZE = 0 LOCALE =  CSC = DBT MCC = 0 MNC 0 T = user DEVICE = m0 P = m0xx I = JSS15J M = GT-I9300 OKLEFT true DIS JSS15J.I9300XXUGMK6  ]
11-12 06:10:44.372: I/SA(28400): [SUR] onReceive Intent=[ android.intent.action.PACKAGE_ADDED package ]
11-12 06:10:44.412: I/SmartCardBroadcastReceiver(28424): SmartCardBroadcastReceiver - onReceive() 
11-12 06:10:44.412: I/SmartCardBroadcastReceiver(28424): Received intent with action - android.intent.action.PACKAGE_ADDED
11-12 06:10:44.412: I/SmartCardBroadcastReceiver(28424): foundMatchingVendorPackage - Checking for com.google.android.apps.mtaas.crawler
11-12 06:10:44.422: I/Icing.InternalIcingCorporaProvider(27776): Updating corpora: A: com.google.android.apps.mtaas.crawler, C: MAYBE
11-12 06:10:44.462: I/Icing(1080): IndexChimeraService.getServiceInterface callingPackage=com.google.android.googlequicksearchbox componentName=null serviceId=21
11-12 06:10:44.467: D/STATUSBAR-NetworkController(2557): refreshSignalCluster: data=-1 bt=false
11-12 06:10:44.482: D/STATUSBAR-IconMerger(2557): checkOverflow(336), More:false, Req:false Child:6
11-12 06:10:44.502: W/Icing.InternalIcingCorporaProvider(27776): Application table change notification failed.
11-12 06:10:44.532: W/GoogleSignatureVerifier(6898): Test-keys aren't accepted on this build.
11-12 06:10:44.532: I/FontsPackageChangeOp(1080): Package com.google.android.apps.mtaas.crawler has no metadata
11-12 06:10:44.552: I/Icing(1080): Usage reports ok 0, Failed Usage reports 0, indexed 0, rejected 0, imm upload true
11-12 06:10:44.552: D/Wear_Controller(1080): Received broadcast action=android.intent.action.PACKAGE_ADDED and uri=com.google.android.apps.mtaas.crawler
11-12 06:10:44.567: I/Icing(1080): IndexChimeraService.getServiceInterface callingPackage=com.google.android.gms componentName=AppsCorpus serviceId=36
11-12 06:10:44.572: I/Icing(1080): IndexChimeraService.getServiceInterface callingPackage=com.google.android.gms componentName=AppsCorpus serviceId=32
11-12 06:10:44.572: W/LicenseLogService(2346): log() is called by non admin
11-12 06:10:44.587: I/Icing(1080): Usage reports ok 0, Failed Usage reports 0, indexed 0, rejected 0, imm upload false
11-12 06:10:44.592: I/Icing(1080): Usage reports ok 0, Failed Usage reports 0, indexed 0, rejected 0, imm upload false
11-12 06:10:44.642: D/dalvikvm(27453): GC_CONCURRENT freed 901K, 17% free 10071K/12052K, paused 1ms+2ms, total 21ms
11-12 06:10:44.697: D/SSRMv2:Monitor(2346): SIOP:: AP = 330 (read only)
11-12 06:10:44.872: D/dalvikvm(27453): GC_FOR_ALLOC freed 187K, 17% free 10105K/12132K, paused 12ms, total 12ms
11-12 06:10:44.967: I/qtaguid(27453): Failed write_ctrl(u 58) res=-1 errno=22
11-12 06:10:44.967: I/qtaguid(27453): Untagging socket 58 failed errno=-22
11-12 06:10:44.967: W/NetworkManagementSocketTagger(27453): untagSocket(58) failed with errno -22
11-12 06:10:45.012: D/Finsky(27453): [1] 5.onFinished: Installation state replication succeeded.
11-12 06:10:45.472: D/STATUSBAR-NetworkController(2557): refreshSignalCluster: data=-1 bt=false
11-12 06:10:45.497: D/STATUSBAR-IconMerger(2557): checkOverflow(336), More:false, Req:false Child:6
11-12 06:10:45.617: I/Icing(1080): Indexing 836B914D99BD4034B96B842F7BC8279EF1EE5740 from com.google.android.gms
11-12 06:10:45.642: I/Icing(1080): Indexing done 836B914D99BD4034B96B842F7BC8279EF1EE5740
11-12 06:10:46.482: D/STATUSBAR-NetworkController(2557): refreshSignalCluster: data=-1 bt=false
11-12 06:10:46.497: D/STATUSBAR-IconMerger(2557): checkOverflow(336), More:false, Req:false Child:6
11-12 06:10:47.197: D/SSRMv2:Monitor(2346): SIOP:: AP = 330 (read only)
11-12 06:10:47.492: D/STATUSBAR-NetworkController(2557): refreshSignalCluster: data=-1 bt=false
11-12 06:10:47.512: D/STATUSBAR-IconMerger(2557): checkOverflow(336), More:false, Req:false Child:6
11-12 06:10:48.497: D/STATUSBAR-NetworkController(2557): refreshSignalCluster: data=-1 bt=false
11-12 06:10:48.512: D/STATUSBAR-IconMerger(2557): checkOverflow(336), More:false, Req:false Child:6
11-12 06:10:48.927: I/OMXClient(28623): Using client-side OMX mux.
11-12 06:10:48.952: D/OMX(1933): SendBroadCasting VIDEO_PLAYBACK_START
11-12 06:10:48.952: I/OMX(1933): width (288), height (512), fps (30)
11-12 06:10:48.957: I/ACodec(28623): setupVideoEncoder succeeded
11-12 06:10:48.962: I/MFC_ENC_APP(1933): [SsbSipMfcEncOpen] MFC Library Ver 1.00
11-12 06:10:48.962: D/PermissionCache(1930): checking android.permission.ACCESS_SURFACE_FLINGER for uid=2000 => granted (923 us)
11-12 06:10:49.357: I/videocat(28623): Encoding 288x512 video/avc at 524288 bits per second
11-12 06:10:49.362: E/MFC_ENC(1933): SOMXVE_Init: isSEIOn : 0
11-12 06:10:49.362: I/MFC_ENC_APP(1933): SsbSipMfcEncInit] Encode Init start
11-12 06:10:49.362: I/MFC_ENC_APP(1933): SsbSipMfcEncInit] H264 Encode
11-12 06:10:49.362: I/SEC_BASE_COMP(1933): SEC_OMX_ComponentStateSet: Cur(1) -> Dest(2)
11-12 06:10:49.462: I/SEC_BASE_COMP(1933): SEC_OMX_ComponentStateSet: Cur(2) -> Dest(3)
11-12 06:10:49.462: I/SEC_BASE_COMP(1933): [ 11-12 06:10:49.462  1933:28631 E/         ]
11-12 06:10:49.462: I/SEC_BASE_COMP(1933): android::HardwareConverter::HardwareConverter():: FIMC3 is used for OMX CSC
11-12 06:10:49.462: I/libfimc(1933): bool SecFimc::create(SecFimc::FIMC_DEV, fimc_overlay_mode, unsigned int):: /dev/video3 reserved memory addr(0xffffffea), size(0x       0KB)
11-12 06:10:49.697: D/SSRMv2:Monitor(2346): SIOP:: AP = 330 (read only)
11-12 06:10:51.507: D/STATUSBAR-NetworkController(2557): refreshSignalCluster: data=-1 bt=false
11-12 06:10:51.527: D/STATUSBAR-IconMerger(2557): checkOverflow(336), More:false, Req:false Child:6
11-12 06:10:51.572: D/dalvikvm(6852): GC_CONCURRENT freed 749K, 25% free 11930K/15708K, paused 5ms+3ms, total 65ms
11-12 06:10:52.197: D/SSRMv2:Monitor(2346): SIOP:: AP = 330, Prev AP = 330, Duration = 10002
11-12 06:10:52.512: D/STATUSBAR-NetworkController(2557): refreshSignalCluster: data=-1 bt=false
11-12 06:10:52.527: D/STATUSBAR-IconMerger(2557): checkOverflow(336), More:false, Req:false Child:6
11-12 06:10:53.752: D/AndroidRuntime(28656): >>>>>> AndroidRuntime START com.android.internal.os.RuntimeInit <<<<<<
11-12 06:10:53.752: D/AndroidRuntime(28656): CheckJNI is OFF
11-12 06:10:53.757: D/AndroidRuntime(28656): setted country_code = Germany
11-12 06:10:53.757: D/AndroidRuntime(28656): setted countryiso_code = DE
11-12 06:10:53.757: D/AndroidRuntime(28656): setted sales_code = DBT
11-12 06:10:53.757: D/AndroidRuntime(28656): readGMSProperty: start
11-12 06:10:53.757: D/AndroidRuntime(28656): readGMSProperty: already setted!!
11-12 06:10:53.757: D/AndroidRuntime(28656): readGMSProperty: end
11-12 06:10:53.757: D/AndroidRuntime(28656): addProductProperty: start
11-12 06:10:53.767: D/dalvikvm(28656): Trying to load lib libjavacore.so 0x0
11-12 06:10:53.772: D/dalvikvm(28656): Added shared lib libjavacore.so 0x0
11-12 06:10:53.782: D/dalvikvm(28656): Trying to load lib libnativehelper.so 0x0
11-12 06:10:53.782: D/dalvikvm(28656): Added shared lib libnativehelper.so 0x0
11-12 06:10:54.022: D/dalvikvm(28656): Note: class Landroid/app/ActivityManagerNative; has 177 unimplemented (abstract) methods
11-12 06:10:54.057: D/AndroidRuntime(28656): Calling main entry com.android.commands.settings.SettingsCmd
11-12 06:10:54.117: D/AndroidRuntime(28656): Shutting down VM
11-12 06:10:54.117: D/dalvikvm(28656): GC_CONCURRENT freed 145K, 18% free 699K/848K, paused 1ms+1ms, total 3ms
11-12 06:10:54.517: D/STATUSBAR-NetworkController(2557): refreshSignalCluster: data=-1 bt=false
11-12 06:10:54.527: D/STATUSBAR-IconMerger(2557): checkOverflow(336), More:false, Req:false Child:6
11-12 06:10:54.697: D/SSRMv2:Monitor(2346): SIOP:: AP = 330 (read only)
11-12 06:10:54.727: D/AndroidRuntime(28671): >>>>>> AndroidRuntime START com.android.internal.os.RuntimeInit <<<<<<
11-12 06:10:54.727: D/AndroidRuntime(28671): CheckJNI is OFF
11-12 06:10:54.727: D/AndroidRuntime(28671): setted country_code = Germany
11-12 06:10:54.727: D/AndroidRuntime(28671): setted countryiso_code = DE
11-12 06:10:54.727: D/AndroidRuntime(28671): setted sales_code = DBT
11-12 06:10:54.727: D/AndroidRuntime(28671): readGMSProperty: start
11-12 06:10:54.727: D/AndroidRuntime(28671): readGMSProperty: already setted!!
11-12 06:10:54.727: D/AndroidRuntime(28671): readGMSProperty: end
11-12 06:10:54.727: D/AndroidRuntime(28671): addProductProperty: start
11-12 06:10:54.737: D/dalvikvm(28671): Trying to load lib libjavacore.so 0x0
11-12 06:10:54.742: D/dalvikvm(28671): Added shared lib libjavacore.so 0x0
11-12 06:10:54.747: D/dalvikvm(28671): Trying to load lib libnativehelper.so 0x0
11-12 06:10:54.747: D/dalvikvm(28671): Added shared lib libnativehelper.so 0x0
11-12 06:10:54.982: D/dalvikvm(28671): Note: class Landroid/app/ActivityManagerNative; has 177 unimplemented (abstract) methods
11-12 06:10:55.017: D/AndroidRuntime(28671): Calling main entry com.android.commands.am.Am
11-12 06:10:55.077: D/AndroidRuntime(28671): Shutting down VM
11-12 06:10:55.082: D/dalvikvm(28671): GC_CONCURRENT freed 97K, 13% free 720K/820K, paused 0ms+1ms, total 2ms
11-12 06:10:55.187: D/dalvikvm(28681): GC_CONCURRENT freed 471K, 14% free 9934K/11488K, paused 3ms+1ms, total 20ms
11-12 06:10:55.187: D/dalvikvm(28681): WAIT_FOR_CONCURRENT_GC blocked 14ms
11-12 06:10:55.297: D/dalvikvm(28681): GC_CONCURRENT freed 508K, 14% free 10409K/11992K, paused 2ms+3ms, total 19ms
11-12 06:10:55.407: I/System.out(28681): INFO: onStartCommand
11-12 06:10:55.517: D/STATUSBAR-NetworkController(2557): refreshSignalCluster: data=-1 bt=false
11-12 06:10:55.527: D/STATUSBAR-IconMerger(2557): checkOverflow(336), More:false, Req:false Child:6
11-12 06:10:55.642: D/AndroidRuntime(28697): >>>>>> AndroidRuntime START com.android.internal.os.RuntimeInit <<<<<<
11-12 06:10:55.642: D/AndroidRuntime(28697): CheckJNI is OFF
11-12 06:10:55.642: D/AndroidRuntime(28697): setted country_code = Germany
11-12 06:10:55.642: D/AndroidRuntime(28697): setted countryiso_code = DE
11-12 06:10:55.642: D/AndroidRuntime(28697): setted sales_code = DBT
11-12 06:10:55.642: D/AndroidRuntime(28697): readGMSProperty: start
11-12 06:10:55.642: D/AndroidRuntime(28697): readGMSProperty: already setted!!
11-12 06:10:55.642: D/AndroidRuntime(28697): readGMSProperty: end
11-12 06:10:55.642: D/AndroidRuntime(28697): addProductProperty: start
11-12 06:10:55.652: D/dalvikvm(28697): Trying to load lib libjavacore.so 0x0
11-12 06:10:55.657: D/dalvikvm(28697): Added shared lib libjavacore.so 0x0
11-12 06:10:55.667: D/dalvikvm(28697): Trying to load lib libnativehelper.so 0x0
11-12 06:10:55.667: D/dalvikvm(28697): Added shared lib libnativehelper.so 0x0
11-12 06:10:55.897: D/dalvikvm(28697): Note: class Landroid/app/ActivityManagerNative; has 177 unimplemented (abstract) methods
11-12 06:10:55.932: D/AndroidRuntime(28697): Calling main entry com.android.commands.am.Am
11-12 06:10:56.042: I/dalvikvm(28708): Could not find method android.support.test.internal.runner.hidden.ExposedInstrumentationApi.execStartActivity, referenced from method android.support.test.runner.MonitoringInstrumentation.execStartActivity
11-12 06:10:56.042: W/dalvikvm(28708): VFY: unable to resolve virtual method 1560: Landroid/support/test/internal/runner/hidden/ExposedInstrumentationApi;.execStartActivity (Landroid/content/Context;Landroid/os/IBinder;Landroid/os/IBinder;Landroid/app/Activity;Landroid/content/Intent;I)Landroid/app/Instrumentation$ActivityResult;
11-12 06:10:56.042: D/dalvikvm(28708): VFY: replacing opcode 0x75 at 0x0024
11-12 06:10:56.047: I/dalvikvm(28708): Could not find method android.support.test.internal.runner.hidden.ExposedInstrumentationApi.execStartActivity, referenced from method android.support.test.runner.MonitoringInstrumentation.execStartActivity
11-12 06:10:56.047: W/dalvikvm(28708): VFY: unable to resolve virtual method 1564: Landroid/support/test/internal/runner/hidden/ExposedInstrumentationApi;.execStartActivity (Landroid/content/Context;Landroid/os/IBinder;Landroid/os/IBinder;Ljava/lang/String;Landroid/content/Intent;ILandroid/os/Bundle;)Landroid/app/Instrumentation$ActivityResult;
11-12 06:10:56.047: D/dalvikvm(28708): VFY: replacing opcode 0x75 at 0x0024
11-12 06:10:56.057: I/MultiDex(28708): VM with version 1.6.0 does not have multidex support
11-12 06:10:56.057: I/MultiDex(28708): install
11-12 06:10:56.057: I/MultiDex(28708): MultiDexExtractor.load(/data/app/org.totschnig.myexpenses-1.apk, false)
11-12 06:10:56.062: I/MultiDex(28708): Detected that extraction must be performed.
11-12 06:10:56.112: I/MultiDex(28708): load found 0 secondary dex files
11-12 06:10:56.112: I/MultiDex(28708): install done
11-12 06:10:56.137: I/ACRA(28708): Migrating unsent ACRA reports to new file locations
11-12 06:10:56.137: I/ACRA(28708): Migrated 0 unsent reports
11-12 06:10:56.142: I/ACRA(28708): Converting unsent ACRA reports to json
11-12 06:10:56.142: I/ACRA(28708): Converted 0 unsent reports
11-12 06:10:56.142: I/ACRA(28708): ACRA is enabled for org.totschnig.myexpenses, initializing...
11-12 06:10:56.172: I/dalvikvm(28708): Could not find method java.lang.ReflectiveOperationException.getMessage, referenced from method com.google.android.apps.mtaas.crawler.SignaturePatchingCallback.patchSignatureCreator
11-12 06:10:56.172: W/dalvikvm(28708): VFY: unable to resolve virtual method 11605: Ljava/lang/ReflectiveOperationException;.getMessage ()Ljava/lang/String;
11-12 06:10:56.172: D/dalvikvm(28708): VFY: replacing opcode 0x6e at 0x0025
11-12 06:10:56.187: D/dalvikvm(28708): GC_CONCURRENT freed 532K, 14% free 9887K/11492K, paused 4ms+3ms, total 33ms
11-12 06:10:56.187: D/dalvikvm(28708): WAIT_FOR_CONCURRENT_GC blocked 6ms
11-12 06:10:56.187: I/MonitoringInstr(28708): Instrumentation started on process org.totschnig.myexpenses
11-12 06:10:56.187: I/MonitoringInstr(28708): No multidex.
11-12 06:10:56.192: I/MonitoringInstr(28708): Setting context classloader to 'dalvik.system.PathClassLoader[dexPath=/system/framework/android.test.runner.jar:/data/app/com.google.android.apps.mtaas.crawler-1.apk:/data/app/org.totschnig.myexpenses-1.apk,libraryPath=/data/app-lib/com.google.android.apps.mtaas.crawler-1:/data/app-lib/org.totschnig.myexpenses-1]', Original: 'dalvik.system.PathClassLoader[dexPath=/system/framework/android.test.runner.jar:/data/app/com.google.android.apps.mtaas.crawler-1.apk:/data/app/org.totschnig.myexpenses-1.apk,libraryPath=/data/app-lib/com.google.android.apps.mtaas.crawler-1:/data/app-lib/org.totschnig.myexpenses-1]'
11-12 06:10:56.192: D/ApplicationLifecycleMonitorImpl(28708): running callback: com.google.android.apps.mtaas.crawler.SignaturePatchingCallback@42931588
11-12 06:10:56.252: D/dalvikvm(28708): GC_CONCURRENT freed 825K, 17% free 10037K/11956K, paused 3ms+1ms, total 17ms
11-12 06:10:56.252: D/dalvikvm(28708): WAIT_FOR_CONCURRENT_GC blocked 13ms
11-12 06:10:56.357: D/ApplicationLifecycleMonitorImpl(28708): callback completes: com.google.android.apps.mtaas.crawler.SignaturePatchingCallback@42931588
11-12 06:10:56.367: D/ApplicationLifecycleMonitorImpl(28708): running callback: com.google.android.apps.mtaas.crawler.SignaturePatchingCallback@42931588
11-12 06:10:56.367: D/ApplicationLifecycleMonitorImpl(28708): callback completes: com.google.android.apps.mtaas.crawler.SignaturePatchingCallback@42931588
11-12 06:10:56.367: I/MonitoringInstr(28708): No JSBridge.
11-12 06:10:56.372: I/MonitoringInstr(28708): Setting context classloader to 'dalvik.system.PathClassLoader[dexPath=/system/framework/android.test.runner.jar:/data/app/com.google.android.apps.mtaas.crawler-1.apk:/data/app/org.totschnig.myexpenses-1.apk,libraryPath=/data/app-lib/com.google.android.apps.mtaas.crawler-1:/data/app-lib/org.totschnig.myexpenses-1]', Original: 'dalvik.system.PathClassLoader[dexPath=/system/framework/android.test.runner.jar:/data/app/com.google.android.apps.mtaas.crawler-1.apk:/data/app/org.totschnig.myexpenses-1.apk,libraryPath=/data/app-lib/com.google.android.apps.mtaas.crawler-1:/data/app-lib/org.totschnig.myexpenses-1]'
11-12 06:10:56.377: I/UsageTrackerFacilitator(28708): Usage tracking disabled
11-12 06:10:56.387: D/TestExecutor(28708): Adding listener android.support.test.internal.runner.listener.LogRunListener
11-12 06:10:56.387: D/TestExecutor(28708): Adding listener android.support.test.internal.runner.listener.InstrumentationResultPrinter
11-12 06:10:56.387: D/TestExecutor(28708): Adding listener android.support.test.internal.runner.listener.ActivityFinisherRunListener
11-12 06:10:56.397: I/TestRunner(28708): run started: 1 tests
11-12 06:10:56.397: I/TestRunner(28708): started: testEntry(com.google.android.apps.mtaas.crawler.CrawlPlatform)
11-12 06:10:56.397: I/MonitoringInstr(28708): Activities that are still in CREATED to STOPPED: 0
11-12 06:10:56.427: I/dalvikvm(28708): Could not find method android.app.Instrumentation.getUiAutomation, referenced from method android.support.test.uiautomator.UiDevice.getUiAutomation
11-12 06:10:56.427: W/dalvikvm(28708): VFY: unable to resolve virtual method 20: Landroid/app/Instrumentation;.getUiAutomation (I)Landroid/app/UiAutomation;
11-12 06:10:56.427: D/dalvikvm(28708): VFY: replacing opcode 0x6e at 0x000e
11-12 06:10:56.427: I/dalvikvm(28708): Could not find method android.app.UiAutomation.getWindows, referenced from method android.support.test.uiautomator.UiDevice.getWindowRoots
11-12 06:10:56.427: W/dalvikvm(28708): VFY: unable to resolve virtual method 29: Landroid/app/UiAutomation;.getWindows ()Ljava/util/List;
11-12 06:10:56.427: D/dalvikvm(28708): VFY: replacing opcode 0x6e at 0x001f
11-12 06:10:56.492: D/dalvikvm(28708): GC_CONCURRENT freed 934K, 16% free 10597K/12604K, paused 4ms+3ms, total 32ms
11-12 06:10:56.597: I/System.out(28681): INFO: onBind
11-12 06:10:56.602: I/System.out(28681): Current launcher Package Name: com.sec.android.app.launcher
11-12 06:10:56.607: I/System.out(28681): INFO: Crawl guidance file does not exist.
11-12 06:10:56.607: I/System.out(28681): INFO: Robo script file is absent.
11-12 06:10:56.607: I/System.out(28681): INFO: Received 0 Robo script actions.
11-12 06:10:56.617: I/System.out(28681): INFO: RandomSeed of 1234 used in crawler.
11-12 06:10:56.617: I/System.out(28681): INFO: Depth First Search Crawler Strategy Employed.
11-12 06:10:56.632: I/System.out(28681): WARNING: Current package [INITIAL_SCREEN_PACKAGE_NAME] is out of whitelisted packages
11-12 06:10:56.632: I/System.out(28681): INFO: New Screen: Optional.of(ScreenNode {Id=0, PackageName=INITIAL_SCREEN_PACKAGE_NAME, ActivityName=Optional.absent()})
11-12 06:10:56.632: I/System.out(28681): INFO: No starting intents specified. Launching with default launcher intent.
11-12 06:10:56.632: I/System.out(28681): INFO: Platform is ready.
11-12 06:10:56.647: I/LogcatReader(28681): Executing logcat command: /system/bin/logcat -v time *:V
11-12 06:10:56.667: I/System.out(28681): INFO: Overlay starts
11-12 06:10:56.692: D/MonitoringInstr(28708): execStartActivity(context, ibinder, ibinder, activity, intent, int, bundle
11-12 06:10:56.697: I/power(2346): *** acquire_dvfs_lock : lockType : 1  freq : 1200000 
11-12 06:10:56.697: D/SSRMv2:CustomFrequencyManagerService(2346): acquireDVFSLockLocked : type : DVFS_MIN_LIMIT  frequency : 1200000  uid : 1000  pid : 2346  pkgName : ACTIVITY_RESUME_BOOSTER@5
11-12 06:10:56.697: W/ActivityManager(2346): mDVFSHelper.acquire()
11-12 06:10:56.707: D/PermissionCache(1930): checking android.permission.READ_FRAME_BUFFER for uid=1000 => granted (143 us)
11-12 06:10:56.877: D/dalvikvm(2346): GC_FOR_ALLOC freed 1711K, 36% free 20241K/31576K, paused 102ms, total 103ms
11-12 06:10:56.877: I/dalvikvm-heap(2346): Grow heap (frag case) to 21.189MB for 380496-byte allocation
11-12 06:10:56.952: D/dalvikvm(2346): GC_FOR_ALLOC freed 17K, 36% free 20596K/31948K, paused 77ms, total 77ms
11-12 06:10:57.042: D/dalvikvm(2346): GC_FOR_ALLOC freed 473K, 37% free 20494K/32320K, paused 82ms, total 82ms
11-12 06:10:57.057: D/WindowManager(2346): computeScreenConfigurationLocked() set config.orientation=1 dw=720 dh=1280 Callers=com.android.server.wm.WindowManagerService.updateOrientationFromAppTokensLocked:5171 com.android.server.wm.WindowManagerService.updateOrientationFromAppTokens:5142 com.android.server.am.ActivityStack.realStartActivityLocked:1021 
11-12 06:10:57.057: D/PowerManagerService(2346): setKeyboardVisibility: false
11-12 06:10:57.077: D/AbsListView(27251): unregisterIRListener() is called 
11-12 06:10:57.077: I/dalvikvm(28708): Could not find method android.view.Window.setStatusBarColor, referenced from method org.totschnig.myexpenses.activity.SplashActivity.onPostCreate
11-12 06:10:57.077: W/dalvikvm(28708): VFY: unable to resolve virtual method 14650: Landroid/view/Window;.setStatusBarColor (I)V
11-12 06:10:57.077: D/dalvikvm(28708): VFY: replacing opcode 0x6e at 0x0014
11-12 06:10:57.082: E/dalvikvm(28708): Could not find class 'android.os.LocaleList', referenced from method org.totschnig.myexpenses.ui.a.b
11-12 06:10:57.082: W/dalvikvm(28708): VFY: unable to resolve new-instance 255 (Landroid/os/LocaleList;) in Lorg/totschnig/myexpenses/ui/a;
11-12 06:10:57.082: D/dalvikvm(28708): VFY: replacing opcode 0x22 at 0x0003
11-12 06:10:57.082: D/dalvikvm(28708): DexOpt: unable to opt direct call 0x053c at 0x0b in Lorg/totschnig/myexpenses/ui/a;.b
11-12 06:10:57.092: D/LifecycleMonitor(28708): Lifecycle status change: org.totschnig.myexpenses.activity.SplashActivity@4293a920 in: PRE_ON_CREATE
11-12 06:10:57.092: I/dalvikvm(28708): Could not find method android.view.Window$Callback.onProvideKeyboardShortcuts, referenced from method android.support.v7.view.i.onProvideKeyboardShortcuts
11-12 06:10:57.092: W/dalvikvm(28708): VFY: unable to resolve interface method 14628: Landroid/view/Window$Callback;.onProvideKeyboardShortcuts (Ljava/util/List;Landroid/view/Menu;I)V
11-12 06:10:57.092: D/dalvikvm(28708): VFY: replacing opcode 0x72 at 0x0002
11-12 06:10:57.092: W/dalvikvm(28708): VFY: unable to find class referenced in signature (Landroid/view/SearchEvent;)
11-12 06:10:57.092: I/dalvikvm(28708): Could not find method android.view.Window$Callback.onSearchRequested, referenced from method android.support.v7.view.i.onSearchRequested
11-12 06:10:57.092: W/dalvikvm(28708): VFY: unable to resolve interface method 14630: Landroid/view/Window$Callback;.onSearchRequested (Landroid/view/SearchEvent;)Z
11-12 06:10:57.092: D/dalvikvm(28708): VFY: replacing opcode 0x72 at 0x0002
11-12 06:10:57.097: I/dalvikvm(28708): Could not find method android.view.Window$Callback.onWindowStartingActionMode, referenced from method android.support.v7.view.i.onWindowStartingActionMode
11-12 06:10:57.097: W/dalvikvm(28708): VFY: unable to resolve interface method 14634: Landroid/view/Window$Callback;.onWindowStartingActionMode (Landroid/view/ActionMode$Callback;I)Landroid/view/ActionMode;
11-12 06:10:57.097: D/dalvikvm(28708): VFY: replacing opcode 0x72 at 0x0002
11-12 06:10:57.132: D/SThemeManager(28708): Load theme icons for theme
11-12 06:10:57.152: E/dalvikvm(28708): Could not find class 'android.graphics.drawable.RippleDrawable', referenced from method android.support.v7.widget.o.a
11-12 06:10:57.152: W/dalvikvm(28708): VFY: unable to resolve instanceof 202 (Landroid/graphics/drawable/RippleDrawable;) in Landroid/support/v7/widget/o;
11-12 06:10:57.152: D/dalvikvm(28708): VFY: replacing opcode 0x20 at 0x000c
