11-12 06:10:16.262: W/ResourceType(3489): Failure getting entry for 0x7f020494 (t=1 e=1172) in package 0 (error -75)
11-12 06:10:16.307: D/dalvikvm(27885): GC_CONCURRENT freed 279K, 19% free 9863K/12172K, paused 3ms+2ms, total 22ms
11-12 06:10:16.307: W/LicenseLogService(2346): log() is called by non admin
11-12 06:10:16.342: D/L(27885): youtube.videos.remote.MediaRouteManager.onRouteSelected:148 routeInfo: MediaRouter.RouteInfo{ uniqueId=android:DEFAULT_ROUTE, name=Headphones, description=null, enabled=true, connecting=false, playbackType=0, playbackStream=3, volumeHandling=1, volume=7, volumeMax=15, presentationDisplayId=-1, extras=null, providerPackageName=android }
11-12 06:10:16.342: D/WifiDisplayAdapter(2346): getWifiDisplayStatusLocked: result=WifiDisplayStatus{featureState=2, scanState=0, activeDisplayState=0, activeDisplay=null, availableDisplays=[], rememberedDisplays=[], connectedState=0}
11-12 06:10:16.362: D/BaseCastMediaRouteProvider(27885): in onDiscoveryRequestChanged: request=DiscoveryRequest{ selector=MediaRouteSelector{ controlCategories=[android.media.intent.category.LIVE_VIDEO, android.media.intent.category.LIVE_AUDIO, com.google.cast.CATEGORY_CAST, com.google.cast.CATEGORY_CAST_APP_NAME:PlayMovies] }, activeScan=false, isValid=true }
11-12 06:10:16.367: D/BaseCastMediaRouteProvider(27885): filter criteria changed (name: PlayMovies, protocols: null); flushing routes
11-12 06:10:16.367: D/BaseCastMediaRouteProvider(27885): published 0 routes
11-12 06:10:16.367: D/BaseCastMediaRouteProvider(27885): starting a scan
11-12 06:10:16.377: I/dalvikvm(1080): Failed resolving Lbjw; interface 476 'Landroid/content/pm/PackageManager$OnPermissionsChangedListener;'
11-12 06:10:16.377: W/dalvikvm(1080): Link of class 'Lbjw;' failed
11-12 06:10:16.377: I/dalvikvm(1080): Failed resolving Lbjw; interface 476 'Landroid/content/pm/PackageManager$OnPermissionsChangedListener;'
11-12 06:10:16.377: W/dalvikvm(1080): Link of class 'Lbjw;' failed
11-12 06:10:16.377: E/dalvikvm(1080): Could not find class 'bjw', referenced from method com.google.android.gms.chimera.GmsModuleInitializer.initializeModuleV0
11-12 06:10:16.377: W/dalvikvm(1080): VFY: unable to resolve new-instance 1554 (Lbjw;) in Lcom/google/android/gms/chimera/GmsModuleInitializer;
11-12 06:10:16.377: D/dalvikvm(1080): VFY: replacing opcode 0x22 at 0x003d
11-12 06:10:16.377: I/dalvikvm(1080): Failed resolving Lbjw; interface 476 'Landroid/content/pm/PackageManager$OnPermissionsChangedListener;'
11-12 06:10:16.377: W/dalvikvm(1080): Link of class 'Lbjw;' failed
11-12 06:10:16.377: I/dalvikvm(1080): Failed resolving Lbjw; interface 476 'Landroid/content/pm/PackageManager$OnPermissionsChangedListener;'
11-12 06:10:16.377: W/dalvikvm(1080): Link of class 'Lbjw;' failed
11-12 06:10:16.377: D/dalvikvm(1080): DexOpt: unable to opt direct call 0x23a6 at 0x3f in Lcom/google/android/gms/chimera/GmsModuleInitializer;.initializeModuleV0
11-12 06:10:16.382: I/dalvikvm(1080): Failed resolving Lbmz; interface 395 'Landroid/app/AppOpsManager$OnOpChangedListener;'
11-12 06:10:16.382: W/dalvikvm(1080): Link of class 'Lbmz;' failed
11-12 06:10:16.382: I/dalvikvm(1080): Failed resolving Lbmz; interface 395 'Landroid/app/AppOpsManager$OnOpChangedListener;'
11-12 06:10:16.382: W/dalvikvm(1080): Link of class 'Lbmz;' failed
11-12 06:10:16.382: W/dalvikvm(1080): Unable to resolve superclass of Lbna; (1638)
11-12 06:10:16.382: W/dalvikvm(1080): Link of class 'Lbna;' failed
11-12 06:10:16.382: I/dalvikvm(1080): Failed resolving Lbmz; interface 395 'Landroid/app/AppOpsManager$OnOpChangedListener;'
11-12 06:10:16.382: W/dalvikvm(1080): Link of class 'Lbmz;' failed
11-12 06:10:16.382: I/dalvikvm(1080): Failed resolving Lbmz; interface 395 'Landroid/app/AppOpsManager$OnOpChangedListener;'
11-12 06:10:16.382: W/dalvikvm(1080): Link of class 'Lbmz;' failed
11-12 06:10:16.382: W/dalvikvm(1080): Unable to resolve superclass of Lbna; (1638)
11-12 06:10:16.382: W/dalvikvm(1080): Link of class 'Lbna;' failed
11-12 06:10:16.382: E/dalvikvm(1080): Could not find class 'bna', referenced from method bmx.a
11-12 06:10:16.382: W/dalvikvm(1080): VFY: unable to resolve new-instance 1640 (Lbna;) in Lbmx;
11-12 06:10:16.382: D/dalvikvm(1080): VFY: replacing opcode 0x22 at 0x0006
11-12 06:10:16.382: I/dalvikvm(1080): Failed resolving Lbmz; interface 395 'Landroid/app/AppOpsManager$OnOpChangedListener;'
11-12 06:10:16.382: W/dalvikvm(1080): Link of class 'Lbmz;' failed
11-12 06:10:16.382: I/dalvikvm(1080): Failed resolving Lbmz; interface 395 'Landroid/app/AppOpsManager$OnOpChangedListener;'
11-12 06:10:16.382: W/dalvikvm(1080): Link of class 'Lbmz;' failed
11-12 06:10:16.382: E/dalvikvm(1080): Could not find class 'bmz', referenced from method bmx.a
11-12 06:10:16.382: W/dalvikvm(1080): VFY: unable to resolve new-instance 1638 (Lbmz;) in Lbmx;
11-12 06:10:16.382: D/dalvikvm(1080): VFY: replacing opcode 0x22 at 0x0022
11-12 06:10:16.382: I/dalvikvm(1080): Failed resolving Lbmz; interface 395 'Landroid/app/AppOpsManager$OnOpChangedListener;'
11-12 06:10:16.382: W/dalvikvm(1080): Link of class 'Lbmz;' failed
11-12 06:10:16.382: I/dalvikvm(1080): Failed resolving Lbmz; interface 395 'Landroid/app/AppOpsManager$OnOpChangedListener;'
11-12 06:10:16.382: W/dalvikvm(1080): Link of class 'Lbmz;' failed
11-12 06:10:16.382: W/dalvikvm(1080): Unable to resolve superclass of Lbna; (1638)
11-12 06:10:16.382: W/dalvikvm(1080): Link of class 'Lbna;' failed
11-12 06:10:16.387: I/dalvikvm(1080): Failed resolving Lbmz; interface 395 'Landroid/app/AppOpsManager$OnOpChangedListener;'
11-12 06:10:16.387: W/dalvikvm(1080): Link of class 'Lbmz;' failed
11-12 06:10:16.387: I/dalvikvm(1080): Failed resolving Lbmz; interface 395 'Landroid/app/AppOpsManager$OnOpChangedListener;'
11-12 06:10:16.387: W/dalvikvm(1080): Link of class 'Lbmz;' failed
11-12 06:10:16.387: W/dalvikvm(1080): Unable to resolve superclass of Lbna; (1638)
11-12 06:10:16.387: W/dalvikvm(1080): Link of class 'Lbna;' failed
11-12 06:10:16.387: D/dalvikvm(1080): DexOpt: unable to opt direct call 0x25eb at 0x08 in Lbmx;.a
11-12 06:10:16.387: I/dalvikvm(1080): Failed resolving Lbmz; interface 395 'Landroid/app/AppOpsManager$OnOpChangedListener;'
11-12 06:10:16.387: W/dalvikvm(1080): Link of class 'Lbmz;' failed
11-12 06:10:16.387: I/dalvikvm(1080): Failed resolving Lbmz; interface 395 'Landroid/app/AppOpsManager$OnOpChangedListener;'
11-12 06:10:16.387: W/dalvikvm(1080): Link of class 'Lbmz;' failed
11-12 06:10:16.387: D/dalvikvm(1080): DexOpt: unable to opt direct call 0x25d5 at 0x24 in Lbmx;.a
11-12 06:10:16.402: D/dalvikvm(27885): GC_CONCURRENT freed 504K, 19% free 9866K/12172K, paused 3ms+2ms, total 19ms
11-12 06:10:16.402: D/dalvikvm(27885): WAIT_FOR_CONCURRENT_GC blocked 12ms
11-12 06:10:16.427: D/dalvikvm(2346): GC_EXPLICIT freed 1285K, 37% free 20087K/31576K, paused 11ms+19ms, total 188ms
11-12 06:10:16.447: W/LicenseLogService(2346): log() is called by non admin
11-12 06:10:16.452: I/dalvikvm(1080): Could not find method android.content.Context.isDeviceProtectedStorage, referenced from method bmv.a
11-12 06:10:16.452: W/dalvikvm(1080): VFY: unable to resolve virtual method 2444: Landroid/content/Context;.isDeviceProtectedStorage ()Z
11-12 06:10:16.452: D/dalvikvm(1080): VFY: replacing opcode 0x6e at 0x0006
11-12 06:10:16.517: D/dalvikvm(27885): GC_CONCURRENT freed 1031K, 20% free 9859K/12172K, paused 3ms+10ms, total 43ms
11-12 06:10:16.517: D/dalvikvm(27885): WAIT_FOR_CONCURRENT_GC blocked 22ms
11-12 06:10:16.517: D/dalvikvm(27885): WAIT_FOR_CONCURRENT_GC blocked 30ms
11-12 06:10:16.517: D/dalvikvm(27885): WAIT_FOR_CONCURRENT_GC blocked 31ms
11-12 06:10:16.517: D/dalvikvm(27885): WAIT_FOR_CONCURRENT_GC blocked 34ms
11-12 06:10:16.577: D/dalvikvm(27885): GC_CONCURRENT freed 488K, 19% free 9882K/12172K, paused 3ms+2ms, total 24ms
11-12 06:10:16.577: D/dalvikvm(27885): WAIT_FOR_CONCURRENT_GC blocked 7ms
11-12 06:10:16.577: D/dalvikvm(27885): WAIT_FOR_CONCURRENT_GC blocked 7ms
11-12 06:10:16.582: D/dalvikvm(27885): WAIT_FOR_CONCURRENT_GC blocked 14ms
11-12 06:10:16.597: I/CastDatabase(1080): Opening the database
11-12 06:10:16.602: I/Auth(6852): [BroadcastManager] Broadcasting account change.
11-12 06:10:16.602: W/WakefulBroadcastReceiv.(6852): No active wake lock id #1
11-12 06:10:16.662: I/SQLiteCastDBHelper(1080): Creating cast database
11-12 06:10:16.752: D/dalvikvm(6852): GC_EXPLICIT freed 622K, 24% free 11944K/15708K, paused 3ms+4ms, total 39ms
11-12 06:10:16.767: I/SQLiteCastStore(1080): 0 CastNetworkInfo instances loaded, 0 CastDeviceInfo instances loaded, 0 paired guest mode devices loaded.
11-12 06:10:16.862: W/MusicApiClient(25925): No content in 'data' field in GET sync response for Track
11-12 06:10:16.952: W/MusicApiClient(25925): No content in 'data' field in GET sync response for SyncablePlaylist
11-12 06:10:16.982: D/dalvikvm(1080): GC_CONCURRENT freed 545K, 25% free 11997K/15876K, paused 3ms+7ms, total 57ms
11-12 06:10:16.997: D/dalvikvm(25925): GC_CONCURRENT freed 369K, 13% free 10245K/11692K, paused 6ms+2ms, total 60ms
11-12 06:10:17.037: W/MusicApiClient(25925): No content in 'data' field in GET sync response for SyncablePlaylistEntry
11-12 06:10:17.072: I/CastSocket(1080): 18 >= 18. Adding new CastClientAuthKeyManager.
11-12 06:10:17.097: I/dalvikvm(1080): Could not find method android.os.PowerManager.isInteractive, referenced from method had.a
11-12 06:10:17.097: W/dalvikvm(1080): VFY: unable to resolve virtual method 4633: Landroid/os/PowerManager;.isInteractive ()Z
11-12 06:10:17.097: D/dalvikvm(1080): VFY: replacing opcode 0x6e at 0x0017
11-12 06:10:17.102: I/DiscoveryManager(1080): WifiGuestModeDeviceScanner enabled.
11-12 06:10:17.102: I/wpa_supplicant(3379): Scan requested (ret=0) - scan timeout 30 seconds
11-12 06:10:17.132: D/SSRMv2:Monitor(2346): SIOP:: AP = 300 (read only)
11-12 06:10:17.167: I/dalvikvm(1080): Could not find method android.hardware.display.VirtualDisplay.setSurface, referenced from method cez.a
11-12 06:10:17.167: W/dalvikvm(1080): VFY: unable to resolve virtual method 3152: Landroid/hardware/display/VirtualDisplay;.setSurface (Landroid/view/Surface;)V
11-12 06:10:17.167: D/dalvikvm(1080): VFY: replacing opcode 0x6e at 0x00a2
11-12 06:10:17.172: I/dalvikvm(1080): Could not find method android.hardware.display.VirtualDisplay.setSurface, referenced from method cez.a
11-12 06:10:17.172: W/dalvikvm(1080): VFY: unable to resolve virtual method 3152: Landroid/hardware/display/VirtualDisplay;.setSurface (Landroid/view/Surface;)V
11-12 06:10:17.172: D/dalvikvm(1080): VFY: replacing opcode 0x6e at 0x00dc
11-12 06:10:17.212: W/CastMediaRouteProvider(1080): Not a Cast compatible category: android.media.intent.category.LIVE_VIDEO
11-12 06:10:17.217: W/CastMediaRouteProvider(1080): Not a Cast compatible category: android.media.intent.category.LIVE_AUDIO
11-12 06:10:17.217: W/CastMediaRouteProvider(1080): Not a Cast compatible category: com.google.cast.CATEGORY_CAST
11-12 06:10:17.217: W/CastMediaRouteProvider(1080): Not a Cast compatible category: com.google.cast.CATEGORY_CAST_APP_NAME:PlayMovies
11-12 06:10:17.222: I/DiscoveryManager(1080): Filter criteria() scannerFlags(2)
11-12 06:10:17.227: W/MusicApiClient(25925): No content in 'data' field in GET sync response for SyncableRadioStation
11-12 06:10:17.232: W/LicenseLogService(2346): log() is called by non admin
11-12 06:10:17.262: I/HeterodyneSyncScheduler(6898): Scheduling Phenotype for a PhenotypeSyncImmediately(5, null) one off with window [1, 2] in seconds
11-12 06:10:17.262: I/MusicSyncAdapter(25925): Skipping periodic sync. Last sync was 1 seconds ago. Frequency: 86400
11-12 06:10:17.312: I/PmtsSwAccountIntentOp(1080): Processing intent action=android.accounts.LOGIN_ACCOUNTS_CHANGED
11-12 06:10:17.312: I/PmtsSwAccountIntentOp(1080): Device isn't of sufficient API level
11-12 06:10:17.317: I/Gmail(27441): Database deleted: No account for db [internal.QHC5HNORWCIAS6TXPCAETCFO2M-00@cloudtestlabaccounts.com.db]
11-12 06:10:17.322: I/Gmail(27441): Database deleted: No account for db [mailstore.QHC5HNORWCIAS6TXPCAETCFO2M-00@cloudtestlabaccounts.com.db]
11-12 06:10:17.332: I/Gmail(27441): Restarting because we deleted an account.
11-12 06:10:17.367: I/AndroidRuntime(27441): VM exiting with result code -1, cleanup skipped.
11-12 06:10:17.402: I/ActivityManager(2346): Process com.google.android.gm (pid 27441) (adj 5) has died.
11-12 06:10:17.432: D/Zygote(1931): Process 27441 exited cleanly (255)
11-12 06:10:17.437: I/PCWCLIENTTRACE_PushUtil(27599): SPPPushClient is installed : true
11-12 06:10:17.437: I/PCWCLIENTTRACE_PushUtil(27599): sales region : global
11-12 06:10:17.437: I/PCWCLIENTTRACE_PushUtil(27599): getPushTypeList : [SPP, GCM]
11-12 06:10:17.437: D/PCWCLIENTTRACE_PCWReceiver(27599): LOGIN_ACCOUNTS_CHANGED_ACTION
11-12 06:10:17.437: D/PCWCLIENTTRACE_PCWHandler(27599): [initGoogleAccountAndRequestC2DM]
11-12 06:10:17.437: D/PCWCLIENTTRACE_AccountUtil(27599): [hasGoogleAccount] - Google Account exist
11-12 06:10:17.437: D/PCWCLIENTTRACE_AccountUtil(27599): account length: 1
11-12 06:10:17.442: D/PCWCLIENTTRACE_AccountUtil(27599): [hasGoogleAccount] - Google Account exist
11-12 06:10:17.442: D/PCWCLIENTTRACE_AccountUtil(27599): account length: 1
11-12 06:10:17.442: D/PCWCLIENTTRACE_AccountUtil(27599): Google Account exist
11-12 06:10:17.442: D/PCWCLIENTTRACE_AccountUtil(27599): [hasGoogleAccount] - Google Account exist
11-12 06:10:17.442: D/PCWCLIENTTRACE_AccountUtil(27599): account length: 1
11-12 06:10:17.457: I/GoogleURLConnFactory(1080): Using platform SSLCertificateSocketFactory
11-12 06:10:17.472: D/Volley(27453): [1896] DiskBasedCache.clear: Cache cleared.
11-12 06:10:17.482: D/Volley(27453): [1900] DiskBasedCache.clear: Cache cleared.
11-12 06:10:17.482: D/Finsky(27453): [1] UpdateWidgetsReceiver.onReceive: Updated 0 MarketWidgetProvider widgets (android.accounts.LOGIN_ACCOUNTS_CHANGED)
11-12 06:10:17.487: E/BaseAppContext(1080): Tried to stop global GMSCore RequestQueue. This is likely unintended, so ignoring.
11-12 06:10:17.487: D/dalvikvm(27555): GC_CONCURRENT freed 287K, 16% free 9736K/11464K, paused 3ms+2ms, total 50ms
11-12 06:10:17.492: D/Finsky(27453): [1] UpdateWidgetsReceiver.onReceive: Updated 0 RecommendedWidgetProvider widgets (android.accounts.LOGIN_ACCOUNTS_CHANGED)
11-12 06:10:17.497: D/Finsky(27453): [1] UpdateWidgetsReceiver.onReceive: Updated 0 NowPlayingWidgetProvider widgets (android.accounts.LOGIN_ACCOUNTS_CHANGED)
11-12 06:10:17.517: W/Conscrypt(6852): Could not set socket write timeout:
11-12 06:10:17.517: W/Conscrypt(6852):    java.lang.reflect.Method.invokeNative(Native Method)
11-12 06:10:17.517: W/Conscrypt(6852):    java.lang.reflect.Method.invoke(Method.java:525)
11-12 06:10:17.527: W/Conscrypt(6852): Could not set socket write timeout:
11-12 06:10:17.532: W/Conscrypt(6852):    java.lang.reflect.Method.invokeNative(Native Method)
11-12 06:10:17.532: W/Conscrypt(6852):    java.lang.reflect.Method.invoke(Method.java:525)
11-12 06:10:17.532: D/dalvikvm(6852): GC_EXPLICIT freed 236K, 24% free 12001K/15708K, paused 4ms+7ms, total 55ms
11-12 06:10:17.587: D/BadgeProvider(27612): query, [selection] : package='com.android.email' AND class='com.android.email.activity.Welcome' AND extraData='base_extra_badge'
11-12 06:10:17.617: D/BadgeProvider(27612): sendNotify entered. [uri] : content://com.sec.badge/apps/1
11-12 06:10:17.617: D/BadgeProvider(27612): sendNotify, [notify] : null
11-12 06:10:17.617: D/BadgeProvider(27612): update, [uri] : content://com.sec.badge/apps/1
11-12 06:10:17.617: D/BadgeProvider(27612): update, [BadgeCount] : badgecount=0
11-12 06:10:17.617: D/BadgeProvider(27612): update, [UpdateCount] : 1
11-12 06:10:17.622: D/Launcher.Model(2684): reloadBadges entered.
11-12 06:10:17.632: I/AccountRemovalReceiver(27849): Account removal Broadcast received
11-12 06:10:17.632: I/AccountRemovalReceiver(27849): Samsung Account Removed
11-12 06:10:17.632: D/Launcher.BadgeCache,(2684): updateBadgeCounts, app[1] have 0 badges
11-12 06:10:17.632: D/Launcher.BadgeCache,(2684): updateBadgeCounts, app[0] have 0 badges
11-12 06:10:17.632: D/Launcher.BadgeCache,(2684): updateBadgeCounts, app[3] have 0 badges
11-12 06:10:17.632: D/Launcher.Model(2684): reloadBadges, badges count : 0
11-12 06:10:17.637: D/Launcher.Model(2684): reloadBadges, origCallbacks : java.lang.ref.WeakReference@428d6378
11-12 06:10:17.637: D/dalvikvm(1080): GC_CONCURRENT freed 763K, 24% free 12124K/15876K, paused 5ms+7ms, total 69ms
11-12 06:10:17.637: D/dalvikvm(1080): WAIT_FOR_CONCURRENT_GC blocked 42ms
11-12 06:10:17.637: D/dalvikvm(1080): WAIT_FOR_CONCURRENT_GC blocked 54ms
11-12 06:10:17.637: D/dalvikvm(1080): WAIT_FOR_CONCURRENT_GC blocked 59ms
11-12 06:10:17.637: D/dalvikvm(1080): WAIT_FOR_CONCURRENT_GC blocked 54ms
11-12 06:10:17.662: W/dalvikvm(1080): VFY: unable to resolve static field 15997 (UTF_8) in Ljava/nio/charset/StandardCharsets;
11-12 06:10:17.662: D/dalvikvm(1080): VFY: replacing opcode 0x62 at 0x000e
11-12 06:10:17.672: W/MdnsClient_Cast(1080): #acquireLock. Multicast lock not held. Acquiring. Subtypes:""
11-12 06:10:17.707: W/WakefulBroadcastReceiv.(6852): No active wake lock id #2
11-12 06:10:17.712: D/dalvikvm(27885): GC_CONCURRENT freed 457K, 19% free 9937K/12172K, paused 3ms+2ms, total 34ms
11-12 06:10:17.712: D/dalvikvm(27885): WAIT_FOR_CONCURRENT_GC blocked 17ms
11-12 06:10:17.712: D/dalvikvm(27885): WAIT_FOR_CONCURRENT_GC blocked 17ms
11-12 06:10:17.712: D/dalvikvm(27885): WAIT_FOR_CONCURRENT_GC blocked 18ms
11-12 06:10:17.767: I/PmtsSwAccountIntentOp(1080): Processing intent action=android.accounts.LOGIN_ACCOUNTS_CHANGED
11-12 06:10:17.767: I/PmtsSwAccountIntentOp(1080): Device isn't of sufficient API level
11-12 06:10:17.767: W/MdnsClient_Cast(1080): Multicast lock held. Releasing. Subtypes:""
11-12 06:10:17.787: I/HeterodyneSyncScheduler(6898): Scheduling Phenotype for a PhenotypeSyncImmediately(5, null) one off with window [1, 2] in seconds
11-12 06:10:17.792: D/dalvikvm(27885): GC_CONCURRENT freed 516K, 19% free 9933K/12172K, paused 3ms+3ms, total 59ms
11-12 06:10:17.792: D/dalvikvm(27885): WAIT_FOR_CONCURRENT_GC blocked 27ms
11-12 06:10:17.792: D/dalvikvm(27885): WAIT_FOR_CONCURRENT_GC blocked 27ms
11-12 06:10:17.797: D/dalvikvm(27885): WAIT_FOR_CONCURRENT_GC blocked 27ms
11-12 06:10:17.797: W/MdnsClient_Cast(1080): #acquireLock. Multicast lock not held. Acquiring. Subtypes:""
11-12 06:10:17.837: W/Auth(6852): [GetToken] GetToken failed with status code: INVALID_SCOPE
11-12 06:10:17.837: E/Babel(27555): Unexpected exception while authenticating.
11-12 06:10:17.837: E/Babel(27555): com.google.android.gms.auth.GoogleAuthException: INVALID_SCOPE
11-12 06:10:17.837: E/Babel(27555): 	at com.google.android.gms.auth.GoogleAuthUtil.getToken(Unknown Source)
11-12 06:10:17.837: E/Babel(27555): 	at com.google.android.apps.babel.util.AccountsUtil.a(SourceFile:193)
11-12 06:10:17.837: E/Babel(27555): 	at com.google.android.apps.babel.network.d.a(SourceFile:71)
11-12 06:10:17.837: E/Babel(27555): 	at com.google.android.apps.babel.realtimechat.RealTimeChatService.b(SourceFile:2170)
11-12 06:10:17.837: E/Babel(27555): 	at com.google.android.apps.babel.realtimechat.RealTimeChatService.d(SourceFile:2289)
11-12 06:10:17.837: E/Babel(27555): 	at com.google.android.apps.babel.realtimechat.RealTimeChatService.onHandleIntent(SourceFile:515)
11-12 06:10:17.837: E/Babel(27555): 	at android.app.IntentService$ServiceHandler.handleMessage(IntentService.java:65)
11-12 06:10:17.837: E/Babel(27555): 	at android.os.Handler.dispatchMessage(Handler.java:99)
11-12 06:10:17.837: E/Babel(27555): 	at android.os.Looper.loop(Looper.java:176)
11-12 06:10:17.837: E/Babel(27555): 	at android.os.HandlerThread.run(HandlerThread.java:61)
11-12 06:10:17.837: E/Babel(27555): invalidateAuthTokenForAccountSetup
11-12 06:10:17.837: E/Babel(27555): com.google.android.apps.babel.util.AccountsUtil$BabelAuthException
11-12 06:10:17.837: E/Babel(27555): 	at com.google.android.apps.babel.util.AccountsUtil.a(SourceFile:207)
11-12 06:10:17.837: E/Babel(27555): 	at com.google.android.apps.babel.network.d.a(SourceFile:71)
11-12 06:10:17.837: E/Babel(27555): 	at com.google.android.apps.babel.realtimechat.RealTimeChatService.b(SourceFile:2170)
11-12 06:10:17.837: E/Babel(27555): 	at com.google.android.apps.babel.realtimechat.RealTimeChatService.d(SourceFile:2289)
11-12 06:10:17.837: E/Babel(27555): 	at com.google.android.apps.babel.realtimechat.RealTimeChatService.onHandleIntent(SourceFile:515)
11-12 06:10:17.837: E/Babel(27555): 	at android.app.IntentService$ServiceHandler.handleMessage(IntentService.java:65)
11-12 06:10:17.837: E/Babel(27555): 	at android.os.Handler.dispatchMessage(Handler.java:99)
11-12 06:10:17.837: E/Babel(27555): 	at android.os.Looper.loop(Looper.java:176)
11-12 06:10:17.837: E/Babel(27555): 	at android.os.HandlerThread.run(HandlerThread.java:61)
11-12 06:10:17.837: W/Babel(27555): Notify sign in failed for account Redacted-54
11-12 06:10:17.847: D/STATUSBAR-StatusBarManagerService(2346): sendNotification(2) - 10
11-12 06:10:17.892: D/dalvikvm(27885): GC_CONCURRENT freed 509K, 19% free 9935K/12172K, paused 7ms+1ms, total 38ms
11-12 06:10:17.892: D/dalvikvm(27885): WAIT_FOR_CONCURRENT_GC blocked 9ms
11-12 06:10:17.892: D/dalvikvm(27885): WAIT_FOR_CONCURRENT_GC blocked 9ms
11-12 06:10:17.907: D/dalvikvm(27885): WAIT_FOR_CONCURRENT_GC blocked 22ms
11-12 06:10:17.922: D/ActivityThread(27992): Loading provider com.android.gmail.ui: com.google.android.gm.provider.UiProvider
11-12 06:10:17.967: E/dalvikvm(1080): Could not find class 'android.graphics.drawable.AdaptiveIconDrawable', referenced from method cfg.a
11-12 06:10:17.967: W/dalvikvm(1080): VFY: unable to resolve instanceof 555 (Landroid/graphics/drawable/AdaptiveIconDrawable;) in Lcfg;
11-12 06:10:17.967: D/dalvikvm(1080): VFY: replacing opcode 0x20 at 0x0107
11-12 06:10:17.987: I/Icing(1080): IndexChimeraService.getServiceInterface callingPackage=com.google.android.gm componentName=null serviceId=21
11-12 06:10:18.057: D/dalvikvm(1080): GC_CONCURRENT freed 650K, 23% free 12318K/15876K, paused 4ms+3ms, total 45ms
11-12 06:10:18.157: D/dalvikvm(2346): GC_EXPLICIT freed 1296K, 37% free 20143K/31576K, paused 5ms+14ms, total 118ms
11-12 06:10:18.202: I/Icing(1080): Usage reports ok 0, Failed Usage reports 0, indexed 0, rejected 0, imm upload false
11-12 06:10:18.397: I/IcingInternalCorpora(1080): Received calendar change notification.
11-12 06:10:18.407: D/Finsky(27453): [1] BaseWidgetProvider.onReceive: Received ACTION_APPWIDGET_UPDATE, updating 0 widgets.
11-12 06:10:18.412: D/AndroidRuntime(28029): >>>>>> AndroidRuntime START com.android.internal.os.RuntimeInit <<<<<<
11-12 06:10:18.412: D/AndroidRuntime(28029): CheckJNI is OFF
11-12 06:10:18.412: D/AndroidRuntime(28029): setted country_code = Germany
11-12 06:10:18.412: D/AndroidRuntime(28029): setted countryiso_code = DE
11-12 06:10:18.412: D/AndroidRuntime(28029): setted sales_code = DBT
11-12 06:10:18.412: D/AndroidRuntime(28029): readGMSProperty: start
11-12 06:10:18.412: D/AndroidRuntime(28029): readGMSProperty: already setted!!
11-12 06:10:18.412: D/AndroidRuntime(28029): readGMSProperty: end
11-12 06:10:18.412: D/AndroidRuntime(28029): addProductProperty: start
11-12 06:10:18.422: D/dalvikvm(28029): Trying to load lib libjavacore.so 0x0
11-12 06:10:18.427: D/dalvikvm(28029): Added shared lib libjavacore.so 0x0
11-12 06:10:18.432: I/GamesDatabaseHelper(1080): Bootstrapping database version: 2200
11-12 06:10:18.437: D/Finsky(27453): [1] BaseWidgetProvider.onReceive: Received ACTION_APPWIDGET_UPDATE, updating 0 widgets.
11-12 06:10:18.437: D/dalvikvm(28029): Trying to load lib libnativehelper.so 0x0
11-12 06:10:18.437: D/dalvikvm(28029): Added shared lib libnativehelper.so 0x0
11-12 06:10:18.442: D/Finsky(27453): [1] BaseWidgetProvider.onReceive: Received ACTION_APPWIDGET_UPDATE, updating 0 widgets.
11-12 06:10:18.452: V/AlarmManager(2346): waitForAlarm result :1
11-12 06:10:18.462: W/ActivityManager(2346): Unable to start service Intent { flg=0x4 cmp=com.android.vending/com.google.android.finsky.services.DailyHygiene (has extras) } U=0: not found
11-12 06:10:18.462: V/AlarmManager(2346): trigger ELAPSED_REALTIME_WAKEUP or RTC_WAKEUP
11-12 06:10:18.497: D/dalvikvm(1931): GC_EXPLICIT freed 39K, 11% free 9394K/10508K, paused 1ms+2ms, total 32ms
11-12 06:10:18.517: D/dalvikvm(1931): GC_EXPLICIT freed <1K, 11% free 9394K/10508K, paused 2ms+2ms, total 22ms
11-12 06:10:18.542: D/dalvikvm(1931): GC_EXPLICIT freed <1K, 11% free 9394K/10508K, paused 1ms+2ms, total 21ms
11-12 06:10:18.592: V/GCMBroadcastReceiver(27453): onReceive: com.google.android.c2dm.intent.REGISTRATION
11-12 06:10:18.592: V/GCMBroadcastReceiver(27453): GCM IntentService class: com.android.vending.GCMIntentService
11-12 06:10:18.592: V/GCMBaseIntentService(27453): Acquiring wakelock
11-12 06:10:18.602: V/GCMBaseIntentService(27453): Intent service name: GCMIntentService-932144863878-1
11-12 06:10:18.602: E/GCMRegistrar(27453): internal error: retry receiver class not set yet
11-12 06:10:18.602: V/GCMRegistrar(27453): Registering receiver
11-12 06:10:18.607: D/GCMBaseIntentService(27453): handleRegistration: registrationId = APA91bEg8Ab4lvxJ06xfrp6xgA_SZPeYHppKBN-8WwbS5XR8e06fC2D08uGL_FmmGPlK4vmVg5h02-s_FdeDtDZERO_Dac0UM1am7WQb-vzFvwZYDd9OKGGTCfwX_DKxCzeuSjaKvtNt, error = null, unregistered = null
11-12 06:10:18.607: D/GCMRegistrar(27453): resetting backoff for com.android.vending
11-12 06:10:18.612: V/GCMRegistrar(27453): Saving regId on app version 80230011
11-12 06:10:18.642: D/dalvikvm(27453): GC_CONCURRENT freed 390K, 14% free 9952K/11448K, paused 10ms+2ms, total 29ms
11-12 06:10:18.647: V/GCMBaseIntentService(27453): Releasing wakelock
11-12 06:10:18.652: D/Finsky(27453): [1] GcmRegistrationIdHelper.uploadIfNotRegistered: Uploading GcmRegistration Id because not registered yet
11-12 06:10:18.717: D/dalvikvm(27490): GC_CONCURRENT freed 385K, 15% free 9675K/11376K, paused 2ms+2ms, total 34ms
11-12 06:10:18.752: W/ArtDownloadService(25925): Setting cache size 0
11-12 06:10:18.762: W/ArtDownloadService(25925): Setting cache size 0
11-12 06:10:18.787: D/dalvikvm(28029): Note: class Landroid/app/ActivityManagerNative; has 177 unimplemented (abstract) methods
11-12 06:10:18.842: D/AndroidRuntime(28029): Calling main entry com.android.commands.pm.Pm
11-12 06:10:18.847: W/LicenseLogService(2346): log() is called by non admin
11-12 06:10:18.847: I/MusicLeanback(25925): Conditions not met for autocaching.
11-12 06:10:18.847: I/MusicLeanback(25925): Stop autocaching.
11-12 06:10:18.857: D/dalvikvm(1080): GC_CONCURRENT freed 709K, 21% free 12608K/15876K, paused 5ms+5ms, total 78ms
11-12 06:10:18.857: D/dalvikvm(1080): WAIT_FOR_CONCURRENT_GC blocked 23ms
11-12 06:10:18.857: D/dalvikvm(1080): WAIT_FOR_CONCURRENT_GC blocked 22ms
11-12 06:10:18.862: D/dalvikvm(1080): WAIT_FOR_CONCURRENT_GC blocked 23ms
11-12 06:10:18.867: W/LicenseLogService(2346): log() is called by non admin
11-12 06:10:18.872: W/LicenseLogService(2346): log() is called by non admin
11-12 06:10:18.882: I/MusicLeanback(25925): Conditions not met for autocaching.
11-12 06:10:18.882: I/MusicLeanback(25925): Stop autocaching.
11-12 06:10:18.907: E/ChimeraProxyRslvr(1080): Failed to instantiate com.google.android.gms.mdm.receivers.GoogleAccountsAddedChimeraReceiver: java.lang.ClassCastException: com.google.android.gms.mdm.receivers.GoogleAccountsAddedChimeraReceiver cannot be cast to com.google.android.chimera.BroadcastReceiver
11-12 06:10:18.907: E/ChimeraRcvrProxy(1080): com.google.android.gms.mdm.receivers.GoogleAccountsAddedReceiver dropping broadcast com.google.android.gms.auth.GOOGLE_ACCOUNT_CHANGE
11-12 06:10:18.912: I/EventLogChimeraService(1080): Accumulating logs since 1510495091276
11-12 06:10:18.937: I/Authzen(6898): [AccountChangeProcessingIntentOperation] Received onHandleIntent() call: Intent { act=com.google.android.gms.auth.GOOGLE_ACCOUNT_CHANGE cat=[com.google.android.gms.auth.category.ACCOUNT_ADDED] flg=0x10 cmp=com.google.android.gms/.chimera.GmsIntentOperationService$PersistentInternalReceiver (has extras) }
11-12 06:10:18.937: I/Authzen(6898): [AccountChangeProcessingIntentOperation] Handling added account: <ELLIDED:983383019>
11-12 06:10:18.947: I/GCoreUlr(6898): Starting service, intent=Intent { act=com.google.android.location.reporting.ACTION_UPDATE_WORLD cmp=com.google.android.gms/com.google.android.location.reporting.service.DispatchingService (has extras) }, extras=Bundle[{receiverAction=com.google.android.gms.auth.GOOGLE_ACCOUNT_CHANGE, accountsAdded=[Account {name=QHC5HNORWCIAS6TXPCAETCFO2M-00@cloudtestlabaccounts.com, type=com.google}]}]
11-12 06:10:18.947: I/PackageManager(2346): onServiceConnected
11-12 06:10:18.952: I/dalvikvm(1080): Could not find method android.content.Context.getSystemService, referenced from method ecv.f
11-12 06:10:18.952: W/dalvikvm(1080): VFY: unable to resolve virtual method 3382: Landroid/content/Context;.getSystemService (Ljava/lang/Class;)Ljava/lang/Object;
11-12 06:10:18.952: D/dalvikvm(1080): VFY: replacing opcode 0x6e at 0x0005
11-12 06:10:18.952: W/dalvikvm(1080): VFY: unable to find class referenced in signature (Landroid/service/persistentdata/PersistentDataBlockManager;)
11-12 06:10:18.952: E/dalvikvm(1080): Could not find class 'android.service.persistentdata.PersistentDataBlockManager', referenced from method ecu.a
11-12 06:10:18.952: W/dalvikvm(1080): VFY: unable to resolve check-cast 1078 (Landroid/service/persistentdata/PersistentDataBlockManager;) in Lecu;
11-12 06:10:18.952: D/dalvikvm(1080): VFY: replacing opcode 0x1f at 0x001f
11-12 06:10:18.952: W/dalvikvm(1080): VFY: unable to find class referenced in signature (Landroid/service/persistentdata/PersistentDataBlockManager;)
11-12 06:10:18.957: I/dalvikvm(1080): Could not find method android.service.persistentdata.PersistentDataBlockManager.getMaximumDataBlockSize, referenced from method ecu.a
11-12 06:10:18.957: W/dalvikvm(1080): VFY: unable to resolve virtual method 4704: Landroid/service/persistentdata/PersistentDataBlockManager;.getMaximumDataBlockSize ()J
11-12 06:10:18.957: D/dalvikvm(1080): VFY: replacing opcode 0x6e at 0x0023
11-12 06:10:18.957: I/dalvikvm(1080): Could not find method android.service.persistentdata.PersistentDataBlockManager.read, referenced from method ecu.b
11-12 06:10:18.957: W/dalvikvm(1080): VFY: unable to resolve virtual method 4705: Landroid/service/persistentdata/PersistentDataBlockManager;.read ()[B
11-12 06:10:18.957: D/dalvikvm(1080): VFY: replacing opcode 0x6e at 0x000e
11-12 06:10:19.052: I/ProcessCheckinRequest(1080): Get token from PseudonymousIdApi: 117=bKGN7Ne4MHWa9x1mGkfmLWeSEbj0xvOfh-61RCK9efmfe22iMBSR0apwlwld5EfhExiEHktWd0kZOegYJcIsZrY9lwfkKRjeJoM19XvMCQlynR3fW8MFJo-drvYxVOBi
11-12 06:10:19.057: I/CheckinRequestBuilder(1080): Checkin reason type: 4 attempt count: 1
11-12 06:10:19.062: I/qtaguid(27453): Failed write_ctrl(u 58) res=-1 errno=22
11-12 06:10:19.062: I/qtaguid(27453): Untagging socket 58 failed errno=-22
11-12 06:10:19.062: W/NetworkManagementSocketTagger(27453): untagSocket(58) failed with errno -22
11-12 06:10:19.072: E/ActivityThread(1080): Failed to find provider info for com.google.android.wearable.settings
11-12 06:10:19.092: W/LicenseLogService(2346): log() is called by non admin
11-12 06:10:19.092: D/Finsky(27453): [1] BaseWidgetProvider.onReceive: Received ACTION_APPWIDGET_UPDATE, updating 0 widgets.
11-12 06:10:19.102: D/Finsky(27453): [1] BaseWidgetProvider.onReceive: Received ACTION_APPWIDGET_UPDATE, updating 0 widgets.
11-12 06:10:19.112: I/MusicLeanback(25925): Conditions not met for autocaching.
11-12 06:10:19.112: I/MusicLeanback(25925): Stop autocaching.
11-12 06:10:19.117: D/Finsky(27453): [1] BaseWidgetProvider.onReceive: Received ACTION_APPWIDGET_UPDATE, updating 0 widgets.
11-12 06:10:19.117: I/GoogleURLConnFactory(6898): Using platform SSLCertificateSocketFactory
11-12 06:10:19.127: E/BaseAppContext(6898): Tried to stop global GMSCore RequestQueue. This is likely unintended, so ignoring.
11-12 06:10:19.132: W/ArtDownloadService(25925): Setting cache size 0
11-12 06:10:19.207: I/PackageManager(2346): Copying native libraries to /data/app-lib/vmdl1076196681
11-12 06:10:19.217: D/dalvikvm(6898): GC_CONCURRENT freed 1262K, 26% free 13815K/18656K, paused 10ms+66ms, total 177ms
11-12 06:10:19.217: I/Authzen(6898): [SyncManager] Sync requested for event 100, account QHC5HNORWCIAS6TXPCAETCFO2M-00@cloudtestlabaccounts.com, and components 3, with reason 7
11-12 06:10:19.217: I/Authzen(6898): [SyncManager] Triggering AuthZen registration...
11-12 06:10:19.262: E/GCoreUlr(6898): Create new device tag of 1390366901 without device reboot
11-12 06:10:19.277: I/Authzen(6898): [RegistrationManager] Fetching signing key...
11-12 06:10:19.287: I/HarmonyEASService(2346): Updating for all 1
11-12 06:10:19.297: I/Authzen(6898): [KeyService] Creating new signing Keys for handle: device_key
11-12 06:10:19.302: I/Authzen(6898): [SqliteKeyStorage] Adding new credential
11-12 06:10:19.362: I/dalvikvm(1080): Could not find method android.content.Context.getNoBackupFilesDir, referenced from method sqk.<init>
11-12 06:10:19.362: W/dalvikvm(1080): VFY: unable to resolve virtual method 13903: Landroid/content/Context;.getNoBackupFilesDir ()Ljava/io/File;
11-12 06:10:19.362: D/dalvikvm(1080): VFY: replacing opcode 0x6e at 0x0028
11-12 06:10:19.362: W/Conscrypt(6852): Could not set socket write timeout:
11-12 06:10:19.362: W/Conscrypt(6852):    java.lang.reflect.Method.invokeNative(Native Method)
11-12 06:10:19.362: W/Conscrypt(6852):    java.lang.reflect.Method.invoke(Method.java:525)
11-12 06:10:19.387: I/GCoreUlr(6898): WorldUpdater received intent Intent { act=com.google.android.location.reporting.ACTION_UPDATE_WORLD cmp=com.google.android.gms/com.google.android.location.reporting.service.DispatchingService (has extras) } with receiverAction com.google.android.gms.auth.GOOGLE_ACCOUNT_CHANGE
11-12 06:10:19.397: I/Authzen(6898): [RegistrationManager] Signing key fetched successfully!
11-12 06:10:19.437: I/dalvikvm(6898): Could not find method android.app.KeyguardManager.isDeviceLocked, referenced from method ezk.a
11-12 06:10:19.437: W/dalvikvm(6898): VFY: unable to resolve virtual method 3022: Landroid/app/KeyguardManager;.isDeviceLocked ()Z
11-12 06:10:19.437: D/dalvikvm(6898): VFY: replacing opcode 0x6e at 0x000a
11-12 06:10:19.437: I/dalvikvm(6898): Could not find method android.app.KeyguardManager.isDeviceSecure, referenced from method ezk.b
11-12 06:10:19.437: W/dalvikvm(6898): VFY: unable to resolve virtual method 3023: Landroid/app/KeyguardManager;.isDeviceSecure ()Z
11-12 06:10:19.442: D/dalvikvm(6898): VFY: replacing opcode 0x6e at 0x0008
11-12 06:10:19.462: W/Conscrypt(6852): Could not set socket write timeout:
11-12 06:10:19.467: W/Conscrypt(6852):    java.lang.reflect.Method.invokeNative(Native Method)
11-12 06:10:19.467: W/Conscrypt(6852):    java.lang.reflect.Method.invoke(Method.java:525)
11-12 06:10:19.467: I/Authzen(6898): [RegistrationManager] Starting Enrollment...
11-12 06:10:19.502: I/IcingInternalCorpora(1080): EventIndexer: starting incremental update
11-12 06:10:19.507: I/IcingInternalCorpora(1080): EventIndexer: 0 added, 0 removed, 0 changed, 0 unchanged, 0 errors.
11-12 06:10:19.507: I/IcingInternalCorpora(1080): EventIndexer: finished after 7 ms.
11-12 06:10:19.572: D/dalvikvm(2346): GC_CONCURRENT freed 1551K, 35% free 20640K/31576K, paused 3ms+11ms, total 125ms
11-12 06:10:19.572: D/dalvikvm(2346): WAIT_FOR_CONCURRENT_GC blocked 65ms
11-12 06:10:19.572: D/dalvikvm(2346): WAIT_FOR_CONCURRENT_GC blocked 65ms
11-12 06:10:19.572: D/dalvikvm(2346): WAIT_FOR_CONCURRENT_GC blocked 58ms
11-12 06:10:19.572: D/dalvikvm(2346): WAIT_FOR_CONCURRENT_GC blocked 65ms
11-12 06:10:19.572: D/dalvikvm(2346): WAIT_FOR_CONCURRENT_GC blocked 52ms
11-12 06:10:19.572: D/dalvikvm(2346): WAIT_FOR_CONCURRENT_GC blocked 115ms
11-12 06:10:19.577: W/Conscrypt(6852): Could not set socket write timeout:
11-12 06:10:19.582: W/Conscrypt(6852):    java.lang.reflect.Method.invokeNative(Native Method)
11-12 06:10:19.582: W/Conscrypt(6852):    java.lang.reflect.Method.invoke(Method.java:525)
11-12 06:10:19.587: W/Conscrypt(6852): Could not set socket write timeout:
11-12 06:10:19.587: W/Conscrypt(6852):    java.lang.reflect.Method.invokeNative(Native Method)
11-12 06:10:19.587: W/Conscrypt(6852):    java.lang.reflect.Method.invoke(Method.java:525)
11-12 06:10:19.647: D/dalvikvm(6852): GC_CONCURRENT freed 929K, 24% free 11963K/15708K, paused 11ms+2ms, total 49ms
11-12 06:10:19.647: D/dalvikvm(6852): WAIT_FOR_CONCURRENT_GC blocked 16ms
11-12 06:10:19.692: D/dalvikvm(2346): GC_FOR_ALLOC freed 399K, 35% free 20549K/31576K, paused 90ms, total 90ms
11-12 06:10:19.697: W/Auth(6852): [GetToken] GetToken failed with status code: INVALID_SCOPE
11-12 06:10:19.697: D/SSRMv2:Monitor(2346): SIOP:: AP = 300 (read only)
11-12 06:10:19.702: E/CheckinRequestBuilder(1080): Unrecoverable authentication exception: INVALID_SCOPE
11-12 06:10:19.702: E/CheckinRequestBuilder(1080): eaa: INVALID_SCOPE
11-12 06:10:19.702: E/CheckinRequestBuilder(1080): 	at eae.a(:com.google.android.gms@11745030:14)
11-12 06:10:19.702: E/CheckinRequestBuilder(1080): 	at ead.a(:com.google.android.gms@11745030:2)
11-12 06:10:19.702: E/CheckinRequestBuilder(1080): 	at ead.e(:com.google.android.gms@11745030:6)
11-12 06:10:19.702: E/CheckinRequestBuilder(1080): 	at eab.f(:com.google.android.gms@11745030:3)
11-12 06:10:19.702: E/CheckinRequestBuilder(1080): 	at eab.a(:com.google.android.gms@11745030:4)
11-12 06:10:19.702: E/CheckinRequestBuilder(1080): 	at hlq.a(:com.google.android.gms@11745030:219)
11-12 06:10:19.702: E/CheckinRequestBuilder(1080): 	at hmq.a(:com.google.android.gms@11745030:18)
11-12 06:10:19.702: E/CheckinRequestBuilder(1080): 	at hmq.a(:com.google.android.gms@11745030:184)
11-12 06:10:19.702: E/CheckinRequestBuilder(1080): 	at com.google.android.gms.checkin.CheckinChimeraService.a(:com.google.android.gms@11745030:148)
11-12 06:10:19.702: E/CheckinRequestBuilder(1080): 	at hlm.run(:com.google.android.gms@11745030:2)
11-12 06:10:19.702: E/CheckinRequestBuilder(1080): 	at jwn.run(:com.google.android.gms@11745030:26)
11-12 06:10:19.702: E/CheckinRequestBuilder(1080): 	at java.util.concurrent.ThreadPoolExecutor.runWorker(ThreadPoolExecutor.java:1080)
11-12 06:10:19.702: E/CheckinRequestBuilder(1080): 	at java.util.concurrent.ThreadPoolExecutor$Worker.run(ThreadPoolExecutor.java:573)
11-12 06:10:19.702: E/CheckinRequestBuilder(1080): 	at kbz.run(:com.google.android.gms@11745030)
11-12 06:10:19.702: E/CheckinRequestBuilder(1080): 	at java.lang.Thread.run(Thread.java:841)
11-12 06:10:19.787: D/dalvikvm(2346): GC_FOR_ALLOC freed 125K, 35% free 20596K/31576K, paused 88ms, total 88ms
11-12 06:10:19.787: I/dalvikvm-heap(2346): Grow heap (frag case) to 21.275MB for 106358-byte allocation
11-12 06:10:19.867: D/dalvikvm(2346): GC_FOR_ALLOC freed 2K, 35% free 20698K/31680K, paused 79ms, total 79ms
11-12 06:10:19.872: W/ResourceType(3489): Failure getting entry for 0x7f020494 (t=1 e=1172) in package 0 (error -75)
11-12 06:10:19.912: D/LockPatternUtils(2346): isPcwEnable = 10
11-12 06:10:19.947: W/ResourceType(3489): Failure getting entry for 0x7f020494 (t=1 e=1172) in package 0 (error -75)
11-12 06:10:19.957: D/dalvikvm(3489): GC_CONCURRENT freed 432K, 22% free 9697K/12388K, paused 6ms+1ms, total 34ms
11-12 06:10:20.067: W/ResourceType(3489): Failure getting entry for 0x7f020494 (t=1 e=1172) in package 0 (error -75)
11-12 06:10:20.137: I/dalvikvm(1080): Could not find method android.app.AppOpsManager.checkPackage, referenced from method boo.a
11-12 06:10:20.137: W/dalvikvm(1080): VFY: unable to resolve virtual method 2184: Landroid/app/AppOpsManager;.checkPackage (ILjava/lang/String;)V
11-12 06:10:20.137: D/dalvikvm(1080): VFY: replacing opcode 0x6e at 0x0012
11-12 06:10:20.137: D/dalvikvm(1080): [ 11-12 06:10:20.162 27337:27348 E/         ]
11-12 06:10:20.137: D/dalvikvm(1080): Device driver API match
11-12 06:10:20.137: D/dalvikvm(1080): Device driver API version: 23
11-12 06:10:20.137: D/dalvikvm(1080): User space API version: 23 
11-12 06:10:20.137: D/dalvikvm(1080): [ 11-12 06:10:20.162 27337:27348 E/         ]
11-12 06:10:20.137: D/dalvikvm(1080): mali: REVISION=Linux-r3p2-01rel3 BUILD_DATE=Wed Oct  9 21:05:57 KST 2013 
11-12 06:10:20.167: I/GCoreUlr(6898): WorldUpdater:com.google.android.gms.auth.GOOGLE_ACCOUNT_CHANGE: Ensuring that reporting is stopped because of reasons: {account#9#=[InactiveReason{mIdentifier=4, mName='GoogleLocationDisabled'}, InactiveReason{mIdentifier=6, mName='ReportingNotEnabled'}, InactiveReason{mIdentifier=14, mName='HistoryNotEnabled'}]}
11-12 06:10:20.182: W/Conscrypt(6852): Could not set socket write timeout:
11-12 06:10:20.187: W/Conscrypt(6852):    java.lang.reflect.Method.invokeNative(Native Method)
11-12 06:10:20.187: W/Conscrypt(6852):    java.lang.reflect.Method.invoke(Method.java:525)
11-12 06:10:20.207: W/ResourceType(3489): Failure getting entry for 0x7f020494 (t=1 e=1172) in package 0 (error -75)
11-12 06:10:20.207: W/ResourceType(3489): [ 11-12 06:10:20.212 27337:27348 E/         ]
11-12 06:10:20.207: W/ResourceType(3489): Device driver API match
11-12 06:10:20.207: W/ResourceType(3489): Device driver API version: 23
11-12 06:10:20.207: W/ResourceType(3489): User space API version: 23 
11-12 06:10:20.207: W/ResourceType(3489): [ 11-12 06:10:20.212 27337:27348 E/         ]
11-12 06:10:20.207: W/ResourceType(3489): mali: REVISION=Linux-r3p2-01rel3 BUILD_DATE=Wed Oct  9 21:05:57 KST 2013 
11-12 06:10:20.222: I/GCoreUlr(6898): Unbound from all location providers
11-12 06:10:20.222: I/GCoreUlr(6898): Place inference reporting - stop
11-12 06:10:20.227: D/dalvikvm(3489): GC_CONCURRENT freed 388K, 22% free 9746K/12388K, paused 1ms+2ms, total 26ms
11-12 06:10:20.242: D/dalvikvm(1080): DexOpt: couldn't find field Landroid/os/Message;.sendingUid
11-12 06:10:20.242: W/dalvikvm(1080): VFY: unable to resolve instance field 1692
11-12 06:10:20.242: D/dalvikvm(1080): VFY: replacing opcode 0x52 at 0x0002
11-12 06:10:20.272: W/Conscrypt(6852): Could not set socket write timeout:
11-12 06:10:20.277: W/Conscrypt(6852): Could not set socket write timeout:
11-12 06:10:20.277: W/Settings(27337): Setting install_non_market_apps has moved from android.provider.Settings.Secure to android.provider.Settings.Global.
11-12 06:10:20.277: W/Conscrypt(6852):    java.lang.reflect.Method.invokeNative(Native Method)
11-12 06:10:20.277: W/Conscrypt(6852):    java.lang.reflect.Method.invoke(Method.java:525)
11-12 06:10:20.282: W/Conscrypt(6852):    java.lang.reflect.Method.invokeNative(Native Method)
11-12 06:10:20.282: W/Conscrypt(6852):    java.lang.reflect.Method.invoke(Method.java:525)
11-12 06:10:20.282: W/ResourceType(3489): Failure getting entry for 0x7f020494 (t=1 e=1172) in package 0 (error -75)
11-12 06:10:20.317: W/Conscrypt(6852): Could not set socket write timeout:
11-12 06:10:20.317: W/Conscrypt(6852):    java.lang.reflect.Method.invokeNative(Native Method)
11-12 06:10:20.317: W/Conscrypt(6852):    java.lang.reflect.Method.invoke(Method.java:525)
11-12 06:10:20.322: W/Auth(6852): [GetToken] GetToken failed with status code: INVALID_SCOPE
11-12 06:10:20.332: E/Authzen(6898): [RegistrationManager] Failed to do enrollment for account: <ELLIDED:1555534329>
11-12 06:10:20.347: I/dalvikvm(1080): Could not find method android.os.PowerManager.isInteractive, referenced from method bnk.a
11-12 06:10:20.347: W/dalvikvm(1080): VFY: unable to resolve virtual method 3502: Landroid/os/PowerManager;.isInteractive ()Z
11-12 06:10:20.347: D/dalvikvm(1080): VFY: replacing opcode 0x6e at 0x003b
11-12 06:10:20.347: W/ResourceType(3489): Failure getting entry for 0x7f020494 (t=1 e=1172) in package 0 (error -75)
11-12 06:10:20.392: D/dalvikvm(6852): GC_CONCURRENT freed 791K, 25% free 11932K/15708K, paused 7ms+3ms, total 56ms
11-12 06:10:20.417: I/Authzen(6898): [ezx] Syncing data for account <ELLIDED:1555534329>
11-12 06:10:20.417: D/dalvikvm(3489): GC_CONCURRENT freed 411K, 22% free 9726K/12388K, paused 3ms+6ms, total 55ms
11-12 06:10:20.427: I/GCoreUlr(6898): Stopping handler for UlrDispSvcFast
11-12 06:10:20.452: I/GCoreUlr(6898): Unbound from all location providers
11-12 06:10:20.452: I/GCoreUlr(6898): Place inference reporting - stop
11-12 06:10:20.472: I/dalvikvm(1080): Could not find method android.content.pm.PackageManager.getPackageInstaller, referenced from method axl.a
11-12 06:10:20.472: W/dalvikvm(1080): VFY: unable to resolve virtual method 2575: Landroid/content/pm/PackageManager;.getPackageInstaller ()Landroid/content/pm/PackageInstaller;
11-12 06:10:20.472: D/dalvikvm(1080): VFY: replacing opcode 0x6e at 0x001c
11-12 06:10:20.497: I/GAV2(27863): Thread[GAThread,5,main]: No campaign data found.
11-12 06:10:20.502: D/Tethering(2346): interfaceLinkStateChanged wlan0, true
11-12 06:10:20.502: D/Tethering(2346): interfaceStatusChanged wlan0, true
11-12 06:10:20.502: I/wpa_supplicant(3379): nl80211: Received scan results (42 BSSes)
11-12 06:10:20.512: W/Conscrypt(6852): Could not set socket write timeout:
11-12 06:10:20.517: W/Conscrypt(6852):    java.lang.reflect.Method.invokeNative(Native Method)
11-12 06:10:20.517: W/Conscrypt(6852):    java.lang.reflect.Method.invoke(Method.java:525)
11-12 06:10:20.522: W/Conscrypt(6852): Could not set socket write timeout:
11-12 06:10:20.522: W/Conscrypt(6852):    java.lang.reflect.Method.invokeNative(Native Method)
11-12 06:10:20.522: W/Conscrypt(6852):    java.lang.reflect.Method.invoke(Method.java:525)
11-12 06:10:20.542: I/GAv4-SVC(1080): Google Analytics 11.7.45 is starting up.
11-12 06:10:20.567: W/AccountUtils(1080): Unable to get accounts by type and feature
11-12 06:10:20.567: W/AccountUtils(1080): android.accounts.OperationCanceledException
11-12 06:10:20.567: W/AccountUtils(1080): 	at android.accounts.AccountManager$Future2Task.internalGetResult(AccountManager.java:1698)
11-12 06:10:20.567: W/AccountUtils(1080): 	at android.accounts.AccountManager$Future2Task.getResult(AccountManager.java:1703)
11-12 06:10:20.567: W/AccountUtils(1080): 	at bmu.b(:com.google.android.play.games:4)
11-12 06:10:20.567: W/AccountUtils(1080): 	at bmu.e(:com.google.android.play.games:1)
11-12 06:10:20.567: W/AccountUtils(1080): 	at dtu.a(:com.google.android.play.games:187)
11-12 06:10:20.567: W/AccountUtils(1080): 	at dtu.a(:com.google.android.play.games:183)
11-12 06:10:20.567: W/AccountUtils(1080): 	at bmo.onPerformSync(:com.google.android.play.games:3)
11-12 06:10:20.567: W/AccountUtils(1080): 	at android.content.AbstractThreadedSyncAdapter$SyncThread.run(AbstractThreadedSyncAdapter.java:254)
11-12 06:10:20.572: E/dalvikvm(1080): Could not find class 'java.lang.ReflectiveOperationException', referenced from method dbc.c
11-12 06:10:20.572: W/dalvikvm(1080): VFY: unable to resolve instanceof 9470 (Ljava/lang/ReflectiveOperationException;) in Ldbc;
11-12 06:10:20.572: D/dalvikvm(1080): VFY: replacing opcode 0x20 at 0x0030
11-12 06:10:20.582: E/dalvikvm(1080): Could not find class 'android.app.job.JobScheduler', referenced from method ddv.c
11-12 06:10:20.582: W/dalvikvm(1080): VFY: unable to resolve check-cast 752 (Landroid/app/job/JobScheduler;) in Lddv;
11-12 06:10:20.582: D/dalvikvm(1080): VFY: replacing opcode 0x1f at 0x001c
11-12 06:10:20.587: I/GCoreUlr(6898): DispatchingService ignoring Intent { act=android.net.wifi.WIFI_STATE_CHANGED flg=0x8000010 (has extras) } because ULR inactive
11-12 06:10:20.602: I/GamesSyncAdapter PII_LOG(1080): Starting sync for QHC5HNORWCIAS6TXPCAETCFO2M-00@cloudtestlabaccounts.com
11-12 06:10:20.602: I/GamesSyncAdapter(1080): Starting sync for 5cb791f9
11-12 06:10:20.657: W/ResourceType(3489): Failure getting entry for 0x7f020494 (t=1 e=1172) in package 0 (error -75)
11-12 06:10:20.657: W/Auth(6852): [GetToken] GetToken failed with status code: INVALID_SCOPE
11-12 06:10:20.662: D/dalvikvm(1080): GC_CONCURRENT freed 988K, 20% free 12710K/15876K, paused 4ms+26ms, total 106ms
11-12 06:10:20.672: E/Authzen(6898): [ezx] Failed to authenticate account: <ELLIDED:1555534329>. Clearing data.
11-12 06:10:20.677: I/Authzen(6898): [fea] Opening database auth.proximity.permit_store...
11-12 06:10:20.687: I/Authzen(6898): [SyncManager] sync failed for 100
11-12 06:10:20.757: D/LockPatternUtils(2346): isPcwEnable = 10
11-12 06:10:20.777: I/Authzen(6898): [SyncManager] Setting up sync 116522059ms later.
11-12 06:10:20.792: D/dalvikvm(7410): GC_FOR_ALLOC freed 286K, 14% free 10060K/11652K, paused 31ms, total 34ms
11-12 06:10:20.812: D/dalvikvm(6852): GC_CONCURRENT freed 743K, 24% free 11942K/15708K, paused 4ms+3ms, total 43ms
11-12 06:10:20.817: D/dalvikvm(7410): GC_FOR_ALLOC freed 49K, 14% free 10033K/11652K, paused 15ms, total 15ms
11-12 06:10:20.817: W/Auth(6852): [GetToken] GetToken failed with status code: INVALID_SCOPE
11-12 06:10:20.832: W/ResourceType(3489): Failure getting entry for 0x7f020494 (t=1 e=1172) in package 0 (error -75)
11-12 06:10:20.837: E/Ads(1080): [JAMS] Failed to get OAuth token: eaa: INVALID_SCOPE
11-12 06:10:20.837: E/Ads(1080): [ 11-12 06:10:20.867 27337:27348 E/         ]
11-12 06:10:20.837: E/Ads(1080): Device driver API match
11-12 06:10:20.837: E/Ads(1080): Device driver API version: 23
11-12 06:10:20.837: E/Ads(1080): User space API version: 23 
11-12 06:10:20.837: E/Ads(1080): [ 11-12 06:10:20.867 27337:27348 E/         ]
11-12 06:10:20.837: E/Ads(1080): mali: REVISION=Linux-r3p2-01rel3 BUILD_DATE=Wed Oct  9 21:05:57 KST 2013 
11-12 06:10:20.882: I/GamesSyncAdapter PII_LOG(1080): Starting sync for QHC5HNORWCIAS6TXPCAETCFO2M-00@cloudtestlabaccounts.com
11-12 06:10:20.882: I/GamesSyncAdapter(1080): Starting sync for 5cb791f9
11-12 06:10:20.917: W/Auth(6852): [GetToken] GetToken failed with status code: INVALID_SCOPE
11-12 06:10:20.922: I/Authzen(1080): [PermitStore] Getting all permits...
