11-12 06:10:27.837: I/dalvikvm-heap(27645): Grow heap (frag case) to 10.854MB for 262160-byte allocation
11-12 06:10:27.842: D/FactoryTestApp(4317): [FactoryTestBroadcastReceiver$onReceive] onReceive action=android.intent.action.PACKAGE_CHANGED
11-12 06:10:27.842: I/FactoryTestApp(4317): [XMLDataStorage$parsingXML] FtClient => data parsing was completed.
11-12 06:10:27.842: D/FactoryTestApp(4317): [FactoryTestBroadcastReceiver$onReceive] PACKAGE_CHANGED => XML data parsing was failed.
11-12 06:10:27.852: D/Wear_Controller(1080): Received broadcast action=android.intent.action.PACKAGE_CHANGED and uri=com.google.android.music
11-12 06:10:27.857: I/dalvikvm(1080): Could not find method android.os.UserManager.getUserProfiles, referenced from method com.google.android.gms.wearable.service.WearableController.a
11-12 06:10:27.857: W/dalvikvm(1080): VFY: unable to resolve virtual method 26877: Landroid/os/UserManager;.getUserProfiles ()Ljava/util/List;
11-12 06:10:27.857: D/dalvikvm(1080): VFY: replacing opcode 0x6e at 0x006a
11-12 06:10:27.872: D/dalvikvm(27645): GC_FOR_ALLOC freed <1K, 14% free 10042K/11648K, paused 31ms, total 32ms
11-12 06:10:27.907: D/dalvikvm(27645): GC_FOR_ALLOC freed 5K, 14% free 10037K/11648K, paused 33ms, total 34ms
11-12 06:10:27.932: D/dalvikvm(27645): GC_FOR_ALLOC freed 0K, 13% free 11267K/12880K, paused 25ms, total 25ms
11-12 06:10:27.937: W/ConfigurationChimeraPro(6898): Got null configs for com.google.android.gms.chromesync
11-12 06:10:27.947: I/Icing(1080): IndexChimeraService.getServiceInterface callingPackage=com.google.android.googlequicksearchbox componentName=null serviceId=21
11-12 06:10:27.957: I/Icing(1080): IndexChimeraService.getServiceInterface callingPackage=com.google.android.gms componentName=AppsCorpus serviceId=36
11-12 06:10:27.957: W/NetRec(6898): [932] ConfigChangedIntentOperation.onHandleIntent: Device does not support scoring, exiting
11-12 06:10:27.962: I/Icing(1080): IndexChimeraService.getServiceInterface callingPackage=com.google.android.gms componentName=AppsCorpus serviceId=32
11-12 06:10:28.032: D/gp.PicasaSyncManager(27645): battery info: true
11-12 06:10:28.082: I/Icing(1080): Usage reports ok 0, Failed Usage reports 0, indexed 0, rejected 0, imm upload true
11-12 06:10:28.087: W/NetRec(6898): [935] ConfigChangedIntentOperation.onHandleIntent: Device does not support scoring, exiting
11-12 06:10:28.112: D/Wear_Controller(1080): Received broadcast action=android.intent.action.PACKAGE_CHANGED and uri=com.google.android.videos
11-12 06:10:28.202: I/HomeSyncInstallReceiver(2666): Package Added : org.totschnig.myexpenses
11-12 06:10:28.202: I/HomeSyncInstallReceiver(2666): This pkg do not need BT addr. Do nothing
11-12 06:10:28.212: I/VideoHubAPP(26155): VHDisable Receiver
11-12 06:10:28.212: I/VideoHubAPP(26155): VHDisable Receiver ACTION = android.intent.action.PACKAGE_ADDED
11-12 06:10:28.212: I/VideoHubAPP(26155): VHDisable Receiver PackageName = org.totschnig.myexpenses
11-12 06:10:28.217: D/dalvikvm(1080): GC_CONCURRENT freed 1310K, 16% free 13542K/15988K, paused 3ms+8ms, total 114ms
11-12 06:10:28.222: D/[FileShare][Server](28271): ServerBroadcastReceiver : onReceive: android.intent.action.PACKAGE_ADDED // package:org.totschnig.myexpenses
11-12 06:10:28.222: D/[FileShare][Server](28271): ServerBroadcastReceiver : Current User : UserHandle{0}
11-12 06:10:28.222: D/[FileShare][Server](28271): ServerBroadcastReceiver : All UserInfo: [UserInfo{0:Eigentmer:13}]
11-12 06:10:28.242: W/NetRec(6898): [932] ConfigChangedIntentOperation.onHandleIntent: Device does not support scoring, exiting
11-12 06:10:28.387: W/NetRec(6898): [932] ConfigChangedIntentOperation.onHandleIntent: Device does not support scoring, exiting
11-12 06:10:28.397: D/CapabilityManagerService(28343): Receiver Broadcast:android.intent.action.PACKAGE_ADDED
11-12 06:10:28.457: D/PackageIntentReceiver(5645): ACTION_PACKAGE_ADDED
11-12 06:10:28.457: D/PackageIntentReceiver(5645): Not GearManger package! 
11-12 06:10:28.512: W/NetRec(6898): [934] ConfigChangedIntentOperation.onHandleIntent: Device does not support scoring, exiting
11-12 06:10:28.532: I/Icing(1080): Usage reports ok 0, Failed Usage reports 0, indexed 0, rejected 0, imm upload false
11-12 06:10:28.572: I/Icing(1080): Usage reports ok 0, Failed Usage reports 0, indexed 0, rejected 0, imm upload false
11-12 06:10:28.612: I/Icing(1080): Indexing EB5682339C26ADB2D00F1F7BF8AFCCA320C641BA from com.google.android.googlequicksearchbox
11-12 06:10:28.617: I/Icing(1080): IndexChimeraService.getServiceInterface callingPackage=com.google.android.gms componentName=AppsCorpus serviceId=36
11-12 06:10:28.622: I/Icing(1080): IndexChimeraService.getServiceInterface callingPackage=com.google.android.gms componentName=AppsCorpus serviceId=32
11-12 06:10:28.632: W/ActivityManager(2346): Permission denied: checkComponentPermission() owningUid=10138
11-12 06:10:28.632: W/ActivityManager(2346): Permission denied: checkComponentPermission() owningUid=10138
11-12 06:10:28.677: I/dalvikvm(28387): Turning on JNI app bug workarounds for target SDK version 8...
11-12 06:10:28.692: D/dalvikvm(1931): GC_EXPLICIT freed 38K, 11% free 9394K/10508K, paused 2ms+3ms, total 31ms
11-12 06:10:28.702: W/NetRec(6898): [932] ConfigChangedIntentOperation.onHandleIntent: Device does not support scoring, exiting
11-12 06:10:28.717: I/PCWCLIENTTRACE_LOG(28387): DEFAULT_LOGON : true
11-12 06:10:28.717: I/PCWCLIENTTRACE_LOG(28387): DEFAULT_LOGLEVEL : 3
11-12 06:10:28.717: I/PCWCLIENTTRACE_SPPReceiver(28387): [onReceive] - android.intent.action.PACKAGE_ADDED
11-12 06:10:28.722: D/dalvikvm(1931): GC_EXPLICIT freed <1K, 11% free 9394K/10508K, paused 1ms+2ms, total 25ms
11-12 06:10:28.732: W/NetRec(6898): [935] ConfigChangedIntentOperation.onHandleIntent: Device does not support scoring, exiting
11-12 06:10:28.737: W/LicenseLogService(2346): log() is called by non admin
11-12 06:10:28.742: D/dalvikvm(1931): GC_EXPLICIT freed <1K, 11% free 9394K/10508K, paused 2ms+2ms, total 23ms
11-12 06:10:28.747: W/LicenseLogService(2346): log() is called by non admin
11-12 06:10:28.792: D/dalvikvm(2904): GC_CONCURRENT freed 283K, 14% free 9940K/11472K, paused 2ms+2ms, total 23ms
11-12 06:10:28.897: I/Icing(1080): Indexing done EB5682339C26ADB2D00F1F7BF8AFCCA320C641BA
11-12 06:10:28.907: D/dalvikvm(6898): GC_CONCURRENT freed 1610K, 25% free 14010K/18656K, paused 5ms+16ms, total 84ms
11-12 06:10:28.992: W/NetRec(6898): [934] ConfigChangedIntentOperation.onHandleIntent: Device does not support scoring, exiting
11-12 06:10:29.002: D/dalvikvm(2346): GC_CONCURRENT freed 1941K, 37% free 20392K/32020K, paused 3ms+15ms, total 152ms
11-12 06:10:29.032: I/SA(28400): [TPM] There is no property file
11-12 06:10:29.032: I/SA(28400): [TPM] getModelProperty : null
11-12 06:10:29.032: I/SA(28400): [TPM] getCSCProperty : null
11-12 06:10:29.032: I/SA(28400): [SLM] call SLM constructor
11-12 06:10:29.037: I/SA(28400): [PMR] Received action : android.intent.action.PACKAGE_ADDED
11-12 06:10:29.042: I/SA(28400): [SUR] onReceive log=[SA =  V = 18 HWD = 0X0 0.0 dpi = 0  SIZE = 0 LOCALE =  CSC = DBT MCC = 0 MNC 0 T = user DEVICE = m0 P = m0xx I = JSS15J M = GT-I9300 OKLEFT true DIS JSS15J.I9300XXUGMK6  ]
11-12 06:10:29.042: I/SA(28400): [SUR] onReceive Intent=[ android.intent.action.PACKAGE_ADDED package ]
11-12 06:10:29.092: D/AndroidRuntime(28384): >>>>>> AndroidRuntime START com.android.internal.os.RuntimeInit <<<<<<
11-12 06:10:29.092: D/AndroidRuntime(28384): CheckJNI is OFF
11-12 06:10:29.092: D/AndroidRuntime(28384): setted country_code = Germany
11-12 06:10:29.092: D/AndroidRuntime(28384): setted countryiso_code = DE
11-12 06:10:29.092: D/AndroidRuntime(28384): setted sales_code = DBT
11-12 06:10:29.092: D/AndroidRuntime(28384): readGMSProperty: start
11-12 06:10:29.092: D/AndroidRuntime(28384): readGMSProperty: already setted!!
11-12 06:10:29.092: D/AndroidRuntime(28384): readGMSProperty: end
11-12 06:10:29.092: D/AndroidRuntime(28384): addProductProperty: start
11-12 06:10:29.102: D/dalvikvm(28384): Trying to load lib libjavacore.so 0x0
11-12 06:10:29.117: I/Icing(1080): Usage reports ok 0, Failed Usage reports 0, indexed 0, rejected 0, imm upload false
11-12 06:10:29.122: W/NetRec(6898): [935] ConfigChangedIntentOperation.onHandleIntent: Device does not support scoring, exiting
11-12 06:10:29.132: I/Icing(1080): Usage reports ok 0, Failed Usage reports 0, indexed 0, rejected 0, imm upload false
11-12 06:10:29.142: I/Icing(1080): Indexing 4281F7D24459DCE63CBEF96A6A4E42F550385E66 from com.google.android.googlequicksearchbox
11-12 06:10:29.147: D/dalvikvm(28384): Added shared lib libjavacore.so 0x0
11-12 06:10:29.147: W/ActivityManager(2346): Permission denied: checkComponentPermission() owningUid=10138
11-12 06:10:29.147: W/ActivityManager(2346): Permission denied: checkComponentPermission() owningUid=10138
11-12 06:10:29.157: D/dalvikvm(28384): Trying to load lib libnativehelper.so 0x0
11-12 06:10:29.157: D/dalvikvm(28384): Added shared lib libnativehelper.so 0x0
11-12 06:10:29.252: I/SmartCardBroadcastReceiver(28424): SmartCardBroadcastReceiver - onReceive() 
11-12 06:10:29.252: I/SmartCardBroadcastReceiver(28424): Received intent with action - android.intent.action.PACKAGE_ADDED
11-12 06:10:29.252: I/SmartCardBroadcastReceiver(28424): foundMatchingVendorPackage - Checking for org.totschnig.myexpenses
11-12 06:10:29.262: D/dalvikvm(27776): GC_CONCURRENT freed 547K, 15% free 9755K/11376K, paused 3ms+6ms, total 29ms
11-12 06:10:29.277: W/NetRec(6898): [935] ConfigChangedIntentOperation.onHandleIntent: Device does not support scoring, exiting
11-12 06:10:29.392: W/NetRec(6898): [934] ConfigChangedIntentOperation.onHandleIntent: Device does not support scoring, exiting
11-12 06:10:29.422: W/ActivityManager(2346): Permission denied: checkComponentPermission() owningUid=10138
11-12 06:10:29.422: W/ActivityManager(2346): Permission denied: checkComponentPermission() owningUid=10138
11-12 06:10:29.442: D/dalvikvm(28384): Note: class Landroid/app/ActivityManagerNative; has 177 unimplemented (abstract) methods
11-12 06:10:29.487: D/AndroidRuntime(28384): Calling main entry com.android.commands.pm.Pm
11-12 06:10:29.487: E/dalvikvm(28437): Could not find class 'android.app.job.JobScheduler', referenced from method com.sec.android.app.samsungapps.SamsungApps.a
11-12 06:10:29.487: W/dalvikvm(28437): VFY: unable to resolve check-cast 71 (Landroid/app/job/JobScheduler;) in Lcom/sec/android/app/samsungapps/SamsungApps;
11-12 06:10:29.487: D/dalvikvm(28437): VFY: replacing opcode 0x1f at 0x0007
11-12 06:10:29.492: W/NetRec(6898): [935] ConfigChangedIntentOperation.onHandleIntent: Device does not support scoring, exiting
11-12 06:10:29.517: D/AndroidRuntime(28384): Shutting down VM
11-12 06:10:29.522: D/dalvikvm(28384): GC_CONCURRENT freed 94K, 13% free 672K/768K, paused 0ms+0ms, total 2ms
11-12 06:10:29.537: W/ActivityManager(2346): Permission denied: checkComponentPermission() owningUid=10138
11-12 06:10:29.537: W/ActivityManager(2346): Permission denied: checkComponentPermission() owningUid=10138
11-12 06:10:29.542: W/ActivityManager(2346): Permission denied: checkComponentPermission() owningUid=10138
11-12 06:10:29.542: W/ActivityManager(2346): Permission denied: checkComponentPermission() owningUid=10138
11-12 06:10:29.582: D/SamsungApps(28437): GalaxyApps Application onCreate calling...
11-12 06:10:29.587: W/ActivityManager(2346): Permission denied: checkComponentPermission() owningUid=10138
11-12 06:10:29.587: W/ActivityManager(2346): Permission denied: checkComponentPermission() owningUid=10138
11-12 06:10:29.592: E/dalvikvm(28437): Could not find class 'com.samsung.android.desktopmode.SemDesktopModeManager', referenced from method com.sec.android.app.samsungapps.vlibrary3.webimage.IImageRequestManager.disableLoading
11-12 06:10:29.592: W/dalvikvm(28437): VFY: unable to resolve check-cast 3714 (Lcom/samsung/android/desktopmode/SemDesktopModeManager;) in Lcom/sec/android/app/samsungapps/vlibrary3/webimage/IImageRequestManager;
11-12 06:10:29.597: D/dalvikvm(28437): VFY: replacing opcode 0x1f at 0x000f
11-12 06:10:29.597: I/Icing(1080): Indexing done 4281F7D24459DCE63CBEF96A6A4E42F550385E66
11-12 06:10:29.607: I/dalvikvm(28437): Could not find method android.telephony.TelephonyManager.getPhoneCount, referenced from method com.sec.android.app.samsungapps.vlibrary.concreteloader.ConcreteDeviceInfoLoader.IfOnlyWifiDevice
11-12 06:10:29.607: W/dalvikvm(28437): VFY: unable to resolve virtual method 20207: Landroid/telephony/TelephonyManager;.getPhoneCount ()I
11-12 06:10:29.607: D/dalvikvm(28437): VFY: replacing opcode 0x6e at 0x0011
11-12 06:10:29.607: I/Icing(1080): Indexing 836B914D99BD4034B96B842F7BC8279EF1EE5740 from com.google.android.gms
11-12 06:10:29.627: V/ConcreteDeviceInfoLoader(28437): SimState is not Ready
11-12 06:10:29.627: V/ConcreteDeviceInfoLoader(28437): deviceInfo MCC value is not correct
11-12 06:10:29.627: W/ActivityManager(2346): Unable to start service Intent { act=com.sec.knox.containeragent.service.containermanager.ContainerManagerService } U=0: not found
11-12 06:10:29.652: V/ConcreteDeviceInfoLoader(28437): SimState is not Ready
11-12 06:10:29.652: V/ConcreteDeviceInfoLoader(28437): deviceInfo MCC value is not correct
11-12 06:10:29.657: V/ConcreteDeviceInfoLoader(28437): SimState is not Ready
11-12 06:10:29.657: I/Icing(1080): IndexChimeraService.getServiceInterface callingPackage=com.google.android.googlequicksearchbox componentName=null serviceId=21
11-12 06:10:29.657: D/[SAUI](28437): StickerCenterInfo::::StickerCenterInfo
11-12 06:10:29.677: D/dalvikvm(28437): DexOpt: couldn't find field Landroid/content/pm/ApplicationInfo;.minSdkVersion
11-12 06:10:29.677: W/dalvikvm(28437): VFY: unable to resolve instance field 46
11-12 06:10:29.677: D/dalvikvm(28437): VFY: replacing opcode 0x52 at 0x0017
11-12 06:10:29.692: D/[SAUI](28437): StickerCenterAsyncQueryHandler::::startAllStickerItemInfoQuery content://null/noBlob/sticker/*
11-12 06:10:29.692: D/SSRMv2:Monitor(2346): SIOP:: AP = 330 (read only)
11-12 06:10:29.692: E/ActivityThread(28437): Failed to find provider info for null
11-12 06:10:29.707: D/Sppmt(28437): Test mode:false, cfgFileExist:false, canWrite:false
11-12 06:10:29.712: D/ReflectUtils(28437): Cannot load field: SEM_INT
11-12 06:10:29.747: D/dalvikvm(1080): GC_CONCURRENT freed 1112K, 14% free 13836K/16084K, paused 3ms+6ms, total 56ms
11-12 06:10:29.747: D/dalvikvm(28437): GC_CONCURRENT freed 637K, 15% free 9759K/11448K, paused 3ms+2ms, total 27ms
11-12 06:10:29.747: D/dalvikvm(1080): WAIT_FOR_CONCURRENT_GC blocked 42ms
11-12 06:10:29.757: W/System.err(28437): java.io.InvalidClassException: com.sec.android.app.samsungapps.tobelog.e; Incompatible class (SUID): com.sec.android.app.samsungapps.tobelog.e: static final long serialVersionUID =-5264616197119257793L; but expected com.sec.android.app.samsungapps.tobelog.e: static final long serialVersionUID =-6967890292027797879L;
11-12 06:10:29.762: W/System.err(28437): 	at java.io.ObjectInputStream.verifyAndInit(ObjectInputStream.java:2383)
11-12 06:10:29.762: W/System.err(28437): 	at java.io.ObjectInputStream.readNewClassDesc(ObjectInputStream.java:1665)
11-12 06:10:29.762: W/System.err(28437): 	at java.io.ObjectInputStream.readClassDesc(ObjectInputStream.java:683)
11-12 06:10:29.762: W/System.err(28437): 	at java.io.ObjectInputStream.readNewObject(ObjectInputStream.java:1806)
11-12 06:10:29.762: W/System.err(28437): 	at java.io.ObjectInputStream.readNonPrimitiveContent(ObjectInputStream.java:787)
11-12 06:10:29.762: W/System.err(28437): 	at java.io.ObjectInputStream.readObject(ObjectInputStream.java:2006)
11-12 06:10:29.762: W/System.err(28437): 	at java.io.ObjectInputStream.readObject(ObjectInputStream.java:1963)
11-12 06:10:29.762: W/System.err(28437): 	at com.sec.android.app.samsungapps.tobelog.e.b(ProGuard:88)
11-12 06:10:29.762: W/System.err(28437): 	at com.sec.android.app.samsungapps.tobelog.LogManager.initialize(ProGuard:106)
11-12 06:10:29.762: W/System.err(28437): 	at com.sec.android.app.samsungapps.SamsungApps.onCreate(ProGuard:80)
11-12 06:10:29.762: W/System.err(28437): 	at android.app.Instrumentation.callApplicationOnCreate(Instrumentation.java:1024)
11-12 06:10:29.762: W/System.err(28437): 	at android.app.ActivityThread.handleBindApplication(ActivityThread.java:4684)
11-12 06:10:29.762: W/System.err(28437): 	at android.app.ActivityThread.access$1400(ActivityThread.java:159)
11-12 06:10:29.762: W/System.err(28437): 	at android.app.ActivityThread$H.handleMessage(ActivityThread.java:1376)
11-12 06:10:29.762: W/System.err(28437): 	at android.os.Handler.dispatchMessage(Handler.java:99)
11-12 06:10:29.762: W/System.err(28437): 	at android.os.Looper.loop(Looper.java:176)
11-12 06:10:29.762: W/System.err(28437): 	at android.app.ActivityThread.main(ActivityThread.java:5419)
11-12 06:10:29.762: W/System.err(28437): 	at java.lang.reflect.Method.invokeNative(Native Method)
11-12 06:10:29.762: W/System.err(28437): 	at java.lang.reflect.Method.invoke(Method.java:525)
11-12 06:10:29.762: W/System.err(28437): 	at com.android.internal.os.ZygoteInit$MethodAndArgsCaller.run(ZygoteInit.java:1046)
11-12 06:10:29.762: W/System.err(28437): 	at com.android.internal.os.ZygoteInit.main(ZygoteInit.java:862)
11-12 06:10:29.762: W/System.err(28437): 	at dalvik.system.NativeStart.main(Native Method)
11-12 06:10:29.767: D/SamsungApps(28437): GalaxyApps Application onCreate called...
11-12 06:10:29.772: D/[SAUI](28437): Global::recovered::false
11-12 06:10:29.772: D/[SAUI](28437): StickerCenterAsyncQueryHandler::::cursor is empty
11-12 06:10:29.782: I/dalvikvm(28437): Could not find method org.json.JSONArray.remove, referenced from method com.samsung.android.sdk.ppmt.storage.DBHandler.deleteFbids
11-12 06:10:29.782: W/dalvikvm(28437): VFY: unable to resolve virtual method 63016: Lorg/json/JSONArray;.remove (I)Ljava/lang/Object;
11-12 06:10:29.782: D/dalvikvm(28437): VFY: replacing opcode 0x6e at 0x0088
11-12 06:10:29.847: I/Icing(1080): Usage reports ok 0, Failed Usage reports 0, indexed 0, rejected 0, imm upload true
11-12 06:10:29.857: W/GoogleSignatureVerifier(6898): Test-keys aren't accepted on this build.
11-12 06:10:29.897: W/ConfigurationChimeraPro(6898): Got null configs for com.google.android.gms.appinvite
11-12 06:10:29.907: I/Icing.InternalIcingCorporaProvider(27776): Updating corpora: A: com.google.android.videos, C: MAYBE
11-12 06:10:29.932: I/PTCommittedOperation(6898): Receive new configuration for com.google.android.gms.auth_cryptauth
11-12 06:10:30.012: W/OcrModelUpStIntentOp(1080): Invalid action: com.google.android.gms.phenotype.COMMITTED
11-12 06:10:30.032: W/NetRec(6898): [934] ConfigChangedIntentOperation.onHandleIntent: Device does not support scoring, exiting
11-12 06:10:30.042: I/SettingsChangedIntentOp(1080): SettingsChangedIntentOperation.run: Got intent Intent { act=com.google.android.gms.phenotype.COMMITTED flg=0x10 pkg=com.google.android.gms cmp=com.google.android.gms/.chimera.GmsIntentOperationService (has extras) }
11-12 06:10:30.042: I/SettingsChangedIntentOp(1080): SettingsChangedIntentOperation.run Intent extra com.google.android.gms.phenotype.PACKAGE_NAME: com.google.android.gms.auth_cryptauth
11-12 06:10:30.042: I/SettingsChangedIntentOp(1080): Action: com.google.android.gms.phenotype.COMMITTED
11-12 06:10:30.047: I/SettingsChangedIntentOp(1080): EXTRA_PACKAGE_NAME: com.google.android.gms.auth_cryptauth
11-12 06:10:30.067: I/PTCommittedOperation(6898): Receive new configuration for com.google.android.gms.auth.api.credentials
11-12 06:10:30.087: D/AndroidRuntime(28468): >>>>>> AndroidRuntime START com.android.internal.os.RuntimeInit <<<<<<
11-12 06:10:30.087: D/AndroidRuntime(28468): CheckJNI is OFF
11-12 06:10:30.087: D/AndroidRuntime(28468): setted country_code = Germany
11-12 06:10:30.087: D/AndroidRuntime(28468): setted countryiso_code = DE
11-12 06:10:30.087: D/AndroidRuntime(28468): setted sales_code = DBT
11-12 06:10:30.087: D/AndroidRuntime(28468): readGMSProperty: start
11-12 06:10:30.087: D/AndroidRuntime(28468): readGMSProperty: already setted!!
11-12 06:10:30.087: D/AndroidRuntime(28468): readGMSProperty: end
11-12 06:10:30.087: D/AndroidRuntime(28468): addProductProperty: start
11-12 06:10:30.102: D/dalvikvm(28468): Trying to load lib libjavacore.so 0x0
11-12 06:10:30.112: D/dalvikvm(28468): Added shared lib libjavacore.so 0x0
11-12 06:10:30.122: D/dalvikvm(28468): Trying to load lib libnativehelper.so 0x0
11-12 06:10:30.122: D/dalvikvm(28468): Added shared lib libnativehelper.so 0x0
11-12 06:10:30.132: W/OcrModelUpStIntentOp(1080): Invalid action: com.google.android.gms.phenotype.COMMITTED
11-12 06:10:30.132: I/SettingsChangedIntentOp(1080): SettingsChangedIntentOperation.run: Got intent Intent { act=com.google.android.gms.phenotype.COMMITTED flg=0x10 pkg=com.google.android.gms cmp=com.google.android.gms/.chimera.GmsIntentOperationService (has extras) }
11-12 06:10:30.142: I/SettingsChangedIntentOp(1080): SettingsChangedIntentOperation.run Intent extra com.google.android.gms.phenotype.PACKAGE_NAME: com.google.android.gms.auth.api.credentials
11-12 06:10:30.142: I/SettingsChangedIntentOp(1080): Action: com.google.android.gms.phenotype.COMMITTED
11-12 06:10:30.142: I/SettingsChangedIntentOp(1080): EXTRA_PACKAGE_NAME: com.google.android.gms.auth.api.credentials
11-12 06:10:30.152: D/Wear_Controller(1080): Received broadcast action=android.intent.action.PACKAGE_ADDED and uri=org.totschnig.myexpenses
11-12 06:10:30.162: I/Icing(1080): IndexChimeraService.getServiceInterface callingPackage=com.google.android.googlequicksearchbox componentName=null serviceId=21
11-12 06:10:30.177: I/Icing(1080): Indexing done 836B914D99BD4034B96B842F7BC8279EF1EE5740
11-12 06:10:30.182: I/Icing(1080): IndexChimeraService.getServiceInterface callingPackage=com.google.android.gms componentName=AppsCorpus serviceId=36
11-12 06:10:30.212: I/Icing(1080): IndexChimeraService.getServiceInterface callingPackage=com.google.android.gms componentName=AppsCorpus serviceId=32
11-12 06:10:30.227: I/dalvikvm(1080): Could not find method java.util.Objects.equals, referenced from method upz.a
11-12 06:10:30.227: W/dalvikvm(1080): VFY: unable to resolve static method 26267: Ljava/util/Objects;.equals (Ljava/lang/Object;Ljava/lang/Object;)Z
11-12 06:10:30.227: D/dalvikvm(1080): VFY: replacing opcode 0x71 at 0x000a
11-12 06:10:30.232: W/OcrModelUpStIntentOp(1080): Invalid action: com.google.android.gms.phenotype.COMMITTED
11-12 06:10:30.232: I/SettingsChangedIntentOp(1080): SettingsChangedIntentOperation.run: Got intent Intent { act=com.google.android.gms.phenotype.COMMITTED flg=0x10 pkg=com.google.android.gms cmp=com.google.android.gms/.chimera.GmsIntentOperationService (has extras) }
11-12 06:10:30.237: I/SettingsChangedIntentOp(1080): SettingsChangedIntentOperation.run Intent extra com.google.android.gms.phenotype.PACKAGE_NAME: com.google.android.gms.octarine
11-12 06:10:30.237: I/SettingsChangedIntentOp(1080): Action: com.google.android.gms.phenotype.COMMITTED
11-12 06:10:30.237: I/SettingsChangedIntentOp(1080): EXTRA_PACKAGE_NAME: com.google.android.gms.octarine
11-12 06:10:30.237: I/PTCommittedOperation(6898): Receive new configuration for com.google.android.gms.octarine
11-12 06:10:30.262: W/OcrModelUpStIntentOp(1080): Invalid action: com.google.android.gms.phenotype.COMMITTED
11-12 06:10:30.262: I/SettingsChangedIntentOp(1080): SettingsChangedIntentOperation.run: Got intent Intent { act=com.google.android.gms.phenotype.COMMITTED flg=0x10 pkg=com.google.android.gms cmp=com.google.android.gms/.chimera.GmsIntentOperationService (has extras) }
11-12 06:10:30.262: I/SettingsChangedIntentOp(1080): SettingsChangedIntentOperation.run Intent extra com.google.android.gms.phenotype.PACKAGE_NAME: com.google.android.gms.matchstick
11-12 06:10:30.262: I/SettingsChangedIntentOp(1080): Action: com.google.android.gms.phenotype.COMMITTED
11-12 06:10:30.262: I/SettingsChangedIntentOp(1080): EXTRA_PACKAGE_NAME: com.google.android.gms.matchstick
11-12 06:10:30.292: E/dalvikvm(1080): Could not find class 'android.app.job.JobScheduler', referenced from method upu.e
11-12 06:10:30.292: W/dalvikvm(1080): VFY: unable to resolve check-cast 3660 (Landroid/app/job/JobScheduler;) in Lupu;
11-12 06:10:30.292: D/dalvikvm(1080): VFY: replacing opcode 0x1f at 0x000a
11-12 06:10:30.307: W/dalvikvm(1080): VFY: unable to find class referenced in signature (Landroid/transition/Scene;)
11-12 06:10:30.307: W/dalvikvm(1080): VFY: unable to find class referenced in signature (Landroid/transition/Scene;)
11-12 06:10:30.307: W/dalvikvm(1080): VFY: unable to find class referenced in signature (Landroid/transition/TransitionManager;)
11-12 06:10:30.307: W/dalvikvm(1080): VFY: unable to find class referenced in signature (Landroid/transition/TransitionManager;)
11-12 06:10:30.307: I/dalvikvm(1080): Could not find method gv.getMediaController, referenced from method com.google.android.chimera.Activity.getMediaController
11-12 06:10:30.307: W/dalvikvm(1080): VFY: unable to resolve virtual method 11427: Lgv;.getMediaController ()Landroid/media/session/MediaController;
11-12 06:10:30.307: D/dalvikvm(1080): VFY: replacing opcode 0x6e at 0x0002
11-12 06:10:30.307: I/dalvikvm(1080): Could not find method gv.getSearchEvent, referenced from method com.google.android.chimera.Activity.getSearchEvent
11-12 06:10:30.307: W/dalvikvm(1080): VFY: unable to resolve virtual method 11433: Lgv;.getSearchEvent ()Landroid/view/SearchEvent;
11-12 06:10:30.307: D/dalvikvm(1080): VFY: replacing opcode 0x6e at 0x0002
11-12 06:10:30.307: W/dalvikvm(1080): VFY: unable to find class referenced in signature (Landroid/app/VoiceInteractor;)
11-12 06:10:30.307: W/dalvikvm(1080): VFY: unable to find class referenced in signature (Landroid/app/VoiceInteractor;)
11-12 06:10:30.312: W/dalvikvm(1080): VFY: unable to find class referenced in signature (Landroid/os/PersistableBundle;)
11-12 06:10:30.312: W/dalvikvm(1080): VFY: unable to find class referenced in signature (Landroid/os/PersistableBundle;)
11-12 06:10:30.312: W/dalvikvm(1080): VFY: unable to find class referenced in signature (Landroid/os/PersistableBundle;)
11-12 06:10:30.312: W/dalvikvm(1080): VFY: unable to find class referenced in signature (Landroid/os/PersistableBundle;)
11-12 06:10:30.312: W/dalvikvm(1080): VFY: unable to find class referenced in signature (Landroid/app/assist/AssistContent;)
11-12 06:10:30.312: W/dalvikvm(1080): VFY: unable to find class referenced in signature (Landroid/app/assist/AssistContent;)
11-12 06:10:30.312: W/dalvikvm(1080): VFY: unable to find class referenced in signature (Landroid/os/PersistableBundle;)
11-12 06:10:30.312: W/dalvikvm(1080): VFY: unable to find class referenced in signature (Landroid/os/PersistableBundle;)
11-12 06:10:30.312: W/dalvikvm(1080): VFY: unable to find class referenced in signature (Landroid/os/PersistableBundle;)
11-12 06:10:30.312: W/dalvikvm(1080): VFY: unable to find class referenced in signature (Landroid/os/PersistableBundle;)
11-12 06:10:30.317: W/dalvikvm(1080): VFY: unable to find class referenced in signature (Landroid/view/SearchEvent;)
11-12 06:10:30.317: W/dalvikvm(1080): VFY: unable to find class referenced in signature (Landroid/view/SearchEvent;)
11-12 06:10:30.317: I/dalvikvm(1080): Could not find method gv.requestPermissions, referenced from method com.google.android.chimera.Activity.requestPermissions
11-12 06:10:30.317: W/dalvikvm(1080): VFY: unable to resolve virtual method 11538: Lgv;.requestPermissions ([Ljava/lang/String;I)V
11-12 06:10:30.317: D/dalvikvm(1080): VFY: replacing opcode 0x6e at 0x0002
11-12 06:10:30.317: W/dalvikvm(1080): VFY: unable to find class referenced in signature (Landroid/transition/TransitionManager;)
11-12 06:10:30.317: W/dalvikvm(1080): VFY: unable to find class referenced in signature (Landroid/transition/TransitionManager;)
11-12 06:10:30.317: W/dalvikvm(1080): VFY: unable to find class referenced in signature (Landroid/media/session/MediaController;)
11-12 06:10:30.317: I/dalvikvm(1080): Could not find method gv.setMediaController, referenced from method com.google.android.chimera.Activity.setMediaController
11-12 06:10:30.317: W/dalvikvm(1080): VFY: unable to resolve virtual method 11552: Lgv;.setMediaController (Landroid/media/session/MediaController;)V
11-12 06:10:30.322: D/dalvikvm(1080): VFY: replacing opcode 0x6e at 0x0002
11-12 06:10:30.332: W/LicenseLogService(2346): log() is called by non admin
11-12 06:10:30.342: W/NetRec(6898): [935] ConfigChangedIntentOperation.onHandleIntent: Device does not support scoring, exiting
11-12 06:10:30.347: I/PTCommittedOperation(6898): Receive new configuration for com.google.android.gms.matchstick
11-12 06:10:30.367: W/OcrModelUpStIntentOp(1080): Invalid action: com.google.android.gms.phenotype.COMMITTED
11-12 06:10:30.367: I/SettingsChangedIntentOp(1080): SettingsChangedIntentOperation.run: Got intent Intent { act=com.google.android.gms.phenotype.COMMITTED flg=0x10 pkg=com.google.android.gms cmp=com.google.android.gms/.chimera.GmsIntentOperationService (has extras) }
11-12 06:10:30.367: I/SettingsChangedIntentOp(1080): SettingsChangedIntentOperation.run Intent extra com.google.android.gms.phenotype.PACKAGE_NAME: com.google.android.gms.romanesco
11-12 06:10:30.367: I/SettingsChangedIntentOp(1080): Action: com.google.android.gms.phenotype.COMMITTED
11-12 06:10:30.367: I/SettingsChangedIntentOp(1080): EXTRA_PACKAGE_NAME: com.google.android.gms.romanesco
11-12 06:10:30.382: I/dalvikvm(1080): Could not find method android.content.pm.PackageManager.isInstantApp, referenced from method kdk.a
11-12 06:10:30.382: W/dalvikvm(1080): VFY: unable to resolve virtual method 1133: Landroid/content/pm/PackageManager;.isInstantApp ()Z
11-12 06:10:30.382: D/dalvikvm(1080): VFY: replacing opcode 0x6e at 0x0028
11-12 06:10:30.382: I/FA-SVC(1080): App measurement is starting up, version: 11745
11-12 06:10:30.407: D/dalvikvm(6898): GC_CONCURRENT freed 1510K, 25% free 14062K/18656K, paused 8ms+8ms, total 102ms
11-12 06:10:30.407: D/dalvikvm(6898): WAIT_FOR_CONCURRENT_GC blocked 44ms
11-12 06:10:30.407: D/dalvikvm(6898): WAIT_FOR_CONCURRENT_GC blocked 44ms
11-12 06:10:30.407: D/dalvikvm(6898): WAIT_FOR_CONCURRENT_GC blocked 47ms
11-12 06:10:30.417: D/dalvikvm(28468): Note: class Landroid/app/ActivityManagerNative; has 177 unimplemented (abstract) methods
11-12 06:10:30.422: I/Icing(1080): Usage reports ok 0, Failed Usage reports 0, indexed 0, rejected 0, imm upload true
11-12 06:10:30.432: I/Icing.InternalIcingCorporaProvider(27776): Updating corpora: A: org.totschnig.myexpenses, C: MAYBE
11-12 06:10:30.437: I/PTCommittedOperation(6898): Receive new configuration for com.google.android.gms.romanesco
11-12 06:10:30.447: W/OcrModelUpStIntentOp(1080): Invalid action: com.google.android.gms.phenotype.COMMITTED
11-12 06:10:30.447: I/SettingsChangedIntentOp(1080): SettingsChangedIntentOperation.run: Got intent Intent { act=com.google.android.gms.phenotype.COMMITTED flg=0x10 pkg=com.google.android.gms cmp=com.google.android.gms/.chimera.GmsIntentOperationService (has extras) }
11-12 06:10:30.447: I/SettingsChangedIntentOp(1080): SettingsChangedIntentOperation.run Intent extra com.google.android.gms.phenotype.PACKAGE_NAME: com.google.android.gms.ulr
11-12 06:10:30.447: I/SettingsChangedIntentOp(1080): Action: com.google.android.gms.phenotype.COMMITTED
11-12 06:10:30.447: I/SettingsChangedIntentOp(1080): EXTRA_PACKAGE_NAME: com.google.android.gms.ulr
11-12 06:10:30.457: I/Icing(1080): Usage reports ok 0, Failed Usage reports 0, indexed 0, rejected 0, imm upload false
11-12 06:10:30.462: I/Icing(1080): Indexing 836B914D99BD4034B96B842F7BC8279EF1EE5740 from com.google.android.gms
11-12 06:10:30.472: D/AndroidRuntime(28468): Calling main entry com.android.commands.am.Am
11-12 06:10:30.477: I/PTCommittedOperation(6898): Receive new configuration for com.google.android.gms.ulr
11-12 06:10:30.482: W/OcrModelUpStIntentOp(1080): Invalid action: com.google.android.gms.phenotype.COMMITTED
11-12 06:10:30.487: I/SettingsChangedIntentOp(1080): SettingsChangedIntentOperation.run: Got intent Intent { act=com.google.android.gms.phenotype.COMMITTED flg=0x10 pkg=com.google.android.gms cmp=com.google.android.gms/.chimera.GmsIntentOperationService (has extras) }
11-12 06:10:30.487: I/SettingsChangedIntentOp(1080): SettingsChangedIntentOperation.run Intent extra com.google.android.gms.phenotype.PACKAGE_NAME: com.google.android.gms.reachability
11-12 06:10:30.487: I/SettingsChangedIntentOp(1080): Action: com.google.android.gms.phenotype.COMMITTED
11-12 06:10:30.487: I/SettingsChangedIntentOp(1080): EXTRA_PACKAGE_NAME: com.google.android.gms.reachability
11-12 06:10:30.532: I/GCoreUlr(6898): Starting service, intent=Intent { act=com.google.android.location.reporting.ACTION_UPDATE_WORLD cmp=com.google.android.gms/com.google.android.location.reporting.service.DispatchingService (has extras) }, extras=Bundle[{receiverAction=com.google.gservices.intent.action.GSERVICES_CHANGED}]
11-12 06:10:30.552: D/dalvikvm(1080): GC_CONCURRENT freed 1542K, 17% free 13798K/16476K, paused 6ms+9ms, total 63ms
11-12 06:10:30.552: D/dalvikvm(1080): WAIT_FOR_CONCURRENT_GC blocked 45ms
11-12 06:10:30.557: D/dalvikvm(1080): WAIT_FOR_CONCURRENT_GC blocked 47ms
11-12 06:10:30.557: D/dalvikvm(1080): WAIT_FOR_CONCURRENT_GC blocked 45ms
11-12 06:10:30.557: I/Icing(1080): IndexChimeraService.getServiceInterface callingPackage=com.google.android.googlequicksearchbox componentName=null serviceId=21
11-12 06:10:30.557: D/dalvikvm(1080): WAIT_FOR_CONCURRENT_GC blocked 45ms
11-12 06:10:30.557: D/dalvikvm(1080): WAIT_FOR_CONCURRENT_GC blocked 36ms
11-12 06:10:30.582: W/OcrModelUpStIntentOp(1080): Invalid action: com.google.android.gms.phenotype.COMMITTED
11-12 06:10:30.582: I/SettingsChangedIntentOp(1080): SettingsChangedIntentOperation.run: Got intent Intent { act=com.google.android.gms.phenotype.COMMITTED flg=0x10 pkg=com.google.android.gms cmp=com.google.android.gms/.chimera.GmsIntentOperationService (has extras) }
11-12 06:10:30.582: I/SettingsChangedIntentOp(1080): SettingsChangedIntentOperation.run Intent extra com.google.android.gms.phenotype.PACKAGE_NAME: com.google.android.gms.feedback
11-12 06:10:30.582: I/SettingsChangedIntentOp(1080): Action: com.google.android.gms.phenotype.COMMITTED
11-12 06:10:30.582: I/SettingsChangedIntentOp(1080): EXTRA_PACKAGE_NAME: com.google.android.gms.feedback
11-12 06:10:30.607: I/PTCommittedOperation(6898): Receive new configuration for com.google.android.gms.reachability
11-12 06:10:30.612: I/PTCommittedOperation(6898): Receive new configuration for com.google.android.gms.feedback
11-12 06:10:30.622: I/PTCommittedOperation(6898): Receive new configuration for com.google.android.gms.walletp2p#config
11-12 06:10:30.622: I/PTCommittedOperation(6898): Receive new configuration for com.google.android.gms.nearby
11-12 06:10:30.632: W/OcrModelUpStIntentOp(1080): Invalid action: com.google.android.gms.phenotype.COMMITTED
11-12 06:10:30.632: I/SettingsChangedIntentOp(1080): SettingsChangedIntentOperation.run: Got intent Intent { act=com.google.android.gms.phenotype.COMMITTED flg=0x10 pkg=com.google.android.gms cmp=com.google.android.gms/.chimera.GmsIntentOperationService (has extras) }
11-12 06:10:30.632: I/SettingsChangedIntentOp(1080): SettingsChangedIntentOperation.run Intent extra com.google.android.gms.phenotype.PACKAGE_NAME: com.google.android.gms.walletp2p#config
11-12 06:10:30.632: I/SettingsChangedIntentOp(1080): Action: com.google.android.gms.phenotype.COMMITTED
11-12 06:10:30.632: I/SettingsChangedIntentOp(1080): EXTRA_PACKAGE_NAME: com.google.android.gms.walletp2p#config
11-12 06:10:30.647: W/NetRec(6898): [935] ConfigChangedIntentOperation.onHandleIntent: Device does not support scoring, exiting
11-12 06:10:30.662: W/OcrModelUpStIntentOp(1080): Invalid action: com.google.android.gms.phenotype.COMMITTED
11-12 06:10:30.662: I/SettingsChangedIntentOp(1080): SettingsChangedIntentOperation.run: Got intent Intent { act=com.google.android.gms.phenotype.COMMITTED flg=0x10 pkg=com.google.android.gms cmp=com.google.android.gms/.chimera.GmsIntentOperationService (has extras) }
11-12 06:10:30.662: I/SettingsChangedIntentOp(1080): SettingsChangedIntentOperation.run Intent extra com.google.android.gms.phenotype.PACKAGE_NAME: com.google.android.gms.nearby
11-12 06:10:30.662: I/SettingsChangedIntentOp(1080): Action: com.google.android.gms.phenotype.COMMITTED
11-12 06:10:30.662: I/SettingsChangedIntentOp(1080): EXTRA_PACKAGE_NAME: com.google.android.gms.nearby
11-12 06:10:30.677: I/Icing(1080): Usage reports ok 0, Failed Usage reports 0, indexed 0, rejected 0, imm upload false
11-12 06:10:30.682: I/Icing(1080): Usage reports ok 0, Failed Usage reports 0, indexed 0, rejected 0, imm upload true
11-12 06:10:30.692: I/dalvikvm(28493): Could not find method java.lang.ReflectiveOperationException.getMessage, referenced from method com.google.android.apps.mtaas.tools.instrumentations.DumpPackageStats.getPackageStats
11-12 06:10:30.692: W/dalvikvm(28493): VFY: unable to resolve virtual method 12195: Ljava/lang/ReflectiveOperationException;.getMessage ()Ljava/lang/String;
11-12 06:10:30.692: D/dalvikvm(28493): VFY: replacing opcode 0x6e at 0x0035
11-12 06:10:30.697: W/OcrModelUpStIntentOp(1080): Invalid action: com.google.android.gms.phenotype.COMMITTED
11-12 06:10:30.697: I/SettingsChangedIntentOp(1080): SettingsChangedIntentOperation.run: Got intent Intent { act=com.google.android.gms.phenotype.COMMITTED flg=0x10 pkg=com.google.android.gms cmp=com.google.android.gms/.chimera.GmsIntentOperationService (has extras) }
11-12 06:10:30.702: I/SettingsChangedIntentOp(1080): SettingsChangedIntentOperation.run Intent extra com.google.android.gms.phenotype.PACKAGE_NAME: com.google.android.gms.devicedoctor
11-12 06:10:30.702: I/SettingsChangedIntentOp(1080): Action: com.google.android.gms.phenotype.COMMITTED
11-12 06:10:30.702: I/SettingsChangedIntentOp(1080): EXTRA_PACKAGE_NAME: com.google.android.gms.devicedoctor
11-12 06:10:30.712: I/Icing(1080): Indexing done 836B914D99BD4034B96B842F7BC8279EF1EE5740
11-12 06:10:30.712: I/PackageManager(2346): onServiceConnected
11-12 06:10:30.717: E/installd(1934): system dir 0 : /system/app/
11-12 06:10:30.717: E/installd(1934): system dir 1 : /vendor/app/
11-12 06:10:30.727: D/DumpPackageStats(28493): Instrumentation completed successfully
11-12 06:10:30.732: I/PTCommittedOperation(6898): Receive new configuration for com.google.android.gms.devicedoctor
11-12 06:10:30.732: D/AndroidRuntime(28468): Shutting down VM
11-12 06:10:30.732: I/PTCommittedOperation(6898): Running Fixer Framework for com.google.android.gms.devicedoctor
11-12 06:10:30.732: D/dalvikvm(28468): GC_CONCURRENT freed 101K, 14% free 685K/788K, paused 0ms+0ms, total 3ms
11-12 06:10:30.932: I/Icing(1080): Indexing 4281F7D24459DCE63CBEF96A6A4E42F550385E66 from com.google.android.googlequicksearchbox
11-12 06:10:30.972: I/ActivityManager(2346): Killing proc 28493:com.google.android.apps.mtaas.tools/u0a10161: force stop com.google.android.apps.mtaas.tools
11-12 06:10:30.977: W/OcrModelUpStIntentOp(1080): Invalid action: com.google.android.gms.phenotype.COMMITTED
11-12 06:10:30.977: I/SettingsChangedIntentOp(1080): SettingsChangedIntentOperation.run: Got intent Intent { act=com.google.android.gms.phenotype.COMMITTED flg=0x10 pkg=com.google.android.gms cmp=com.google.android.gms/.chimera.GmsIntentOperationService (has extras) }
11-12 06:10:30.982: I/SettingsChangedIntentOp(1080): SettingsChangedIntentOperation.run Intent extra com.google.android.gms.phenotype.PACKAGE_NAME: com.google.android.gms.herrevad
11-12 06:10:30.982: I/SettingsChangedIntentOp(1080): Action: com.google.android.gms.phenotype.COMMITTED
11-12 06:10:30.982: I/SettingsChangedIntentOp(1080): EXTRA_PACKAGE_NAME: com.google.android.gms.herrevad
11-12 06:10:30.982: W/ActivityManager(2346): Permission denied: checkComponentPermission() owningUid=10138
11-12 06:10:30.982: W/ActivityManager(2346): Permission denied: checkComponentPermission() owningUid=10138
11-12 06:10:31.007: W/NetRec(6898): [934] ConfigChangedIntentOperation.onHandleIntent: Device does not support scoring, exiting
11-12 06:10:31.022: I/PTCommittedOperation(6898): Receive new configuration for com.google.android.gms.herrevad
11-12 06:10:31.027: W/ActivityManager(2346): Permission denied: checkComponentPermission() owningUid=10138
11-12 06:10:31.027: W/ActivityManager(2346): Permission denied: checkComponentPermission() owningUid=10138
11-12 06:10:31.032: W/OcrModelUpStIntentOp(1080): Invalid action: com.google.android.gms.phenotype.COMMITTED
11-12 06:10:31.032: I/SettingsChangedIntentOp(1080): SettingsChangedIntentOperation.run: Got intent Intent { act=com.google.android.gms.phenotype.COMMITTED flg=0x10 pkg=com.google.android.gms cmp=com.google.android.gms/.chimera.GmsIntentOperationService (has extras) }
11-12 06:10:31.032: I/SettingsChangedIntentOp(1080): SettingsChangedIntentOperation.run Intent extra com.google.android.gms.phenotype.PACKAGE_NAME: com.google.android.gms.firebase.auth
11-12 06:10:31.032: I/SettingsChangedIntentOp(1080): Action: com.google.android.gms.phenotype.COMMITTED
11-12 06:10:31.032: I/SettingsChangedIntentOp(1080): EXTRA_PACKAGE_NAME: com.google.android.gms.firebase.auth
11-12 06:10:31.042: I/PTCommittedOperation(6898): Receive new configuration for com.google.android.gms.firebase.auth
11-12 06:10:31.052: W/OcrModelUpStIntentOp(1080): Invalid action: com.google.android.gms.phenotype.COMMITTED
11-12 06:10:31.052: I/SettingsChangedIntentOp(1080): SettingsChangedIntentOperation.run: Got intent Intent { act=com.google.android.gms.phenotype.COMMITTED flg=0x10 pkg=com.google.android.gms cmp=com.google.android.gms/.chimera.GmsIntentOperationService (has extras) }
11-12 06:10:31.052: I/SettingsChangedIntentOp(1080): SettingsChangedIntentOperation.run Intent extra com.google.android.gms.phenotype.PACKAGE_NAME: com.google.android.gms.udc
11-12 06:10:31.052: I/SettingsChangedIntentOp(1080): Action: com.google.android.gms.phenotype.COMMITTED
11-12 06:10:31.052: I/SettingsChangedIntentOp(1080): EXTRA_PACKAGE_NAME: com.google.android.gms.udc
11-12 06:10:31.062: W/ActivityManager(2346): Permission denied: checkComponentPermission() owningUid=10138
11-12 06:10:31.062: W/ActivityManager(2346): Permission denied: checkComponentPermission() owningUid=10138
11-12 06:10:31.072: I/PTCommittedOperation(6898): Receive new configuration for com.google.android.gms.udc
11-12 06:10:31.077: W/OcrModelUpStIntentOp(1080): Invalid action: com.google.android.gms.phenotype.COMMITTED
11-12 06:10:31.077: I/SettingsChangedIntentOp(1080): SettingsChangedIntentOperation.run: Got intent Intent { act=com.google.android.gms.phenotype.COMMITTED flg=0x10 pkg=com.google.android.gms cmp=com.google.android.gms/.chimera.GmsIntentOperationService (has extras) }
11-12 06:10:31.077: I/SettingsChangedIntentOp(1080): SettingsChangedIntentOperation.run Intent extra com.google.android.gms.phenotype.PACKAGE_NAME: com.google.android.gms.clearcut.public
11-12 06:10:31.077: I/SettingsChangedIntentOp(1080): Action: com.google.android.gms.phenotype.COMMITTED
11-12 06:10:31.077: I/SettingsChangedIntentOp(1080): EXTRA_PACKAGE_NAME: com.google.android.gms.clearcut.public
11-12 06:10:31.082: I/PTCommittedOperation(6898): Receive new configuration for com.google.android.gms.clearcut.public
11-12 06:10:31.087: W/ActivityManager(2346): Permission denied: checkComponentPermission() owningUid=10138
11-12 06:10:31.087: W/ActivityManager(2346): Permission denied: checkComponentPermission() owningUid=10138
11-12 06:10:31.097: W/OcrModelUpStIntentOp(1080): Invalid action: com.google.android.gms.phenotype.COMMITTED
11-12 06:10:31.097: I/SettingsChangedIntentOp(1080): SettingsChangedIntentOperation.run: Got intent Intent { act=com.google.android.gms.phenotype.COMMITTED flg=0x10 pkg=com.google.android.gms cmp=com.google.android.gms/.chimera.GmsIntentOperationService (has extras) }
11-12 06:10:31.097: I/SettingsChangedIntentOp(1080): SettingsChangedIntentOperation.run Intent extra com.google.android.gms.phenotype.PACKAGE_NAME: com.google.android.gms.wallet
11-12 06:10:31.097: I/SettingsChangedIntentOp(1080): Action: com.google.android.gms.phenotype.COMMITTED
11-12 06:10:31.097: I/SettingsChangedIntentOp(1080): EXTRA_PACKAGE_NAME: com.google.android.gms.wallet
11-12 06:10:31.107: I/Icing(1080): Indexing done 4281F7D24459DCE63CBEF96A6A4E42F550385E66
11-12 06:10:31.112: I/PTCommittedOperation(6898): Receive new configuration for com.google.android.gms.wallet
11-12 06:10:31.122: I/PTCommittedOperation(6898): Receive new configuration for com.google.android.gms.smart_profile
11-12 06:10:31.122: W/OcrModelUpStIntentOp(1080): Invalid action: com.google.android.gms.phenotype.COMMITTED
11-12 06:10:31.122: I/SettingsChangedIntentOp(1080): SettingsChangedIntentOperation.run: Got intent Intent { act=com.google.android.gms.phenotype.COMMITTED flg=0x10 pkg=com.google.android.gms cmp=com.google.android.gms/.chimera.GmsIntentOperationService (has extras) }
11-12 06:10:31.122: I/SettingsChangedIntentOp(1080): SettingsChangedIntentOperation.run Intent extra com.google.android.gms.phenotype.PACKAGE_NAME: com.google.android.gms.smart_profile
11-12 06:10:31.122: I/SettingsChangedIntentOp(1080): Action: com.google.android.gms.phenotype.COMMITTED
11-12 06:10:31.122: I/SettingsChangedIntentOp(1080): EXTRA_PACKAGE_NAME: com.google.android.gms.smart_profile
11-12 06:10:31.132: I/GCoreUlr(6898): WorldUpdater received intent Intent { act=com.google.android.location.reporting.ACTION_UPDATE_WORLD cmp=com.google.android.gms/com.google.android.location.reporting.service.DispatchingService (has extras) } with receiverAction com.google.gservices.intent.action.GSERVICES_CHANGED
11-12 06:10:31.142: I/PTCommittedOperation(6898): Receive new configuration for com.google.android.gms.smartdevice
11-12 06:10:31.157: W/OcrModelUpStIntentOp(1080): Invalid action: com.google.android.gms.phenotype.COMMITTED
11-12 06:10:31.157: I/SettingsChangedIntentOp(1080): SettingsChangedIntentOperation.run: Got intent Intent { act=com.google.android.gms.phenotype.COMMITTED flg=0x10 pkg=com.google.android.gms cmp=com.google.android.gms/.chimera.GmsIntentOperationService (has extras) }
11-12 06:10:31.157: I/SettingsChangedIntentOp(1080): SettingsChangedIntentOperation.run Intent extra com.google.android.gms.phenotype.PACKAGE_NAME: com.google.android.gms.smartdevice
11-12 06:10:31.157: I/SettingsChangedIntentOp(1080): Action: com.google.android.gms.phenotype.COMMITTED
11-12 06:10:31.157: I/SettingsChangedIntentOp(1080): EXTRA_PACKAGE_NAME: com.google.android.gms.smartdevice
11-12 06:10:31.172: I/PTCommittedOperation(6898): Receive new configuration for com.google.android.gms.instantapps
11-12 06:10:31.187: I/PTCommittedOperation(6898): Receive new configuration for com.google.android.gms.beacon
11-12 06:10:31.197: W/OcrModelUpStIntentOp(1080): Invalid action: com.google.android.gms.phenotype.COMMITTED
11-12 06:10:31.197: I/SettingsChangedIntentOp(1080): SettingsChangedIntentOperation.run: Got intent Intent { act=com.google.android.gms.phenotype.COMMITTED flg=0x10 pkg=com.google.android.gms cmp=com.google.android.gms/.chimera.GmsIntentOperationService (has extras) }
11-12 06:10:31.197: I/SettingsChangedIntentOp(1080): SettingsChangedIntentOperation.run Intent extra com.google.android.gms.phenotype.PACKAGE_NAME: com.google.android.gms.instantapps
11-12 06:10:31.197: I/SettingsChangedIntentOp(1080): Action: com.google.android.gms.phenotype.COMMITTED
11-12 06:10:31.197: I/SettingsChangedIntentOp(1080): EXTRA_PACKAGE_NAME: com.google.android.gms.instantapps
11-12 06:10:31.212: W/NetRec(6898): [912] ConfigChangedIntentOperation.onHandleIntent: Device does not support scoring, exiting
11-12 06:10:31.217: I/PTCommittedOperation(6898): Receive new configuration for com.google.android.gms.contextmanager
11-12 06:10:31.227: W/OcrModelUpStIntentOp(1080): Invalid action: com.google.android.gms.phenotype.COMMITTED
11-12 06:10:31.227: I/SettingsChangedIntentOp(1080): SettingsChangedIntentOperation.run: Got intent Intent { act=com.google.android.gms.phenotype.COMMITTED flg=0x10 pkg=com.google.android.gms cmp=com.google.android.gms/.chimera.GmsIntentOperationService (has extras) }
11-12 06:10:31.227: I/SettingsChangedIntentOp(1080): SettingsChangedIntentOperation.run Intent extra com.google.android.gms.phenotype.PACKAGE_NAME: com.google.android.gms.beacon
11-12 06:10:31.227: I/SettingsChangedIntentOp(1080): Action: com.google.android.gms.phenotype.COMMITTED
11-12 06:10:31.227: I/SettingsChangedIntentOp(1080): EXTRA_PACKAGE_NAME: com.google.android.gms.beacon
11-12 06:10:31.242: I/PTCommittedOperation(6898): Receive new configuration for com.google.android.gms.security
11-12 06:10:31.252: W/OcrModelUpStIntentOp(1080): Invalid action: com.google.android.gms.phenotype.COMMITTED
11-12 06:10:31.252: I/SettingsChangedIntentOp(1080): SettingsChangedIntentOperation.run: Got intent Intent { act=com.google.android.gms.phenotype.COMMITTED flg=0x10 pkg=com.google.android.gms cmp=com.google.android.gms/.chimera.GmsIntentOperationService (has extras) }
11-12 06:10:31.257: I/SettingsChangedIntentOp(1080): SettingsChangedIntentOperation.run Intent extra com.google.android.gms.phenotype.PACKAGE_NAME: com.google.android.gms.contextmanager
11-12 06:10:31.257: I/SettingsChangedIntentOp(1080): Action: com.google.android.gms.phenotype.COMMITTED
11-12 06:10:31.257: I/SettingsChangedIntentOp(1080): EXTRA_PACKAGE_NAME: com.google.android.gms.contextmanager
11-12 06:10:31.272: D/dalvikvm(6898): GC_CONCURRENT freed 1667K, 26% free 13975K/18656K, paused 6ms+5ms, total 68ms
11-12 06:10:31.272: D/dalvikvm(6898): WAIT_FOR_CONCURRENT_GC blocked 15ms
11-12 06:10:31.277: D/dalvikvm(6898): WAIT_FOR_CONCURRENT_GC blocked 15ms
11-12 06:10:31.277: D/dalvikvm(6898): WAIT_FOR_CONCURRENT_GC blocked 16ms
