11-12 06:10:24.367: D/dalvikvm(6898): JIT code cache reset in 7 ms (1048528 bytes 3/0)
11-12 06:10:24.372: W/Conscrypt(6852): Could not set socket write timeout:
11-12 06:10:24.372: W/Conscrypt(6852):    java.lang.reflect.Method.invokeNative(Native Method)
11-12 06:10:24.377: W/Conscrypt(6852):    java.lang.reflect.Method.invoke(Method.java:525)
11-12 06:10:24.377: D/dalvikvm(6898): GC_CONCURRENT freed 2022K, 23% free 14460K/18656K, paused 4ms+17ms, total 73ms
11-12 06:10:24.417: W/HeterodyneSyncer(6898): sync failed
11-12 06:10:24.417: W/HeterodyneSyncer(6898): java.io.IOException: No authentication challenges found
11-12 06:10:24.417: W/HeterodyneSyncer(6898): 	at libcore.net.http.HttpURLConnectionImpl.getAuthorizationCredentials(HttpURLConnectionImpl.java:438)
11-12 06:10:24.417: W/HeterodyneSyncer(6898): 	at libcore.net.http.HttpURLConnectionImpl.processAuthHeader(HttpURLConnectionImpl.java:418)
11-12 06:10:24.417: W/HeterodyneSyncer(6898): 	at libcore.net.http.HttpURLConnectionImpl.processResponseHeaders(HttpURLConnectionImpl.java:367)
11-12 06:10:24.417: W/HeterodyneSyncer(6898): 	at libcore.net.http.HttpURLConnectionImpl.getResponse(HttpURLConnectionImpl.java:301)
11-12 06:10:24.417: W/HeterodyneSyncer(6898): 	at libcore.net.http.HttpURLConnectionImpl.getResponseCode(HttpURLConnectionImpl.java:497)
11-12 06:10:24.417: W/HeterodyneSyncer(6898): 	at libcore.net.http.HttpsURLConnectionImpl.getResponseCode(HttpsURLConnectionImpl.java:134)
11-12 06:10:24.417: W/HeterodyneSyncer(6898): 	at rhk.a(:com.google.android.gms@11745030:19)
11-12 06:10:24.417: W/HeterodyneSyncer(6898): 	at rhk.a(:com.google.android.gms@11745030:76)
11-12 06:10:24.417: W/HeterodyneSyncer(6898): 	at rhk.execute(:com.google.android.gms@11745030:8)
11-12 06:10:24.417: W/HeterodyneSyncer(6898): 	at rhk.execute(:com.google.android.gms@11745030:7)
11-12 06:10:24.417: W/HeterodyneSyncer(6898): 	at ysn.a(:com.google.android.gms@11745030:51)
11-12 06:10:24.417: W/HeterodyneSyncer(6898): 	at ysn.a(:com.google.android.gms@11745030:208)
11-12 06:10:24.417: W/HeterodyneSyncer(6898): 	at ysn.a(:com.google.android.gms@11745030:386)
11-12 06:10:24.417: W/HeterodyneSyncer(6898): 	at com.google.android.gms.phenotype.sync.HeterodyneSyncTaskChimeraService.a(:com.google.android.gms@11745030:79)
11-12 06:10:24.417: W/HeterodyneSyncer(6898): 	at com.google.android.gms.phenotype.sync.HeterodyneSyncTaskChimeraService.a(:com.google.android.gms@11745030:24)
11-12 06:10:24.417: W/HeterodyneSyncer(6898): 	at qhr.run(:com.google.android.gms@11745030:1)
11-12 06:10:24.417: W/HeterodyneSyncer(6898): 	at java.util.concurrent.ThreadPoolExecutor.runWorker(ThreadPoolExecutor.java:1080)
11-12 06:10:24.417: W/HeterodyneSyncer(6898): 	at java.util.concurrent.ThreadPoolExecutor$Worker.run(ThreadPoolExecutor.java:573)
11-12 06:10:24.417: W/HeterodyneSyncer(6898): 	at java.lang.Thread.run(Thread.java:841)
11-12 06:10:24.487: W/dalvikvm(28230): VFY: unable to resolve static field 600 (PR_SET_DUMPABLE) in Landroid/system/OsConstants;
11-12 06:10:24.487: D/dalvikvm(28230): VFY: replacing opcode 0x60 at 0x0009
11-12 06:10:24.502: I/dalvikvm(28230): Could not find method android.content.Context.getSystemService, referenced from method oe.a
11-12 06:10:24.502: W/dalvikvm(28230): VFY: unable to resolve virtual method 1007: Landroid/content/Context;.getSystemService (Ljava/lang/Class;)Ljava/lang/Object;
11-12 06:10:24.502: D/dalvikvm(28230): VFY: replacing opcode 0x6e at 0x0008
11-12 06:10:24.502: I/dalvikvm(28230): Could not find method android.content.Context.createDeviceProtectedStorageContext, referenced from method jef.a
11-12 06:10:24.502: W/dalvikvm(28230): VFY: unable to resolve virtual method 981: Landroid/content/Context;.createDeviceProtectedStorageContext ()Landroid/content/Context;
11-12 06:10:24.502: D/dalvikvm(28230): VFY: replacing opcode 0x6e at 0x0029
11-12 06:10:24.502: I/dalvikvm(28230): Could not find method android.content.Context.getSystemService, referenced from method jef.b
11-12 06:10:24.502: W/dalvikvm(28230): VFY: unable to resolve virtual method 1007: Landroid/content/Context;.getSystemService (Ljava/lang/Class;)Ljava/lang/Object;
11-12 06:10:24.502: D/dalvikvm(28230): VFY: replacing opcode 0x6e at 0x000b
11-12 06:10:24.507: I/dalvikvm(28230): Could not find method android.content.Context.isDeviceProtectedStorage, referenced from method yov.a
11-12 06:10:24.507: W/dalvikvm(28230): VFY: unable to resolve virtual method 1012: Landroid/content/Context;.isDeviceProtectedStorage ()Z
11-12 06:10:24.507: D/dalvikvm(28230): VFY: replacing opcode 0x6e at 0x0009
11-12 06:10:24.507: I/dalvikvm(28230): Could not find method android.content.Context.isDeviceProtectedStorage, referenced from method yov.c
11-12 06:10:24.507: W/dalvikvm(28230): VFY: unable to resolve virtual method 1012: Landroid/content/Context;.isDeviceProtectedStorage ()Z
11-12 06:10:24.507: D/dalvikvm(28230): VFY: replacing opcode 0x6e at 0x0063
11-12 06:10:24.507: I/dalvikvm(28230): Could not find method android.os.PowerManager.isInteractive, referenced from method jbp.a
11-12 06:10:24.507: W/dalvikvm(28230): VFY: unable to resolve virtual method 1567: Landroid/os/PowerManager;.isInteractive ()Z
11-12 06:10:24.507: D/dalvikvm(28230): VFY: replacing opcode 0x6e at 0x0012
11-12 06:10:24.507: I/dalvikvm(28230): Could not find method java.util.Objects.equals, referenced from method jbp.a
11-12 06:10:24.507: W/dalvikvm(28230): VFY: unable to resolve static method 15132: Ljava/util/Objects;.equals (Ljava/lang/Object;Ljava/lang/Object;)Z
11-12 06:10:24.507: D/dalvikvm(28230): VFY: replacing opcode 0x71 at 0x0048
11-12 06:10:24.512: I/dalvikvm(28230): Could not find method android.content.ContextWrapper.createCredentialProtectedStorageContext, referenced from method com.google.android.chimera.ModuleContext.createCredentialProtectedStorageContext
11-12 06:10:24.512: W/dalvikvm(28230): VFY: unable to resolve virtual method 1031: Landroid/content/ContextWrapper;.createCredentialProtectedStorageContext ()Landroid/content/Context;
11-12 06:10:24.512: D/dalvikvm(28230): VFY: replacing opcode 0x6f at 0x0002
11-12 06:10:24.512: I/dalvikvm(28230): Could not find method android.content.ContextWrapper.createDeviceProtectedStorageContext, referenced from method com.google.android.chimera.ModuleContext.createDeviceProtectedStorageContext
11-12 06:10:24.512: W/dalvikvm(28230): VFY: unable to resolve virtual method 1032: Landroid/content/ContextWrapper;.createDeviceProtectedStorageContext ()Landroid/content/Context;
11-12 06:10:24.512: D/dalvikvm(28230): VFY: replacing opcode 0x6f at 0x0002
11-12 06:10:24.512: I/dalvikvm(28230): Could not find method android.content.Context.isCredentialProtectedStorage, referenced from method bvc.a
11-12 06:10:24.512: W/dalvikvm(28230): VFY: unable to resolve virtual method 1011: Landroid/content/Context;.isCredentialProtectedStorage ()Z
11-12 06:10:24.512: D/dalvikvm(28230): VFY: replacing opcode 0x6e at 0x0000
11-12 06:10:24.512: I/dalvikvm(28230): Could not find method android.os.UserManager.isUserUnlocked, referenced from method bvc.a
11-12 06:10:24.512: W/dalvikvm(28230): VFY: unable to resolve virtual method 1613: Landroid/os/UserManager;.isUserUnlocked ()Z
11-12 06:10:24.512: D/dalvikvm(28230): VFY: replacing opcode 0x6e at 0x001a
11-12 06:10:24.517: I/dalvikvm(28230): Could not find method android.content.Context.isDeviceProtectedStorage, referenced from method bvc.b
11-12 06:10:24.517: W/dalvikvm(28230): VFY: unable to resolve virtual method 1012: Landroid/content/Context;.isDeviceProtectedStorage ()Z
11-12 06:10:24.517: D/dalvikvm(28230): VFY: replacing opcode 0x6e at 0x0000
11-12 06:10:24.517: I/dalvikvm(28230): Could not find method android.content.Context.isDeviceProtectedStorage, referenced from method bvc.c
11-12 06:10:24.517: W/dalvikvm(28230): VFY: unable to resolve virtual method 1012: Landroid/content/Context;.isDeviceProtectedStorage ()Z
11-12 06:10:24.517: D/dalvikvm(28230): VFY: replacing opcode 0x6e at 0x0000
11-12 06:10:24.517: I/MultiDex(28230): VM with version 1.6.0 does not have multidex support
11-12 06:10:24.517: I/MultiDex(28230): install
11-12 06:10:24.517: I/MultiDex(28230): MultiDexExtractor.load(/data/app/com.google.android.gms-1.apk, false)
11-12 06:10:24.522: I/MultiDex(28230): Blocking on lock /data/data/com.google.android.gms/code_cache/secondary-dexes/MultiDex.lock
11-12 06:10:24.522: I/MultiDex(28230): /data/data/com.google.android.gms/code_cache/secondary-dexes/MultiDex.lock locked
11-12 06:10:24.527: W/Auth(6852): [GetToken] GetToken failed with status code: INVALID_SCOPE
11-12 06:10:24.532: I/MultiDex(28230): loading existing secondary dex files
11-12 06:10:24.532: I/MultiDex(28230): load found 4 secondary dex files
11-12 06:10:24.537: I/MultiDex(28230): install done
11-12 06:10:24.542: I/dalvikvm(28230): Failed resolving Ljya; interface 716 'Landroid/app/AppOpsManager$OnOpChangedListener;'
11-12 06:10:24.542: W/dalvikvm(28230): Link of class 'Ljya;' failed
11-12 06:10:24.542: W/dalvikvm(28230): Unable to resolve superclass of Ljyb; (10279)
11-12 06:10:24.542: W/dalvikvm(28230): Link of class 'Ljyb;' failed
11-12 06:10:24.542: E/dalvikvm(28230): Could not find class 'jyb', referenced from method jxw.a
11-12 06:10:24.542: W/dalvikvm(28230): VFY: unable to resolve new-instance 3362 (Ljyb;) in Ljxw;
11-12 06:10:24.542: D/dalvikvm(28230): VFY: replacing opcode 0x22 at 0x0006
11-12 06:10:24.542: I/dalvikvm(28230): Failed resolving Ljya; interface 716 'Landroid/app/AppOpsManager$OnOpChangedListener;'
11-12 06:10:24.542: W/dalvikvm(28230): Link of class 'Ljya;' failed
11-12 06:10:24.542: E/dalvikvm(28230): Could not find class 'jya', referenced from method jxw.a
11-12 06:10:24.542: W/dalvikvm(28230): VFY: unable to resolve new-instance 3361 (Ljya;) in Ljxw;
11-12 06:10:24.542: D/dalvikvm(28230): VFY: replacing opcode 0x22 at 0x0022
11-12 06:10:24.542: I/dalvikvm(28230): Failed resolving Ljya; interface 716 'Landroid/app/AppOpsManager$OnOpChangedListener;'
11-12 06:10:24.542: W/dalvikvm(28230): Link of class 'Ljya;' failed
11-12 06:10:24.542: W/dalvikvm(28230): Unable to resolve superclass of Ljyb; (10279)
11-12 06:10:24.542: W/dalvikvm(28230): Link of class 'Ljyb;' failed
11-12 06:10:24.542: D/dalvikvm(28230): DexOpt: unable to opt direct call 0x41ed at 0x08 in Ljxw;.a
11-12 06:10:24.542: I/dalvikvm(28230): Failed resolving Ljya; interface 716 'Landroid/app/AppOpsManager$OnOpChangedListener;'
11-12 06:10:24.542: W/dalvikvm(28230): Link of class 'Ljya;' failed
11-12 06:10:24.542: D/dalvikvm(28230): DexOpt: unable to opt direct call 0x41ec at 0x24 in Ljxw;.a
11-12 06:10:24.552: I/dalvikvm(28230): Could not find method android.content.Context.isDeviceProtectedStorage, referenced from method jxt.d
11-12 06:10:24.552: W/dalvikvm(28230): VFY: unable to resolve virtual method 1012: Landroid/content/Context;.isDeviceProtectedStorage ()Z
11-12 06:10:24.552: D/dalvikvm(28230): VFY: replacing opcode 0x6e at 0x0006
11-12 06:10:24.552: I/dalvikvm(28230): Could not find method android.os.UserHandle.isOwner, referenced from method jxt.i
11-12 06:10:24.552: W/dalvikvm(28230): VFY: unable to resolve virtual method 1606: Landroid/os/UserHandle;.isOwner ()Z
11-12 06:10:24.552: D/dalvikvm(28230): VFY: replacing opcode 0x6e at 0x000a
11-12 06:10:24.572: I/dalvikvm(28230): Could not find method android.content.pm.PackageManager.isInstantApp, referenced from method kdl.a
11-12 06:10:24.572: W/dalvikvm(28230): VFY: unable to resolve virtual method 1134: Landroid/content/pm/PackageManager;.isInstantApp (Ljava/lang/String;)Z
11-12 06:10:24.572: D/dalvikvm(28230): VFY: replacing opcode 0x6e at 0x002d
11-12 06:10:24.572: I/dalvikvm(28230): Could not find method android.app.AppOpsManager.checkPackage, referenced from method kdl.a
11-12 06:10:24.572: W/dalvikvm(28230): VFY: unable to resolve virtual method 756: Landroid/app/AppOpsManager;.checkPackage (ILjava/lang/String;)V
11-12 06:10:24.572: D/dalvikvm(28230): VFY: replacing opcode 0x6e at 0x0012
11-12 06:10:24.582: I/dalvikvm(28230): Could not find method android.content.ContextWrapper.createCredentialProtectedStorageContext, referenced from method jpv.createCredentialProtectedStorageContext
11-12 06:10:24.582: W/dalvikvm(28230): VFY: unable to resolve virtual method 1031: Landroid/content/ContextWrapper;.createCredentialProtectedStorageContext ()Landroid/content/Context;
11-12 06:10:24.582: D/dalvikvm(28230): VFY: replacing opcode 0x6f at 0x0002
11-12 06:10:24.582: I/dalvikvm(28230): Could not find method android.content.ContextWrapper.createDeviceProtectedStorageContext, referenced from method jpv.createDeviceProtectedStorageContext
11-12 06:10:24.582: W/dalvikvm(28230): VFY: unable to resolve virtual method 1032: Landroid/content/ContextWrapper;.createDeviceProtectedStorageContext ()Landroid/content/Context;
11-12 06:10:24.582: D/dalvikvm(28230): VFY: replacing opcode 0x6f at 0x0002
11-12 06:10:24.582: D/dalvikvm(28230): DexOpt: couldn't find static field Landroid/os/Build;.SUPPORTED_ABIS
11-12 06:10:24.582: W/dalvikvm(28230): VFY: unable to resolve static field 581 (SUPPORTED_ABIS) in Landroid/os/Build;
11-12 06:10:24.582: D/dalvikvm(28230): VFY: replacing opcode 0x62 at 0x0008
11-12 06:10:24.582: D/dalvikvm(28230): DexOpt: couldn't find static field Landroid/os/Build;.SUPPORTED_ABIS
11-12 06:10:24.582: W/dalvikvm(28230): VFY: unable to resolve static field 581 (SUPPORTED_ABIS) in Landroid/os/Build;
11-12 06:10:24.582: D/dalvikvm(28230): VFY: replacing opcode 0x62 at 0x0097
11-12 06:10:24.587: D/dalvikvm(28230): DexOpt: couldn't find field Landroid/content/pm/ApplicationInfo;.splitSourceDirs
11-12 06:10:24.587: W/dalvikvm(28230): VFY: unable to resolve instance field 512
11-12 06:10:24.587: D/dalvikvm(28230): VFY: replacing opcode 0x54 at 0x0053
11-12 06:10:24.587: D/dalvikvm(28230): DexOpt: couldn't find field Landroid/content/pm/ApplicationInfo;.splitSourceDirs
11-12 06:10:24.587: I/dalvikvm(28230): DexOpt: unable to optimize instance field ref 0x0200 at 0x57 in Lkaa;.d
11-12 06:10:24.597: D/dalvikvm(28230): Trying to load lib /data/app-lib/com.google.android.gms-1/libgmscore.so 0x428401a8
11-12 06:10:24.597: D/dalvikvm(28230): Added shared lib /data/app-lib/com.google.android.gms-1/libgmscore.so 0x428401a8
11-12 06:10:24.597: D/dalvikvm(28230): No JNI_OnLoad found in /data/app-lib/com.google.android.gms-1/libgmscore.so 0x428401a8, skipping init
11-12 06:10:24.597: D/dalvikvm(28230): Trying to load lib /data/app-lib/com.google.android.gms-1/libconscrypt_gmscore_jni.so 0x428401a8
11-12 06:10:24.597: D/dalvikvm(28230): Added shared lib /data/app-lib/com.google.android.gms-1/libconscrypt_gmscore_jni.so 0x428401a8
11-12 06:10:24.597: V/NativeCrypto(28230): Registering com/google/android/gms/org/conscrypt/NativeCrypto's 276 native methods...
11-12 06:10:24.602: E/dalvikvm(28230): Could not find class 'javax.net.ssl.SNIServerName', referenced from method com.google.android.gms.org.conscrypt.Platform.getSniHostnameFromParams
11-12 06:10:24.602: W/dalvikvm(28230): VFY: unable to resolve check-cast 3047 (Ljavax/net/ssl/SNIServerName;) in Lcom/google/android/gms/org/conscrypt/Platform;
11-12 06:10:24.602: D/dalvikvm(28230): VFY: replacing opcode 0x1f at 0x0025
11-12 06:10:24.607: E/dalvikvm(28230): Could not find class 'javax.net.ssl.SNIHostName', referenced from method com.google.android.gms.org.conscrypt.Platform.setParametersSniHostname
11-12 06:10:24.607: W/dalvikvm(28230): VFY: unable to resolve new-instance 3046 (Ljavax/net/ssl/SNIHostName;) in Lcom/google/android/gms/org/conscrypt/Platform;
11-12 06:10:24.607: D/dalvikvm(28230): VFY: replacing opcode 0x22 at 0x0024
11-12 06:10:24.607: E/dalvikvm(28230): Could not find class 'javax.net.ssl.SNIHostName', referenced from method com.google.android.gms.org.conscrypt.Platform.setParametersSniHostname
11-12 06:10:24.607: W/dalvikvm(28230): VFY: unable to resolve new-instance 3046 (Ljavax/net/ssl/SNIHostName;) in Lcom/google/android/gms/org/conscrypt/Platform;
11-12 06:10:24.607: D/dalvikvm(28230): VFY: replacing opcode 0x22 at 0x0024
11-12 06:10:24.607: W/dalvikvm(28230): Unable to resolve superclass of Lcom/google/android/gms/org/conscrypt/DelegatingExtendedSSLSession; (3037)
11-12 06:10:24.607: W/dalvikvm(28230): Link of class 'Lcom/google/android/gms/org/conscrypt/DelegatingExtendedSSLSession;' failed
11-12 06:10:24.607: E/dalvikvm(28230): Could not find class 'com.google.android.gms.org.conscrypt.DelegatingExtendedSSLSession', referenced from method com.google.android.gms.org.conscrypt.Platform.unwrapSSLSession
11-12 06:10:24.607: W/dalvikvm(28230): VFY: unable to resolve instanceof 1681 (Lcom/google/android/gms/org/conscrypt/DelegatingExtendedSSLSession;) in Lcom/google/android/gms/org/conscrypt/Platform;
11-12 06:10:24.607: D/dalvikvm(28230): VFY: replacing opcode 0x20 at 0x0007
11-12 06:10:24.607: W/dalvikvm(28230): Unable to resolve superclass of Lcom/google/android/gms/org/conscrypt/DelegatingExtendedSSLSession; (3037)
11-12 06:10:24.607: W/dalvikvm(28230): Link of class 'Lcom/google/android/gms/org/conscrypt/DelegatingExtendedSSLSession;' failed
11-12 06:10:24.607: E/dalvikvm(28230): Could not find class 'com.google.android.gms.org.conscrypt.DelegatingExtendedSSLSession', referenced from method com.google.android.gms.org.conscrypt.Platform.wrapSSLSession
11-12 06:10:24.607: W/dalvikvm(28230): VFY: unable to resolve new-instance 1681 (Lcom/google/android/gms/org/conscrypt/DelegatingExtendedSSLSession;) in Lcom/google/android/gms/org/conscrypt/Platform;
11-12 06:10:24.607: D/dalvikvm(28230): VFY: replacing opcode 0x22 at 0x0007
11-12 06:10:24.607: D/dalvikvm(28230): DexOpt: unable to opt direct call 0x3c31 at 0x2a in Lcom/google/android/gms/org/conscrypt/Platform;.setParametersSniHostname
11-12 06:10:24.607: D/dalvikvm(28230): DexOpt: unable to opt direct call 0x3c31 at 0x2a in Lcom/google/android/gms/org/conscrypt/Platform;.setParametersSniHostname
11-12 06:10:24.607: W/dalvikvm(28230): Unable to resolve superclass of Lcom/google/android/gms/org/conscrypt/DelegatingExtendedSSLSession; (3037)
11-12 06:10:24.607: W/dalvikvm(28230): Link of class 'Lcom/google/android/gms/org/conscrypt/DelegatingExtendedSSLSession;' failed
11-12 06:10:24.607: D/dalvikvm(28230): DexOpt: unable to opt direct call 0x23bf at 0x09 in Lcom/google/android/gms/org/conscrypt/Platform;.wrapSSLSession
11-12 06:10:24.642: W/OcrModelUpStIntentOp(1080): Invalid action: com.google.android.gms.phenotype.COMMITTED
11-12 06:10:24.647: W/NetRec(6898): [932] ConfigChangedIntentOperation.onHandleIntent: Device does not support scoring, exiting
11-12 06:10:24.652: I/PTCommittedOperation(6898): Receive new configuration for com.google.android.location
11-12 06:10:24.657: I/SettingsChangedIntentOp(1080): SettingsChangedIntentOperation.run: Got intent Intent { act=com.google.android.gms.phenotype.COMMITTED flg=0x10 pkg=com.google.android.gms cmp=com.google.android.gms/.chimera.GmsIntentOperationService (has extras) }
11-12 06:10:24.657: I/SettingsChangedIntentOp(1080): SettingsChangedIntentOperation.run Intent extra com.google.android.gms.phenotype.PACKAGE_NAME: com.google.android.location
11-12 06:10:24.657: I/SettingsChangedIntentOp(1080): Action: com.google.android.gms.phenotype.COMMITTED
11-12 06:10:24.657: I/SettingsChangedIntentOp(1080): EXTRA_PACKAGE_NAME: com.google.android.location
11-12 06:10:24.692: D/SSRMv2:Monitor(2346): SIOP:: AP = 300 (read only)
11-12 06:10:24.702: D/dalvikvm(28230): GC_CONCURRENT freed 647K, 16% free 9688K/11412K, paused 2ms+2ms, total 24ms
11-12 06:10:24.707: D/dalvikvm(28230): Trying to load lib /data/app-lib/com.google.android.gms-1/libgmscore.so 0x428401a8
11-12 06:10:24.707: D/dalvikvm(28230): Shared lib '/data/app-lib/com.google.android.gms-1/libgmscore.so' already loaded in same CL 0x428401a8
11-12 06:10:24.707: D/dalvikvm(28230): Trying to load lib /data/app-lib/com.google.android.gms-1/libconscrypt_gmscore_jni.so 0x428401a8
11-12 06:10:24.707: D/dalvikvm(28230): Shared lib '/data/app-lib/com.google.android.gms-1/libconscrypt_gmscore_jni.so' already loaded in same CL 0x428401a8
11-12 06:10:24.712: I/ProviderInstaller(28230): Installed default security provider GmsCore_OpenSSL
11-12 06:10:24.797: W/NetRec(6898): [935] ConfigChangedIntentOperation.onHandleIntent: Device does not support scoring, exiting
11-12 06:10:24.812: W/NetRec(6898): [933] ConfigChangedIntentOperation.onHandleIntent: Device does not support scoring, exiting
11-12 06:10:24.817: I/PTCommittedOperation(6898): Receive new configuration for com.google.android.gms.ocr
11-12 06:10:24.837: W/ConfigurationChimeraPro(6898): Got null configs for com.google.android.gms.ads
11-12 06:10:24.867: I/SettingsChangedIntentOp(1080): SettingsChangedIntentOperation.run: Got intent Intent { act=com.google.android.gms.phenotype.COMMITTED flg=0x10 pkg=com.google.android.gms cmp=com.google.android.gms/.chimera.GmsIntentOperationService (has extras) }
11-12 06:10:24.867: I/SettingsChangedIntentOp(1080): SettingsChangedIntentOperation.run Intent extra com.google.android.gms.phenotype.PACKAGE_NAME: com.google.android.gms.ocr
11-12 06:10:24.867: I/SettingsChangedIntentOp(1080): Action: com.google.android.gms.phenotype.COMMITTED
11-12 06:10:24.867: I/SettingsChangedIntentOp(1080): EXTRA_PACKAGE_NAME: com.google.android.gms.ocr
11-12 06:10:24.887: D/SecCameraHardware(1933): LSIHAL int android::HAL_getCameraInfo(int, camera_info*)
11-12 06:10:24.892: I/OcrModelUpStIntentOp(1080): Updating ocr activity enabled=false (phenotypeFlag=true, lowRamDevice=true, prereqCheck=true)
11-12 06:10:24.892: W/LicenseLogService(2346): log() is called by non admin
11-12 06:10:24.897: W/LicenseLogService(2346): log() is called by non admin
11-12 06:10:24.897: W/LicenseLogService(2346): log() is called by non admin
11-12 06:10:24.907: D/dalvikvm(1080): newInstance failed: no <init>()
11-12 06:10:24.912: D/dalvikvm(28230): GC_CONCURRENT freed 264K, 12% free 10448K/11788K, paused 1ms+3ms, total 27ms
11-12 06:10:24.912: D/dalvikvm(28230): WAIT_FOR_CONCURRENT_GC blocked 9ms
11-12 06:10:24.917: D/dalvikvm(28230): WAIT_FOR_CONCURRENT_GC blocked 13ms
11-12 06:10:24.947: I/dalvikvm(28230): Could not find method android.content.ContextWrapper.createCredentialProtectedStorageContext, referenced from method jbg.createCredentialProtectedStorageContext
11-12 06:10:24.952: W/dalvikvm(28230): VFY: unable to resolve virtual method 1031: Landroid/content/ContextWrapper;.createCredentialProtectedStorageContext ()Landroid/content/Context;
11-12 06:10:24.952: D/dalvikvm(28230): VFY: replacing opcode 0x6f at 0x0002
11-12 06:10:24.952: I/dalvikvm(28230): Could not find method android.content.ContextWrapper.createDeviceProtectedStorageContext, referenced from method jbg.createDeviceProtectedStorageContext
11-12 06:10:24.952: W/dalvikvm(28230): VFY: unable to resolve virtual method 1032: Landroid/content/ContextWrapper;.createDeviceProtectedStorageContext ()Landroid/content/Context;
11-12 06:10:24.952: D/dalvikvm(28230): VFY: replacing opcode 0x6f at 0x0002
11-12 06:10:24.962: W/dalvikvm(28230): VFY: unable to resolve static field 4604 (US_ASCII) in Ljava/nio/charset/StandardCharsets;
11-12 06:10:24.962: D/dalvikvm(28230): VFY: replacing opcode 0x62 at 0x0069
11-12 06:10:24.992: W/NetRec(6898): [933] ConfigChangedIntentOperation.onHandleIntent: Device does not support scoring, exiting
11-12 06:10:25.007: I/PTCommittedOperation(6898): Receive new configuration for com.google.android.gms.cast
11-12 06:10:25.067: I/OcrModelUpStIntentOp(1080): Downloading text recognizer
11-12 06:10:25.082: W/OcrModelUpStIntentOp(1080): Invalid action: com.google.android.gms.phenotype.COMMITTED
11-12 06:10:25.092: I/SettingsChangedIntentOp(1080): SettingsChangedIntentOperation.run: Got intent Intent { act=com.google.android.gms.phenotype.COMMITTED flg=0x10 pkg=com.google.android.gms cmp=com.google.android.gms/.chimera.GmsIntentOperationService (has extras) }
11-12 06:10:25.092: I/SettingsChangedIntentOp(1080): SettingsChangedIntentOperation.run Intent extra com.google.android.gms.phenotype.PACKAGE_NAME: com.google.android.gms.cast
11-12 06:10:25.092: I/SettingsChangedIntentOp(1080): Action: com.google.android.gms.phenotype.COMMITTED
11-12 06:10:25.092: I/SettingsChangedIntentOp(1080): EXTRA_PACKAGE_NAME: com.google.android.gms.cast
11-12 06:10:25.147: I/Vision(1080): Engine already satisfied by existing download for ocr
11-12 06:10:25.172: I/dalvikvm(1080): Jit: resizing JitTable from 8192 to 16384
11-12 06:10:25.187: D/dalvikvm(28230): GC_CONCURRENT freed 547K, 13% free 11430K/13056K, paused 6ms+2ms, total 56ms
11-12 06:10:25.187: D/dalvikvm(28230): WAIT_FOR_CONCURRENT_GC blocked 28ms
11-12 06:10:25.202: D/dalvikvm(1080): GC_CONCURRENT freed 925K, 15% free 13497K/15876K, paused 2ms+10ms, total 57ms
11-12 06:10:25.247: W/NetRec(6898): [933] ConfigChangedIntentOperation.onHandleIntent: Device does not support scoring, exiting
11-12 06:10:25.257: W/NetRec(6898): [912] ConfigChangedIntentOperation.onHandleIntent: Device does not support scoring, exiting
11-12 06:10:25.262: W/OcrModelUpStIntentOp(1080): Invalid action: com.google.android.gms.phenotype.COMMITTED
11-12 06:10:25.267: I/SettingsChangedIntentOp(1080): SettingsChangedIntentOperation.run: Got intent Intent { act=com.google.android.gms.phenotype.COMMITTED flg=0x10 pkg=com.google.android.gms cmp=com.google.android.gms/.chimera.GmsIntentOperationService (has extras) }
11-12 06:10:25.267: I/SettingsChangedIntentOp(1080): SettingsChangedIntentOperation.run Intent extra com.google.android.gms.phenotype.PACKAGE_NAME: com.google.android.gms.audit
11-12 06:10:25.267: I/SettingsChangedIntentOp(1080): Action: com.google.android.gms.phenotype.COMMITTED
11-12 06:10:25.267: I/SettingsChangedIntentOp(1080): EXTRA_PACKAGE_NAME: com.google.android.gms.audit
11-12 06:10:25.277: I/PTCommittedOperation(6898): Receive new configuration for com.google.android.gms.audit
11-12 06:10:25.347: W/OcrModelUpStIntentOp(1080): Invalid action: com.google.android.gms.phenotype.COMMITTED
11-12 06:10:25.347: I/PTCommittedOperation(6898): Receive new configuration for com.google.android.gms.people
11-12 06:10:25.347: I/SettingsChangedIntentOp(1080): SettingsChangedIntentOperation.run: Got intent Intent { act=com.google.android.gms.phenotype.COMMITTED flg=0x10 pkg=com.google.android.gms cmp=com.google.android.gms/.chimera.GmsIntentOperationService (has extras) }
11-12 06:10:25.347: I/SettingsChangedIntentOp(1080): SettingsChangedIntentOperation.run Intent extra com.google.android.gms.phenotype.PACKAGE_NAME: com.google.android.gms.people
11-12 06:10:25.347: I/SettingsChangedIntentOp(1080): Action: com.google.android.gms.phenotype.COMMITTED
11-12 06:10:25.347: I/SettingsChangedIntentOp(1080): EXTRA_PACKAGE_NAME: com.google.android.gms.people
11-12 06:10:25.417: D/dalvikvm(6898): GC_CONCURRENT freed 2123K, 25% free 14049K/18656K, paused 4ms+8ms, total 80ms
11-12 06:10:25.417: D/dalvikvm(6898): WAIT_FOR_CONCURRENT_GC blocked 30ms
11-12 06:10:25.437: W/ConfigurationChimeraPro(6898): Got null configs for com.google.android.gms.ads
11-12 06:10:25.502: W/NetRec(6898): [912] ConfigChangedIntentOperation.onHandleIntent: Device does not support scoring, exiting
11-12 06:10:25.542: I/PTCommittedOperation(6898): Receive new configuration for com.google.android.gms.icing
11-12 06:10:25.542: W/OcrModelUpStIntentOp(1080): Invalid action: com.google.android.gms.phenotype.COMMITTED
11-12 06:10:25.542: I/SettingsChangedIntentOp(1080): SettingsChangedIntentOperation.run: Got intent Intent { act=com.google.android.gms.phenotype.COMMITTED flg=0x10 pkg=com.google.android.gms cmp=com.google.android.gms/.chimera.GmsIntentOperationService (has extras) }
11-12 06:10:25.547: I/SettingsChangedIntentOp(1080): SettingsChangedIntentOperation.run Intent extra com.google.android.gms.phenotype.PACKAGE_NAME: com.google.android.gms.icing
11-12 06:10:25.547: I/SettingsChangedIntentOp(1080): Action: com.google.android.gms.phenotype.COMMITTED
11-12 06:10:25.547: I/SettingsChangedIntentOp(1080): EXTRA_PACKAGE_NAME: com.google.android.gms.icing
11-12 06:10:25.552: W/NetRec(6898): [934] ConfigChangedIntentOperation.onHandleIntent: Device does not support scoring, exiting
11-12 06:10:25.622: I/dalvikvm(28230): Could not find method android.content.pm.PackageManager.getPackageInstaller, referenced from method isw.a
11-12 06:10:25.622: W/dalvikvm(28230): VFY: unable to resolve virtual method 1127: Landroid/content/pm/PackageManager;.getPackageInstaller ()Landroid/content/pm/PackageInstaller;
11-12 06:10:25.622: D/dalvikvm(28230): VFY: replacing opcode 0x6e at 0x001c
11-12 06:10:25.712: W/NetRec(6898): [935] ConfigChangedIntentOperation.onHandleIntent: Device does not support scoring, exiting
11-12 06:10:25.822: W/OcrModelUpStIntentOp(1080): Invalid action: com.google.android.gms.phenotype.COMMITTED
11-12 06:10:25.822: I/SettingsChangedIntentOp(1080): SettingsChangedIntentOperation.run: Got intent Intent { act=com.google.android.gms.phenotype.COMMITTED flg=0x10 pkg=com.google.android.gms cmp=com.google.android.gms/.chimera.GmsIntentOperationService (has extras) }
11-12 06:10:25.822: I/SettingsChangedIntentOp(1080): SettingsChangedIntentOperation.run Intent extra com.google.android.gms.phenotype.PACKAGE_NAME: com.google.android.gms.people.ui
11-12 06:10:25.822: I/SettingsChangedIntentOp(1080): Action: com.google.android.gms.phenotype.COMMITTED
11-12 06:10:25.822: I/SettingsChangedIntentOp(1080): EXTRA_PACKAGE_NAME: com.google.android.gms.people.ui
11-12 06:10:25.832: I/PTCommittedOperation(6898): Receive new configuration for com.google.android.gms.people.ui
11-12 06:10:25.857: W/NetRec(6898): [932] ConfigChangedIntentOperation.onHandleIntent: Device does not support scoring, exiting
11-12 06:10:25.862: W/OcrModelUpStIntentOp(1080): Invalid action: com.google.android.gms.phenotype.COMMITTED
11-12 06:10:25.862: I/SettingsChangedIntentOp(1080): SettingsChangedIntentOperation.run: Got intent Intent { act=com.google.android.gms.phenotype.COMMITTED flg=0x10 pkg=com.google.android.gms cmp=com.google.android.gms/.chimera.GmsIntentOperationService (has extras) }
11-12 06:10:25.867: I/SettingsChangedIntentOp(1080): SettingsChangedIntentOperation.run Intent extra com.google.android.gms.phenotype.PACKAGE_NAME: com.google.android.gms.auth_authzen
11-12 06:10:25.867: I/SettingsChangedIntentOp(1080): Action: com.google.android.gms.phenotype.COMMITTED
11-12 06:10:25.867: I/SettingsChangedIntentOp(1080): EXTRA_PACKAGE_NAME: com.google.android.gms.auth_authzen
11-12 06:10:25.887: I/PTCommittedOperation(6898): Receive new configuration for com.google.android.gms.auth_authzen
11-12 06:10:25.922: D/dalvikvm(28203): DexOpt: load 480ms, verify+opt 2091ms, 4605364 bytes
11-12 06:10:25.962: W/NetRec(6898): [932] ConfigChangedIntentOperation.onHandleIntent: Device does not support scoring, exiting
11-12 06:10:25.997: W/OcrModelUpStIntentOp(1080): Invalid action: com.google.android.gms.phenotype.COMMITTED
11-12 06:10:26.002: I/SettingsChangedIntentOp(1080): SettingsChangedIntentOperation.run: Got intent Intent { act=com.google.android.gms.phenotype.COMMITTED flg=0x10 pkg=com.google.android.gms cmp=com.google.android.gms/.chimera.GmsIntentOperationService (has extras) }
11-12 06:10:26.002: I/SettingsChangedIntentOp(1080): SettingsChangedIntentOperation.run Intent extra com.google.android.gms.phenotype.PACKAGE_NAME: com.google.android.gms.telephonyspam
11-12 06:10:26.002: I/SettingsChangedIntentOp(1080): Action: com.google.android.gms.phenotype.COMMITTED
11-12 06:10:26.002: I/SettingsChangedIntentOp(1080): EXTRA_PACKAGE_NAME: com.google.android.gms.telephonyspam
11-12 06:10:26.002: I/SettingsChangedIntentOp(1080): telephonyspam phenotype flag changed
11-12 06:10:26.002: I/SpamListSync(1080): schedulePeriodicTask
11-12 06:10:26.007: I/PTCommittedOperation(6898): Receive new configuration for com.google.android.gms.telephonyspam
11-12 06:10:26.187: D/dalvikvm(2346): GC_CONCURRENT freed 3674K, 37% free 20201K/32020K, paused 4ms+11ms, total 129ms
11-12 06:10:26.357: D/PackageManager(2346): isProtectedBroadcast - Execution time: 135 ms
11-12 06:10:26.477: D/PackageManager(2346): getApplicationInfo - Execution time: 116 ms
11-12 06:10:26.487: W/NetRec(6898): [934] ConfigChangedIntentOperation.onHandleIntent: Device does not support scoring, exiting
11-12 06:10:26.487: D/PackageManager(2346): Sending to user 0: act=android.intent.action.PACKAGE_CHANGED dat=package:com.google.android.music flg=0x8000000 Bundle[{android.intent.extra.DONT_KILL_APP=true, android.intent.extra.user_handle=0, android.intent.extra.changed_component_name_list=[Ljava.lang.String;@42ea0f90, android.intent.extra.UID=10074, android.intent.extra.changed_component_name=com.google.android.music.tutorial.SignupStatus$NetworkChangedReceiver}]
11-12 06:10:26.487: D/PackageManager(2346): java.lang.RuntimeException: It's not exception, just print call stack
11-12 06:10:26.487: D/PackageManager(2346): 	at com.android.server.pm.PackageManagerService.sendPackageBroadcast(PackageManagerService.java:7661)
11-12 06:10:26.487: D/PackageManager(2346): 	at com.android.server.pm.PackageManagerService.sendPackageChangedBroadcast(PackageManagerService.java:12473)
11-12 06:10:26.487: D/PackageManager(2346): 	at com.android.server.pm.PackageManagerService.access$300(PackageManagerService.java:218)
11-12 06:10:26.487: D/PackageManager(2346): 	at com.android.server.pm.PackageManagerService$PackageHandler.doHandleMessage(PackageManagerService.java:916)
11-12 06:10:26.487: D/PackageManager(2346): 	at com.android.server.pm.PackageManagerService$PackageHandler.handleMessage(PackageManagerService.java:716)
11-12 06:10:26.487: D/PackageManager(2346): 	at android.os.Handler.dispatchMessage(Handler.java:99)
11-12 06:10:26.487: D/PackageManager(2346): 	at android.os.Looper.loop(Looper.java:176)
11-12 06:10:26.487: D/PackageManager(2346): 	at android.os.HandlerThread.run(HandlerThread.java:61)
11-12 06:10:26.497: D/PackageManager(2346): Sending to user 0: act=android.intent.action.PACKAGE_CHANGED dat=package:com.google.android.videos flg=0x8000000 Bundle[{android.intent.extra.DONT_KILL_APP=true, android.intent.extra.user_handle=0, android.intent.extra.changed_component_name_list=[Ljava.lang.String;@439ada98, android.intent.extra.UID=10158, android.intent.extra.changed_component_name=com.google.android.youtube.videos.pinning.TransferService$Receiver}]
11-12 06:10:26.497: D/PackageManager(2346): java.lang.RuntimeException: It's not exception, just print call stack
11-12 06:10:26.497: D/PackageManager(2346): 	at com.android.server.pm.PackageManagerService.sendPackageBroadcast(PackageManagerService.java:7661)
11-12 06:10:26.497: D/PackageManager(2346): 	at com.android.server.pm.PackageManagerService.sendPackageChangedBroadcast(PackageManagerService.java:12473)
11-12 06:10:26.497: D/PackageManager(2346): 	at com.android.server.pm.PackageManagerService.access$300(PackageManagerService.java:218)
11-12 06:10:26.497: D/PackageManager(2346): 	at com.android.server.pm.PackageManagerService$PackageHandler.doHandleMessage(PackageManagerService.java:916)
11-12 06:10:26.497: D/PackageManager(2346): 	at com.android.server.pm.PackageManagerService$PackageHandler.handleMessage(PackageManagerService.java:716)
11-12 06:10:26.497: D/PackageManager(2346): 	at android.os.Handler.dispatchMessage(Handler.java:99)
11-12 06:10:26.497: D/PackageManager(2346): 	at android.os.Looper.loop(Looper.java:176)
11-12 06:10:26.497: D/PackageManager(2346): 	at android.os.HandlerThread.run(HandlerThread.java:61)
11-12 06:10:26.527: I/InputReader(2346): Reconfiguring input devices.  changes=0x00000010
11-12 06:10:26.557: I/InputReader(2346): Reconfiguring input devices.  changes=0x00000010
11-12 06:10:26.582: D/PackageManager(2346): Sending to user 0: act=android.intent.action.PACKAGE_ADDED dat=package:org.totschnig.myexpenses flg=0x8000000 Bundle[{android.intent.extra.UID=10170, android.intent.extra.user_handle=0}]
11-12 06:10:26.582: D/PackageManager(2346): java.lang.RuntimeException: It's not exception, just print call stack
11-12 06:10:26.582: D/PackageManager(2346): 	at com.android.server.pm.PackageManagerService.sendPackageBroadcast(PackageManagerService.java:7661)
11-12 06:10:26.582: D/PackageManager(2346): 	at com.android.server.pm.PackageManagerService$PackageHandler.doHandleMessage(PackageManagerService.java:998)
11-12 06:10:26.582: D/PackageManager(2346): 	at com.android.server.pm.PackageManagerService$PackageHandler.handleMessage(PackageManagerService.java:716)
11-12 06:10:26.582: D/PackageManager(2346): 	at android.os.Handler.dispatchMessage(Handler.java:99)
11-12 06:10:26.582: D/PackageManager(2346): 	at android.os.Looper.loop(Looper.java:176)
11-12 06:10:26.582: D/PackageManager(2346): 	at android.os.HandlerThread.run(HandlerThread.java:61)
11-12 06:10:26.592: I/ContextualPageManager(2684): awareHotseatItemsReload from CA
11-12 06:10:26.622: W/ResourceType(3489): Failure getting entry for 0x7f020494 (t=1 e=1172) in package 0 (error -75)
11-12 06:10:26.657: I/ContextualPageManager(2684): awareHotseatItemsReload from CA
11-12 06:10:26.662: I/InputReader(2346): Reconfiguring input devices.  changes=0x00000010
11-12 06:10:26.662: I/BackGroundService(3171): BackGroundService:  BR    
11-12 06:10:26.677: W/ResourceType(3489): Failure getting entry for 0x7f020494 (t=1 e=1172) in package 0 (error -75)
11-12 06:10:26.687: D/dalvikvm(6898): GC_CONCURRENT freed 1496K, 25% free 14058K/18656K, paused 13ms+22ms, total 113ms
11-12 06:10:26.687: I/ContextualPageManager(2684): awareHotseatItemsReload from CA
11-12 06:10:26.732: W/OcrModelUpStIntentOp(1080): Invalid action: com.google.android.gms.phenotype.COMMITTED
11-12 06:10:26.732: I/SettingsChangedIntentOp(1080): SettingsChangedIntentOperation.run: Got intent Intent { act=com.google.android.gms.phenotype.COMMITTED flg=0x10 pkg=com.google.android.gms cmp=com.google.android.gms/.chimera.GmsIntentOperationService (has extras) }
11-12 06:10:26.732: I/SettingsChangedIntentOp(1080): SettingsChangedIntentOperation.run Intent extra com.google.android.gms.phenotype.PACKAGE_NAME: com.google.android.gms.googlehelp
11-12 06:10:26.732: I/SettingsChangedIntentOp(1080): Action: com.google.android.gms.phenotype.COMMITTED
11-12 06:10:26.732: I/SettingsChangedIntentOp(1080): EXTRA_PACKAGE_NAME: com.google.android.gms.googlehelp
11-12 06:10:26.737: D/dalvikvm(3489): GC_CONCURRENT freed 468K, 21% free 9804K/12388K, paused 1ms+6ms, total 55ms
11-12 06:10:26.757: I/PTCommittedOperation(6898): Receive new configuration for com.google.android.gms.googlehelp
11-12 06:10:26.777: W/ResourceType(3489): Failure getting entry for 0x7f020494 (t=1 e=1172) in package 0 (error -75)
11-12 06:10:26.797: I/VideoHubAPP(26155): VHDisable Receiver
11-12 06:10:26.802: I/VideoHubAPP(26155): VHDisable Receiver ACTION = android.intent.action.PACKAGE_CHANGED
11-12 06:10:26.852: W/NetRec(6898): [934] ConfigChangedIntentOperation.onHandleIntent: Device does not support scoring, exiting
11-12 06:10:26.882: D/[FileShare][Server](28271): ServerBroadcastReceiver : onReceive: android.intent.action.PACKAGE_CHANGED // package:com.google.android.music
11-12 06:10:26.882: D/[FileShare][Server](28271): ServerBroadcastReceiver : Current User : UserHandle{0}
11-12 06:10:26.882: D/[FileShare][Server](28271): ServerBroadcastReceiver : All UserInfo: [UserInfo{0:Eigentmer:13}]
11-12 06:10:26.947: W/Resources(2346): Converting to string: TypedValue{t=0x12/d=0xffffffff a=-1}
11-12 06:10:26.977: D/dalvikvm(2346): GC_EXPLICIT freed 1562K, 37% free 20381K/32020K, paused 5ms+15ms, total 335ms
11-12 06:10:26.982: W/Resources(2346): Converting to string: TypedValue{t=0x12/d=0xffffffff a=-1}
11-12 06:10:26.982: D/AndroidRuntime(28029): Shutting down VM
11-12 06:10:26.987: D/dalvikvm(28029): GC_CONCURRENT freed 94K, 13% free 674K/772K, paused 0ms+1ms, total 3ms
11-12 06:10:27.002: W/Resources(2346): Converting to string: TypedValue{t=0x12/d=0xffffffff a=-1}
11-12 06:10:27.022: W/NetRec(6898): [932] ConfigChangedIntentOperation.onHandleIntent: Device does not support scoring, exiting
11-12 06:10:27.072: D/BackupManagerService(2346): Received broadcast Intent { act=android.intent.action.PACKAGE_ADDED dat=package:org.totschnig.myexpenses flg=0x8000010 (has extras) }
11-12 06:10:27.082: V/BackupManagerService(2346): addPackageParticipantsLocked: #1
11-12 06:10:27.102: D/ECS_EnterpriseContainerService(2346): <<< Intent action is >>> : android.intent.action.PACKAGE_ADDED
11-12 06:10:27.102: D/ECS_EnterpriseContainerService(2346): <<< Intent data is   >>> : package:org.totschnig.myexpenses
11-12 06:10:27.102: I/ECS_EnterpriseContainerService(2346): Inside package added listener
11-12 06:10:27.112: W/LicenseLogService(2346): log() is called by non admin
11-12 06:10:27.117: W/LicenseLogService(2346): log() is called by non admin
11-12 06:10:27.117: W/LicenseLogService(2346): log() is called by non admin
11-12 06:10:27.122: W/LicenseLogService(2346): log() is called by non admin
11-12 06:10:27.127: W/Resources(2346): Converting to string: TypedValue{t=0x12/d=0xffffffff a=-1}
11-12 06:10:27.147: W/ActivityManager(2346): Unable to start service Intent { act=com.sec.chaton.push.PUSH_CLIENT_SERVICE_ACTION } U=0: not found
11-12 06:10:27.197: D/SSRMv2:Monitor(2346): SIOP:: AP = 300 (read only)
11-12 06:10:27.207: W/NetRec(6898): [935] ConfigChangedIntentOperation.onHandleIntent: Device does not support scoring, exiting
11-12 06:10:27.227: W/Resources(2346): Converting to string: TypedValue{t=0x12/d=0xffffffff a=-1}
11-12 06:10:27.237: W/NetRec(6898): [912] ConfigChangedIntentOperation.onHandleIntent: Device does not support scoring, exiting
11-12 06:10:27.242: W/Resources(2346): Converting to string: TypedValue{t=0x12/d=0xffffffff a=-1}
11-12 06:10:27.242: W/Resources(2346): Converting to string: TypedValue{t=0x12/d=0xffffffff a=-1}
11-12 06:10:27.242: W/Resources(2346): Converting to string: TypedValue{t=0x12/d=0x0 a=-1}
11-12 06:10:27.272: I/HeterodyneSyncScheduler(6898): Scheduling adaptive one off task with window [14400, 604800] in seconds
11-12 06:10:27.277: D/dalvikvm(28283): GC_CONCURRENT freed 442K, 14% free 9977K/11492K, paused 2ms+2ms, total 34ms
11-12 06:10:27.277: D/dalvikvm(28283): WAIT_FOR_CONCURRENT_GC blocked 14ms
11-12 06:10:27.282: W/Resources(2346): Converting to string: TypedValue{t=0x12/d=0xffffffff a=-1}
11-12 06:10:27.282: W/Resources(2346): Converting to string: TypedValue{t=0x12/d=0x0 a=-1}
11-12 06:10:27.322: W/Resources(2346): Converting to string: TypedValue{t=0x12/d=0xffffffff a=-1}
11-12 06:10:27.322: W/Resources(2346): Converting to string: TypedValue{t=0x12/d=0xffffffff a=-1}
11-12 06:10:27.322: W/Resources(2346): Converting to string: TypedValue{t=0x12/d=0xffffffff a=-1}
11-12 06:10:27.327: W/Resources(2346): Converting to string: TypedValue{t=0x12/d=0xffffffff a=-1}
11-12 06:10:27.327: W/Resources(2346): Converting to string: TypedValue{t=0x12/d=0xffffffff a=-1}
11-12 06:10:27.327: W/Resources(2346): Converting to string: TypedValue{t=0x12/d=0xffffffff a=-1}
11-12 06:10:27.327: W/Resources(2346): Converting to string: TypedValue{t=0x12/d=0xffffffff a=-1}
11-12 06:10:27.327: W/Resources(2346): Converting to string: TypedValue{t=0x12/d=0x0 a=-1}
11-12 06:10:27.332: W/Resources(2346): Converting to string: TypedValue{t=0x12/d=0xffffffff a=-1}
11-12 06:10:27.332: W/Resources(2346): Converting to string: TypedValue{t=0x12/d=0x0 a=-1}
11-12 06:10:27.372: W/NetRec(6898): [932] ConfigChangedIntentOperation.onHandleIntent: Device does not support scoring, exiting
11-12 06:10:27.397: W/Resources(2346): Converting to string: TypedValue{t=0x12/d=0xffffffff a=-1}
11-12 06:10:27.397: W/Resources(2346): Converting to string: TypedValue{t=0x12/d=0xffffffff a=-1}
11-12 06:10:27.397: W/Resources(2346): Converting to string: TypedValue{t=0x12/d=0xffffffff a=-1}
11-12 06:10:27.407: W/Resources(2346): Converting to string: TypedValue{t=0x12/d=0xffffffff a=-1}
11-12 06:10:27.412: W/Resources(2346): Converting to string: TypedValue{t=0x12/d=0xffffffff a=-1}
11-12 06:10:27.412: W/Resources(2346): Converting to string: TypedValue{t=0x12/d=0xffffffff a=-1}
11-12 06:10:27.412: W/Resources(2346): Converting to string: TypedValue{t=0x12/d=0xffffffff a=-1}
11-12 06:10:27.412: W/Resources(2346): Converting to string: TypedValue{t=0x12/d=0x0 a=-1}
11-12 06:10:27.417: W/Resources(2346): Converting to string: TypedValue{t=0x12/d=0xffffffff a=-1}
11-12 06:10:27.417: W/Resources(2346): Converting to string: TypedValue{t=0x12/d=0x0 a=-1}
11-12 06:10:27.422: I/CrashAnrDetector(2346): onPackageAdded : org.totschnig.myexpenses
11-12 06:10:27.447: D/FactoryTestApp(4317): [FactoryTestBroadcastReceiver$onReceive] onReceive action=android.intent.action.PACKAGE_CHANGED
11-12 06:10:27.447: I/FactoryTestApp(4317): [XMLDataStorage$parsingXML] FtClient => data parsing was completed.
11-12 06:10:27.447: D/FactoryTestApp(4317): [FactoryTestBroadcastReceiver$onReceive] PACKAGE_CHANGED => XML data parsing was failed.
11-12 06:10:27.462: W/NetRec(6898): [934] ConfigChangedIntentOperation.onHandleIntent: Device does not support scoring, exiting
11-12 06:10:27.572: W/NetRec(6898): [932] ConfigChangedIntentOperation.onHandleIntent: Device does not support scoring, exiting
11-12 06:10:27.592: D/dalvikvm(27645): GC_CONCURRENT freed 536K, 15% free 9779K/11388K, paused 2ms+2ms, total 39ms
11-12 06:10:27.617: W/ResourceType(3489): Failure getting entry for 0x7f020494 (t=1 e=1172) in package 0 (error -75)
11-12 06:10:27.632: D/gp.PicasaSync(27645): sync account database
11-12 06:10:27.632: D/gp.PicasaSyncService(27645): initialize account: ********************************
11-12 06:10:27.672: D/gp.PicasaSync(27645): accounts in DB=0
11-12 06:10:27.687: E/ActivityThread(27628): Service com.android.exchange.ExchangeService has leaked ServiceConnection com.android.emailcommon.service.ServiceProxy$ProxyConnection@42875380 that was originally bound here
11-12 06:10:27.687: E/ActivityThread(27628): android.app.ServiceConnectionLeaked: Service com.android.exchange.ExchangeService has leaked ServiceConnection com.android.emailcommon.service.ServiceProxy$ProxyConnection@42875380 that was originally bound here
11-12 06:10:27.687: E/ActivityThread(27628): 	at android.app.LoadedApk$ServiceDispatcher.<init>(LoadedApk.java:979)
11-12 06:10:27.687: E/ActivityThread(27628): 	at android.app.LoadedApk.getServiceDispatcher(LoadedApk.java:873)
11-12 06:10:27.687: E/ActivityThread(27628): 	at android.app.ContextImpl.bindServiceAsUser(ContextImpl.java:1833)
11-12 06:10:27.687: E/ActivityThread(27628): 	at android.app.ContextImpl.bindService(ContextImpl.java:1821)
11-12 06:10:27.687: E/ActivityThread(27628): 	at android.content.ContextWrapper.bindService(ContextWrapper.java:503)
11-12 06:10:27.687: E/ActivityThread(27628): 	at com.android.emailcommon.service.ServiceProxy.setTask(ServiceProxy.java:158)
11-12 06:10:27.687: E/ActivityThread(27628): 	at com.android.emailcommon.service.ServiceProxy.setTask(ServiceProxy.java:146)
11-12 06:10:27.687: E/ActivityThread(27628): 	at com.android.emailcommon.service.AccountServiceProxy.restoreAccountsIfNeeded(AccountServiceProxy.java:135)
11-12 06:10:27.687: E/ActivityThread(27628): 	at com.android.exchange.ExchangeService$11.run(ExchangeService.java:4645)
11-12 06:10:27.687: E/ActivityThread(27628): 	at com.android.emailcommon.utility.Utility$2.doInBackground(Utility.java:1053)
11-12 06:10:27.687: E/ActivityThread(27628): 	at com.android.emailcommon.utility.Utility$2.doInBackground(Utility.java:1050)
11-12 06:10:27.687: E/ActivityThread(27628): 	at android.os.AsyncTask$2.call(AsyncTask.java:287)
11-12 06:10:27.687: E/ActivityThread(27628): 	at java.util.concurrent.FutureTask.run(FutureTask.java:234)
11-12 06:10:27.687: E/ActivityThread(27628): 	at android.os.AsyncTask$SerialExecutor$1.run(AsyncTask.java:230)
11-12 06:10:27.687: E/ActivityThread(27628): 	at java.util.concurrent.ThreadPoolExecutor.runWorker(ThreadPoolExecutor.java:1080)
11-12 06:10:27.687: E/ActivityThread(27628): 	at java.util.concurrent.ThreadPoolExecutor$Worker.run(ThreadPoolExecutor.java:573)
11-12 06:10:27.687: E/ActivityThread(27628): 	at java.lang.Thread.run(Thread.java:841)
11-12 06:10:27.697: D/gp.PicasaSync(27645): add account to DB:********************************
11-12 06:10:27.707: W/ResourceType(3489): Failure getting entry for 0x7f020494 (t=1 e=1172) in package 0 (error -75)
11-12 06:10:27.707: D/dalvikvm(3489): GC_CONCURRENT freed 572K, 22% free 9724K/12388K, paused 5ms+4ms, total 46ms
11-12 06:10:27.727: W/NetRec(6898): [932] ConfigChangedIntentOperation.onHandleIntent: Device does not support scoring, exiting
11-12 06:10:27.772: I/Icing.InternalIcingCorporaProvider(27776): Updating corpora: A: com.google.android.music, C: MAYBE
11-12 06:10:27.777: D/dalvikvm(27645): No JNI_OnLoad found in /system/lib/libwebp_android.so 0x428484e0, skipping init
11-12 06:10:27.797: D/dalvikvm(27645): No JNI_OnLoad found in /system/lib/libplus_jni_v8.so 0x428484e0, skipping init
11-12 06:10:27.797: I/NativeLibrarySupport(27645): Native WEBP decoder, version=0.3.1
11-12 06:10:27.797: I/NativeLibrarySupport(27645): Native networking disabled
11-12 06:10:27.797: I/VideoHubAPP(26155): VHDisable Receiver
11-12 06:10:27.797: I/VideoHubAPP(26155): VHDisable Receiver ACTION = android.intent.action.PACKAGE_CHANGED
11-12 06:10:27.807: D/[FileShare][Server](28271): ServerBroadcastReceiver : onReceive: android.intent.action.PACKAGE_CHANGED // package:com.google.android.videos
11-12 06:10:27.807: D/[FileShare][Server](28271): ServerBroadcastReceiver : Current User : UserHandle{0}
11-12 06:10:27.807: D/[FileShare][Server](28271): ServerBroadcastReceiver : All UserInfo: [UserInfo{0:Eigentmer:13}]
11-12 06:10:27.827: D/dalvikvm(6898): GC_CONCURRENT freed 1496K, 25% free 14121K/18656K, paused 9ms+15ms, total 97ms
11-12 06:10:27.837: D/dalvikvm(27645): GC_FOR_ALLOC freed 48K, 15% free 9787K/11388K, paused 38ms, total 40ms
