11-10 16:06:48.739: D/PackageManager(2348): 	at com.android.server.pm.PackageManagerService.sendPackageBroadcast(PackageManagerService.java:7661)
11-10 16:06:48.739: D/PackageManager(2348): 	at com.android.server.pm.PackageManagerService$PackageHandler.doHandleMessage(PackageManagerService.java:998)
11-10 16:06:48.739: D/PackageManager(2348): 	at com.android.server.pm.PackageManagerService$PackageHandler.handleMessage(PackageManagerService.java:716)
11-10 16:06:48.739: D/PackageManager(2348): 	at android.os.Handler.dispatchMessage(Handler.java:99)
11-10 16:06:48.739: D/PackageManager(2348): 	at android.os.Looper.loop(Looper.java:176)
11-10 16:06:48.739: D/PackageManager(2348): 	at android.os.HandlerThread.run(HandlerThread.java:61)
11-10 16:06:48.769: I/BackGroundService(3177): BackGroundService:  BR    
11-10 16:06:48.769: I/ContextualPageManager(2686): awareHotseatItemsReload from CA
11-10 16:06:48.779: I/InputReader(2348): Reconfiguring input devices.  changes=0x00000010
11-10 16:06:48.819: W/ResourceType(3501): Failure getting entry for 0x7f020494 (t=1 e=1172) in package 0 (error -75)
11-10 16:06:48.844: I/HomeSyncInstallReceiver(2672): Package Added : com.google.android.apps.mtaas.crawler
11-10 16:06:48.844: I/HomeSyncInstallReceiver(2672): This pkg do not need BT addr. Do nothing
11-10 16:06:48.849: I/VideoHubAPP(8681): VHDisable Receiver
11-10 16:06:48.849: I/VideoHubAPP(8681): VHDisable Receiver ACTION = android.intent.action.PACKAGE_ADDED
11-10 16:06:48.849: I/VideoHubAPP(8681): VHDisable Receiver PackageName = com.google.android.apps.mtaas.crawler
11-10 16:06:48.859: D/[FileShare][Server](10394): ServerBroadcastReceiver : onReceive: android.intent.action.PACKAGE_ADDED // package:com.google.android.apps.mtaas.crawler
11-10 16:06:48.859: D/[FileShare][Server](10394): ServerBroadcastReceiver : Current User : UserHandle{0}
11-10 16:06:48.859: D/[FileShare][Server](10394): ServerBroadcastReceiver : All UserInfo: [UserInfo{0:Eigentmer:13}]
11-10 16:06:48.864: D/CapabilityManagerService(10759): Receiver Broadcast:android.intent.action.PACKAGE_ADDED
11-10 16:06:48.889: D/PackageIntentReceiver(10771): ACTION_PACKAGE_ADDED
11-10 16:06:48.889: D/PackageIntentReceiver(10771): Not GearManger package! 
11-10 16:06:48.904: D/BackupManagerService(2348): Received broadcast Intent { act=android.intent.action.PACKAGE_ADDED dat=package:com.google.android.apps.mtaas.crawler flg=0x8000010 (has extras) }
11-10 16:06:48.909: D/ECS_EnterpriseContainerService(2348): <<< Intent action is >>> : android.intent.action.PACKAGE_ADDED
11-10 16:06:48.909: D/ECS_EnterpriseContainerService(2348): <<< Intent data is   >>> : package:com.google.android.apps.mtaas.crawler
11-10 16:06:48.909: I/ECS_EnterpriseContainerService(2348): Inside package added listener
11-10 16:06:48.909: V/BackupManagerService(2348): addPackageParticipantsLocked: #1
11-10 16:06:48.929: W/Resources(2348): Converting to string: TypedValue{t=0x12/d=0xffffffff a=-1}
11-10 16:06:48.929: W/Resources(2348): Converting to string: TypedValue{t=0x12/d=0xffffffff a=-1}
11-10 16:06:48.939: W/Resources(2348): Converting to string: TypedValue{t=0x12/d=0xffffffff a=-1}
11-10 16:06:48.964: D/dalvikvm(2348): GC_EXPLICIT freed 1783K, 39% free 20366K/33304K, paused 14ms+11ms, total 215ms
11-10 16:06:48.964: D/AndroidRuntime(11049): Shutting down VM
11-10 16:06:48.969: D/dalvikvm(11049): GC_CONCURRENT freed 94K, 13% free 674K/772K, paused 0ms+1ms, total 3ms
11-10 16:06:48.974: I/PCWCLIENTTRACE_SPPReceiver(10799): [onReceive] - android.intent.action.PACKAGE_ADDED
11-10 16:06:48.979: W/LicenseLogService(2348): log() is called by non admin
11-10 16:06:48.979: W/LicenseLogService(2348): log() is called by non admin
11-10 16:06:48.984: W/Resources(2348): Converting to string: TypedValue{t=0x12/d=0xffffffff a=-1}
11-10 16:06:49.029: W/Resources(2348): Converting to string: TypedValue{t=0x12/d=0xffffffff a=-1}
11-10 16:06:49.034: I/SA(10813): [PMR] Received action : android.intent.action.PACKAGE_ADDED
11-10 16:06:49.034: W/Resources(2348): Converting to string: TypedValue{t=0x12/d=0xffffffff a=-1}
11-10 16:06:49.039: W/Resources(2348): Converting to string: TypedValue{t=0x12/d=0xffffffff a=-1}
11-10 16:06:49.039: W/Resources(2348): Converting to string: TypedValue{t=0x12/d=0x0 a=-1}
11-10 16:06:49.039: I/SA(10813): [SUR] onReceive log=[SA =  V = 18 HWD = 0X0 0.0 dpi = 0  SIZE = 0 LOCALE =  CSC = DBT MCC = 0 MNC 0 T = user DEVICE = m0 P = m0xx I = JSS15J M = GT-I9300 OKLEFT true DIS JSS15J.I9300XXUGMK6  ]
11-10 16:06:49.039: I/SA(10813): [SUR] onReceive Intent=[ android.intent.action.PACKAGE_ADDED package ]
11-10 16:06:49.044: W/Resources(2348): Converting to string: TypedValue{t=0x12/d=0xffffffff a=-1}
11-10 16:06:49.044: W/Resources(2348): Converting to string: TypedValue{t=0x12/d=0x0 a=-1}
11-10 16:06:49.049: I/CrashAnrDetector(2348): onPackageAdded : com.google.android.apps.mtaas.crawler
11-10 16:06:49.089: I/SmartCardBroadcastReceiver(10842): SmartCardBroadcastReceiver - onReceive() 
11-10 16:06:49.089: I/SmartCardBroadcastReceiver(10842): Received intent with action - android.intent.action.PACKAGE_ADDED
11-10 16:06:49.089: I/SmartCardBroadcastReceiver(10842): foundMatchingVendorPackage - Checking for com.google.android.apps.mtaas.crawler
11-10 16:06:49.104: I/Icing.InternalIcingCorporaProvider(10057): Updating corpora: A: com.google.android.apps.mtaas.crawler, C: MAYBE
11-10 16:06:49.139: I/Icing(1433): IndexChimeraService.getServiceInterface callingPackage=com.google.android.googlequicksearchbox componentName=null serviceId=21
11-10 16:06:49.149: W/Icing.InternalIcingCorporaProvider(10057): Application table change notification failed.
11-10 16:06:49.164: I/FontsPackageChangeOp(1433): Package com.google.android.apps.mtaas.crawler has no metadata
11-10 16:06:49.204: W/GoogleSignatureVerifier(6958): Test-keys aren't accepted on this build.
11-10 16:06:49.209: D/Wear_Controller(1433): Received broadcast action=android.intent.action.PACKAGE_ADDED and uri=com.google.android.apps.mtaas.crawler
11-10 16:06:49.214: I/Icing(1433): IndexChimeraService.getServiceInterface callingPackage=com.google.android.gms componentName=AppsCorpus serviceId=32
11-10 16:06:49.229: I/Icing(1433): IndexChimeraService.getServiceInterface callingPackage=com.google.android.gms componentName=AppsCorpus serviceId=36
11-10 16:06:49.229: W/LicenseLogService(2348): log() is called by non admin
11-10 16:06:49.229: I/Icing(1433): Usage reports ok 0, Failed Usage reports 0, indexed 0, rejected 0, imm upload true
11-10 16:06:49.239: I/Icing(1433): Usage reports ok 0, Failed Usage reports 0, indexed 0, rejected 0, imm upload false
11-10 16:06:49.249: I/Icing(1433): Usage reports ok 0, Failed Usage reports 0, indexed 0, rejected 0, imm upload false
11-10 16:06:49.524: E/Watchdog(2348): !@Sync 1015
11-10 16:06:50.279: I/Icing(1433): Indexing 717AFCFF199A93C8EFCCF8600E4CEDD3ADAE5E6F from com.google.android.gms
11-10 16:06:50.294: I/Icing(1433): Indexing done 717AFCFF199A93C8EFCCF8600E4CEDD3ADAE5E6F
11-10 16:06:50.314: D/SSRMv2:Monitor(2348): SIOP:: AP = 360 (read only)
11-10 16:06:51.479: I/OMXClient(11101): Using client-side OMX mux.
11-10 16:06:51.509: D/OMX(1936): SendBroadCasting VIDEO_PLAYBACK_START
11-10 16:06:51.514: I/OMX(1936): width (288), height (512), fps (30)
11-10 16:06:51.514: I/ACodec(11101): setupVideoEncoder succeeded
11-10 16:06:51.524: I/MFC_ENC_APP(1936): [SsbSipMfcEncOpen] MFC Library Ver 1.00
11-10 16:06:51.524: D/PermissionCache(1933): checking android.permission.ACCESS_SURFACE_FLINGER for uid=2000 => granted (688 us)
11-10 16:06:51.929: I/videocat(11101): Encoding 288x512 video/avc at 524288 bits per second
11-10 16:06:51.934: E/MFC_ENC(1936): SOMXVE_Init: isSEIOn : 0
11-10 16:06:51.934: I/MFC_ENC_APP(1936): SsbSipMfcEncInit] Encode Init start
11-10 16:06:51.934: I/MFC_ENC_APP(1936): SsbSipMfcEncInit] H264 Encode
11-10 16:06:51.934: I/SEC_BASE_COMP(1936): SEC_OMX_ComponentStateSet: Cur(1) -> Dest(2)
11-10 16:06:52.029: I/SEC_BASE_COMP(1936): SEC_OMX_ComponentStateSet: Cur(2) -> Dest(3)
11-10 16:06:52.029: I/SEC_BASE_COMP(1936): [ 11-10 16:06:52.029  1936:11109 E/         ]
11-10 16:06:52.029: I/SEC_BASE_COMP(1936): android::HardwareConverter::HardwareConverter():: FIMC3 is used for OMX CSC
11-10 16:06:52.029: I/libfimc(1936): bool SecFimc::create(SecFimc::FIMC_DEV, fimc_overlay_mode, unsigned int):: /dev/video3 reserved memory addr(0xffffffea), size(0x       0KB)
11-10 16:06:52.809: D/SSRMv2:Monitor(2348): SIOP:: AP = 360, Prev AP = 360, Duration = 9999
11-10 16:06:55.314: D/SSRMv2:Monitor(2348): SIOP:: AP = 360 (read only)
11-10 16:06:55.499: D/STATUSBAR-NetworkController(2563): refreshSignalCluster: data=-1 bt=false
11-10 16:06:55.504: D/STATUSBAR-IconMerger(2563): checkOverflow(336), More:false, Req:false Child:6
11-10 16:06:56.174: D/AndroidRuntime(11116): >>>>>> AndroidRuntime START com.android.internal.os.RuntimeInit <<<<<<
11-10 16:06:56.174: D/AndroidRuntime(11116): CheckJNI is OFF
11-10 16:06:56.174: D/AndroidRuntime(11116): setted country_code = Germany
11-10 16:06:56.174: D/AndroidRuntime(11116): setted countryiso_code = DE
11-10 16:06:56.179: D/AndroidRuntime(11116): setted sales_code = DBT
11-10 16:06:56.179: D/AndroidRuntime(11116): readGMSProperty: start
11-10 16:06:56.179: D/AndroidRuntime(11116): readGMSProperty: already setted!!
11-10 16:06:56.179: D/AndroidRuntime(11116): readGMSProperty: end
11-10 16:06:56.179: D/AndroidRuntime(11116): addProductProperty: start
11-10 16:06:56.184: D/dalvikvm(11116): Trying to load lib libjavacore.so 0x0
11-10 16:06:56.189: D/dalvikvm(11116): Added shared lib libjavacore.so 0x0
11-10 16:06:56.199: D/dalvikvm(11116): Trying to load lib libnativehelper.so 0x0
11-10 16:06:56.199: D/dalvikvm(11116): Added shared lib libnativehelper.so 0x0
11-10 16:06:56.429: D/dalvikvm(11116): Note: class Landroid/app/ActivityManagerNative; has 177 unimplemented (abstract) methods
11-10 16:06:56.474: D/AndroidRuntime(11116): Calling main entry com.android.commands.settings.SettingsCmd
11-10 16:06:56.534: D/AndroidRuntime(11116): Shutting down VM
11-10 16:06:56.539: D/dalvikvm(11116): GC_CONCURRENT freed 145K, 18% free 699K/848K, paused 0ms+0ms, total 3ms
11-10 16:06:57.139: D/AndroidRuntime(11132): >>>>>> AndroidRuntime START com.android.internal.os.RuntimeInit <<<<<<
11-10 16:06:57.139: D/AndroidRuntime(11132): CheckJNI is OFF
11-10 16:06:57.139: D/AndroidRuntime(11132): setted country_code = Germany
11-10 16:06:57.139: D/AndroidRuntime(11132): setted countryiso_code = DE
11-10 16:06:57.144: D/AndroidRuntime(11132): setted sales_code = DBT
11-10 16:06:57.144: D/AndroidRuntime(11132): readGMSProperty: start
11-10 16:06:57.144: D/AndroidRuntime(11132): readGMSProperty: already setted!!
11-10 16:06:57.144: D/AndroidRuntime(11132): readGMSProperty: end
11-10 16:06:57.144: D/AndroidRuntime(11132): addProductProperty: start
11-10 16:06:57.149: D/dalvikvm(11132): Trying to load lib libjavacore.so 0x0
11-10 16:06:57.159: D/dalvikvm(11132): Added shared lib libjavacore.so 0x0
11-10 16:06:57.164: D/dalvikvm(11132): Trying to load lib libnativehelper.so 0x0
11-10 16:06:57.164: D/dalvikvm(11132): Added shared lib libnativehelper.so 0x0
11-10 16:06:57.399: D/dalvikvm(11132): Note: class Landroid/app/ActivityManagerNative; has 177 unimplemented (abstract) methods
11-10 16:06:57.429: D/AndroidRuntime(11132): Calling main entry com.android.commands.am.Am
11-10 16:06:57.494: D/AndroidRuntime(11132): Shutting down VM
11-10 16:06:57.499: D/dalvikvm(11132): GC_CONCURRENT freed 97K, 13% free 720K/820K, paused 0ms+1ms, total 3ms
11-10 16:06:57.504: D/STATUSBAR-NetworkController(2563): refreshSignalCluster: data=-1 bt=false
11-10 16:06:57.504: D/STATUSBAR-IconMerger(2563): checkOverflow(336), More:false, Req:false Child:6
11-10 16:06:57.599: D/dalvikvm(11143): GC_CONCURRENT freed 468K, 14% free 9934K/11460K, paused 3ms+1ms, total 17ms
11-10 16:06:57.599: D/dalvikvm(11143): WAIT_FOR_CONCURRENT_GC blocked 13ms
11-10 16:06:57.704: D/dalvikvm(11143): GC_CONCURRENT freed 513K, 14% free 10426K/11992K, paused 1ms+1ms, total 19ms
11-10 16:06:57.799: I/System.out(11143): INFO: onStartCommand
11-10 16:06:57.809: D/SSRMv2:Monitor(2348): SIOP:: AP = 360 (read only)
11-10 16:06:58.014: D/AndroidRuntime(11159): >>>>>> AndroidRuntime START com.android.internal.os.RuntimeInit <<<<<<
11-10 16:06:58.014: D/AndroidRuntime(11159): CheckJNI is OFF
11-10 16:06:58.014: D/AndroidRuntime(11159): setted country_code = Germany
11-10 16:06:58.014: D/AndroidRuntime(11159): setted countryiso_code = DE
11-10 16:06:58.014: D/AndroidRuntime(11159): setted sales_code = DBT
11-10 16:06:58.014: D/AndroidRuntime(11159): readGMSProperty: start
11-10 16:06:58.014: D/AndroidRuntime(11159): readGMSProperty: already setted!!
11-10 16:06:58.014: D/AndroidRuntime(11159): readGMSProperty: end
11-10 16:06:58.014: D/AndroidRuntime(11159): addProductProperty: start
11-10 16:06:58.024: D/dalvikvm(11159): Trying to load lib libjavacore.so 0x0
11-10 16:06:58.029: D/dalvikvm(11159): Added shared lib libjavacore.so 0x0
11-10 16:06:58.034: D/dalvikvm(11159): Trying to load lib libnativehelper.so 0x0
11-10 16:06:58.034: D/dalvikvm(11159): Added shared lib libnativehelper.so 0x0
11-10 16:06:58.269: D/dalvikvm(11159): Note: class Landroid/app/ActivityManagerNative; has 177 unimplemented (abstract) methods
11-10 16:06:58.304: D/AndroidRuntime(11159): Calling main entry com.android.commands.am.Am
11-10 16:06:58.404: I/dalvikvm(11169): Could not find method android.support.test.internal.runner.hidden.ExposedInstrumentationApi.execStartActivity, referenced from method android.support.test.runner.MonitoringInstrumentation.execStartActivity
11-10 16:06:58.404: W/dalvikvm(11169): VFY: unable to resolve virtual method 1560: Landroid/support/test/internal/runner/hidden/ExposedInstrumentationApi;.execStartActivity (Landroid/content/Context;Landroid/os/IBinder;Landroid/os/IBinder;Landroid/app/Activity;Landroid/content/Intent;I)Landroid/app/Instrumentation$ActivityResult;
11-10 16:06:58.404: D/dalvikvm(11169): VFY: replacing opcode 0x75 at 0x0024
11-10 16:06:58.404: I/dalvikvm(11169): Could not find method android.support.test.internal.runner.hidden.ExposedInstrumentationApi.execStartActivity, referenced from method android.support.test.runner.MonitoringInstrumentation.execStartActivity
11-10 16:06:58.404: W/dalvikvm(11169): VFY: unable to resolve virtual method 1564: Landroid/support/test/internal/runner/hidden/ExposedInstrumentationApi;.execStartActivity (Landroid/content/Context;Landroid/os/IBinder;Landroid/os/IBinder;Ljava/lang/String;Landroid/content/Intent;ILandroid/os/Bundle;)Landroid/app/Instrumentation$ActivityResult;
11-10 16:06:58.404: D/dalvikvm(11169): VFY: replacing opcode 0x75 at 0x0024
11-10 16:06:58.414: I/dalvikvm(11169): Could not find method java.lang.ReflectiveOperationException.getMessage, referenced from method com.google.android.apps.mtaas.crawler.SignaturePatchingCallback.patchSignatureCreator
11-10 16:06:58.414: W/dalvikvm(11169): VFY: unable to resolve virtual method 11605: Ljava/lang/ReflectiveOperationException;.getMessage ()Ljava/lang/String;
11-10 16:06:58.414: D/dalvikvm(11169): VFY: replacing opcode 0x6e at 0x0025
11-10 16:06:58.424: I/MonitoringInstr(11169): Instrumentation started on process org.runnerup
11-10 16:06:58.424: I/MonitoringInstr(11169): No multidex.
11-10 16:06:58.424: I/MonitoringInstr(11169): Setting context classloader to 'dalvik.system.PathClassLoader[dexPath=/system/framework/android.test.runner.jar:/data/app/com.google.android.apps.mtaas.crawler-1.apk:/data/app/org.runnerup-1.apk,libraryPath=/data/app-lib/com.google.android.apps.mtaas.crawler-1:/data/app-lib/org.runnerup-1]', Original: 'dalvik.system.PathClassLoader[dexPath=/system/framework/android.test.runner.jar:/data/app/com.google.android.apps.mtaas.crawler-1.apk:/data/app/org.runnerup-1.apk,libraryPath=/data/app-lib/com.google.android.apps.mtaas.crawler-1:/data/app-lib/org.runnerup-1]'
11-10 16:06:58.429: D/ApplicationLifecycleMonitorImpl(11169): running callback: com.google.android.apps.mtaas.crawler.SignaturePatchingCallback@426af908
11-10 16:06:58.504: D/STATUSBAR-NetworkController(2563): refreshSignalCluster: data=-1 bt=false
11-10 16:06:58.524: D/dalvikvm(11169): GC_CONCURRENT freed 484K, 14% free 9918K/11456K, paused 3ms+2ms, total 33ms
11-10 16:06:58.524: D/dalvikvm(11169): WAIT_FOR_CONCURRENT_GC blocked 25ms
11-10 16:06:58.524: D/STATUSBAR-IconMerger(2563): checkOverflow(336), More:false, Req:false Child:6
11-10 16:06:58.619: D/dalvikvm(11169): GC_CONCURRENT freed 519K, 14% free 10381K/11952K, paused 1ms+1ms, total 15ms
11-10 16:06:58.639: D/ApplicationLifecycleMonitorImpl(11169): callback completes: com.google.android.apps.mtaas.crawler.SignaturePatchingCallback@426af908
11-10 16:06:58.639: D/ApplicationLifecycleMonitorImpl(11169): running callback: com.google.android.apps.mtaas.crawler.SignaturePatchingCallback@426af908
11-10 16:06:58.639: D/ApplicationLifecycleMonitorImpl(11169): callback completes: com.google.android.apps.mtaas.crawler.SignaturePatchingCallback@426af908
11-10 16:06:58.639: I/MonitoringInstr(11169): No JSBridge.
11-10 16:06:58.639: I/MonitoringInstr(11169): Setting context classloader to 'dalvik.system.PathClassLoader[dexPath=/system/framework/android.test.runner.jar:/data/app/com.google.android.apps.mtaas.crawler-1.apk:/data/app/org.runnerup-1.apk,libraryPath=/data/app-lib/com.google.android.apps.mtaas.crawler-1:/data/app-lib/org.runnerup-1]', Original: 'dalvik.system.PathClassLoader[dexPath=/system/framework/android.test.runner.jar:/data/app/com.google.android.apps.mtaas.crawler-1.apk:/data/app/org.runnerup-1.apk,libraryPath=/data/app-lib/com.google.android.apps.mtaas.crawler-1:/data/app-lib/org.runnerup-1]'
11-10 16:06:58.644: I/UsageTrackerFacilitator(11169): Usage tracking disabled
11-10 16:06:58.659: D/TestExecutor(11169): Adding listener android.support.test.internal.runner.listener.LogRunListener
11-10 16:06:58.659: D/TestExecutor(11169): Adding listener android.support.test.internal.runner.listener.InstrumentationResultPrinter
11-10 16:06:58.659: D/TestExecutor(11169): Adding listener android.support.test.internal.runner.listener.ActivityFinisherRunListener
11-10 16:06:58.664: I/TestRunner(11169): run started: 1 tests
11-10 16:06:58.664: I/TestRunner(11169): started: testEntry(com.google.android.apps.mtaas.crawler.CrawlPlatform)
11-10 16:06:58.669: I/MonitoringInstr(11169): Activities that are still in CREATED to STOPPED: 0
11-10 16:06:58.694: I/dalvikvm(11169): Could not find method android.app.Instrumentation.getUiAutomation, referenced from method android.support.test.uiautomator.UiDevice.getUiAutomation
11-10 16:06:58.694: W/dalvikvm(11169): VFY: unable to resolve virtual method 20: Landroid/app/Instrumentation;.getUiAutomation (I)Landroid/app/UiAutomation;
11-10 16:06:58.694: D/dalvikvm(11169): VFY: replacing opcode 0x6e at 0x000e
11-10 16:06:58.699: I/dalvikvm(11169): Could not find method android.app.UiAutomation.getWindows, referenced from method android.support.test.uiautomator.UiDevice.getWindowRoots
11-10 16:06:58.699: W/dalvikvm(11169): VFY: unable to resolve virtual method 29: Landroid/app/UiAutomation;.getWindows ()Ljava/util/List;
11-10 16:06:58.699: D/dalvikvm(11169): VFY: replacing opcode 0x6e at 0x001f
11-10 16:06:58.834: I/System.out(11143): INFO: onBind
11-10 16:06:58.839: I/System.out(11143): Current launcher Package Name: com.sec.android.app.launcher
11-10 16:06:58.844: I/System.out(11143): INFO: Crawl guidance file does not exist.
11-10 16:06:58.849: I/System.out(11143): INFO: Robo script file is absent.
11-10 16:06:58.849: I/System.out(11143): INFO: Received 0 Robo script actions.
11-10 16:06:58.859: I/System.out(11143): INFO: RandomSeed of 1234 used in crawler.
11-10 16:06:58.859: I/System.out(11143): INFO: Depth First Search Crawler Strategy Employed.
11-10 16:06:58.874: I/System.out(11143): WARNING: Current package [INITIAL_SCREEN_PACKAGE_NAME] is out of whitelisted packages
11-10 16:06:58.879: I/System.out(11143): INFO: New Screen: Optional.of(ScreenNode {Id=0, PackageName=INITIAL_SCREEN_PACKAGE_NAME, ActivityName=Optional.absent()})
11-10 16:06:58.879: I/System.out(11143): INFO: No starting intents specified. Launching with default launcher intent.
11-10 16:06:58.879: I/System.out(11143): INFO: Platform is ready.
11-10 16:06:58.899: I/LogcatReader(11143): Executing logcat command: /system/bin/logcat -v time *:V
11-10 16:06:58.924: I/System.out(11143): INFO: Overlay starts
11-10 16:06:58.954: D/MonitoringInstr(11169): execStartActivity(context, ibinder, ibinder, activity, intent, int, bundle
11-10 16:06:58.964: I/power(2348): *** acquire_dvfs_lock : lockType : 1  freq : 1200000 
11-10 16:06:58.964: D/SSRMv2:CustomFrequencyManagerService(2348): acquireDVFSLockLocked : type : DVFS_MIN_LIMIT  frequency : 1200000  uid : 1000  pid : 2348  pkgName : ACTIVITY_RESUME_BOOSTER@5
11-10 16:06:58.964: W/ActivityManager(2348): mDVFSHelper.acquire()
11-10 16:06:58.974: D/PermissionCache(1933): checking android.permission.READ_FRAME_BUFFER for uid=1000 => granted (156 us)
11-10 16:06:59.054: I/SurfaceFlinger(1933): id=11 createSurf (1x1),1 flag=404, sunnerup
11-10 16:06:59.084: D/WindowManager(2348): computeScreenConfigurationLocked() set config.orientation=1 dw=720 dh=1280 Callers=com.android.server.wm.WindowManagerService.updateOrientationFromAppTokensLocked:5171 com.android.server.wm.WindowManagerService.updateOrientationFromAppTokens:5142 com.android.server.am.ActivityStack.realStartActivityLocked:1021 
11-10 16:06:59.084: D/PowerManagerService(2348): setKeyboardVisibility: false
11-10 16:06:59.129: I/dalvikvm(11169): Could not find method android.app.TabActivity.onRequestPermissionsResult, referenced from method org.runnerup.view.MainLayout.onRequestPermissionsResult
11-10 16:06:59.129: W/dalvikvm(11169): VFY: unable to resolve virtual method 340: Landroid/app/TabActivity;.onRequestPermissionsResult (I[Ljava/lang/String;[I)V
11-10 16:06:59.129: D/dalvikvm(11169): VFY: replacing opcode 0x6f at 0x004e
11-10 16:06:59.139: D/AbsListView(9495): unregisterIRListener() is called 
11-10 16:06:59.149: D/LifecycleMonitor(11169): Lifecycle status change: org.runnerup.view.MainLayout@428b0218 in: PRE_ON_CREATE
11-10 16:06:59.179: V/WindowManager(2348): rotationForOrientationLw(orient=1, last=0); user=0 USER_ROTATION_LOCKED sensorRotation=-1 isCoverOpen=true mLidState=-1 mDockMode=0 mHdmiPlugged=false mAccelerometerDefault=false
11-10 16:06:59.189: V/WindowManager(2348): Application requested orientation 1, got rotation 0 which has compatible metrics
11-10 16:06:59.194: D/WindowManager(2348): computeScreenConfigurationLocked() set config.orientation=1 dw=720 dh=1280 Callers=com.android.server.wm.WindowManagerService.updateOrientationFromAppTokensLocked:5171 com.android.server.wm.WindowManagerService.updateOrientationFromAppTokens:5142 com.android.server.am.ActivityManagerService.setRequestedOrientation:3481 
11-10 16:06:59.194: D/PowerManagerService(2348): setKeyboardVisibility: false
11-10 16:06:59.229: I/dalvikvm(11169): Could not find method android.content.res.Configuration.getLocales, referenced from method org.runnerup.util.Formatter.<init>
11-10 16:06:59.229: W/dalvikvm(11169): VFY: unable to resolve virtual method 611: Landroid/content/res/Configuration;.getLocales ()Landroid/os/LocaleList;
11-10 16:06:59.229: D/dalvikvm(11169): VFY: replacing opcode 0x6e at 0x0051
11-10 16:06:59.229: I/dalvikvm(11169): Could not find method android.content.res.Configuration.getLocales, referenced from method org.runnerup.util.Formatter.getCueLangResources
11-10 16:06:59.229: W/dalvikvm(11169): VFY: unable to resolve virtual method 611: Landroid/content/res/Configuration;.getLocales ()Landroid/os/LocaleList;
11-10 16:06:59.229: D/dalvikvm(11169): VFY: replacing opcode 0x6e at 0x0014
11-10 16:06:59.229: E/Formatter(11169): guessDefaultUnit: countryCode: US
11-10 16:06:59.244: E/org.runnerup.view.MainLayout(11169): app-version: 14000057, upgradeState: NEW, km: false
11-10 16:06:59.254: W/Resources(11169): Converting to string: TypedValue{t=0x10/d=0xf a=-1}
11-10 16:06:59.254: W/Resources(11169): Converting to string: TypedValue{t=0x10/d=0xf a=-1}
11-10 16:06:59.264: W/Resources(11169): Converting to string: TypedValue{t=0x10/d=0x4b a=-1}
11-10 16:06:59.269: W/Resources(11169): Converting to string: TypedValue{t=0x10/d=0x3e8 a=-1}
11-10 16:06:59.269: W/Resources(11169): Converting to string: TypedValue{t=0x10/d=0x3e8 a=-1}
11-10 16:06:59.269: W/Resources(11169): Converting to string: TypedValue{t=0x10/d=0x3 a=-1}
11-10 16:06:59.274: W/Resources(11169): Converting to string: TypedValue{t=0x10/d=0x3c a=-1}
11-10 16:06:59.279: W/Resources(11169): Converting to string: TypedValue{t=0x10/d=0xf a=-1}
11-10 16:06:59.284: W/Resources(11169): Converting to string: TypedValue{t=0x10/d=0x1f4 a=-1}
11-10 16:06:59.284: W/Resources(11169): Converting to string: TypedValue{t=0x10/d=0x1f4 a=-1}
11-10 16:06:59.294: W/Resources(11169): Converting to string: TypedValue{t=0x10/d=0x0 a=-1}
11-10 16:06:59.309: W/Resources(11169): Converting to string: TypedValue{t=0x10/d=0xf a=-1}
11-10 16:06:59.319: W/Resources(11169): Converting to string: TypedValue{t=0x10/d=0x78 a=-1}
11-10 16:06:59.319: W/Resources(11169): Converting to string: TypedValue{t=0x10/d=0x78 a=-1}
11-10 16:06:59.334: D/dalvikvm(11169): GC_CONCURRENT freed 1081K, 17% free 10838K/12968K, paused 6ms+3ms, total 50ms
11-10 16:06:59.334: D/dalvikvm(11169): WAIT_FOR_CONCURRENT_GC blocked 16ms
11-10 16:06:59.334: D/dalvikvm(11169): WAIT_FOR_CONCURRENT_GC blocked 14ms
11-10 16:06:59.334: W/Resources(11169): Converting to string: TypedValue{t=0x10/d=0x3e8 a=-1}
11-10 16:06:59.359: D/LifecycleMonitor(11169): Lifecycle status change: org.runnerup.view.StartActivity@4276ffb8 in: PRE_ON_CREATE
11-10 16:06:59.404: E/org.runnerup.db.DBHelper(11169): onUpgrade: oldVersion: 0, newVersion: 31
11-10 16:06:59.419: D/dalvikvm(2348): GC_CONCURRENT freed 1227K, 37% free 21072K/33304K, paused 5ms+10ms, total 164ms
11-10 16:06:59.434: I/dalvikvm(11169): Could not find method android.content.res.Configuration.getLocales, referenced from method org.runnerup.util.Formatter$LocaleResources.<init>
11-10 16:06:59.434: W/dalvikvm(11169): VFY: unable to resolve virtual method 611: Landroid/content/res/Configuration;.getLocales ()Landroid/os/LocaleList;
11-10 16:06:59.434: D/dalvikvm(11169): VFY: replacing opcode 0x6e at 0x0021
11-10 16:06:59.479: D/dalvikvm(11169): GC_CONCURRENT freed 210K, 16% free 11012K/12968K, paused 2ms+2ms, total 24ms
11-10 16:06:59.479: D/dalvikvm(11169): WAIT_FOR_CONCURRENT_GC blocked 22ms
11-10 16:06:59.479: I/dalvikvm-heap(11169): Grow heap (frag case) to 11.835MB for 61456-byte allocation
11-10 16:06:59.499: D/dalvikvm(11169): GC_FOR_ALLOC freed 2K, 16% free 11069K/13032K, paused 23ms, total 23ms
11-10 16:06:59.514: D/STATUSBAR-NetworkController(2563): refreshSignalCluster: data=-1 bt=false
11-10 16:06:59.524: I/SurfaceFlinger(1933): id=10 Removed CackdropAct (2/5)
11-10 16:06:59.524: I/SurfaceFlinger(1933): id=10 Removed CackdropAct (-2/5)
11-10 16:06:59.524: D/STATUSBAR-IconMerger(2563): checkOverflow(336), More:false, Req:false Child:6
11-10 16:06:59.594: D/dalvikvm(11169): GC_FOR_ALLOC freed 312K, 15% free 11381K/13388K, paused 16ms, total 16ms
11-10 16:06:59.619: W/Resources(11169): Converting to string: TypedValue{t=0x10/d=0x5 a=-1}
11-10 16:06:59.654: W/Resources(11169): Converting to string: TypedValue{t=0x10/d=0x3e8 a=-1}
11-10 16:06:59.699: W/Resources(11169): Converting to string: TypedValue{t=0x10/d=0xc8 a=-1}
11-10 16:06:59.754: D/AbsListView(11169): Get MotionRecognitionManager
11-10 16:06:59.759: D/MotionRecognitionService(2348):  ssp status : false
11-10 16:06:59.799: D/AbsListView(11169): Get MotionRecognitionManager
11-10 16:06:59.884: D/AbsListView(11169): onVisibilityChanged() is called, visibility : 8
11-10 16:06:59.884: D/AbsListView(11169): unregisterIRListener() is called 
11-10 16:06:59.894: D/LifecycleMonitor(11169): Lifecycle status change: org.runnerup.view.StartActivity@4276ffb8 in: CREATED
11-10 16:06:59.894: D/LifecycleMonitor(11169): Lifecycle status change: org.runnerup.view.StartActivity@4276ffb8 in: STARTED
11-10 16:06:59.994: V/AlarmManager(2348): waitForAlarm result :8
11-10 16:06:59.999: D/KeyguardClockWidgetService(10334): onReceive action=android.intent.action.TIME_TICK
11-10 16:07:00.004: V/AlarmManager(2348): ClockReceiver onReceive() ACTION_TIME_TICK
11-10 16:07:00.024: D/STATUSBAR-IconMerger(2563): checkOverflow(336), More:false, Req:false Child:6
11-10 16:07:00.049: D/BatteryService(2348): update start
11-10 16:07:00.049: D/BatteryService(2348): level:100, scale:100, status:5, health:2, present:true, voltage: 4326, temperature: 345, technology: Li-ion, AC powered:false, USB powered:true, Wireless powered:false, icon:17303550, invalid charger:0, online:6, charge type:1, current avg:800
11-10 16:07:00.049: D/BatteryService(2348): Sending ACTION_BATTERY_CHANGED.
11-10 16:07:00.064: D/STATUSBAR-BatteryController(2563): onReceive() - ACTION_BATTERY_CHANGED
11-10 16:07:00.064: D/STATUSBAR-BatteryController(2563): onReceive() - BATTERY_STATUS_FULL:
11-10 16:07:00.064: D/STATUSBAR-PhoneStatusBar(2563):  mBrightnessEnablebySettings = true mBrightnessEnablebyBattery = true mBrightnessEnablebyDisableFlag = true
11-10 16:07:00.314: D/SSRMv2:Monitor(2348): SIOP:: AP = 360 (read only)
11-10 16:07:00.649: V/org.runnerup.view.MainLayout(11169): Found: bundled/app_workouts, /data/data/org.runnerup/files/../app_workouts, isFile: false
11-10 16:07:01.034: D/BatteryService(2348): update start
11-10 16:07:01.034: D/BatteryService(2348): level:100, scale:100, status:5, health:2, present:true, voltage: 4248, temperature: 352, technology: Li-ion, AC powered:false, USB powered:true, Wireless powered:false, icon:17303550, invalid charger:0, online:6, charge type:0, current avg:800
11-10 16:07:01.034: D/BatteryService(2348): Sending ACTION_BATTERY_CHANGED.
11-10 16:07:01.039: D/STATUSBAR-BatteryController(2563): onReceive() - ACTION_BATTERY_CHANGED
11-10 16:07:01.039: D/STATUSBAR-BatteryController(2563): onReceive() - BATTERY_STATUS_FULL:
11-10 16:07:01.044: D/STATUSBAR-PhoneStatusBar(2563):  mBrightnessEnablebySettings = true mBrightnessEnablebyBattery = true mBrightnessEnablebyDisableFlag = true
11-10 16:07:01.389: V/org.runnerup.view.MainLayout(11169): Found: bundled/app_workouts/8-6-4-2.json, /data/data/org.runnerup/files/../app_workouts/8-6-4-2.json, isFile: true
11-10 16:07:01.434: V/org.runnerup.view.MainLayout(11169): Copying: /data/data/org.runnerup/files/../app_workouts/8-6-4-2.json
11-10 16:07:01.434: V/org.runnerup.view.MainLayout(11169): Found: bundled/app_workouts/MalinEwerlov.json, /data/data/org.runnerup/files/../app_workouts/MalinEwerlov.json, isFile: true
11-10 16:07:01.449: V/org.runnerup.view.MainLayout(11169): Copying: /data/data/org.runnerup/files/../app_workouts/MalinEwerlov.json
11-10 16:07:01.454: V/org.runnerup.view.MainLayout(11169): Found: bundled/app_workouts/Super1000.json, /data/data/org.runnerup/files/../app_workouts/Super1000.json, isFile: true
11-10 16:07:01.469: V/org.runnerup.view.MainLayout(11169): Copying: /data/data/org.runnerup/files/../app_workouts/Super1000.json
11-10 16:07:01.469: V/org.runnerup.view.MainLayout(11169): Found: bundled/shared_prefs, /data/data/org.runnerup/files/../shared_prefs, isFile: false
11-10 16:07:01.569: D/BatteryService(2348): update start
11-10 16:07:01.569: D/BatteryService(2348): level:100, scale:100, status:5, health:2, present:true, voltage: 4330, temperature: 350, technology: Li-ion, AC powered:false, USB powered:true, Wireless powered:false, icon:17303550, invalid charger:0, online:6, charge type:1, current avg:800
11-10 16:07:01.569: D/BatteryService(2348): Sending ACTION_BATTERY_CHANGED.
11-10 16:07:01.574: D/STATUSBAR-BatteryController(2563): onReceive() - ACTION_BATTERY_CHANGED
11-10 16:07:01.574: D/STATUSBAR-BatteryController(2563): onReceive() - BATTERY_STATUS_FULL:
11-10 16:07:01.574: D/STATUSBAR-PhoneStatusBar(2563):  mBrightnessEnablebySettings = true mBrightnessEnablebyBattery = true mBrightnessEnablebyDisableFlag = true
11-10 16:07:01.964: I/power(2348): *** release_dvfs_lock : lockType : 1 
11-10 16:07:01.964: I/power(2348): *** acquire_dvfs_lock : lockType : 1  freq : 1200000 
11-10 16:07:01.964: D/SSRMv2:CustomFrequencyManagerService(2348): releaseDVFSLockLocked : Getting Lock type frm List : DVFS_MIN_LIMIT  frequency : 1200000  uid : 1000  pid : 2348  tag : ACTIVITY_RESUME_BOOSTER@5
11-10 16:07:01.964: W/ActivityManager(2348): mDVFSHelper.release()
11-10 16:07:01.964: D/SSRMv2:CustomFrequencyManagerService(2348): acquireDVFSLockLocked : type : DVFS_MIN_LIMIT  frequency : 1200000  uid : 1000  pid : 2348  pkgName : ACTIVITY_RESUME_BOOSTER@8
11-10 16:07:02.219: V/org.runnerup.view.MainLayout(11169): Found: bundled/shared_prefs/100m_audio_cues.xml, /data/data/org.runnerup/files/../shared_prefs/100m_audio_cues.xml, isFile: true
11-10 16:07:02.229: V/org.runnerup.view.MainLayout(11169): Copying: /data/data/org.runnerup/files/../shared_prefs/100m_audio_cues.xml
11-10 16:07:02.289: I/power(2348): *** release_dvfs_lock : lockType : 1 
11-10 16:07:02.289: D/SSRMv2:CustomFrequencyManagerService(2348): releaseDVFSLockLocked : Getting Lock type frm List : DVFS_MIN_LIMIT  frequency : 1200000  uid : 1000  pid : 2348  tag : ACTIVITY_RESUME_BOOSTER@8
11-10 16:07:02.364: D/LifecycleMonitor(11169): Lifecycle status change: org.runnerup.view.MainLayout@428b0218 in: CREATED
11-10 16:07:02.364: D/LifecycleMonitor(11169): Lifecycle status change: org.runnerup.view.MainLayout@428b0218 in: STARTED
11-10 16:07:02.369: D/LifecycleMonitor(11169): Lifecycle status change: org.runnerup.view.StartActivity@4276ffb8 in: RESUMED
11-10 16:07:02.369: D/LifecycleMonitor(11169): Lifecycle status change: org.runnerup.view.MainLayout@428b0218 in: RESUMED
11-10 16:07:02.369: D/AbsListView(11169): onVisibilityChanged() is called, visibility : 4
11-10 16:07:02.369: D/AbsListView(11169): unregisterIRListener() is called 
11-10 16:07:02.379: D/AbsListView(11169): onVisibilityChanged() is called, visibility : 0
11-10 16:07:02.379: D/AbsListView(11169): unregisterIRListener() is called 
11-10 16:07:02.534: I/SurfaceFlinger(1933): id=12 createSurf (1x1),1 flag=404, NainLayout
11-10 16:07:02.534: D/STATUSBAR-StatusBarManagerService(2348): manageDisableList what=0x0 pkg=WindowManager.LayoutParams
11-10 16:07:02.544: V/PhoneStatusBar(2563): setLightsOn(true)
11-10 16:07:02.549: D/libEGL(11169): loaded /system/lib/egl/libEGL_mali.so
11-10 16:07:02.549: D/libEGL(11169): loaded /system/lib/egl/libGLESv1_CM_mali.so
11-10 16:07:02.554: D/libEGL(11169): loaded /system/lib/egl/libGLESv2_mali.so
11-10 16:07:02.554: D/libEGL(11169): [ 11-10 16:07:02.559 11169:11169 E/         ]
11-10 16:07:02.554: D/libEGL(11169): Device driver API match
11-10 16:07:02.554: D/libEGL(11169): Device driver API version: 23
11-10 16:07:02.554: D/libEGL(11169): User space API version: 23 
11-10 16:07:02.554: D/libEGL(11169): [ 11-10 16:07:02.559 11169:11169 E/         ]
11-10 16:07:02.554: D/libEGL(11169): mali: REVISION=Linux-r3p2-01rel3 BUILD_DATE=Wed Oct  9 21:05:57 KST 2013 
11-10 16:07:02.639: D/OpenGLRenderer(11169): Enabling debug mode 0
11-10 16:07:02.644: E/org.runnerup.view.StartActivity(11169): StartActivity.startGps()
11-10 16:07:02.644: D/LocationManagerService(2348): request 42d93530 gps Request[ACCURACY_FINE gps requested=0 fastest=0] from org.runnerup(10170)
11-10 16:07:02.644: D/LocationManagerService(2348): provider request: gps ProviderRequest[ON interval=0]
11-10 16:07:02.649: D/GpsLocationProvider(2348): setRequest ProviderRequest[ON interval=0]
11-10 16:07:02.654: E/org.runnerup.tracker.Tracker(11169): Tracker.connect() - state: INIT
11-10 16:07:02.654: D/GpsLocationProvider(2348): startNavigating, singleShot is false
11-10 16:07:02.659: D/GpsLocationProvider_ex(2348): getSKAFEnable : false
11-10 16:07:02.659: D/GpsLocationProvider(2348): setting position_mode to MS_BASED
11-10 16:07:02.664: I/TextToSpeech(11169): Sucessfully bound to com.google.android.tts
11-10 16:07:02.664: E/TrackerComponentCollection(11169): TTS onInit => RESULT_PENDING
11-10 16:07:02.664: E/TrackerComponentCollection(11169): WEAR onInit => RESULT_NOT_SUPPORTED
11-10 16:07:02.664: E/TrackerComponentCollection(11169): Receiver onInit => RESULT_OK
11-10 16:07:02.679: D/libgps(2348): proxy_gps_status_cb: called. status(3)
11-10 16:07:02.679: D/libgps(2348): proxy_gps_status_cb: normal GPS icon mode.
11-10 16:07:02.684: V/GpsLocationProvider(2348): reportStatus status: 3
11-10 16:07:02.684: I/libgps(2348): [proxy_gps_acquire_wakelock_cb][line = 652]: acquire_wakelock(1)
11-10 16:07:02.699: D/dalvikvm(11169): GC_CONCURRENT freed 1378K, 14% free 15994K/18424K, paused 2ms+2ms, total 28ms
11-10 16:07:02.699: D/dalvikvm(11169): WAIT_FOR_CONCURRENT_GC blocked 27ms
11-10 16:07:02.814: D/SSRMv2:Monitor(2348): SIOP:: AP = 360, Prev AP = 360, Duration = 10001
11-10 16:07:02.899: E/TrackerComponentCollection(11169): Elevation onInit => RESULT_OK
11-10 16:07:02.904: E/TrackerComponentCollection(11169): PEBBLE onInit => RESULT_NOT_SUPPORTED
11-10 16:07:02.904: E/TrackerComponentCollection(11169): Temperature onInit => RESULT_OK
11-10 16:07:02.904: E/TrackerComponentCollection(11169): HRM onInit => RESULT_UNKNOWN
11-10 16:07:02.904: E/TrackerComponentCollection(11169): GPS onInit => RESULT_OK
11-10 16:07:02.904: E/TrackerComponentCollection(11169): Pressure onInit => RESULT_OK
11-10 16:07:02.904: E/TrackerComponentCollection(11169): Cadence onInit => RESULT_OK
11-10 16:07:02.904: E/org.runnerup.tracker.Tracker(11169):  => nextState: CONNECTED
11-10 16:07:02.904: E/ActivityThread(11169): Failed to find provider info for com.getpebble.android.provider.basalt
11-10 16:07:02.904: E/ActivityThread(11169): Failed to find provider info for com.getpebble.android.provider
11-10 16:07:02.909: D/STATUSBAR-StatusBarManagerService(2348): sendNotification(1) - 1
11-10 16:07:02.924: D/STATUSBAR-StatusBarManagerService(2348): sendNotification(2) - 1
11-10 16:07:02.929: I/Choreographer(11169): Skipped 30 frames!  The application may be doing too much work on its main thread.
11-10 16:07:02.959: D/SensorService(2348): info.rates.add, set DEFAULT_EVENTS_PERIOD
11-10 16:07:02.959: I/iNemoSensor(2348): enable(): handle(0), en(1), what(0)
11-10 16:07:02.959: D/AkmSensor(2348): akm_enable_sensor: Accel is enabled. (orien = 0)
11-10 16:07:02.959: I/AkmSensor(2348): enable_accelerometer, mEnabled = 0, enable = 1
11-10 16:07:02.959: W/ResourceType(2563): Attempt to retrieve bag 0x01030068 which is invalid or in a cycle.
11-10 16:07:02.964: D/iNemoSensor(2348): enable(): MASK_ACC (1) MASK_MAG (0) MASK_GYR (0), MASK_UMAG(0)
11-10 16:07:02.964: D/iNemoSensor(2348): enable(): mEnAcc(1) mEnMag(0) mEnGyr(0), mEUMag(0)
11-10 16:07:02.964: I/AkmSensor(2348): enabled = 2, shutdown = 0
11-10 16:07:02.964: I/iNemoSensor(2348): update_delay wanted_accel = 200000000
11-10 16:07:02.964: W/ResourceType(2563): Attempt to retrieve bag 0x01030067 which is invalid or in a cycle.
11-10 16:07:02.964: D/SensorService(2348): SensorDevice::activating sensor handle=0 ns=200000000 
11-10 16:07:02.964: D/iNemoSensor(2348): setDelay(): handle(0), en(200000000)
11-10 16:07:02.964: I/iNemoSensor(2348): skip update_delay wanted_accel = 200000000 current delay = 200000000
11-10 16:07:02.964: D/SensorService(2348): info.rates.add, set DEFAULT_EVENTS_PERIOD
11-10 16:07:02.964: I/iNemoSensor(2348): enable(): handle(5), en(1), what(1)
11-10 16:07:02.964: I/iNemoSensor(2348): enable:410 gyro_dps = 500 .
11-10 16:07:02.964: D/iNemoSensor(2348): enableDev() : path(/sys/class/input/event3/device/enable), val(1)
11-10 16:07:02.969: D/ProgressBar(2563): setProgressDrawable mProgressDrawable = null, d = android.graphics.drawable.LayerDrawable@43977a98needUpdate = false
11-10 16:07:02.969: D/ProgressBar(2563): setProgressDrawable drawableHeight = 12
11-10 16:07:02.969: D/ProgressBar(2563): setProgress = 0
11-10 16:07:02.969: D/ProgressBar(2563): setProgress = 0, fromUser = false
11-10 16:07:02.969: D/ProgressBar(2563): mProgress = 0mIndeterminate = false, mMin = 0, mMax = 100
11-10 16:07:02.979: D/iNemoSensor(2348): enable(): MASK_ACC (1) MASK_MAG (0) MASK_GYR (2), MASK_UMAG(0)
11-10 16:07:02.979: D/iNemoSensor(2348): enable(): mEnAcc(1) mEnMag(0) mEnGyr(1), mEUMag(0)
11-10 16:07:02.979: I/iNemoSensor(2348): iNemoSensor::update_delay wanted_gyro = 200000000
11-10 16:07:02.979: I/iNemoSensor(2348): skip update_delay wanted_accel = 200000000 current delay = 200000000
11-10 16:07:02.979: D/SensorService(2348): SensorDevice::activating sensor handle=5 ns=200000000 
11-10 16:07:02.979: D/iNemoSensor(2348): setDelay(): handle(5), en(200000000)
11-10 16:07:02.979: I/iNemoSensor(2348): iNemoSensor::skip update_delay wanted_gyro = 200000000 current delay = 200000000
11-10 16:07:02.979: I/iNemoSensor(2348): skip update_delay wanted_accel = 200000000 current delay = 200000000
11-10 16:07:02.979: D/libgps(2348): proxy_gps_status_cb: called. status(1)
11-10 16:07:02.979: D/libgps(2348): proxy_gps_status_cb: normal GPS icon mode.
11-10 16:07:02.979: V/GpsLocationProvider(2348): reportStatus status: 1
11-10 16:07:02.979: D/SensorService(2348): info.rates.add, set DEFAULT_EVENTS_PERIOD
11-10 16:07:02.979: D/Sensors(2348): PressTempSensor::enable: handle: 9, enable: 1
11-10 16:07:02.979: D/Sensors(2348): PressTempSensor: mEnabled 1, enabled: 0
11-10 16:07:02.979: D/Sensors(2348): PressTempSensor::enable open(/sys/class/input/event6/device/enable), fd(353)
11-10 16:07:02.984: D/Sensors(2348): PressTempSensor::write enable (/sys/class/input/event6/device/enable), value(1)
11-10 16:07:02.984: D/Sensors(2348): PressTempSensor::enable write retval:(2)
11-10 16:07:02.984: D/SensorService(2348): SensorDevice::activating sensor handle=9 ns=200000000 
11-10 16:07:02.984: W/ResourceType(2563): Attempt to retrieve bag 0x010301fc which is invalid or in a cycle.
11-10 16:07:02.984: I/Sensors(2348): PressTempSensor::setDelay set to delay_ms = 200
11-10 16:07:02.984: I/SensorService(2348): info.selectDelay() ns=25000000  
11-10 16:07:02.984: D/iNemoSensor(2348): setDelay(): handle(0), en(25000000)
11-10 16:07:02.984: I/iNemoSensor(2348): iNemoSensor::skip update_delay wanted_gyro = 200000000 current delay = 200000000
11-10 16:07:02.984: I/iNemoSensor(2348): update_delay wanted_accel = 25000000
11-10 16:07:02.984: D/SensorService(2348): SensorDevice::setDelay, Return(true 1, false 0) =  1
11-10 16:07:02.984: I/SensorService(2348): info.selectDelay() ns=50000000  
11-10 16:07:02.984: D/iNemoSensor(2348): setDelay(): handle(5), en(50000000)
11-10 16:07:02.984: I/iNemoSensor(2348): iNemoSensor::update_delay wanted_gyro = 50000000
11-10 16:07:02.984: I/iNemoSensor(2348): skip update_delay wanted_accel = 25000000 current delay = 25000000
11-10 16:07:02.984: D/SensorService(2348): SensorDevice::setDelay, Return(true 1, false 0) =  1
11-10 16:07:02.984: I/SensorService(2348): info.selectDelay() ns=250000000  
11-10 16:07:02.989: I/Sensors(2348): PressTempSensor::setDelay set to delay_ms = 250
11-10 16:07:02.989: D/SensorService(2348): SensorDevice::setDelay, Return(true 1, false 0) =  1
11-10 16:07:02.989: I/libgps(2348): OnGpsExtensionMessage: MSG_REQUEST_LOCATION_ID
11-10 16:07:03.009: D/STATUSBAR-StatusBarManagerService(2348): sendNotification(1) - 252119
11-10 16:07:03.024: D/STATUSBAR-IconMerger(2563): checkOverflow(336), More:false, Req:false Child:7
11-10 16:07:03.044: D/ProgressBar(2563): setProgressDrawable mProgressDrawable = null, d = android.graphics.drawable.LayerDrawable@4393ada8needUpdate = false
11-10 16:07:03.044: D/ProgressBar(2563): setProgressDrawable drawableHeight = 12
11-10 16:07:03.044: D/ProgressBar(2563): setProgress = 0
11-10 16:07:03.044: D/ProgressBar(2563): setProgress = 0, fromUser = false
11-10 16:07:03.044: D/ProgressBar(2563): mProgress = 0mIndeterminate = false, mMin = 0, mMax = 100
11-10 16:07:03.054: W/ResourceType(2563): Attempt to retrieve bag 0x010301fc which is invalid or in a cycle.
11-10 16:07:03.054: E/EnterpriseContainerManager(2348): ContainerPolicy Service is not yet ready!!!
11-10 16:07:03.054: D/EnterpriseDeviceManager(2348): ContainerId: 0
11-10 16:07:03.059: W/LicenseLogService(2348): log() is called by non admin
11-10 16:07:03.089: I/TextToSpeech(11169): Connected to ComponentInfo{com.google.android.tts/com.google.android.tts.service.GoogleTTSService}
11-10 16:07:03.099: D/STATUSBAR-StatusBarManagerService(2348): sendNotification(2) - 1
11-10 16:07:03.099: I/TextToSpeech(11169): Set up connection to ComponentInfo{com.google.android.tts/com.google.android.tts.service.GoogleTTSService}
11-10 16:07:03.099: D/STATUSBAR-IconMerger(2563): checkOverflow(336), More:false, Req:true Child:8
11-10 16:07:03.114: D/STATUSBAR-IconMerger(2563): checkOverflow(288), More:true, Req:true Child:7
11-10 16:07:03.164: D/AkmSensor(2348): MeasureSNGLoop: interval.interval = 25000000, doze_max = 24500, prms->enabled = 2
11-10 16:07:03.199: E/TrackerComponentCollection(11169): TTS onInit => RESULT_OK
11-10 16:07:03.199: E/TrackerComponentCollection(11169):  => runCallback()
11-10 16:07:03.199: E/org.runnerup.tracker.Tracker$1(11169): state.set(INITIALIZED)
11-10 16:07:03.199: E/org.runnerup.tracker.Tracker(11169): Tracker.connect() - state: INITIALIZED
11-10 16:07:03.204: D/dalvikvm(11169): DexOpt: couldn't find static field Landroid/os/Environment;.DIRECTORY_DOCUMENTS
11-10 16:07:03.204: W/dalvikvm(11169): VFY: unable to resolve static field 132 (DIRECTORY_DOCUMENTS) in Landroid/os/Environment;
11-10 16:07:03.204: D/dalvikvm(11169): VFY: replacing opcode 0x62 at 0x0047
11-10 16:07:03.259: E/TrackerComponentCollection(11169): WEAR onConnecting => RESULT_NOT_SUPPORTED
11-10 16:07:03.259: E/TrackerComponentCollection(11169): TTS onConnecting => RESULT_OK
11-10 16:07:03.259: E/TrackerComponentCollection(11169): Receiver onConnecting => RESULT_OK
11-10 16:07:03.259: E/TrackerComponentCollection(11169): Elevation onConnecting => RESULT_NOT_SUPPORTED
11-10 16:07:03.259: E/TrackerComponentCollection(11169): PEBBLE onConnecting => RESULT_NOT_SUPPORTED
11-10 16:07:03.259: E/TrackerComponentCollection(11169): Temperature onConnecting => RESULT_NOT_SUPPORTED
11-10 16:07:03.259: E/TrackerComponentCollection(11169): HRM onConnecting => RESULT_NOT_SUPPORTED
11-10 16:07:03.259: D/LocationManagerService(2348): request 42ded2b0 gps Request[ACCURACY_FINE gps requested=+500ms fastest=+500ms] from org.runnerup(10170)
11-10 16:07:03.259: D/LocationManagerService(2348): provider request: gps ProviderRequest[ON interval=0]
11-10 16:07:03.259: D/GpsLocationProvider(2348): setRequest ProviderRequest[ON interval=0]
11-10 16:07:03.259: D/LocationManagerService(2348): request 42d21238 gps Request[ACCURACY_FINE gps requested=0 fastest=0] from org.runnerup(10170)
11-10 16:07:03.259: D/LocationManagerService(2348): provider request: gps ProviderRequest[ON interval=0]
11-10 16:07:03.259: D/GpsLocationProvider(2348): setRequest ProviderRequest[ON interval=0]
11-10 16:07:03.259: E/TrackerComponentCollection(11169): GPS onConnecting => RESULT_PENDING
11-10 16:07:03.264: E/TrackerComponentCollection(11169): Pressure onConnecting => RESULT_NOT_ENABLED
11-10 16:07:03.264: E/TrackerComponentCollection(11169): Cadence onConnecting => RESULT_NOT_ENABLED
11-10 16:07:03.269: I/SurfaceFlinger(1933): id=11 Removed sunnerup (3/5)
11-10 16:07:03.269: I/SurfaceFlinger(1933): id=11 Removed sunnerup (-2/5)
11-10 16:07:03.274: D/InputManagerEventInjectionStrategy(11169): Creating injection strategy with input manager.
11-10 16:07:03.284: D/AbsListView(9495): onVisibilityChanged() is called, visibility : 4
11-10 16:07:03.284: D/AbsListView(9495): unregisterIRListener() is called 
11-10 16:07:03.299: I/ViewInteraction(11169): Performing 'Extracts screen state.' action on view is a root view.
11-10 16:07:03.304: W/ResourceType(11169): No known package when getting name for resource number 0xffffffff
11-10 16:07:03.324: W/ResourceType(11169): No known package when getting name for resource number 0xffffffff
11-10 16:07:03.339: W/ResourceType(11169): No known package when getting name for resource number 0xffffffff
11-10 16:07:03.354: W/ResourceType(11169): No known package when getting name for resource number 0xffffffff
11-10 16:07:03.359: W/ResourceType(11169): No known package when getting name for resource number 0xffffffff
11-10 16:07:03.364: W/ResourceType(11169): No known package when getting name for resource number 0xffffffff
11-10 16:07:03.369: W/ResourceType(11169): No known package when getting name for resource number 0xffffffff
11-10 16:07:03.374: W/ResourceType(11169): No known package when getting name for resource number 0xffffffff
11-10 16:07:03.419: W/ResourceType(11169): No known package when getting name for resource number 0xffffffff
11-10 16:07:03.469: W/ResourceType(11169): No known package when getting name for resource number 0xffffffff
11-10 16:07:03.484: W/ResourceType(11169): No known package when getting name for resource number 0xffffffff
11-10 16:07:03.494: D/dalvikvm(11169): GC_CONCURRENT freed 880K, 11% free 17076K/19008K, paused 3ms+2ms, total 29ms
11-10 16:07:03.499: W/ResourceType(11169): No known package when getting name for resource number 0xffffffff
11-10 16:07:03.504: W/ResourceType(11169): No known package when getting name for resource number 0xffffffff
11-10 16:07:03.509: W/ResourceType(11169): No known package when getting name for resource number 0xffffffff
11-10 16:07:03.519: D/STATUSBAR-NetworkController(2563): refreshSignalCluster: data=-1 bt=false
11-10 16:07:03.524: D/STATUSBAR-IconMerger(2563): checkOverflow(288), More:true, Req:true Child:7
11-10 16:07:03.614: D/PermissionCache(1933): checking android.permission.READ_FRAME_BUFFER for uid=2000 => granted (214 us)
11-10 16:07:03.969: D/dalvikvm(11169): GC_FOR_ALLOC freed 296K, 11% free 17081K/19008K, paused 29ms, total 29ms
