11-10 16:06:07.449: W/ResourceType(3501): Failure getting entry for 0x7f020494 (t=1 e=1172) in package 0 (error -75)
11-10 16:06:07.474: D/YouTube(10081): apps.youtube.core.utils.ay.a:41 HttpClient.UserAgent: com.google.android.youtube/5.1.10(Linux; U; Android 4.3; en_US; GT-I9300 Build/JSS15J)
11-10 16:06:07.484: D/YouTube(10081): apps.youtube.core.utils.ay.a:41 HttpClient.UserAgent: com.google.android.youtube/5.1.10(Linux; U; Android 4.3; en_US; GT-I9300 Build/JSS15J)
11-10 16:06:07.494: W/ResourceType(3501): Failure getting entry for 0x7f020494 (t=1 e=1172) in package 0 (error -75)
11-10 16:06:07.599: I/Gmail(9695): Bootstrapping db: /data/data/com.google.android.gm/databases/mailstore.QRJUJJNYU6ORDHFE7PZXPED3E4-01@cloudtestlabaccounts.com.db Current version is 0
11-10 16:06:07.639: D/BatteryService(2348): update start
11-10 16:06:07.639: D/BatteryService(2348): level:100, scale:100, status:5, health:2, present:true, voltage: 4328, temperature: 340, technology: Li-ion, AC powered:false, USB powered:true, Wireless powered:false, icon:17303550, invalid charger:0, online:6, charge type:1, current avg:800
11-10 16:06:07.639: D/BatteryService(2348): Sending ACTION_BATTERY_CHANGED.
11-10 16:06:07.644: D/STATUSBAR-BatteryController(2563): onReceive() - ACTION_BATTERY_CHANGED
11-10 16:06:07.644: D/STATUSBAR-BatteryController(2563): onReceive() - BATTERY_STATUS_FULL:
11-10 16:06:07.649: D/STATUSBAR-PhoneStatusBar(2563):  mBrightnessEnablebySettings = true mBrightnessEnablebyBattery = true mBrightnessEnablebyDisableFlag = true
11-10 16:06:07.659: D/YouTube(10081): apps.youtube.core.client.r.a:114 event [version=5.1.10-s2000, action=Startup, label=NORMAL_STARTUP, value=-1]
11-10 16:06:07.684: D/YouTube(10081): apps.youtube.core.cache.f.run:163 Cache is below limit, no need to shrink: [size=0, limit=20971520]
11-10 16:06:07.724: D/dalvikvm(10081): GC_CONCURRENT freed 638K, 15% free 9780K/11468K, paused 7ms+2ms, total 31ms
11-10 16:06:07.724: D/dalvikvm(10081): WAIT_FOR_CONCURRENT_GC blocked 8ms
11-10 16:06:07.749: D/dalvikvm(10081): DexOpt: --- BEGIN 'ads-455879004.jar' (bootstrap=0) ---
11-10 16:06:07.759: D/dalvikvm(8335): GC_CONCURRENT freed 355K, 14% free 9951K/11456K, paused 3ms+3ms, total 29ms
11-10 16:06:07.794: I/Gmail(9695): calculateUnknownSyncRationalesAndPurgeInBackground: exiting (labelMap not synced
11-10 16:06:07.804: E/SQLiteLog(9695): (1) no such table: search_status
11-10 16:06:07.804: D/SSRMv2:Monitor(2348): SIOP:: AP = 300 (read only)
11-10 16:06:07.809: I/Gmail(9695): Setting up for AppDataSearch
11-10 16:06:07.809: D/dalvikvm(10114): DexOpt: load 4ms, verify+opt 5ms, 155764 bytes
11-10 16:06:07.829: D/dalvikvm(10081): DexOpt: --- END 'ads-455879004.jar' (success) ---
11-10 16:06:07.829: D/dalvikvm(10081): DEX prep '/data/data/com.google.android.youtube/cache/ads-455879004.jar': unzip in 0ms, rewrite 80ms
11-10 16:06:07.844: I/Gmail(9695): calculateUnknownSyncRationalesAndPurgeInBackground: exiting (labelMap not synced
11-10 16:06:07.859: I/Gmail(9695): calculateUnknownSyncRationalesAndPurgeInBackground: exiting (labelMap not synced
11-10 16:06:07.869: D/dalvikvm(9695): GC_CONCURRENT freed 635K, 15% free 9745K/11432K, paused 3ms+4ms, total 36ms
11-10 16:06:07.894: I/Gmail(9695): Backfilling search sequence table
11-10 16:06:07.904: D/WifiDisplayAdapter(2348): getWifiDisplayStatusLocked: result=WifiDisplayStatus{featureState=2, scanState=0, activeDisplayState=0, activeDisplay=null, availableDisplays=[], rememberedDisplays=[], connectedState=0}
11-10 16:06:07.909: E/Gmail.LabelManager(9695): Unable to get label ^i for account QRJUJJNYU6ORDHFE7PZXPED3E4-01@cloudtestlabaccounts.com
11-10 16:06:07.909: E/Gmail(9695): Couldn't find label: ^i
11-10 16:06:07.909: D/WifiDisplayAdapter(2348): getWifiDisplayStatusLocked: result=WifiDisplayStatus{featureState=2, scanState=0, activeDisplayState=0, activeDisplay=null, availableDisplays=[], rememberedDisplays=[], connectedState=0}
11-10 16:06:07.934: D/dalvikvm(10081): GC_CONCURRENT freed 246K, 14% free 9944K/11468K, paused 6ms+3ms, total 22ms
11-10 16:06:07.979: D/dalvikvm(6911): GC_EXPLICIT freed 278K, 18% free 12024K/14612K, paused 2ms+3ms, total 38ms
11-10 16:06:07.989: I/GoogleConversionPing(10081): Pinging: http://www.googleadservices.com/pagead/conversion/1001680686/?label=4dahCKKczAYQrt7R3QM&value=&muid=cD-kYBEAnzthNT6_EfcCKA&bundleid=com.google.android.youtube&appversion=5.1.10&osversion=4.3&sdkversion=ct-sdk-a-v1.1.0&remarketing_only=1&timestamp=1510358767&data=screen_name%3D%3CAndroid_YT_Open_App%3E
11-10 16:06:08.004: D/YouTube(10081): apps.youtube.core.transfer.TransferService.onCreate:108 creating transfer service
11-10 16:06:08.044: I/GoogleConversionPing(10081): Ping responded with response code 200
11-10 16:06:08.104: I/Gmail(9695): Backfilling search sequence table
11-10 16:06:08.159: I/AccountRemovalReceiver(10142): Account removal Broadcast received
11-10 16:06:08.169: I/AccountRemovalReceiver(10142): Samsung Account Removed
11-10 16:06:08.179: I/Icing(1433): Indexing done D9AC368E13CFE5C35D4A213136BCE45BE6D9D23E
11-10 16:06:08.364: I/ReaderUtils(10156): PortraitW 720 LandscapeW 1280 Columns 1 textZoom 2.2499998 isTablet false Memory 64
11-10 16:06:08.424: D/dalvikvm(8335): GC_CONCURRENT freed 274K, 12% free 10092K/11456K, paused 4ms+4ms, total 23ms
11-10 16:06:08.429: W/GAV2(10156): Thread[main,5,main]: Need to call initialize() and be in fallback mode to start dispatch.
11-10 16:06:08.459: I/BooksApp(10156): Created application version: 2.9.21 (20921)
11-10 16:06:08.524: W/ResourceType(3501): Failure getting entry for 0x7f020494 (t=1 e=1172) in package 0 (error -75)
11-10 16:06:08.539: D/dalvikvm(3501): GC_CONCURRENT freed 1104K, 19% free 9719K/11872K, paused 2ms+6ms, total 34ms
11-10 16:06:08.544: D/dalvikvm(3501): WAIT_FOR_CONCURRENT_GC blocked 16ms
11-10 16:06:08.764: D/WVMDrmPlugIn(1935): WVMDrmPlugin::onInitialize : 1568
11-10 16:06:08.764: D/WVMDrmPlugIn(1935): WVMDrmPlugin::onSetOnInfoListener : add 1568
11-10 16:06:08.769: I/DxDrmPluginEngine(1935): DxDrmFrameworkPlugin::onInitialize(uniqueId = 1568)
11-10 16:06:08.769: I/DxDrmPluginEngine(1935): DxDrmFrameworkPlugin::onSetOnInfoListener(uniqueId = 1568)
11-10 16:06:08.784: D/WVMDrmPlugIn(1935): WVMDrmPlugin::onGetSupportInfo : 0
11-10 16:06:08.784: I/DxDrmPluginEngine(1935): DxDrmFrameworkPlugin::onGetSupportInfo(uniqueId = 0)
11-10 16:06:08.854: D/WVMDrmPlugIn(1935): WVMDrmPlugin::onInitialize : 2241
11-10 16:06:08.854: D/WVMDrmPlugIn(1935): WVMDrmPlugin::onSetOnInfoListener : add 2241
11-10 16:06:08.854: I/DxDrmPluginEngine(1935): DxDrmFrameworkPlugin::onInitialize(uniqueId = 2241)
11-10 16:06:08.854: I/DxDrmPluginEngine(1935): DxDrmFrameworkPlugin::onSetOnInfoListener(uniqueId = 2241)
11-10 16:06:08.859: D/WVMDrmPlugIn(1935): WVMDrmPlugin::onAcquireDrmInfo : 2241
11-10 16:06:08.894: E/wv_drm(1935):   *****************************
11-10 16:06:08.894: E/wv_drm(1935):   *** ERROR: Trustlet did not send a valid return code: 240
11-10 16:06:08.894: E/wv_drm(1935):   *** Detected in _oec07/1887()
11-10 16:06:08.894: E/wv_drm(1935):   *****************************
11-10 16:06:08.914: D/WVMLogging(1935): Fri Nov 10 16:06:08 2017 (401b3ffc):LicenseManager::ReadRegisteredAssets failed(0, 83886081)
11-10 16:06:08.924: D/L(10176): youtube.core.cache.PersistentCache.cleanup:104 Cache is below limit, no need to shrink: [size=0, limit=5242880]
11-10 16:06:08.944: W/MusicApiClient(8335): No content in 'data' field in GET sync response for Track
11-10 16:06:08.994: D/dalvikvm(8335): GC_CONCURRENT freed 302K, 12% free 10191K/11544K, paused 4ms+5ms, total 54ms
11-10 16:06:09.069: D/dalvikvm(10176): GC_CONCURRENT freed 745K, 16% free 9673K/11468K, paused 4ms+3ms, total 41ms
11-10 16:06:09.069: D/dalvikvm(10176): WAIT_FOR_CONCURRENT_GC blocked 14ms
11-10 16:06:09.069: D/dalvikvm(10176): WAIT_FOR_CONCURRENT_GC blocked 22ms
11-10 16:06:09.074: D/WVMDrmPlugIn(1935): WVMDrmPlugin::onTerminate : 1568
11-10 16:06:09.074: I/DxDrmPluginEngine(1935): DxDrmFrameworkPlugin::onTerminate(uniqueId = 1568)
11-10 16:06:09.079: W/MusicApiClient(8335): No content in 'data' field in GET sync response for SyncablePlaylist
11-10 16:06:09.129: D/dalvikvm(10176): GC_CONCURRENT freed 532K, 16% free 9653K/11468K, paused 5ms+3ms, total 34ms
11-10 16:06:09.129: D/dalvikvm(10176): WAIT_FOR_CONCURRENT_GC blocked 17ms
11-10 16:06:09.134: D/dalvikvm(10176): WAIT_FOR_CONCURRENT_GC blocked 20ms
11-10 16:06:09.169: W/MusicApiClient(8335): No content in 'data' field in GET sync response for SyncablePlaylistEntry
11-10 16:06:09.169: D/dalvikvm(10176): GC_CONCURRENT freed 511K, 16% free 9653K/11468K, paused 2ms+2ms, total 24ms
11-10 16:06:09.169: D/dalvikvm(10176): WAIT_FOR_CONCURRENT_GC blocked 19ms
11-10 16:06:09.169: D/dalvikvm(10176): WAIT_FOR_CONCURRENT_GC blocked 13ms
11-10 16:06:09.214: D/dalvikvm(10176): GC_CONCURRENT freed 986K, 18% free 9654K/11728K, paused 2ms+1ms, total 15ms
11-10 16:06:09.214: D/dalvikvm(10176): WAIT_FOR_CONCURRENT_GC blocked 10ms
11-10 16:06:09.239: W/MusicApiClient(8335): No content in 'data' field in GET sync response for SyncableRadioStation
11-10 16:06:09.264: I/MusicSyncAdapter(8335): First periodic run for account: Account {name=QRJUJJNYU6ORDHFE7PZXPED3E4-01@cloudtestlabaccounts.com, type=com.google}
11-10 16:06:09.264: I/MusicSyncAdapter(8335): Periodic update
11-10 16:06:09.264: D/BatteryService(2348): update start
11-10 16:06:09.269: D/BatteryService(2348): level:100, scale:100, status:5, health:2, present:true, voltage: 4247, temperature: 339, technology: Li-ion, AC powered:false, USB powered:true, Wireless powered:false, icon:17303550, invalid charger:0, online:6, charge type:0, current avg:800
11-10 16:06:09.269: D/BatteryService(2348): Sending ACTION_BATTERY_CHANGED.
11-10 16:06:09.274: D/STATUSBAR-BatteryController(2563): onReceive() - ACTION_BATTERY_CHANGED
11-10 16:06:09.274: D/STATUSBAR-BatteryController(2563): onReceive() - BATTERY_STATUS_FULL:
11-10 16:06:09.274: D/STATUSBAR-PhoneStatusBar(2563):  mBrightnessEnablebySettings = true mBrightnessEnablebyBattery = true mBrightnessEnablebyDisableFlag = true
11-10 16:06:09.294: D/dalvikvm(10176): GC_CONCURRENT freed 1461K, 21% free 9688K/12212K, paused 1ms+3ms, total 28ms
11-10 16:06:09.314: W/ResourceType(3501): Failure getting entry for 0x7f020494 (t=1 e=1172) in package 0 (error -75)
11-10 16:06:09.334: D/WifiDisplayAdapter(2348): getWifiDisplayStatusLocked: result=WifiDisplayStatus{featureState=2, scanState=0, activeDisplayState=0, activeDisplay=null, availableDisplays=[], rememberedDisplays=[], connectedState=0}
11-10 16:06:09.339: D/WifiDisplayAdapter(2348): getWifiDisplayStatusLocked: result=WifiDisplayStatus{featureState=2, scanState=0, activeDisplayState=0, activeDisplay=null, availableDisplays=[], rememberedDisplays=[], connectedState=0}
11-10 16:06:09.344: I/AudioService(2348): getStreamVolume 3 index 70
11-10 16:06:09.414: D/dalvikvm(10176): GC_CONCURRENT freed 267K, 20% free 9855K/12212K, paused 2ms+1ms, total 16ms
11-10 16:06:09.464: D/dalvikvm(2348): GC_EXPLICIT freed 1339K, 41% free 19979K/33304K, paused 3ms+10ms, total 109ms
11-10 16:06:09.469: I/L(10176): youtube.videos.remote.MediaRouteManager.startScan:111 Scanning started
11-10 16:06:09.469: D/L(10176): youtube.videos.remote.MediaRouteManager.onRouteSelected:148 routeInfo: MediaRouter.RouteInfo{ uniqueId=android:DEFAULT_ROUTE, name=Headphones, description=null, enabled=true, connecting=false, playbackType=0, playbackStream=3, volumeHandling=1, volume=7, volumeMax=15, presentationDisplayId=-1, extras=null, providerPackageName=android }
11-10 16:06:09.469: D/BaseCastMediaRouteProvider(10176): published 0 routes
11-10 16:06:09.469: D/L(10176): youtube.videos.remote.MediaRouteManager.onRouteSelected:148 routeInfo: MediaRouter.RouteInfo{ uniqueId=android:DEFAULT_ROUTE, name=Headphones, description=null, enabled=true, connecting=false, playbackType=0, playbackStream=3, volumeHandling=1, volume=7, volumeMax=15, presentationDisplayId=-1, extras=null, providerPackageName=android }
11-10 16:06:09.514: D/L(10176): youtube.videos.pinning.TransferService.onCreate:52 creating transfer service
11-10 16:06:09.594: W/Conscrypt(6911): Could not set socket write timeout:
11-10 16:06:09.599: W/Conscrypt(6911):    java.lang.reflect.Method.invokeNative(Native Method)
11-10 16:06:09.599: W/Conscrypt(6911):    java.lang.reflect.Method.invoke(Method.java:525)
11-10 16:06:09.604: W/Conscrypt(6911): Could not set socket write timeout:
11-10 16:06:09.604: W/Conscrypt(6911):    java.lang.reflect.Method.invokeNative(Native Method)
11-10 16:06:09.604: W/Conscrypt(6911):    java.lang.reflect.Method.invoke(Method.java:525)
11-10 16:06:09.609: W/LicenseLogService(2348): log() is called by non admin
11-10 16:06:09.614: D/dalvikvm(1433): GC_CONCURRENT freed 1507K, 23% free 11270K/14620K, paused 5ms+13ms, total 76ms
11-10 16:06:09.639: D/L(10176): youtube.videos.remote.MediaRouteManager.onRouteSelected:148 routeInfo: MediaRouter.RouteInfo{ uniqueId=android:DEFAULT_ROUTE, name=Headphones, description=null, enabled=true, connecting=false, playbackType=0, playbackStream=3, volumeHandling=1, volume=7, volumeMax=15, presentationDisplayId=-1, extras=null, providerPackageName=android }
11-10 16:06:09.639: D/WifiDisplayAdapter(2348): getWifiDisplayStatusLocked: result=WifiDisplayStatus{featureState=2, scanState=0, activeDisplayState=0, activeDisplay=null, availableDisplays=[], rememberedDisplays=[], connectedState=0}
11-10 16:06:09.644: D/BaseCastMediaRouteProvider(10176): in onDiscoveryRequestChanged: request=DiscoveryRequest{ selector=MediaRouteSelector{ controlCategories=[android.media.intent.category.LIVE_VIDEO, android.media.intent.category.LIVE_AUDIO, com.google.cast.CATEGORY_CAST, com.google.cast.CATEGORY_CAST_APP_NAME:PlayMovies] }, activeScan=false, isValid=true }
11-10 16:06:09.644: D/BaseCastMediaRouteProvider(10176): filter criteria changed (name: PlayMovies, protocols: null); flushing routes
11-10 16:06:09.644: D/BaseCastMediaRouteProvider(10176): published 0 routes
11-10 16:06:09.644: D/BaseCastMediaRouteProvider(10176): starting a scan
11-10 16:06:09.684: D/dalvikvm(10176): GC_CONCURRENT freed 419K, 19% free 9948K/12212K, paused 2ms+2ms, total 25ms
11-10 16:06:09.684: D/dalvikvm(10176): WAIT_FOR_CONCURRENT_GC blocked 10ms
11-10 16:06:09.684: D/dalvikvm(10176): WAIT_FOR_CONCURRENT_GC blocked 17ms
11-10 16:06:09.684: D/dalvikvm(10176): WAIT_FOR_CONCURRENT_GC blocked 11ms
11-10 16:06:09.694: D/dalvikvm(8335): GC_CONCURRENT freed 345K, 13% free 10232K/11632K, paused 4ms+2ms, total 33ms
11-10 16:06:09.734: W/MusicApiClient(8335): No content in 'data' field in GET sync response for Track
11-10 16:06:09.764: D/dalvikvm(10176): GC_CONCURRENT freed 1032K, 19% free 9939K/12212K, paused 2ms+2ms, total 24ms
11-10 16:06:09.764: I/dalvikvm(1433): Failed resolving Lbjw; interface 476 'Landroid/content/pm/PackageManager$OnPermissionsChangedListener;'
11-10 16:06:09.764: W/dalvikvm(1433): Link of class 'Lbjw;' failed
11-10 16:06:09.764: I/dalvikvm(1433): Failed resolving Lbjw; interface 476 'Landroid/content/pm/PackageManager$OnPermissionsChangedListener;'
11-10 16:06:09.764: W/dalvikvm(1433): Link of class 'Lbjw;' failed
11-10 16:06:09.764: E/dalvikvm(1433): Could not find class 'bjw', referenced from method com.google.android.gms.chimera.GmsModuleInitializer.initializeModuleV0
11-10 16:06:09.764: W/dalvikvm(1433): VFY: unable to resolve new-instance 1554 (Lbjw;) in Lcom/google/android/gms/chimera/GmsModuleInitializer;
11-10 16:06:09.764: D/dalvikvm(1433): VFY: replacing opcode 0x22 at 0x003d
11-10 16:06:09.769: I/dalvikvm(1433): Failed resolving Lbjw; interface 476 'Landroid/content/pm/PackageManager$OnPermissionsChangedListener;'
11-10 16:06:09.769: W/dalvikvm(1433): Link of class 'Lbjw;' failed
11-10 16:06:09.769: I/dalvikvm(1433): Failed resolving Lbjw; interface 476 'Landroid/content/pm/PackageManager$OnPermissionsChangedListener;'
11-10 16:06:09.769: W/dalvikvm(1433): Link of class 'Lbjw;' failed
11-10 16:06:09.769: D/dalvikvm(1433): DexOpt: unable to opt direct call 0x23a6 at 0x3f in Lcom/google/android/gms/chimera/GmsModuleInitializer;.initializeModuleV0
11-10 16:06:09.769: D/dalvikvm(10176): WAIT_FOR_CONCURRENT_GC blocked 20ms
11-10 16:06:09.769: D/dalvikvm(10176): WAIT_FOR_CONCURRENT_GC blocked 19ms
11-10 16:06:09.769: I/dalvikvm(1433): Failed resolving Lbmz; interface 395 'Landroid/app/AppOpsManager$OnOpChangedListener;'
11-10 16:06:09.769: W/dalvikvm(1433): Link of class 'Lbmz;' failed
11-10 16:06:09.769: I/dalvikvm(1433): Failed resolving Lbmz; interface 395 'Landroid/app/AppOpsManager$OnOpChangedListener;'
11-10 16:06:09.769: W/dalvikvm(1433): Link of class 'Lbmz;' failed
11-10 16:06:09.769: W/dalvikvm(1433): Unable to resolve superclass of Lbna; (1638)
11-10 16:06:09.769: W/dalvikvm(1433): Link of class 'Lbna;' failed
11-10 16:06:09.769: I/dalvikvm(1433): Failed resolving Lbmz; interface 395 'Landroid/app/AppOpsManager$OnOpChangedListener;'
11-10 16:06:09.769: W/dalvikvm(1433): Link of class 'Lbmz;' failed
11-10 16:06:09.769: I/dalvikvm(1433): Failed resolving Lbmz; interface 395 'Landroid/app/AppOpsManager$OnOpChangedListener;'
11-10 16:06:09.774: W/dalvikvm(1433): Link of class 'Lbmz;' failed
11-10 16:06:09.774: W/dalvikvm(1433): Unable to resolve superclass of Lbna; (1638)
11-10 16:06:09.774: W/dalvikvm(1433): Link of class 'Lbna;' failed
11-10 16:06:09.774: E/dalvikvm(1433): Could not find class 'bna', referenced from method bmx.a
11-10 16:06:09.774: W/dalvikvm(1433): VFY: unable to resolve new-instance 1640 (Lbna;) in Lbmx;
11-10 16:06:09.774: D/dalvikvm(1433): VFY: replacing opcode 0x22 at 0x0006
11-10 16:06:09.774: I/dalvikvm(1433): Failed resolving Lbmz; interface 395 'Landroid/app/AppOpsManager$OnOpChangedListener;'
11-10 16:06:09.774: W/dalvikvm(1433): Link of class 'Lbmz;' failed
11-10 16:06:09.774: I/dalvikvm(1433): Failed resolving Lbmz; interface 395 'Landroid/app/AppOpsManager$OnOpChangedListener;'
11-10 16:06:09.774: W/dalvikvm(1433): Link of class 'Lbmz;' failed
11-10 16:06:09.774: E/dalvikvm(1433): Could not find class 'bmz', referenced from method bmx.a
11-10 16:06:09.774: W/dalvikvm(1433): VFY: unable to resolve new-instance 1638 (Lbmz;) in Lbmx;
11-10 16:06:09.774: D/dalvikvm(1433): VFY: replacing opcode 0x22 at 0x0022
11-10 16:06:09.774: I/dalvikvm(1433): Failed resolving Lbmz; interface 395 'Landroid/app/AppOpsManager$OnOpChangedListener;'
11-10 16:06:09.774: W/dalvikvm(1433): Link of class 'Lbmz;' failed
11-10 16:06:09.774: I/dalvikvm(1433): Failed resolving Lbmz; interface 395 'Landroid/app/AppOpsManager$OnOpChangedListener;'
11-10 16:06:09.774: W/dalvikvm(1433): Link of class 'Lbmz;' failed
11-10 16:06:09.774: W/dalvikvm(1433): Unable to resolve superclass of Lbna; (1638)
11-10 16:06:09.774: W/dalvikvm(1433): Link of class 'Lbna;' failed
11-10 16:06:09.774: I/dalvikvm(1433): Failed resolving Lbmz; interface 395 'Landroid/app/AppOpsManager$OnOpChangedListener;'
11-10 16:06:09.774: W/dalvikvm(1433): Link of class 'Lbmz;' failed
11-10 16:06:09.774: I/dalvikvm(1433): Failed resolving Lbmz; interface 395 'Landroid/app/AppOpsManager$OnOpChangedListener;'
11-10 16:06:09.774: W/dalvikvm(1433): Link of class 'Lbmz;' failed
11-10 16:06:09.774: W/dalvikvm(1433): Unable to resolve superclass of Lbna; (1638)
11-10 16:06:09.774: W/dalvikvm(1433): Link of class 'Lbna;' failed
11-10 16:06:09.774: D/dalvikvm(1433): DexOpt: unable to opt direct call 0x25eb at 0x08 in Lbmx;.a
11-10 16:06:09.774: I/dalvikvm(1433): Failed resolving Lbmz; interface 395 'Landroid/app/AppOpsManager$OnOpChangedListener;'
11-10 16:06:09.774: W/dalvikvm(1433): Link of class 'Lbmz;' failed
11-10 16:06:09.774: I/dalvikvm(1433): Failed resolving Lbmz; interface 395 'Landroid/app/AppOpsManager$OnOpChangedListener;'
11-10 16:06:09.774: W/dalvikvm(1433): Link of class 'Lbmz;' failed
11-10 16:06:09.774: D/dalvikvm(1433): DexOpt: unable to opt direct call 0x25d5 at 0x24 in Lbmx;.a
11-10 16:06:09.814: I/Auth(6911): [BroadcastManager] Broadcasting account change.
11-10 16:06:09.819: W/WakefulBroadcastReceiv.(6911): No active wake lock id #1
11-10 16:06:09.819: D/dalvikvm(10176): GC_CONCURRENT freed 517K, 19% free 9934K/12212K, paused 3ms+2ms, total 33ms
11-10 16:06:09.819: D/dalvikvm(10176): WAIT_FOR_CONCURRENT_GC blocked 24ms
11-10 16:06:09.819: D/dalvikvm(10176): WAIT_FOR_CONCURRENT_GC blocked 26ms
11-10 16:06:09.849: W/LicenseLogService(2348): log() is called by non admin
11-10 16:06:09.859: W/MusicApiClient(8335): No content in 'data' field in GET sync response for SyncablePlaylist
11-10 16:06:09.859: D/dalvikvm(10176): GC_CONCURRENT freed 506K, 19% free 9939K/12212K, paused 3ms+2ms, total 24ms
11-10 16:06:09.859: D/dalvikvm(10176): WAIT_FOR_CONCURRENT_GC blocked 7ms
11-10 16:06:09.864: I/dalvikvm(1433): Could not find method android.content.Context.isDeviceProtectedStorage, referenced from method bmv.a
11-10 16:06:09.864: W/dalvikvm(1433): VFY: unable to resolve virtual method 2444: Landroid/content/Context;.isDeviceProtectedStorage ()Z
11-10 16:06:09.864: D/dalvikvm(1433): VFY: replacing opcode 0x6e at 0x0006
11-10 16:06:09.924: D/dalvikvm(10176): GC_CONCURRENT freed 1027K, 19% free 9935K/12212K, paused 3ms+2ms, total 22ms
11-10 16:06:09.924: D/dalvikvm(10176): WAIT_FOR_CONCURRENT_GC blocked 9ms
11-10 16:06:09.929: D/dalvikvm(10176): WAIT_FOR_CONCURRENT_GC blocked 11ms
11-10 16:06:09.929: D/dalvikvm(10176): WAIT_FOR_CONCURRENT_GC blocked 10ms
11-10 16:06:09.949: I/CastDatabase(1433): Opening the database
11-10 16:06:09.954: W/MusicApiClient(8335): No content in 'data' field in GET sync response for SyncablePlaylistEntry
11-10 16:06:09.989: D/dalvikvm(9731): GC_CONCURRENT freed 378K, 15% free 9671K/11344K, paused 1ms+1ms, total 14ms
11-10 16:06:10.024: I/SQLiteCastDBHelper(1433): Creating cast database
11-10 16:06:10.029: W/MusicApiClient(8335): No content in 'data' field in GET sync response for SyncableRadioStation
11-10 16:06:10.069: I/MusicSyncAdapter(8335): Skipping periodic sync. Last sync was 1 seconds ago. Frequency: 86400
11-10 16:06:10.109: D/dalvikvm(6911): GC_EXPLICIT freed 616K, 18% free 11988K/14612K, paused 3ms+5ms, total 49ms
11-10 16:06:10.114: I/SQLiteCastStore(1433): 0 CastNetworkInfo instances loaded, 0 CastDeviceInfo instances loaded, 0 paired guest mode devices loaded.
11-10 16:06:10.309: D/SSRMv2:Monitor(2348): SIOP:: AP = 300 (read only)
11-10 16:06:10.314: D/dalvikvm(1433): GC_CONCURRENT freed 402K, 23% free 11395K/14620K, paused 2ms+3ms, total 31ms
11-10 16:06:10.334: D/dalvikvm(6911): GC_EXPLICIT freed 118K, 19% free 11977K/14612K, paused 2ms+4ms, total 37ms
11-10 16:06:10.374: I/CastSocket(1433): 18 >= 18. Adding new CastClientAuthKeyManager.
11-10 16:06:10.404: I/dalvikvm(1433): Could not find method android.os.PowerManager.isInteractive, referenced from method had.a
11-10 16:06:10.404: W/dalvikvm(1433): VFY: unable to resolve virtual method 4633: Landroid/os/PowerManager;.isInteractive ()Z
11-10 16:06:10.404: D/dalvikvm(1433): VFY: replacing opcode 0x6e at 0x0017
11-10 16:06:10.409: I/DiscoveryManager(1433): WifiGuestModeDeviceScanner enabled.
11-10 16:06:10.414: I/wpa_supplicant(3391): Scan requested (ret=0) - scan timeout 30 seconds
11-10 16:06:10.444: I/dalvikvm(1433): Could not find method android.hardware.display.VirtualDisplay.setSurface, referenced from method cez.a
11-10 16:06:10.444: W/dalvikvm(1433): VFY: unable to resolve virtual method 3152: Landroid/hardware/display/VirtualDisplay;.setSurface (Landroid/view/Surface;)V
11-10 16:06:10.444: D/dalvikvm(1433): VFY: replacing opcode 0x6e at 0x00a2
11-10 16:06:10.444: I/dalvikvm(1433): Could not find method android.hardware.display.VirtualDisplay.setSurface, referenced from method cez.a
11-10 16:06:10.444: W/dalvikvm(1433): VFY: unable to resolve virtual method 3152: Landroid/hardware/display/VirtualDisplay;.setSurface (Landroid/view/Surface;)V
11-10 16:06:10.444: D/dalvikvm(1433): VFY: replacing opcode 0x6e at 0x00dc
11-10 16:06:10.459: I/dalvikvm(1433): Could not find method android.content.Context.isDeviceProtectedStorage, referenced from method jms.<init>
11-10 16:06:10.459: W/dalvikvm(1433): VFY: unable to resolve virtual method 1012: Landroid/content/Context;.isDeviceProtectedStorage ()Z
11-10 16:06:10.459: D/dalvikvm(1433): VFY: replacing opcode 0x6e at 0x0057
11-10 16:06:10.459: I/dalvikvm(1433): Could not find method android.content.Context.getSystemService, referenced from method com.google.android.gms.gcm.gmsproc.GmsChimeraAutoStarter.a
11-10 16:06:10.459: W/dalvikvm(1433): VFY: unable to resolve virtual method 13910: Landroid/content/Context;.getSystemService (Ljava/lang/Class;)Ljava/lang/Object;
11-10 16:06:10.459: D/dalvikvm(1433): VFY: replacing opcode 0x6e at 0x0009
11-10 16:06:10.464: W/CastMediaRouteProvider(1433): Not a Cast compatible category: android.media.intent.category.LIVE_VIDEO
11-10 16:06:10.464: W/CastMediaRouteProvider(1433): Not a Cast compatible category: android.media.intent.category.LIVE_AUDIO
11-10 16:06:10.464: W/CastMediaRouteProvider(1433): Not a Cast compatible category: com.google.cast.CATEGORY_CAST
11-10 16:06:10.464: W/CastMediaRouteProvider(1433): Not a Cast compatible category: com.google.cast.CATEGORY_CAST_APP_NAME:PlayMovies
11-10 16:06:10.484: W/LicenseLogService(2348): log() is called by non admin
11-10 16:06:10.484: I/DiscoveryManager(1433): Filter criteria() scannerFlags(2)
11-10 16:06:10.499: I/HeterodyneSyncScheduler(6958): Scheduling Phenotype for a PhenotypeSyncImmediately(5, null) one off with window [1, 2] in seconds
11-10 16:06:10.509: W/LicenseLogService(2348): log() is called by non admin
11-10 16:06:10.514: W/LicenseLogService(2348): log() is called by non admin
11-10 16:06:10.514: W/LicenseLogService(2348): log() is called by non admin
11-10 16:06:10.519: W/LicenseLogService(2348): log() is called by non admin
11-10 16:06:10.524: I/PmtsSwAccountIntentOp(1433): Processing intent action=android.accounts.LOGIN_ACCOUNTS_CHANGED
11-10 16:06:10.524: I/PmtsSwAccountIntentOp(1433): Device isn't of sufficient API level
11-10 16:06:10.524: W/LicenseLogService(2348): log() is called by non admin
11-10 16:06:10.529: W/LicenseLogService(2348): log() is called by non admin
11-10 16:06:10.534: W/LicenseLogService(2348): log() is called by non admin
11-10 16:06:10.534: W/LicenseLogService(2348): log() is called by non admin
11-10 16:06:10.539: W/LicenseLogService(2348): log() is called by non admin
11-10 16:06:10.544: W/LicenseLogService(2348): log() is called by non admin
11-10 16:06:10.544: W/LicenseLogService(2348): log() is called by non admin
11-10 16:06:10.554: W/LicenseLogService(2348): log() is called by non admin
11-10 16:06:10.559: W/LicenseLogService(2348): log() is called by non admin
11-10 16:06:10.559: W/LicenseLogService(2348): log() is called by non admin
11-10 16:06:10.564: W/LicenseLogService(2348): log() is called by non admin
11-10 16:06:10.569: W/LicenseLogService(2348): log() is called by non admin
11-10 16:06:10.579: I/Gmail(9695): Database deleted: No account for db [internal.QRJUJJNYU6ORDHFE7PZXPED3E4-01@cloudtestlabaccounts.com.db]
11-10 16:06:10.579: I/Gmail(9695): Database deleted: No account for db [mailstore.QRJUJJNYU6ORDHFE7PZXPED3E4-01@cloudtestlabaccounts.com.db]
11-10 16:06:10.579: W/LicenseLogService(2348): log() is called by non admin
11-10 16:06:10.584: I/Gmail(9695): Restarting because we deleted an account.
11-10 16:06:10.589: I/dalvikvm(1433): Could not find method android.content.Context.getSystemService, referenced from method qjp.e
11-10 16:06:10.589: W/dalvikvm(1433): VFY: unable to resolve virtual method 13910: Landroid/content/Context;.getSystemService (Ljava/lang/Class;)Ljava/lang/Object;
11-10 16:06:10.589: D/dalvikvm(1433): VFY: replacing opcode 0x6e at 0x0055
11-10 16:06:10.589: I/dalvikvm(1433): Could not find method android.content.Context.createDeviceProtectedStorageContext, referenced from method qjp.e
11-10 16:06:10.589: W/dalvikvm(1433): VFY: unable to resolve virtual method 13885: Landroid/content/Context;.createDeviceProtectedStorageContext ()Landroid/content/Context;
11-10 16:06:10.589: D/dalvikvm(1433): VFY: replacing opcode 0x6e at 0x007e
11-10 16:06:10.594: I/AndroidRuntime(9695): VM exiting with result code -1, cleanup skipped.
11-10 16:06:10.614: I/ActivityManager(2348): Process com.google.android.gm (pid 9695) (adj 5) has died.
11-10 16:06:10.629: D/Zygote(1934): Process 9695 exited cleanly (255)
11-10 16:06:10.649: I/PCWCLIENTTRACE_PushUtil(9907): SPPPushClient is installed : true
11-10 16:06:10.649: I/PCWCLIENTTRACE_PushUtil(9907): sales region : global
11-10 16:06:10.649: I/PCWCLIENTTRACE_PushUtil(9907): getPushTypeList : [SPP, GCM]
11-10 16:06:10.649: D/PCWCLIENTTRACE_PCWReceiver(9907): LOGIN_ACCOUNTS_CHANGED_ACTION
11-10 16:06:10.649: D/PCWCLIENTTRACE_PCWHandler(9907): [initGoogleAccountAndRequestC2DM]
11-10 16:06:10.649: D/PCWCLIENTTRACE_AccountUtil(9907): [hasGoogleAccount] - Google Account exist
11-10 16:06:10.649: D/PCWCLIENTTRACE_AccountUtil(9907): account length: 1
11-10 16:06:10.659: D/PCWCLIENTTRACE_AccountUtil(9907): [hasGoogleAccount] - Google Account exist
11-10 16:06:10.659: D/PCWCLIENTTRACE_AccountUtil(9907): account length: 1
11-10 16:06:10.659: D/PCWCLIENTTRACE_AccountUtil(9907): Google Account exist
11-10 16:06:10.659: D/PCWCLIENTTRACE_AccountUtil(9907): [hasGoogleAccount] - Google Account exist
11-10 16:06:10.659: D/PCWCLIENTTRACE_AccountUtil(9907): account length: 1
11-10 16:06:10.679: D/dalvikvm(9819): GC_CONCURRENT freed 301K, 15% free 9740K/11428K, paused 1ms+5ms, total 29ms
11-10 16:06:10.679: D/Volley(9685): [1119] DiskBasedCache.clear: Cache cleared.
11-10 16:06:10.684: D/Volley(9685): [1123] DiskBasedCache.clear: Cache cleared.
11-10 16:06:10.689: D/Finsky(9685): [1] UpdateWidgetsReceiver.onReceive: Updated 0 MarketWidgetProvider widgets (android.accounts.LOGIN_ACCOUNTS_CHANGED)
11-10 16:06:10.689: D/Finsky(9685): [1] UpdateWidgetsReceiver.onReceive: Updated 0 RecommendedWidgetProvider widgets (android.accounts.LOGIN_ACCOUNTS_CHANGED)
11-10 16:06:10.694: D/Finsky(9685): [1] UpdateWidgetsReceiver.onReceive: Updated 0 NowPlayingWidgetProvider widgets (android.accounts.LOGIN_ACCOUNTS_CHANGED)
11-10 16:06:10.704: W/Conscrypt(6911): Could not set socket write timeout:
11-10 16:06:10.704: W/Conscrypt(6911):    java.lang.reflect.Method.invokeNative(Native Method)
11-10 16:06:10.704: W/Conscrypt(6911):    java.lang.reflect.Method.invoke(Method.java:525)
11-10 16:06:10.719: I/dalvikvm(1433): Could not find method java.net.HttpURLConnection.setFixedLengthStreamingMode, referenced from method rhk.a
11-10 16:06:10.719: W/dalvikvm(1433): VFY: unable to resolve virtual method 25738: Ljava/net/HttpURLConnection;.setFixedLengthStreamingMode (J)V
11-10 16:06:10.719: D/dalvikvm(1433): VFY: replacing opcode 0x6e at 0x006a
11-10 16:06:10.724: W/dalvikvm(1433): VFY: unable to find class referenced in signature (Landroid/net/Network;)
11-10 16:06:10.724: W/dalvikvm(1433): VFY: unable to find class referenced in signature (Landroid/net/Network;)
11-10 16:06:10.739: W/dalvikvm(1433): VFY: unable to find class referenced in signature (Landroid/net/Network;)
11-10 16:06:10.739: I/dalvikvm(1433): Could not find method android.net.Network.openConnection, referenced from method rhq.a
11-10 16:06:10.739: W/dalvikvm(1433): VFY: unable to resolve virtual method 14531: Landroid/net/Network;.openConnection (Ljava/net/URL;)Ljava/net/URLConnection;
11-10 16:06:10.739: D/dalvikvm(1433): VFY: replacing opcode 0x6e at 0x00ab
11-10 16:06:10.739: D/dalvikvm(1433): GC_CONCURRENT freed 495K, 22% free 11511K/14620K, paused 5ms+5ms, total 65ms
11-10 16:06:10.744: I/GoogleURLConnFactory(1433): Using platform SSLCertificateSocketFactory
11-10 16:06:10.764: E/BaseAppContext(1433): Tried to stop global GMSCore RequestQueue. This is likely unintended, so ignoring.
11-10 16:06:10.784: D/BadgeProvider(9835): query, [selection] : package='com.android.email' AND class='com.android.email.activity.Welcome' AND extraData='base_extra_badge'
11-10 16:06:10.809: W/Conscrypt(6911): Could not set socket write timeout:
11-10 16:06:10.809: W/Conscrypt(6911):    java.lang.reflect.Method.invokeNative(Native Method)
11-10 16:06:10.809: W/Conscrypt(6911):    java.lang.reflect.Method.invoke(Method.java:525)
11-10 16:06:10.814: I/AccountRemovalReceiver(10142): Account removal Broadcast received
11-10 16:06:10.814: I/AccountRemovalReceiver(10142): Samsung Account Removed
11-10 16:06:10.814: D/BadgeProvider(9835): sendNotify entered. [uri] : content://com.sec.badge/apps/1
11-10 16:06:10.814: D/BadgeProvider(9835): sendNotify, [notify] : null
11-10 16:06:10.814: D/BadgeProvider(9835): update, [uri] : content://com.sec.badge/apps/1
11-10 16:06:10.814: D/BadgeProvider(9835): update, [BadgeCount] : badgecount=0
11-10 16:06:10.814: D/BadgeProvider(9835): update, [UpdateCount] : 1
11-10 16:06:10.814: D/Launcher.Model(2686): reloadBadges entered.
11-10 16:06:10.829: W/dalvikvm(1433): VFY: unable to resolve static field 15997 (UTF_8) in Ljava/nio/charset/StandardCharsets;
11-10 16:06:10.829: D/dalvikvm(1433): VFY: replacing opcode 0x62 at 0x000e
11-10 16:06:10.839: D/Launcher.BadgeCache,(2686): updateBadgeCounts, app[1] have 0 badges
11-10 16:06:10.839: D/Launcher.BadgeCache,(2686): updateBadgeCounts, app[0] have 0 badges
11-10 16:06:10.839: D/Launcher.BadgeCache,(2686): updateBadgeCounts, app[3] have 0 badges
11-10 16:06:10.844: D/Launcher.Model(2686): reloadBadges, badges count : 0
11-10 16:06:10.844: D/Launcher.Model(2686): reloadBadges, origCallbacks : java.lang.ref.WeakReference@42731418
11-10 16:06:10.849: I/dalvikvm(1433): Could not find method android.os.PowerManager.isInteractive, referenced from method jyy.a
11-10 16:06:10.849: W/dalvikvm(1433): VFY: unable to resolve virtual method 4633: Landroid/os/PowerManager;.isInteractive ()Z
11-10 16:06:10.849: D/dalvikvm(1433): VFY: replacing opcode 0x6e at 0x0006
11-10 16:06:10.859: W/MdnsClient_Cast(1433): #acquireLock. Multicast lock not held. Acquiring. Subtypes:""
11-10 16:06:10.894: W/MdnsClient_Cast(1433): Multicast lock held. Releasing. Subtypes:""
11-10 16:06:10.894: W/WakefulBroadcastReceiv.(6911): No active wake lock id #2
11-10 16:06:10.899: D/dalvikvm(10176): GC_CONCURRENT freed 506K, 19% free 9941K/12212K, paused 7ms+2ms, total 32ms
11-10 16:06:10.899: D/dalvikvm(10176): WAIT_FOR_CONCURRENT_GC blocked 11ms
11-10 16:06:10.899: D/dalvikvm(10176): WAIT_FOR_CONCURRENT_GC blocked 13ms
11-10 16:06:10.899: D/dalvikvm(1433): GC_CONCURRENT freed 637K, 22% free 11546K/14620K, paused 8ms+4ms, total 72ms
11-10 16:06:10.914: W/MdnsClient_Cast(1433): #acquireLock. Multicast lock not held. Acquiring. Subtypes:""
11-10 16:06:10.924: D/BatteryService(2348): update start
11-10 16:06:10.924: D/BatteryService(2348): level:100, scale:100, status:5, health:2, present:true, voltage: 4306, temperature: 338, technology: Li-ion, AC powered:false, USB powered:true, Wireless powered:false, icon:17303550, invalid charger:0, online:6, charge type:1, current avg:800
11-10 16:06:10.924: D/BatteryService(2348): Sending ACTION_BATTERY_CHANGED.
11-10 16:06:10.929: I/PmtsSwAccountIntentOp(1433): Processing intent action=android.accounts.LOGIN_ACCOUNTS_CHANGED
11-10 16:06:10.929: I/PmtsSwAccountIntentOp(1433): Device isn't of sufficient API level
11-10 16:06:10.929: D/STATUSBAR-BatteryController(2563): onReceive() - ACTION_BATTERY_CHANGED
11-10 16:06:10.929: D/STATUSBAR-BatteryController(2563): onReceive() - BATTERY_STATUS_FULL:
11-10 16:06:10.929: D/STATUSBAR-PhoneStatusBar(2563):  mBrightnessEnablebySettings = true mBrightnessEnablebyBattery = true mBrightnessEnablebyDisableFlag = true
11-10 16:06:10.954: I/HeterodyneSyncScheduler(6958): Scheduling Phenotype for a PhenotypeSyncImmediately(5, null) one off with window [1, 2] in seconds
11-10 16:06:10.994: D/dalvikvm(10176): GC_CONCURRENT freed 518K, 19% free 9935K/12212K, paused 3ms+3ms, total 36ms
11-10 16:06:10.994: D/dalvikvm(10176): WAIT_FOR_CONCURRENT_GC blocked 24ms
11-10 16:06:10.994: D/dalvikvm(10176): WAIT_FOR_CONCURRENT_GC blocked 22ms
11-10 16:06:11.039: W/Auth(6911): [GetToken] GetToken failed with status code: INVALID_SCOPE
11-10 16:06:11.044: E/Babel(9819): Unexpected exception while authenticating.
11-10 16:06:11.044: E/Babel(9819): com.google.android.gms.auth.GoogleAuthException: INVALID_SCOPE
11-10 16:06:11.044: E/Babel(9819): 	at com.google.android.gms.auth.GoogleAuthUtil.getToken(Unknown Source)
11-10 16:06:11.044: E/Babel(9819): 	at com.google.android.apps.babel.util.AccountsUtil.a(SourceFile:193)
11-10 16:06:11.044: E/Babel(9819): 	at com.google.android.apps.babel.network.d.a(SourceFile:71)
11-10 16:06:11.044: E/Babel(9819): 	at com.google.android.apps.babel.realtimechat.RealTimeChatService.b(SourceFile:2170)
11-10 16:06:11.044: E/Babel(9819): 	at com.google.android.apps.babel.realtimechat.RealTimeChatService.d(SourceFile:2289)
11-10 16:06:11.044: E/Babel(9819): 	at com.google.android.apps.babel.realtimechat.RealTimeChatService.onHandleIntent(SourceFile:515)
11-10 16:06:11.044: E/Babel(9819): 	at android.app.IntentService$ServiceHandler.handleMessage(IntentService.java:65)
11-10 16:06:11.044: E/Babel(9819): 	at android.os.Handler.dispatchMessage(Handler.java:99)
11-10 16:06:11.044: E/Babel(9819): 	at android.os.Looper.loop(Looper.java:176)
11-10 16:06:11.044: E/Babel(9819): 	at android.os.HandlerThread.run(HandlerThread.java:61)
11-10 16:06:11.044: E/Babel(9819): invalidateAuthTokenForAccountSetup
11-10 16:06:11.044: E/Babel(9819): com.google.android.apps.babel.util.AccountsUtil$BabelAuthException
11-10 16:06:11.044: E/Babel(9819): 	at com.google.android.apps.babel.util.AccountsUtil.a(SourceFile:207)
11-10 16:06:11.044: E/Babel(9819): 	at com.google.android.apps.babel.network.d.a(SourceFile:71)
11-10 16:06:11.044: E/Babel(9819): 	at com.google.android.apps.babel.realtimechat.RealTimeChatService.b(SourceFile:2170)
11-10 16:06:11.044: E/Babel(9819): 	at com.google.android.apps.babel.realtimechat.RealTimeChatService.d(SourceFile:2289)
11-10 16:06:11.044: E/Babel(9819): 	at com.google.android.apps.babel.realtimechat.RealTimeChatService.onHandleIntent(SourceFile:515)
11-10 16:06:11.044: E/Babel(9819): 	at android.app.IntentService$ServiceHandler.handleMessage(IntentService.java:65)
11-10 16:06:11.044: E/Babel(9819): 	at android.os.Handler.dispatchMessage(Handler.java:99)
11-10 16:06:11.044: E/Babel(9819): 	at android.os.Looper.loop(Looper.java:176)
11-10 16:06:11.044: E/Babel(9819): 	at android.os.HandlerThread.run(HandlerThread.java:61)
11-10 16:06:11.044: W/Babel(9819): Notify sign in failed for account Redacted-54
11-10 16:06:11.044: D/dalvikvm(10176): GC_CONCURRENT freed 510K, 19% free 9937K/12212K, paused 1ms+3ms, total 20ms
11-10 16:06:11.044: D/dalvikvm(10176): WAIT_FOR_CONCURRENT_GC blocked 13ms
11-10 16:06:11.049: D/STATUSBAR-StatusBarManagerService(2348): sendNotification(2) - 10
11-10 16:06:11.054: D/dalvikvm(10176): WAIT_FOR_CONCURRENT_GC blocked 13ms
11-10 16:06:11.074: D/ActivityThread(10274): Loading provider com.android.gmail.ui: com.google.android.gm.provider.UiProvider
11-10 16:06:11.114: D/Finsky(9685): [1] BaseWidgetProvider.onReceive: Received ACTION_APPWIDGET_UPDATE, updating 0 widgets.
11-10 16:06:11.124: I/Icing(1433): IndexChimeraService.getServiceInterface callingPackage=com.google.android.gm componentName=null serviceId=21
11-10 16:06:11.124: D/Finsky(9685): [1] BaseWidgetProvider.onReceive: Received ACTION_APPWIDGET_UPDATE, updating 0 widgets.
11-10 16:06:11.139: D/Finsky(9685): [1] BaseWidgetProvider.onReceive: Received ACTION_APPWIDGET_UPDATE, updating 0 widgets.
11-10 16:06:11.149: I/Icing(1433): Usage reports ok 0, Failed Usage reports 0, indexed 0, rejected 0, imm upload false
11-10 16:06:11.169: E/dalvikvm(1433): Could not find class 'android.graphics.drawable.AdaptiveIconDrawable', referenced from method cfg.a
11-10 16:06:11.169: W/dalvikvm(1433): VFY: unable to resolve instanceof 555 (Landroid/graphics/drawable/AdaptiveIconDrawable;) in Lcfg;
11-10 16:06:11.169: D/dalvikvm(1433): VFY: replacing opcode 0x20 at 0x0107
11-10 16:06:11.254: D/dalvikvm(2348): GC_EXPLICIT freed 1441K, 40% free 20100K/33304K, paused 3ms+13ms, total 152ms
11-10 16:06:11.494: I/GamesDatabaseHelper(1433): Bootstrapping database version: 2200
11-10 16:06:11.559: I/IcingInternalCorpora(1433): Received calendar change notification.
11-10 16:06:11.574: I/dalvikvm(1433): Could not find method android.app.AppOpsManager.permissionToOp, referenced from method lz.a
11-10 16:06:11.574: W/dalvikvm(1433): VFY: unable to resolve static method 758: Landroid/app/AppOpsManager;.permissionToOp (Ljava/lang/String;)Ljava/lang/String;
11-10 16:06:11.574: D/dalvikvm(1433): VFY: replacing opcode 0x71 at 0x000f
11-10 16:06:11.574: I/dalvikvm(1433): Could not find method android.content.Context.getSystemService, referenced from method lz.a
11-10 16:06:11.574: W/dalvikvm(1433): VFY: unable to resolve virtual method 1007: Landroid/content/Context;.getSystemService (Ljava/lang/Class;)Ljava/lang/Object;
11-10 16:06:11.574: D/dalvikvm(1433): VFY: replacing opcode 0x6e at 0x0030
11-10 16:06:11.624: V/GCMBroadcastReceiver(9685): onReceive: com.google.android.c2dm.intent.REGISTRATION
11-10 16:06:11.624: V/GCMBroadcastReceiver(9685): GCM IntentService class: com.android.vending.GCMIntentService
11-10 16:06:11.629: V/GCMBaseIntentService(9685): Acquiring wakelock
11-10 16:06:11.634: V/GCMBaseIntentService(9685): Intent service name: GCMIntentService-932144863878-1
11-10 16:06:11.639: E/GCMRegistrar(9685): internal error: retry receiver class not set yet
11-10 16:06:11.639: V/GCMRegistrar(9685): Registering receiver
11-10 16:06:11.649: D/GCMBaseIntentService(9685): handleRegistration: registrationId = APA91bEnBFOqh7c1BotwusUONY6-ujrqn4X_7b2C_TEt6112XPwwefAo82UWFitKTda3ZrF8MYncXFSY7Y4Sn5t2UiEg4C39dJMk6Kril-9Xzehxu-zVkj3_lHv1v0xEZ1gBZrvN8Dbk, error = null, unregistered = null
11-10 16:06:11.649: D/GCMRegistrar(9685): resetting backoff for com.android.vending
11-10 16:06:11.654: V/GCMRegistrar(9685): Saving regId on app version 80230011
11-10 16:06:11.664: V/AlarmManager(2348): waitForAlarm result :1
11-10 16:06:11.669: V/GCMBaseIntentService(9685): Releasing wakelock
11-10 16:06:11.669: D/Finsky(9685): [1] GcmRegistrationIdHelper.uploadIfNotRegistered: Uploading GcmRegistration Id because not registered yet
11-10 16:06:11.679: W/ActivityManager(2348): Unable to start service Intent { flg=0x4 cmp=com.android.vending/com.google.android.finsky.services.DailyHygiene (has extras) } U=0: not found
11-10 16:06:11.679: V/AlarmManager(2348): trigger ELAPSED_REALTIME_WAKEUP or RTC_WAKEUP
11-10 16:06:11.684: D/dalvikvm(9685): GC_CONCURRENT freed 374K, 13% free 9937K/11388K, paused 2ms+6ms, total 37ms
11-10 16:06:11.769: W/ConfigurationChimeraPro(6958): Got null configs for com.google.android.gms.ads
11-10 16:06:11.779: W/LicenseLogService(2348): log() is called by non admin
11-10 16:06:11.779: W/ArtDownloadService(8335): Setting cache size 0
11-10 16:06:11.779: I/MusicLeanback(8335): Conditions not met for autocaching.
11-10 16:06:11.779: I/MusicLeanback(8335): Stop autocaching.
11-10 16:06:11.784: W/ArtDownloadService(8335): Setting cache size 0
11-10 16:06:11.819: W/LicenseLogService(2348): log() is called by non admin
11-10 16:06:11.824: I/MusicLeanback(8335): Conditions not met for autocaching.
11-10 16:06:11.824: I/MusicLeanback(8335): Stop autocaching.
11-10 16:06:11.864: I/EventLogChimeraService(1433): Accumulating logs since 1510358691954
11-10 16:06:11.874: I/dalvikvm(1433): Could not find method android.app.AlarmManager.cancel, referenced from method jtq.a
11-10 16:06:11.874: W/dalvikvm(1433): VFY: unable to resolve virtual method 2926: Landroid/app/AlarmManager;.cancel (Landroid/app/AlarmManager$OnAlarmListener;)V
11-10 16:06:11.874: D/dalvikvm(1433): VFY: replacing opcode 0x6e at 0x0002
11-10 16:06:11.874: I/dalvikvm(1433): Could not find method android.app.AlarmManager.set, referenced from method jtq.a
11-10 16:06:11.874: W/dalvikvm(1433): VFY: unable to resolve virtual method 2929: Landroid/app/AlarmManager;.set (IJJJLandroid/app/PendingIntent;Landroid/os/WorkSource;)V
11-10 16:06:11.874: D/dalvikvm(1433): VFY: replacing opcode 0x74 at 0x0016
11-10 16:06:11.874: I/dalvikvm(1433): Could not find method android.app.AlarmManager.set, referenced from method jtq.a
11-10 16:06:11.874: W/dalvikvm(1433): VFY: unable to resolve virtual method 2928: Landroid/app/AlarmManager;.set (IJJJLandroid/app/AlarmManager$OnAlarmListener;Landroid/os/Handler;Landroid/os/WorkSource;)V
11-10 16:06:11.874: D/dalvikvm(1433): VFY: replacing opcode 0x74 at 0x0018
11-10 16:06:11.874: I/dalvikvm(1433): Could not find method android.app.AlarmManager.setExactAndAllowWhileIdle, referenced from method jtq.a
11-10 16:06:11.874: E/ChimeraProxyRslvr(1433): Failed to instantiate com.google.android.gms.mdm.receivers.GoogleAccountsAddedChimeraReceiver: java.lang.ClassCastException: com.google.android.gms.mdm.receivers.GoogleAccountsAddedChimeraReceiver cannot be cast to com.google.android.chimera.BroadcastReceiver
11-10 16:06:11.874: E/ChimeraRcvrProxy(1433): com.google.android.gms.mdm.receivers.GoogleAccountsAddedReceiver dropping broadcast com.google.android.gms.auth.GOOGLE_ACCOUNT_CHANGE
11-10 16:06:11.874: W/dalvikvm(1433): VFY: unable to resolve virtual method 2932: Landroid/app/AlarmManager;.setExactAndAllowWhileIdle (IJLandroid/app/PendingIntent;)V
11-10 16:06:11.874: D/dalvikvm(1433): VFY: replacing opcode 0x6e at 0x0011
11-10 16:06:11.874: I/dalvikvm(1433): Could not find method android.app.AlarmManager.setAndAllowWhileIdle, referenced from method jtq.a
11-10 16:06:11.874: W/dalvikvm(1433): VFY: unable to resolve virtual method 2931: Landroid/app/AlarmManager;.setAndAllowWhileIdle (IJLandroid/app/PendingIntent;)V
11-10 16:06:11.874: D/dalvikvm(1433): VFY: replacing opcode 0x6e at 0x0010
11-10 16:06:11.914: I/Authzen(6958): [AccountChangeProcessingIntentOperation] Received onHandleIntent() call: Intent { act=com.google.android.gms.auth.GOOGLE_ACCOUNT_CHANGE cat=[com.google.android.gms.auth.category.ACCOUNT_ADDED] flg=0x10 cmp=com.google.android.gms/.chimera.GmsIntentOperationService$PersistentInternalReceiver (has extras) }
11-10 16:06:11.914: I/Authzen(6958): [AccountChangeProcessingIntentOperation] Handling added account: <ELLIDED:-1228877077>
11-10 16:06:11.919: I/dalvikvm(1433): Could not find method android.content.Context.getSystemService, referenced from method ecv.f
11-10 16:06:11.919: W/dalvikvm(1433): VFY: unable to resolve virtual method 3382: Landroid/content/Context;.getSystemService (Ljava/lang/Class;)Ljava/lang/Object;
11-10 16:06:11.919: D/dalvikvm(1433): VFY: replacing opcode 0x6e at 0x0005
11-10 16:06:11.919: W/dalvikvm(1433): VFY: unable to find class referenced in signature (Landroid/service/persistentdata/PersistentDataBlockManager;)
11-10 16:06:11.919: E/dalvikvm(1433): Could not find class 'android.service.persistentdata.PersistentDataBlockManager', referenced from method ecu.a
11-10 16:06:11.919: W/dalvikvm(1433): VFY: unable to resolve check-cast 1078 (Landroid/service/persistentdata/PersistentDataBlockManager;) in Lecu;
11-10 16:06:11.919: D/dalvikvm(1433): VFY: replacing opcode 0x1f at 0x001f
11-10 16:06:11.919: W/dalvikvm(1433): VFY: unable to find class referenced in signature (Landroid/service/persistentdata/PersistentDataBlockManager;)
11-10 16:06:11.919: I/dalvikvm(1433): Could not find method android.service.persistentdata.PersistentDataBlockManager.getMaximumDataBlockSize, referenced from method ecu.a
11-10 16:06:11.919: W/dalvikvm(1433): VFY: unable to resolve virtual method 4704: Landroid/service/persistentdata/PersistentDataBlockManager;.getMaximumDataBlockSize ()J
11-10 16:06:11.919: D/dalvikvm(1433): VFY: replacing opcode 0x6e at 0x0023
11-10 16:06:11.924: I/dalvikvm(1433): Could not find method android.service.persistentdata.PersistentDataBlockManager.read, referenced from method ecu.b
11-10 16:06:11.924: W/dalvikvm(1433): VFY: unable to resolve virtual method 4705: Landroid/service/persistentdata/PersistentDataBlockManager;.read ()[B
11-10 16:06:11.924: D/dalvikvm(1433): VFY: replacing opcode 0x6e at 0x000e
11-10 16:06:11.924: I/GCoreUlr(6958): Starting service, intent=Intent { act=com.google.android.location.reporting.ACTION_UPDATE_WORLD cmp=com.google.android.gms/com.google.android.location.reporting.service.DispatchingService (has extras) }, extras=Bundle[{receiverAction=com.google.android.gms.auth.GOOGLE_ACCOUNT_CHANGE, accountsAdded=[Account {name=QRJUJJNYU6ORDHFE7PZXPED3E4-01@cloudtestlabaccounts.com, type=com.google}]}]
11-10 16:06:11.959: W/ArtDownloadService(8335): Setting cache size 0
11-10 16:06:12.004: D/BatteryService(2348): update start
11-10 16:06:12.004: D/BatteryService(2348): level:100, scale:100, status:5, health:2, present:true, voltage: 4324, temperature: 336, technology: Li-ion, AC powered:false, USB powered:true, Wireless powered:false, icon:17303550, invalid charger:0, online:6, charge type:1, current avg:800
11-10 16:06:12.004: D/BatteryService(2348): Sending ACTION_BATTERY_CHANGED.
11-10 16:06:12.009: D/STATUSBAR-BatteryController(2563): onReceive() - ACTION_BATTERY_CHANGED
11-10 16:06:12.009: W/dalvikvm(1433): VFY: unable to find class referenced in signature (Landroid/net/Network;)
11-10 16:06:12.009: D/STATUSBAR-BatteryController(2563): onReceive() - BATTERY_STATUS_FULL:
11-10 16:06:12.009: D/STATUSBAR-PhoneStatusBar(2563):  mBrightnessEnablebySettings = true mBrightnessEnablebyBattery = true mBrightnessEnablebyDisableFlag = true
11-10 16:06:12.014: I/GoogleURLConnFactory(6958): Using platform SSLCertificateSocketFactory
11-10 16:06:12.019: W/dalvikvm(1433): VFY: unable to find class referenced in signature (Landroid/net/Network;)
11-10 16:06:12.019: W/dalvikvm(1433): VFY: unable to find class referenced in signature (Landroid/net/Network;)
11-10 16:06:12.019: W/dalvikvm(1433): VFY: unable to find class referenced in signature (Landroid/net/Network;)
