11-10 16:06:15.369: W/Conscrypt(1433): Could not set socket write timeout:
11-10 16:06:15.369: W/Conscrypt(1433):    java.lang.reflect.Method.invokeNative(Native Method)
11-10 16:06:15.369: W/Conscrypt(1433):    java.lang.reflect.Method.invoke(Method.java:525)
11-10 16:06:15.379: W/GoogleSignatureVerifier(6958): Test-keys aren't accepted on this build.
11-10 16:06:15.384: W/GoogleSignatureVerifier(6958): Test-keys aren't accepted on this build.
11-10 16:06:15.409: W/GoogleSignatureVerifier(6958): Test-keys aren't accepted on this build.
11-10 16:06:15.444: W/GoogleSignatureVerifier(6958): Test-keys aren't accepted on this build.
11-10 16:06:15.464: I/dalvikvm(1433): Could not find method android.telephony.SubscriptionManager.from, referenced from method aisi.a
11-10 16:06:15.464: W/dalvikvm(1433): VFY: unable to resolve static method 27056: Landroid/telephony/SubscriptionManager;.from (Landroid/content/Context;)Landroid/telephony/SubscriptionManager;
11-10 16:06:15.464: D/dalvikvm(1433): VFY: replacing opcode 0x71 at 0x004a
11-10 16:06:15.464: I/dalvikvm(1433): Could not find method android.content.Context.checkSelfPermission, referenced from method aisb.a
11-10 16:06:15.464: W/dalvikvm(1433): VFY: unable to resolve virtual method 25832: Landroid/content/Context;.checkSelfPermission (Ljava/lang/String;)I
11-10 16:06:15.464: D/dalvikvm(1433): VFY: replacing opcode 0x6e at 0x0007
11-10 16:06:15.484: I/dalvikvm(1433): Could not find method android.telephony.SubscriptionManager.from, referenced from method ailn.a
11-10 16:06:15.484: W/dalvikvm(1433): VFY: unable to resolve static method 27056: Landroid/telephony/SubscriptionManager;.from (Landroid/content/Context;)Landroid/telephony/SubscriptionManager;
11-10 16:06:15.484: D/dalvikvm(1433): VFY: replacing opcode 0x71 at 0x0019
11-10 16:06:15.589: I/dalvikvm(1433): Could not find method android.content.Context.isDeviceProtectedStorage, referenced from method jlo.a
11-10 16:06:15.589: W/dalvikvm(1433): VFY: unable to resolve virtual method 3386: Landroid/content/Context;.isDeviceProtectedStorage ()Z
11-10 16:06:15.589: D/dalvikvm(1433): VFY: replacing opcode 0x6e at 0x02d7
11-10 16:06:15.614: I/MS_RegisterService(1433): RegisterService intent:Intent { act=com.google.android.gms.matchstick.register_intent_google_account_change cat=[targeted_intent_op_prefix:com.google.android.libraries.matchstick.net.SilentRegisterIntentOperation] cmp=com.google.android.gms/.chimera.GmsIntentOperationService } isPeriodic:false
11-10 16:06:15.719: I/dalvikvm(1433): Jit: resizing JitTable from 4096 to 8192
11-10 16:06:15.739: I/ProcessCheckinRequest(1433): REQUEST: b: "354953051041418"
11-10 16:06:15.739: I/ProcessCheckinRequest(1433): c: "00376DEA035E"
11-10 16:06:15.739: I/ProcessCheckinRequest(1433): d: "wifi"
11-10 16:06:15.739: I/ProcessCheckinRequest(1433): e: "4df12fde162d4fdd"
11-10 16:06:15.739: I/ProcessCheckinRequest(1433): g: 4494612393564000764
11-10 16:06:15.739: I/ProcessCheckinRequest(1433): h: 1003332185077771447
11-10 16:06:15.739: I/ProcessCheckinRequest(1433): i: "1-0ec9f080274c7bec0447b9a4fba46177157e9ddc"
11-10 16:06:15.739: I/ProcessCheckinRequest(1433): j: "en_US"
11-10 16:06:15.739: I/ProcessCheckinRequest(1433): k <
11-10 16:06:15.739: I/ProcessCheckinRequest(1433):   a <
11-10 16:06:15.739: I/ProcessCheckinRequest(1433):     a: "samsung/m0xx/m0:4.3/JSS15J/I9300XXUGMK6:user/release-keys"
11-10 16:06:15.739: I/ProcessCheckinRequest(1433):     b: "I9300XXUGNB1"
11-10 16:06:15.739: I/ProcessCheckinRequest(1433):     c: "I9300XXUGNJ2"
11-10 16:06:15.739: I/ProcessCheckinRequest(1433):     d: "smdk4x12"
11-10 16:06:15.739: I/ProcessCheckinRequest(1433):     e: "samsung"
11-10 16:06:15.739: I/ProcessCheckinRequest(1433):     f: "android-samsung"
11-10 16:06:15.739: I/ProcessCheckinRequest(1433):     g: 1385453002
11-10 16:06:15.739: I/ProcessCheckinRequest(1433):     h: 11745030
11-10 16:06:15.739: I/ProcessCheckinRequest(1433):     i: 18
11-10 16:06:15.739: I/ProcessCheckinRequest(1433):     j: "m0"
11-10 16:06:15.739: I/ProcessCheckinRequest(1433):     k: "GT-I9300"
11-10 16:06:15.739: I/ProcessCheckinRequest(1433):     l: "samsung"
11-10 16:06:15.739: I/ProcessCheckinRequest(1433):     m: "m0xx"
11-10 16:06:15.739: I/ProcessCheckinRequest(1433):     n: false
11-10 16:06:15.739: I/ProcessCheckinRequest(1433):     o <
11-10 16:06:15.739: I/ProcessCheckinRequest(1433):       a: 2
11-10 16:06:15.739: I/ProcessCheckinRequest(1433):       b: "ms-android-samsung"
11-10 16:06:15.739: I/ProcessCheckinRequest(1433):     >
11-10 16:06:15.739: I/ProcessCheckinRequest(1433):     o <
11-10 16:06:15.739: I/ProcessCheckinRequest(1433):       a: 4
11-10 16:06:15.739: I/ProcessCheckinRequest(1433):       b: "gmm-android-samsung"
11-10 16:06:15.739: I/ProcessCheckinRequest(1433):     >
11-10 16:06:15.739: I/ProcessCheckinRequest(1433):     o <
11-10 16:06:15.739: I/ProcessCheckinRequest(1433):       a: 6
11-10 16:06:15.739: I/ProcessCheckinRequest(1433):       b: "am-android-samsung"
11-10 16:06:15.739: I/ProcessCheckinRequest(1433):     >
11-10 16:06:15.739: I/ProcessCheckinRequest(1433):     o <
11-10 16:06:15.739: I/ProcessCheckinRequest(1433):       a: 1
11-10 16:06:15.739: I/ProcessCheckinRequest(1433):       b: "android-samsung"
11-10 16:06:15.739: I/ProcessCheckinRequest(1433):     >
11-10 16:06:15.739: I/ProcessCheckinRequest(1433):     o <
11-10 16:06:15.739: I/ProcessCheckinRequest(1433):       a: 3
11-10 16:06:15.739: I/ProcessCheckinRequest(1433):       b: "ms-android-samsung"
11-10 16:06:15.739: I/ProcessCheckinRequest(1433):     >
11-10 16:06:15.739: I/ProcessCheckinRequest(1433):     o <
11-10 16:06:15.739: I/ProcessCheckinRequest(1433):       a: 9
11-10 16:06:15.739: I/ProcessCheckinRequest(1433):       b: "ms-android-samsung"
11-10 16:06:15.739: I/ProcessCheckinRequest(1433):     >
11-10 16:06:15.739: I/ProcessCheckinRequest(1433):     o <
11-10 16:06:15.739: I/ProcessCheckinRequest(1433):       a: 5
11-10 16:06:15.739: I/ProcessCheckinRequest(1433):       b: "mvapp-android-samsung"
11-10 16:06:15.739: I/ProcessCheckinRequest(1433):     >
11-10 16:06:15.739: I/ProcessCheckinRequest(1433):   >
11-10 16:06:15.739: I/ProcessCheckinRequest(1433):   b: 1510328481890
11-10 16:06:15.739: I/ProcessCheckinRequest(1433):   e: "310260"
11-10 16:06:15.739: I/ProcessCheckinRequest(1433):   g: "WIFI::"
11-10 16:06:15.739: I/ProcessCheckinRequest(1433):   i: 0
11-10 16:06:15.739: I/ProcessCheckinRequest(1433):   j: 2
11-10 16:06:15.739: I/ProcessCheckinRequest(1433):   k <
11-10 16:06:15.739: I/ProcessCheckinRequest(1433):     a: 4
11-10 16:06:15.739: I/ProcessCheckinRequest(1433):     b: 1
11-10 16:06:15.739: I/ProcessCheckinRequest(1433):     c: "unspecified"
11-10 16:06:15.739: I/ProcessCheckinRequest(1433):     d: ""
11-10 16:06:15.739: I/ProcessCheckinRequest(1433):     e: false
11-10 16:06:15.739: I/ProcessCheckinRequest(1433):   >
11-10 16:06:15.739: I/ProcessCheckinRequest(1433): >
11-10 16:06:15.739: I/ProcessCheckinRequest(1433): l: "[QRJUJJNYU6ORDHFE7PZXPED3E4-01@cloudtestlabaccounts.com]"
11-10 16:06:15.739: I/ProcessCheckinRequest(1433): m: "America/Los_Angeles"
11-10 16:06:15.739: I/ProcessCheckinRequest(1433): n: 6094857755017773289
11-10 16:06:15.739: I/ProcessCheckinRequest(1433): o: 3
11-10 16:06:15.739: I/ProcessCheckinRequest(1433): p: "voaimEHHtmDVtCHsSJSCHqfkZV4="
11-10 16:06:15.739: I/ProcessCheckinRequest(1433): q <
11-10 16:06:15.739: I/ProcessCheckinRequest(1433):   a: 3
11-10 16:06:15.739: I/ProcessCheckinRequest(1433):   b: 1
11-10 16:06:15.739: I/ProcessCheckinRequest(1433):   c: 1
11-10 16:06:15.739: I/ProcessCheckinRequest(1433):   d: 2
11-10 16:06:15.739: I/ProcessCheckinRequest(1433):   e: false
11-10 16:06:15.739: I/ProcessCheckinRequest(1433):   f: false
11-10 16:06:15.739: I/ProcessCheckinRequest(1433):   g: 320
11-10 16:06:15.739: I/ProcessCheckinRequest(1433):   h: 720
11-10 16:06:15.739: I/ProcessCheckinRequest(1433):   i: 1280
11-10 16:06:15.739: I/ProcessCheckinRequest(1433):   j: 131072
11-10 16:06:15.739: I/ProcessCheckinRequest(1433):   k: "allshare"
11-10 16:06:15.739: I/ProcessCheckinRequest(1433):   k: "allshareJmDNS"
11-10 16:06:15.739: I/ProcessCheckinRequest(1433):   k: "android.test.runner"
11-10 16:06:15.739: I/ProcessCheckinRequest(1433):   k: "com.android.future.usb.accessory"
11-10 16:06:15.739: I/ProcessCheckinRequest(1433):   k: "com.android.location.provider"
11-10 16:06:15.739: I/ProcessCheckinRequest(1433):   k: "com.android.nfc_extras"
11-10 16:06:15.739: I/ProcessCheckinRequest(1433):   k: "com.broadcom.bt"
11-10 16:06:15.739: I/ProcessCheckinRequest(1433):   k: "com.google.android.maps"
11-10 16:06:15.739: I/ProcessCheckinRequest(1433):   k: "com.google.android.media.effects"
11-10 16:06:15.739: I/ProcessCheckinRequest(1433):   k: "com.google.widevine.software.drm"
11-10 16:06:15.739: I/ProcessCheckinRequest(1433):   k: "com.samsung.device"
11-10 16:06:15.739: I/ProcessCheckinRequest(1433):   k: "com.sec.android.app.minimode"
11-10 16:06:15.739: I/ProcessCheckinRequest(1433):   k: "com.sec.android.app.multiwindow"
11-10 16:06:15.739: I/ProcessCheckinRequest(1433):   k: "com.sec.android.mdm"
11-10 16:06:15.739: I/ProcessCheckinRequest(1433):   k: "commonimsinterface"
11-10 16:06:15.739: I/ProcessCheckinRequest(1433):   k: "javax.obex"
11-10 16:06:15.739: I/ProcessCheckinRequest(1433):   k: "kies_feature"
11-10 16:06:15.739: I/ProcessCheckinRequest(1433):   k: "libvtmanagerjar"
11-10 16:06:15.739: I/ProcessCheckinRequest(1433):   k: "mmappframeworklib"
11-10 16:06:15.739: I/ProcessCheckinRequest(1433):   k: "org.simalliance.openmobileapi"
11-10 16:06:15.739: I/ProcessCheckinRequest(1433):   k: "samsung_library_music"
11-10 16:06:15.739: I/ProcessCheckinRequest(1433):   k: "sec_feature"
11-10 16:06:15.739: I/ProcessCheckinRequest(1433):   k: "sec_platform_library"
11-10 16:06:15.739: I/ProcessCheckinRequest(1433):   k: "seccamera"
11-10 16:06:15.739: I/ProcessCheckinRequest(1433):   k: "sechardware"
11-10 16:06:15.739: I/ProcessCheckinRequest(1433):   k: "secmediarecorder"
11-10 16:06:15.739: I/ProcessCheckinRequest(1433):   k: "smartfaceservice"
11-10 16:06:15.739: I/ProcessCheckinRequest(1433):   k: "smatlib"
11-10 16:06:15.739: I/ProcessCheckinRequest(1433):   k: "svi"
11-10 16:06:15.739: I/ProcessCheckinRequest(1433):   k: "sws"
11-10 16:06:15.739: I/ProcessCheckinRequest(1433):   k: "touchwiz"
11-10 16:06:15.739: I/ProcessCheckinRequest(1433):   k: "videowall"
11-10 16:06:15.739: I/ProcessCheckinRequest(1433):   l: "android.hardware.bluetooth"
11-10 16:06:15.739: I/ProcessCheckinRequest(1433):   l: "android.hardware.bluetooth_le"
11-10 16:06:15.739: I/ProcessCheckinRequest(1433):   l: "android.hardware.camera"
11-10 16:06:15.739: I/ProcessCheckinRequest(1433):   l: "android.hardware.camera.any"
11-10 16:06:15.739: I/ProcessCheckinRequest(1433):   l: "android.hardware.camera.autofocus"
11-10 16:06:15.739: I/ProcessCheckinRequest(1433):   l: "android.hardware.camera.flash"
11-10 16:06:15.739: I/ProcessCheckinRequest(1433):   l: "android.hardware.camera.front"
11-10 16:06:15.739: I/ProcessCheckinRequest(1433):   l: "android.hardware.faketouch"
11-10 16:06:15.739: I/ProcessCheckinRequest(1433):   l: "android.hardware.location"
11-10 16:06:15.739: I/ProcessCheckinRequest(1433):   l: "android.hardware.location.gps"
11-10 16:06:15.739: I/ProcessCheckinRequest(1433):   l: "android.hardware.location.network"
11-10 16:06:15.739: I/ProcessCheckinRequest(1433):   l: "android.hardware.microphone"
11-10 16:06:15.739: I/ProcessCheckinRequest(1433):   l: "android.hardware.nfc"
11-10 16:06:15.739: I/ProcessCheckinRequest(1433):   l: "android.hardware.screen.landscape"
11-10 16:06:15.739: I/ProcessCheckinRequest(1433):   l: "android.hardware.screen.portrait"
11-10 16:06:15.739: I/ProcessCheckinRequest(1433):   l: "android.hardware.sensor.accelerometer"
11-10 16:06:15.739: I/ProcessCheckinRequest(1433):   l: "android.hardware.sensor.barometer"
11-10 16:06:15.739: I/ProcessCheckinRequest(1433):   l: "android.hardware.sensor.compass"
11-10 16:06:15.739: I/ProcessCheckinRequest(1433):   l: "android.hardware.sensor.gyroscope"
11-10 16:06:15.739: I/ProcessCheckinRequest(1433):   l: "android.hardware.sensor.light"
11-10 16:06:15.739: I/ProcessCheckinRequest(1433):   l: "android.hardware.sensor.proximity"
11-10 16:06:15.739: I/ProcessCheckinRequest(1433):   l: "android.hardware.telephony"
11-10 16:06:15.739: I/ProcessCheckinRequest(1433):   l: "android.hardware.telephony.gsm"
11-10 16:06:15.739: I/ProcessCheckinRequest(1433):   l: "android.hardware.touchscreen"
11-10 16:06:15.739: I/ProcessCheckinRequest(1433):   l: "android.hardware.touchscreen.multitouch"
11-10 16:06:15.739: I/ProcessCheckinRequest(1433):   l: "android.hardware.touchscreen.multitouch.distinct"
11-10 16:06:15.739: I/ProcessCheckinRequest(1433):   l: "android.hardware.touchscreen.multitouch.jazzhand"
11-10 16:06:15.739: I/ProcessCheckinRequest(1433):   l: "android.hardware.usb.accessory"
11-10 16:06:15.739: I/ProcessCheckinRequest(1433):   l: "android.hardware.usb.host"
11-10 16:06:15.739: I/ProcessCheckinRequest(1433):   l: "android.hardware.wifi"
11-10 16:06:15.739: I/ProcessCheckinRequest(1433):   l: "android.hardware.wifi.direct"
11-10 16:06:15.739: I/ProcessCheckinRequest(1433):   l: "android.software.app_widgets"
11-10 16:06:15.739: I/ProcessCheckinRequest(1433):   l: "android.software.home_screen"
11-10 16:06:15.739: I/ProcessCheckinRequest(1433):   l: "android.software.input_methods"
11-10 16:06:15.739: I/ProcessCheckinRequest(1433):   l: "android.software.live_wallpaper"
11-10 16:06:15.739: I/ProcessCheckinRequest(1433):   l: "android.software.sip"
11-10 16:06:15.739: I/ProcessCheckinRequest(1433):   l: "android.software.sip.voip"
11-10 16:06:15.739: I/ProcessCheckinRequest(1433):   l: "com.nxp.mifare"
11-10 16:06:15.739: I/ProcessCheckinRequest(1433):   l: "com.sec.android.mdm"
11-10 16:06:15.739: I/ProcessCheckinRequest(1433):   l: "com.sec.feature.flashbar"
11-10 16:06:15.739: I/ProcessCheckinRequest(1433):   l: "com.sec.feature.gearmanager"
11-10 16:06:15.739: I/ProcessCheckinRequest(1433):   l: "com.sec.feature.minimode"
11-10 16:06:15.739: I/ProcessCheckinRequest(1433):   l: "com.sec.feature.multiwindow"
11-10 16:06:15.739: I/ProcessCheckinRequest(1433):   l: "com.sec.feature.multiwindow.phone"
11-10 16:06:15.739: I/ProcessCheckinRequest(1433):   m <
11-10 16:06:15.739: I/ProcessCheckinRequest(1433):     a: "android.hardware.bluetooth"
11-10 16:06:15.739: I/ProcessCheckinRequest(1433):     b: 0
11-10 16:06:15.739: I/ProcessCheckinRequest(1433):   >
11-10 16:06:15.739: I/ProcessCheckinRequest(1433):   m <
11-10 16:06:15.739: I/ProcessCheckinRequest(1433):     a: "android.hardware.bluetooth_le"
11-10 16:06:15.739: I/ProcessCheckinRequest(1433):     b: 0
11-10 16:06:15.739: I/ProcessCheckinRequest(1433):   >
11-10 16:06:15.739: I/ProcessCheckinRequest(1433):   m <
11-10 16:06:15.739: I/ProcessCheckinRequest(1433):     a: "android.hardware.camera"
11-10 16:06:15.739: I/ProcessCheckinRequest(1433):     b: 0
11-10 16:06:15.739: I/ProcessCheckinRequest(1433):   >
11-10 16:06:15.739: I/ProcessCheckinRequest(1433):   m <
11-10 16:06:15.739: I/ProcessCheckinRequest(1433):     a: "android.hardware.camera.any"
11-10 16:06:15.739: I/ProcessCheckinRequest(1433):     b: 0
11-10 16:06:15.739: I/ProcessCheckinRequest(1433):   >
11-10 16:06:15.739: I/ProcessCheckinRequest(1433):   m <
11-10 16:06:15.739: I/ProcessCheckinRequest(1433):     a: "android.hardware.camera.autofocus"
11-10 16:06:15.739: I/ProcessCheckinRequest(1433):     b: 0
11-10 16:06:15.739: I/ProcessCheckinRequest(1433):   >
11-10 16:06:15.739: I/ProcessCheckinRequest(1433):   m <
11-10 16:06:15.739: I/ProcessCheckinRequest(1433):     a: "android.hardware.camera.flash"
11-10 16:06:15.739: I/ProcessCheckinRequest(1433):     b: 0
11-10 16:06:15.739: I/ProcessCheckinRequest(1433):   >
11-10 16:06:15.739: I/ProcessCheckinRequest(1433):   m <
11-10 16:06:15.739: I/ProcessCheckinRequest(1433):     a: "android.har
11-10 16:06:15.744: I/MS_PhoneUtils(1433): Phone type: 1
11-10 16:06:15.744: W/MS_RegisterService(1433): Not eligible for registration.
11-10 16:06:15.844: D/dalvikvm(6911): GC_CONCURRENT freed 764K, 18% free 11984K/14612K, paused 8ms+4ms, total 53ms
11-10 16:06:15.854: W/Conscrypt(6911): Could not set socket write timeout:
11-10 16:06:15.854: W/Conscrypt(6911):    java.lang.reflect.Method.invokeNative(Native Method)
11-10 16:06:15.854: W/Conscrypt(6911):    java.lang.reflect.Method.invoke(Method.java:525)
11-10 16:06:15.869: W/Conscrypt(6911): Could not set socket write timeout:
11-10 16:06:15.874: W/Conscrypt(6911):    java.lang.reflect.Method.invokeNative(Native Method)
11-10 16:06:15.874: W/Conscrypt(6911):    java.lang.reflect.Method.invoke(Method.java:525)
11-10 16:06:15.884: W/ActivityManager(2348): Permission denied: checkComponentPermission() owningUid=10138
11-10 16:06:15.884: W/ActivityManager(2348): Permission denied: checkComponentPermission() owningUid=10138
11-10 16:06:15.929: D/dalvikvm(10057): GC_CONCURRENT freed 547K, 15% free 9745K/11344K, paused 3ms+3ms, total 33ms
11-10 16:06:15.939: W/ActivityManager(2348): Permission denied: checkComponentPermission() owningUid=10138
11-10 16:06:15.939: W/ActivityManager(2348): Permission denied: checkComponentPermission() owningUid=10138
11-10 16:06:15.994: I/CheckinResponseProcess(1433): From server: 1 gservices updates and 0 deletes
11-10 16:06:16.014: W/Auth(6911): [GetToken] GetToken failed with status code: INVALID_SCOPE
11-10 16:06:16.039: E/HeterodyneSyncTaskChime(6958): Failed to get auth token: INVALID_SCOPE
11-10 16:06:16.039: E/HeterodyneSyncTaskChime(6958): eaa: INVALID_SCOPE
11-10 16:06:16.039: E/HeterodyneSyncTaskChime(6958): 	at eae.a(:com.google.android.gms@11745030:14)
11-10 16:06:16.039: E/HeterodyneSyncTaskChime(6958): 	at ead.a(:com.google.android.gms@11745030:2)
11-10 16:06:16.039: E/HeterodyneSyncTaskChime(6958): 	at ead.e(:com.google.android.gms@11745030:6)
11-10 16:06:16.039: E/HeterodyneSyncTaskChime(6958): 	at eab.f(:com.google.android.gms@11745030:3)
11-10 16:06:16.039: E/HeterodyneSyncTaskChime(6958): 	at eab.a(:com.google.android.gms@11745030:4)
11-10 16:06:16.039: E/HeterodyneSyncTaskChime(6958): 	at eab.a(:com.google.android.gms@11745030:7)
11-10 16:06:16.039: E/HeterodyneSyncTaskChime(6958): 	at ysl.a(:com.google.android.gms@11745030:35)
11-10 16:06:16.039: E/HeterodyneSyncTaskChime(6958): 	at ysn.a(:com.google.android.gms@11745030:36)
11-10 16:06:16.039: E/HeterodyneSyncTaskChime(6958): 	at ysn.a(:com.google.android.gms@11745030:208)
11-10 16:06:16.039: E/HeterodyneSyncTaskChime(6958): 	at ysn.a(:com.google.android.gms@11745030:384)
11-10 16:06:16.039: E/HeterodyneSyncTaskChime(6958): 	at com.google.android.gms.phenotype.sync.HeterodyneSyncTaskChimeraService.a(:com.google.android.gms@11745030:79)
11-10 16:06:16.039: E/HeterodyneSyncTaskChime(6958): 	at com.google.android.gms.phenotype.sync.HeterodyneSyncTaskChimeraService.a(:com.google.android.gms@11745030:24)
11-10 16:06:16.039: E/HeterodyneSyncTaskChime(6958): 	at qhr.run(:com.google.android.gms@11745030:1)
11-10 16:06:16.039: E/HeterodyneSyncTaskChime(6958): 	at java.util.concurrent.ThreadPoolExecutor.runWorker(ThreadPoolExecutor.java:1080)
11-10 16:06:16.039: E/HeterodyneSyncTaskChime(6958): 	at java.util.concurrent.ThreadPoolExecutor$Worker.run(ThreadPoolExecutor.java:573)
11-10 16:06:16.039: E/HeterodyneSyncTaskChime(6958): 	at java.lang.Thread.run(Thread.java:841)
11-10 16:06:16.079: D/dalvikvm(6958): GC_CONCURRENT freed 1108K, 17% free 14536K/17484K, paused 5ms+13ms, total 65ms
11-10 16:06:16.174: D/dalvikvm(6911): GC_CONCURRENT freed 540K, 16% free 12305K/14612K, paused 2ms+4ms, total 36ms
11-10 16:06:16.209: I/Icing(1433): Usage reports ok 0, Failed Usage reports 0, indexed 0, rejected 0, imm upload false
11-10 16:06:16.219: I/Icing(1433): Usage reports ok 0, Failed Usage reports 0, indexed 0, rejected 0, imm upload false
11-10 16:06:16.239: I/CertBlacklister(2348): Certificate blacklist changed, updating...
11-10 16:06:16.249: W/ActivityManager(2348): Permission denied: checkComponentPermission() owningUid=10138
11-10 16:06:16.249: W/ActivityManager(2348): Permission denied: checkComponentPermission() owningUid=10138
11-10 16:06:16.254: I/CertBlacklister(2348): Certificate blacklist updated
11-10 16:06:16.259: I/GservicesProvider(6911): main difference update completed
11-10 16:06:16.294: W/ActivityManager(2348): Permission denied: checkComponentPermission() owningUid=10138
11-10 16:06:16.294: W/ActivityManager(2348): Permission denied: checkComponentPermission() owningUid=10138
11-10 16:06:16.329: D/dalvikvm(1934): GC_EXPLICIT freed 38K, 11% free 9394K/10484K, paused 1ms+3ms, total 31ms
11-10 16:06:16.354: D/dalvikvm(1934): GC_EXPLICIT freed <1K, 11% free 9394K/10484K, paused 2ms+2ms, total 24ms
11-10 16:06:16.379: D/dalvikvm(1934): GC_EXPLICIT freed <1K, 11% free 9394K/10484K, paused 2ms+2ms, total 23ms
11-10 16:06:16.379: I/Icing(1433): IndexChimeraService.getServiceInterface callingPackage=com.google.android.gms componentName=AppsCorpus serviceId=36
11-10 16:06:16.379: I/Icing(1433): Indexing done BF71195C1CDC55076447405BAB4F4CC5EC8EA96A
11-10 16:06:16.384: I/Icing(1433): IndexChimeraService.getServiceInterface callingPackage=com.google.android.gms componentName=AppsCorpus serviceId=32
11-10 16:06:16.409: I/Icing(1433): Indexing 8226E03A42886F3C820B4E7BE9684DFB8708FA5B from com.google.android.googlequicksearchbox
11-10 16:06:16.419: I/ProcessCheckinRequest(1433): updateCheckinIdTokenFileFromResponse, Reading existing AID
11-10 16:06:16.419: I/CheckinRequestBuilder(1433): Checkin reason type: 4 attempt count: 1
11-10 16:06:16.434: E/ActivityThread(1433): Failed to find provider info for com.google.android.wearable.settings
11-10 16:06:16.484: E/UpdateRequestReceiver(10515): Received malformed URL while handling Gservices.CHANGED_ACTION
11-10 16:06:16.499: E/UpdateRequestReceiver(10515): Received malformed URL while handling Gservices.CHANGED_ACTION
11-10 16:06:16.524: I/UpdateFetcherService(10515): Update started
11-10 16:06:16.549: E/UpdateRequestReceiver(10515): Received malformed URL while handling Gservices.CHANGED_ACTION
11-10 16:06:16.574: E/UpdateRequestReceiver(10515): Received malformed URL while handling Gservices.CHANGED_ACTION
11-10 16:06:16.604: D/BatteryService(2348): update start
11-10 16:06:16.604: D/BatteryService(2348): level:100, scale:100, status:5, health:2, present:true, voltage: 4313, temperature: 349, technology: Li-ion, AC powered:false, USB powered:true, Wireless powered:false, icon:17303550, invalid charger:0, online:6, charge type:1, current avg:800
11-10 16:06:16.604: D/BatteryService(2348): Sending ACTION_BATTERY_CHANGED.
11-10 16:06:16.614: D/STATUSBAR-BatteryController(2563): onReceive() - ACTION_BATTERY_CHANGED
11-10 16:06:16.614: D/STATUSBAR-BatteryController(2563): onReceive() - BATTERY_STATUS_FULL:
11-10 16:06:16.614: D/STATUSBAR-PhoneStatusBar(2563):  mBrightnessEnablebySettings = true mBrightnessEnablebyBattery = true mBrightnessEnablebyDisableFlag = true
11-10 16:06:16.624: E/UpdateRequestReceiver(10515): Received malformed URL while handling Gservices.CHANGED_ACTION
11-10 16:06:16.629: I/Icing(1433): Indexing done 8226E03A42886F3C820B4E7BE9684DFB8708FA5B
11-10 16:06:16.779: I/DownloadManager(8881): Download 16 starting
11-10 16:06:16.799: D/dalvikvm(6911): GC_EXPLICIT freed 474K, 18% free 12005K/14612K, paused 5ms+8ms, total 64ms
11-10 16:06:16.899: I/GeofencerStateMachine(6958): sendQueryLocationOptIn
11-10 16:06:16.909: I/GeofencerStateMachine(6958): sendQueryLocationOptIn
11-10 16:06:16.919: E/PhoneMonitor(10560): onOtaspChanged old =0, new =3
11-10 16:06:16.919: V/PhoneMonitor(10560): mOtaspPhoneStateListener#onOtaspChanged, mOtaspMode=3
11-10 16:06:16.934: D/dalvikvm(1433): GC_EXPLICIT freed 3008K, 24% free 13141K/17264K, paused 27ms+23ms, total 141ms
11-10 16:06:16.974: W/LicenseLogService(2348): log() is called by non admin
11-10 16:06:16.999: I/DownloadManager(8881): Ignoring Content-Length since Transfer-Encoding is also defined
11-10 16:06:17.009: I/Velvet.VelvetFactory(10057): refreshing search history.
11-10 16:06:17.009: I/Search.GservicesUpdateTask(10057): Updating Gservices keys
11-10 16:06:17.019: W/GAV2(10057): Thread[Thread-1168,5,main]: Need to call initialize() and be in fallback mode to start dispatch.
11-10 16:06:17.024: W/GAV2(10057): Thread[Thread-1168,5,main]: dispatch call queued.  Need to call GAServiceManager.getInstance().initialize().
11-10 16:06:17.024: D/dalvikvm(2348): JIT code cache reset in 7 ms (1048560 bytes 5/0)
11-10 16:06:17.034: W/LicenseLogService(2348): log() is called by non admin
11-10 16:06:17.044: D/dalvikvm(2348): GC_CONCURRENT freed 2095K, 40% free 20223K/33304K, paused 7ms+20ms, total 163ms
11-10 16:06:17.044: D/dalvikvm(2348): WAIT_FOR_CONCURRENT_GC blocked 56ms
11-10 16:06:17.059: D/dalvikvm(10057): GC_FOR_ALLOC freed 178K, 14% free 9785K/11344K, paused 31ms, total 31ms
11-10 16:06:17.089: I/GeofencerStateMachine(6958): sendQueryLocationOptIn
11-10 16:06:17.089: W/LicenseLogService(2348): log() is called by non admin
11-10 16:06:17.124: W/LicenseLogService(2348): log() is called by non admin
11-10 16:06:17.139: W/LicenseLogService(2348): log() is called by non admin
11-10 16:06:17.144: W/LicenseLogService(2348): log() is called by non admin
11-10 16:06:17.149: W/LicenseLogService(2348): log() is called by non admin
11-10 16:06:17.174: I/GeofencerStateMachine(6958): sendQueryLocationOptIn
11-10 16:06:17.179: W/Icing(1433): Failed to connect to Lockbox API
11-10 16:06:17.189: W/Icing(1433): getSignedInAccountName: Falling back to default value
11-10 16:06:17.189: D/BatteryService(2348): update start
11-10 16:06:17.194: D/BatteryService(2348): level:100, scale:100, status:5, health:2, present:true, voltage: 4288, temperature: 350, technology: Li-ion, AC powered:false, USB powered:true, Wireless powered:false, icon:17303550, invalid charger:0, online:6, charge type:1, current avg:800
11-10 16:06:17.194: D/BatteryService(2348): Sending ACTION_BATTERY_CHANGED.
11-10 16:06:17.214: D/dalvikvm(2348): GC_EXPLICIT freed 160K, 40% free 20149K/33304K, paused 5ms+13ms, total 167ms
11-10 16:06:17.224: D/STATUSBAR-BatteryController(2563): onReceive() - ACTION_BATTERY_CHANGED
11-10 16:06:17.224: D/STATUSBAR-BatteryController(2563): onReceive() - BATTERY_STATUS_FULL:
11-10 16:06:17.224: V/DownloadManager(8881): MIME Type = text/plain
11-10 16:06:17.224: D/STATUSBAR-PhoneStatusBar(2563):  mBrightnessEnablebySettings = true mBrightnessEnablebyBattery = true mBrightnessEnablebyDisableFlag = true
11-10 16:06:17.244: I/GeofencerStateMachine(6958): sendQueryLocationOptIn
11-10 16:06:17.259: I/GeofencerStateMachine(6958): sendQueryLocationOptIn
11-10 16:06:17.289: I/DownloadManager(8881): Download 16 finished with status SUCCESS
11-10 16:06:17.304: I/GeofencerStateMachine(6958): sendQueryLocationOptIn
11-10 16:06:17.344: I/GeofencerStateMachine(6958): sendQueryLocationOptIn
11-10 16:06:17.429: I/Icing(1433): IndexChimeraService.getServiceInterface callingPackage=com.google.android.googlequicksearchbox componentName=null serviceId=21
11-10 16:06:17.524: D/dalvikvm(6911): GC_EXPLICIT freed 304K, 18% free 12043K/14612K, paused 4ms+4ms, total 40ms
11-10 16:06:17.544: W/Conscrypt(6911): Could not set socket write timeout:
11-10 16:06:17.549: W/Conscrypt(6911):    java.lang.reflect.Method.invokeNative(Native Method)
11-10 16:06:17.549: W/Conscrypt(6911):    java.lang.reflect.Method.invoke(Method.java:525)
11-10 16:06:17.559: W/Conscrypt(6911): Could not set socket write timeout:
11-10 16:06:17.559: W/Conscrypt(6911): Could not set socket write timeout:
11-10 16:06:17.559: W/Conscrypt(6911):    java.lang.reflect.Method.invokeNative(Native Method)
11-10 16:06:17.559: W/Conscrypt(6911):    java.lang.reflect.Method.invoke(Method.java:525)
11-10 16:06:17.559: W/Conscrypt(6911):    java.lang.reflect.Method.invokeNative(Native Method)
11-10 16:06:17.559: W/Conscrypt(6911):    java.lang.reflect.Method.invoke(Method.java:525)
11-10 16:06:17.564: W/Conscrypt(6911): Could not set socket write timeout:
11-10 16:06:17.569: W/Conscrypt(6911):    java.lang.reflect.Method.invokeNative(Native Method)
11-10 16:06:17.569: W/Conscrypt(6911):    java.lang.reflect.Method.invoke(Method.java:525)
11-10 16:06:17.599: D/dalvikvm(10057): GC_FOR_ALLOC freed 203K, 13% free 9896K/11344K, paused 17ms, total 17ms
11-10 16:06:17.669: I/Search.RefreshSearchDomainAndCookiesTask(10057): refreshing search domain
11-10 16:06:17.669: W/Search.SearchUrlHelper(10057): Auth token not ready, no auth header set.
11-10 16:06:17.709: W/Conscrypt(6911): Could not set socket write timeout:
11-10 16:06:17.714: W/Conscrypt(6911):    java.lang.reflect.Method.invokeNative(Native Method)
11-10 16:06:17.714: W/Conscrypt(6911):    java.lang.reflect.Method.invoke(Method.java:525)
11-10 16:06:17.724: W/Conscrypt(6911): Could not set socket write timeout:
11-10 16:06:17.724: W/Conscrypt(6911):    java.lang.reflect.Method.invokeNative(Native Method)
11-10 16:06:17.724: W/Conscrypt(6911):    java.lang.reflect.Method.invoke(Method.java:525)
11-10 16:06:17.799: D/dalvikvm(6911): GC_CONCURRENT freed 898K, 18% free 12049K/14612K, paused 3ms+6ms, total 48ms
11-10 16:06:17.804: W/Auth(6911): [GetToken] GetToken failed with status code: INVALID_SCOPE
11-10 16:06:17.809: D/SSRMv2:Monitor(2348): SIOP:: AP = 300 (read only)
11-10 16:06:17.814: E/HeterodyneSyncTaskChime(6958): Failed to get auth token: INVALID_SCOPE
11-10 16:06:17.814: E/HeterodyneSyncTaskChime(6958): eaa: INVALID_SCOPE
11-10 16:06:17.814: E/HeterodyneSyncTaskChime(6958): 	at eae.a(:com.google.android.gms@11745030:14)
11-10 16:06:17.814: E/HeterodyneSyncTaskChime(6958): 	at ead.a(:com.google.android.gms@11745030:2)
11-10 16:06:17.814: E/HeterodyneSyncTaskChime(6958): 	at ead.e(:com.google.android.gms@11745030:6)
11-10 16:06:17.814: E/HeterodyneSyncTaskChime(6958): 	at eab.f(:com.google.android.gms@11745030:3)
11-10 16:06:17.814: E/HeterodyneSyncTaskChime(6958): 	at eab.a(:com.google.android.gms@11745030:4)
11-10 16:06:17.814: E/HeterodyneSyncTaskChime(6958): 	at eab.a(:com.google.android.gms@11745030:7)
11-10 16:06:17.814: E/HeterodyneSyncTaskChime(6958): 	at ysl.a(:com.google.android.gms@11745030:35)
11-10 16:06:17.814: E/HeterodyneSyncTaskChime(6958): 	at ysn.a(:com.google.android.gms@11745030:37)
11-10 16:06:17.814: E/HeterodyneSyncTaskChime(6958): 	at ysn.a(:com.google.android.gms@11745030:208)
11-10 16:06:17.814: E/HeterodyneSyncTaskChime(6958): 	at ysn.a(:com.google.android.gms@11745030:386)
11-10 16:06:17.814: E/HeterodyneSyncTaskChime(6958): 	at com.google.android.gms.phenotype.sync.HeterodyneSyncTaskChimeraService.a(:com.google.android.gms@11745030:79)
11-10 16:06:17.814: E/HeterodyneSyncTaskChime(6958): 	at com.google.android.gms.phenotype.sync.HeterodyneSyncTaskChimeraService.a(:com.google.android.gms@11745030:24)
11-10 16:06:17.814: E/HeterodyneSyncTaskChime(6958): 	at qhr.run(:com.google.android.gms@11745030:1)
11-10 16:06:17.814: E/HeterodyneSyncTaskChime(6958): 	at java.util.concurrent.ThreadPoolExecutor.runWorker(ThreadPoolExecutor.java:1080)
11-10 16:06:17.814: E/HeterodyneSyncTaskChime(6958): 	at java.util.concurrent.ThreadPoolExecutor$Worker.run(ThreadPoolExecutor.java:573)
11-10 16:06:17.814: E/HeterodyneSyncTaskChime(6958): 	at java.lang.Thread.run(Thread.java:841)
11-10 16:06:17.854: I/Auth(6911): [BroadcastManager] Broadcasting account services changed.
11-10 16:06:17.889: W/HeterodyneSyncer(6958): sync failed
11-10 16:06:17.889: W/HeterodyneSyncer(6958): java.io.IOException: No authentication challenges found
11-10 16:06:17.889: W/HeterodyneSyncer(6958): 	at libcore.net.http.HttpURLConnectionImpl.getAuthorizationCredentials(HttpURLConnectionImpl.java:438)
11-10 16:06:17.889: W/HeterodyneSyncer(6958): 	at libcore.net.http.HttpURLConnectionImpl.processAuthHeader(HttpURLConnectionImpl.java:418)
11-10 16:06:17.889: W/HeterodyneSyncer(6958): 	at libcore.net.http.HttpURLConnectionImpl.processResponseHeaders(HttpURLConnectionImpl.java:367)
11-10 16:06:17.889: W/HeterodyneSyncer(6958): 	at libcore.net.http.HttpURLConnectionImpl.getResponse(HttpURLConnectionImpl.java:301)
11-10 16:06:17.889: W/HeterodyneSyncer(6958): 	at libcore.net.http.HttpURLConnectionImpl.getResponseCode(HttpURLConnectionImpl.java:497)
11-10 16:06:17.889: W/HeterodyneSyncer(6958): 	at libcore.net.http.HttpsURLConnectionImpl.getResponseCode(HttpsURLConnectionImpl.java:134)
11-10 16:06:17.889: W/HeterodyneSyncer(6958): 	at rhk.a(:com.google.android.gms@11745030:19)
11-10 16:06:17.889: W/HeterodyneSyncer(6958): 	at rhk.a(:com.google.android.gms@11745030:76)
11-10 16:06:17.889: W/HeterodyneSyncer(6958): 	at rhk.execute(:com.google.android.gms@11745030:8)
11-10 16:06:17.889: W/HeterodyneSyncer(6958): 	at rhk.execute(:com.google.android.gms@11745030:7)
11-10 16:06:17.889: W/HeterodyneSyncer(6958): 	at ysn.a(:com.google.android.gms@11745030:51)
11-10 16:06:17.889: W/HeterodyneSyncer(6958): 	at ysn.a(:com.google.android.gms@11745030:208)
11-10 16:06:17.889: W/HeterodyneSyncer(6958): 	at ysn.a(:com.google.android.gms@11745030:386)
11-10 16:06:17.889: W/HeterodyneSyncer(6958): 	at com.google.android.gms.phenotype.sync.HeterodyneSyncTaskChimeraService.a(:com.google.android.gms@11745030:79)
11-10 16:06:17.889: W/HeterodyneSyncer(6958): 	at com.google.android.gms.phenotype.sync.HeterodyneSyncTaskChimeraService.a(:com.google.android.gms@11745030:24)
11-10 16:06:17.889: W/HeterodyneSyncer(6958): 	at qhr.run(:com.google.android.gms@11745030:1)
11-10 16:06:17.889: W/HeterodyneSyncer(6958): 	at java.util.concurrent.ThreadPoolExecutor.runWorker(ThreadPoolExecutor.java:1080)
11-10 16:06:17.889: W/HeterodyneSyncer(6958): 	at java.util.concurrent.ThreadPoolExecutor$Worker.run(ThreadPoolExecutor.java:573)
11-10 16:06:17.889: W/HeterodyneSyncer(6958): 	at java.lang.Thread.run(Thread.java:841)
11-10 16:06:17.904: D/dalvikvm(10057): GC_CONCURRENT freed 316K, 12% free 10039K/11408K, paused 3ms+4ms, total 47ms
11-10 16:06:17.944: I/Search.SearchUrlHelper(10057): No config timestamp found.
11-10 16:06:17.954: W/Search.SearchUrlHelper(10057): Auth token not ready, no auth header set.
11-10 16:06:18.089: I/RlzPingService(9779): Setting next ping for 1510445164207
11-10 16:06:18.109: W/Conscrypt(6911): Could not set socket write timeout:
11-10 16:06:18.109: W/Conscrypt(6911):    java.lang.reflect.Method.invokeNative(Native Method)
11-10 16:06:18.109: W/Conscrypt(6911):    java.lang.reflect.Method.invoke(Method.java:525)
11-10 16:06:18.119: D/dalvikvm(10057): GC_CONCURRENT freed 415K, 13% free 10135K/11600K, paused 2ms+10ms, total 46ms
11-10 16:06:18.119: D/dalvikvm(10057): WAIT_FOR_CONCURRENT_GC blocked 21ms
11-10 16:06:18.119: W/Conscrypt(6911): Could not set socket write timeout:
11-10 16:06:18.119: D/dalvikvm(10057): WAIT_FOR_CONCURRENT_GC blocked 38ms
11-10 16:06:18.119: W/Conscrypt(6911):    java.lang.reflect.Method.invokeNative(Native Method)
11-10 16:06:18.119: W/Conscrypt(6911):    java.lang.reflect.Method.invoke(Method.java:525)
11-10 16:06:18.129: D/dalvikvm(10057): WAIT_FOR_CONCURRENT_GC blocked 27ms
11-10 16:06:18.134: E/ChimeraProxyRslvr(1433): Failed to instantiate com.google.android.gms.checkin.CheckinChimeraService$Receiver: java.lang.ClassNotFoundException: Didn't find class "com.google.android.gms.checkin.CheckinChimeraService$Receiver" on path: /system/framework/com.android.location.provider.jar:/data/app/com.google.android.gms-1.apk
11-10 16:06:18.134: E/ChimeraRcvrProxy(1433): com.google.android.gms.checkin.CheckinServiceReceiver dropping broadcast com.google.gservices.intent.action.GSERVICES_CHANGED
11-10 16:06:18.154: I/Icing(1433): Usage reports ok 0, Failed Usage reports 0, indexed 0, rejected 0, imm upload false
11-10 16:06:18.174: I/HeterodyneSyncScheduler(6958): Scheduling adaptive one off task with window [14400, 604800] in seconds
11-10 16:06:18.184: I/Auth(6911): [BroadcastManager] Broadcasting account services changed.
11-10 16:06:18.194: I/Icing(1433): Usage reports ok 0, Failed Usage reports 0, indexed 0, rejected 0, imm upload false
11-10 16:06:18.279: W/NetRec(6958): [854] ConfigChangedIntentOperation.onHandleIntent: Device does not support scoring, exiting
11-10 16:06:18.289: I/Icing(1433): Usage reports ok 0, Failed Usage reports 0, indexed 0, rejected 0, imm upload true
11-10 16:06:18.299: I/GCoreUlr(6958): Starting service, intent=Intent { act=com.google.android.location.reporting.ACTION_UPDATE_WORLD cmp=com.google.android.gms/com.google.android.location.reporting.service.DispatchingService (has extras) }, extras=Bundle[{receiverAction=com.google.gservices.intent.action.GSERVICES_CHANGED}]
11-10 16:06:18.304: W/ConfigurationChimeraPro(6958): Got null configs for com.google.android.gms.chromesync
11-10 16:06:18.309: W/Auth(6911): [GetToken] GetToken failed with status code: INVALID_SCOPE
11-10 16:06:18.314: E/CheckinRequestBuilder(1433): Unrecoverable authentication exception: INVALID_SCOPE
11-10 16:06:18.314: E/CheckinRequestBuilder(1433): eaa: INVALID_SCOPE
11-10 16:06:18.314: E/CheckinRequestBuilder(1433): 	at eae.a(:com.google.android.gms@11745030:14)
11-10 16:06:18.314: E/CheckinRequestBuilder(1433): 	at ead.a(:com.google.android.gms@11745030:2)
11-10 16:06:18.314: E/CheckinRequestBuilder(1433): 	at ead.e(:com.google.android.gms@11745030:6)
11-10 16:06:18.314: E/CheckinRequestBuilder(1433): 	at eab.f(:com.google.android.gms@11745030:3)
11-10 16:06:18.314: E/CheckinRequestBuilder(1433): 	at eab.a(:com.google.android.gms@11745030:4)
11-10 16:06:18.314: E/CheckinRequestBuilder(1433): 	at hlq.a(:com.google.android.gms@11745030:219)
11-10 16:06:18.314: E/CheckinRequestBuilder(1433): 	at hmq.a(:com.google.android.gms@11745030:18)
11-10 16:06:18.314: E/CheckinRequestBuilder(1433): 	at hmq.a(:com.google.android.gms@11745030:184)
11-10 16:06:18.314: E/CheckinRequestBuilder(1433): 	at com.google.android.gms.checkin.CheckinChimeraService.a(:com.google.android.gms@11745030:148)
11-10 16:06:18.314: E/CheckinRequestBuilder(1433): 	at hlm.run(:com.google.android.gms@11745030:2)
11-10 16:06:18.314: E/CheckinRequestBuilder(1433): 	at jwn.run(:com.google.android.gms@11745030:26)
11-10 16:06:18.314: E/CheckinRequestBuilder(1433): 	at java.util.concurrent.ThreadPoolExecutor.runWorker(ThreadPoolExecutor.java:1080)
11-10 16:06:18.314: E/CheckinRequestBuilder(1433): 	at java.util.concurrent.ThreadPoolExecutor$Worker.run(ThreadPoolExecutor.java:573)
11-10 16:06:18.314: E/CheckinRequestBuilder(1433): 	at kbz.run(:com.google.android.gms@11745030)
11-10 16:06:18.314: E/CheckinRequestBuilder(1433): 	at java.lang.Thread.run(Thread.java:841)
11-10 16:06:18.334: I/Icing.InternalIcingCorporaProvider(10057): Updating corpora: A: com.google.android.videos, C: MAYBE
11-10 16:06:18.349: D/BatteryService(2348): update start
11-10 16:06:18.349: D/BatteryService(2348): level:100, scale:100, status:5, health:2, present:true, voltage: 4291, temperature: 349, technology: Li-ion, AC powered:false, USB powered:true, Wireless powered:false, icon:17303550, invalid charger:0, online:6, charge type:1, current avg:800
11-10 16:06:18.354: D/LockPatternUtils(2348): isPcwEnable = 10
11-10 16:06:18.354: D/BatteryService(2348): Sending ACTION_BATTERY_CHANGED.
11-10 16:06:18.359: D/STATUSBAR-BatteryController(2563): onReceive() - ACTION_BATTERY_CHANGED
11-10 16:06:18.364: D/STATUSBAR-BatteryController(2563): onReceive() - BATTERY_STATUS_FULL:
11-10 16:06:18.364: D/STATUSBAR-PhoneStatusBar(2563):  mBrightnessEnablebySettings = true mBrightnessEnablebyBattery = true mBrightnessEnablebyDisableFlag = true
11-10 16:06:18.379: D/dalvikvm(6911): GC_CONCURRENT freed 822K, 18% free 12047K/14612K, paused 8ms+42ms, total 99ms
11-10 16:06:18.379: D/dalvikvm(6911): WAIT_FOR_CONCURRENT_GC blocked 55ms
11-10 16:06:18.379: I/CheckinUtil(1433): Classify the device as Phone.
11-10 16:06:18.399: I/Icing(1433): Indexing 717AFCFF199A93C8EFCCF8600E4CEDD3ADAE5E6F from com.google.android.gms
11-10 16:06:18.434: I/Icing(1433): IndexChimeraService.getServiceInterface callingPackage=com.google.android.googlequicksearchbox componentName=null serviceId=21
11-10 16:06:18.439: D/dalvikvm(6911): GC_EXPLICIT freed 83K, 19% free 11975K/14612K, paused 6ms+7ms, total 61ms
11-10 16:06:18.469: I/dalvikvm(1433): Could not find method android.system.Os.symlink, referenced from method bvg.a
11-10 16:06:18.469: W/dalvikvm(1433): VFY: unable to resolve static method 1635: Landroid/system/Os;.symlink (Ljava/lang/String;Ljava/lang/String;)V
11-10 16:06:18.469: D/dalvikvm(1433): VFY: replacing opcode 0x71 at 0x002c
11-10 16:06:18.514: D/dalvikvm(1433): GC_CONCURRENT freed 1161K, 24% free 13259K/17264K, paused 6ms+15ms, total 111ms
11-10 16:06:18.514: D/dalvikvm(1433): WAIT_FOR_CONCURRENT_GC blocked 29ms
11-10 16:06:18.514: D/dalvikvm(1433): WAIT_FOR_CONCURRENT_GC blocked 29ms
11-10 16:06:18.514: D/dalvikvm(1433): WAIT_FOR_CONCURRENT_GC blocked 28ms
11-10 16:06:18.514: D/dalvikvm(1433): WAIT_FOR_CONCURRENT_GC blocked 29ms
11-10 16:06:18.514: D/dalvikvm(1433): WAIT_FOR_CONCURRENT_GC blocked 46ms
11-10 16:06:18.679: D/dalvikvm(1433): GC_EXPLICIT freed 208K, 23% free 13431K/17264K, paused 4ms+16ms, total 161ms
11-10 16:06:18.694: D/dalvikvm(6958): GC_CONCURRENT freed 2008K, 19% free 14192K/17484K, paused 6ms+13ms, total 87ms
11-10 16:06:18.769: W/Conscrypt(6911): Could not set socket write timeout:
11-10 16:06:18.769: W/Conscrypt(6911):    java.lang.reflect.Method.invokeNative(Native Method)
11-10 16:06:18.769: W/Conscrypt(6911):    java.lang.reflect.Method.invoke(Method.java:525)
11-10 16:06:18.779: W/Conscrypt(6911): Could not set socket write timeout:
11-10 16:06:18.779: W/Conscrypt(6911):    java.lang.reflect.Method.invokeNative(Native Method)
11-10 16:06:18.779: W/Conscrypt(6911):    java.lang.reflect.Method.invoke(Method.java:525)
11-10 16:06:18.784: W/Conscrypt(6911): Could not set socket write timeout:
11-10 16:06:18.789: W/Conscrypt(6911):    java.lang.reflect.Method.invokeNative(Native Method)
11-10 16:06:18.789: W/Conscrypt(6911):    java.lang.reflect.Method.invoke(Method.java:525)
11-10 16:06:18.794: W/Conscrypt(6911): Could not set socket write timeout:
11-10 16:06:18.794: W/Conscrypt(6911):    java.lang.reflect.Method.invokeNative(Native Method)
11-10 16:06:18.794: W/Conscrypt(6911):    java.lang.reflect.Method.invoke(Method.java:525)
11-10 16:06:19.029: D/dalvikvm(6911): GC_CONCURRENT freed 748K, 18% free 12038K/14612K, paused 3ms+5ms, total 39ms
11-10 16:06:19.134: D/PackageManager(2348): checkUidPermission - Execution time: 353 ms
11-10 16:06:19.134: D/PackageManager(2348): checkUidPermission - Execution time: 348 ms
11-10 16:06:19.134: D/PackageManager(2348): checkUidPermission - Execution time: 334 ms
11-10 16:06:19.134: D/PackageManager(2348): getApplicationInfo - Execution time: 333 ms
11-10 16:06:19.134: D/PackageManager(2348): checkUidPermission - Execution time: 148 ms
11-10 16:06:19.134: D/PackageManager(2348): checkUidPermission - Execution time: 132 ms
11-10 16:06:19.229: I/GCoreUlr(6958): WorldUpdater received intent Intent { act=com.google.android.location.reporting.ACTION_UPDATE_WORLD cmp=com.google.android.gms/com.google.android.location.reporting.service.DispatchingService (has extras) } with receiverAction com.google.gservices.intent.action.GSERVICES_CHANGED
11-10 16:06:19.254: E/ProcessCheckinRequest(1433): CheckinNowTaskTag : Checkin Succeeded: https://android.clients.google.com/checkin (request #1): 
11-10 16:06:19.299: I/Auth(6911): [BroadcastManager] Broadcasting account services changed.
11-10 16:06:19.369: D/BatteryService(2348): update start
11-10 16:06:19.369: D/BatteryService(2348): level:100, scale:100, status:5, health:2, present:true, voltage: 4318, temperature: 349, technology: Li-ion, AC powered:false, USB powered:true, Wireless powered:false, icon:17303550, invalid charger:0, online:6, charge type:1, current avg:800
11-10 16:06:19.369: D/BatteryService(2348): Sending ACTION_BATTERY_CHANGED.
11-10 16:06:19.379: D/STATUSBAR-BatteryController(2563): onReceive() - ACTION_BATTERY_CHANGED
11-10 16:06:19.379: D/STATUSBAR-BatteryController(2563): onReceive() - BATTERY_STATUS_FULL:
11-10 16:06:19.384: I/EventLogChimeraService(1433): Accumulating logs since 1510358771910
11-10 16:06:19.384: D/STATUSBAR-PhoneStatusBar(2563):  mBrightnessEnablebySettings = true mBrightnessEnablebyBattery = true mBrightnessEnablebyDisableFlag = true
11-10 16:06:19.424: D/SecCameraHardware(1936): LSIHAL int android::HAL_getCameraInfo(int, camera_info*)
11-10 16:06:19.429: I/OcrModelUpStIntentOp(1433): Updating ocr activity enabled=false (phenotypeFlag=true, lowRamDevice=true, prereqCheck=true)
11-10 16:06:19.434: W/LicenseLogService(2348): log() is called by non admin
11-10 16:06:19.439: W/LicenseLogService(2348): log() is called by non admin
11-10 16:06:19.449: W/LicenseLogService(2348): log() is called by non admin
11-10 16:06:19.449: D/dalvikvm(10057): GC_CONCURRENT freed 852K, 16% free 10253K/12156K, paused 2ms+3ms, total 40ms
11-10 16:06:19.449: D/dalvikvm(10057): WAIT_FOR_CONCURRENT_GC blocked 34ms
11-10 16:06:19.449: I/dalvikvm-heap(10057): Grow heap (frag case) to 12.111MB for 1127536-byte allocation
11-10 16:06:19.499: D/dalvikvm(10057): GC_FOR_ALLOC freed 3K, 15% free 11350K/13260K, paused 48ms, total 48ms
11-10 16:06:19.504: W/ActivityManager(2348): Unable to start service Intent { cmp=com.google.android.gms/.analytics.service.RefreshEnabledStateService } U=0: not found
11-10 16:06:19.524: E/Watchdog(2348): !@Sync 1014
11-10 16:06:19.539: D/dalvikvm(1433): newInstance failed: no <init>()
11-10 16:06:19.559: W/ConfigurationChimeraPro(6958): Got null configs for com.google.android.gms.auth.api.phone
11-10 16:06:19.599: W/LicenseLogService(2348): log() is called by non admin
11-10 16:06:19.639: I/Icing(1433): Usage reports ok 0, Failed Usage reports 0, indexed 0, rejected 0, imm upload true
11-10 16:06:19.639: I/webclipboard(10057): clipservice: android.sec.clipboard.ClipboardExManager@4274b288
11-10 16:06:19.674: W/ConfigurationChimeraPro(6958): Got null configs for com.google.android.gms.auth.account.base
11-10 16:06:19.699: D/dalvikvm(2348): GC_EXPLICIT freed 1661K, 40% free 20242K/33304K, paused 7ms+18ms, total 233ms
11-10 16:06:19.699: I/DownloadManager(8881): Download 17 starting
11-10 16:06:19.769: D/AndroidRuntime(10618): >>>>>> AndroidRuntime START com.android.internal.os.RuntimeInit <<<<<<
11-10 16:06:19.769: D/AndroidRuntime(10618): CheckJNI is OFF
11-10 16:06:19.769: D/AndroidRuntime(10618): setted country_code = Germany
11-10 16:06:19.769: D/AndroidRuntime(10618): setted countryiso_code = DE
11-10 16:06:19.769: W/Conscrypt(6911): Could not set socket write timeout:
11-10 16:06:19.769: D/AndroidRuntime(10618): setted sales_code = DBT
11-10 16:06:19.769: D/AndroidRuntime(10618): readGMSProperty: start
11-10 16:06:19.769: D/AndroidRuntime(10618): readGMSProperty: already setted!!
11-10 16:06:19.769: D/AndroidRuntime(10618): readGMSProperty: end
11-10 16:06:19.769: D/AndroidRuntime(10618): addProductProperty: start
11-10 16:06:19.769: W/Conscrypt(6911):    java.lang.reflect.Method.invokeNative(Native Method)
11-10 16:06:19.769: W/Conscrypt(6911):    java.lang.reflect.Method.invoke(Method.java:525)
11-10 16:06:19.779: D/dalvikvm(10618): Trying to load lib libjavacore.so 0x0
11-10 16:06:19.784: I/DownloadManager(8881): Ignoring Content-Length since Transfer-Encoding is also defined
11-10 16:06:19.784: W/Conscrypt(6911): Could not set socket write timeout:
11-10 16:06:19.784: W/Conscrypt(6911):    java.lang.reflect.Method.invokeNative(Native Method)
11-10 16:06:19.784: W/Conscrypt(6911):    java.lang.reflect.Method.invoke(Method.java:525)
11-10 16:06:19.804: D/dalvikvm(10618): Added shared lib libjavacore.so 0x0
11-10 16:06:19.814: D/dalvikvm(10618): Trying to load lib libnativehelper.so 0x0
11-10 16:06:19.814: D/dalvikvm(10618): Added shared lib libnativehelper.so 0x0
11-10 16:06:19.839: D/WebView(10057): loadUrlImpl: called
11-10 16:06:19.859: D/dalvikvm(1433): GC_CONCURRENT freed 1401K, 23% free 13401K/17264K, paused 6ms+14ms, total 165ms
11-10 16:06:19.859: D/dalvikvm(1433): WAIT_FOR_CONCURRENT_GC blocked 91ms
11-10 16:06:19.859: I/dalvikvm-heap(1433): Grow heap (frag case) to 15.172MB for 1048592-byte allocation
11-10 16:06:19.859: D/dalvikvm(1433): WAIT_FOR_CONCURRENT_GC blocked 45ms
11-10 16:06:19.859: I/dalvikvm-heap(1433): Grow heap (frag case) to 15.172MB for 142-byte allocation
11-10 16:06:19.864: I/Search.RefreshSearchDomainAndCookiesTask(10057): refreshing cookies
11-10 16:06:19.939: D/dalvikvm(1433): GC_FOR_ALLOC freed 17K, 22% free 14407K/18292K, paused 79ms, total 80ms
11-10 16:06:19.939: D/dalvikvm(1433): WAIT_FOR_CONCURRENT_GC blocked 117ms
11-10 16:06:19.939: D/dalvikvm(1433): WAIT_FOR_CONCURRENT_GC blocked 117ms
11-10 16:06:19.944: D/dalvikvm(1433): WAIT_FOR_CONCURRENT_GC blocked 118ms
11-10 16:06:19.944: W/GmsModuleProvider(1433): Unknown dynamite feature flags
11-10 16:06:19.944: I/DynamiteModule(1433): Considering local module com.google.android.gms.flags:2 and remote module com.google.android.gms.flags:0
11-10 16:06:19.944: I/DynamiteModule(1433): Selected local version of com.google.android.gms.flags
11-10 16:06:19.949: V/DownloadManager(8881): MIME Type = text/plain
11-10 16:06:19.949: D/dalvikvm(1433): WAIT_FOR_CONCURRENT_GC blocked 132ms
11-10 16:06:19.949: D/dalvikvm(1433): WAIT_FOR_CONCURRENT_GC blocked 128ms
11-10 16:06:19.949: D/dalvikvm(1433): WAIT_FOR_CONCURRENT_GC blocked 126ms
11-10 16:06:19.949: D/dalvikvm(1433): WAIT_FOR_CONCURRENT_GC blocked 129ms
11-10 16:06:20.004: I/Icing(1433): Indexing done 717AFCFF199A93C8EFCCF8600E4CEDD3ADAE5E6F
11-10 16:06:20.034: W/Auth(6911): [GetToken] GetToken failed with status code: INVALID_SCOPE
11-10 16:06:20.059: I/DownloadManager(8881): Download 17 finished with status SUCCESS
11-10 16:06:20.059: V/webkit(10057): BrowserFrame constructor: this=Handler (android.webkit.BrowserFrame) {427f9ef0}
