11-10 16:07:03.969: I/dalvikvm-heap(11169): Grow heap (frag case) to 21.219MB for 3686416-byte allocation
11-10 16:07:03.979: V/AlarmManager(2348): waitForAlarm result :1
11-10 16:07:03.994: V/AlarmManager(2348): trigger ELAPSED_REALTIME_WAKEUP or RTC_WAKEUP
11-10 16:07:04.014: D/dalvikvm(11169): GC_FOR_ALLOC freed 0K, 9% free 20681K/22612K, paused 41ms, total 41ms
11-10 16:07:04.029: D/STATUSBAR-StatusBarManagerService(2348): sendNotification(2) - 1
11-10 16:07:04.089: D/dalvikvm(2563): GC_CONCURRENT freed 709K, 54% free 13943K/29904K, paused 6ms+4ms, total 37ms
11-10 16:07:04.094: D/dalvikvm(11169): GC_CONCURRENT freed 56K, 9% free 20685K/22612K, paused 3ms+7ms, total 82ms
11-10 16:07:04.149: D/dalvikvm(11143): GC_FOR_ALLOC freed 784K, 15% free 10687K/12524K, paused 32ms, total 32ms
11-10 16:07:04.149: I/dalvikvm-heap(11143): Grow heap (frag case) to 14.975MB for 3686416-byte allocation
11-10 16:07:04.174: D/dalvikvm(11143): GC_FOR_ALLOC freed <1K, 12% free 14287K/16128K, paused 17ms, total 17ms
11-10 16:07:04.194: I/System.out(11143): INFO: New Screen: Optional.of(ScreenNode {Id=1, PackageName=org.runnerup, ActivityName=Optional.of(org.runnerup.view.MainLayout)})
11-10 16:07:04.209: D/dalvikvm(11143): GC_CONCURRENT freed 40K, 12% free 14297K/16128K, paused 4ms+4ms, total 36ms
11-10 16:07:04.229: D/dalvikvm(9685): GC_CONCURRENT freed 1533K, 20% free 10725K/13308K, paused 4ms+7ms, total 43ms
11-10 16:07:04.294: D/Finsky(9685): [1] 5.onFinished: Installation state replication succeeded.
11-10 16:07:04.799: D/BatteryService(2348): update start
11-10 16:07:04.804: D/BatteryService(2348): level:100, scale:100, status:5, health:2, present:true, voltage: 4251, temperature: 349, technology: Li-ion, AC powered:false, USB powered:true, Wireless powered:false, icon:17303550, invalid charger:0, online:6, charge type:0, current avg:800
11-10 16:07:04.804: D/BatteryService(2348): Sending ACTION_BATTERY_CHANGED.
11-10 16:07:04.804: D/STATUSBAR-BatteryController(2563): onReceive() - ACTION_BATTERY_CHANGED
11-10 16:07:04.804: D/STATUSBAR-BatteryController(2563): onReceive() - BATTERY_STATUS_FULL:
11-10 16:07:04.809: D/STATUSBAR-PhoneStatusBar(2563):  mBrightnessEnablebySettings = true mBrightnessEnablebyBattery = true mBrightnessEnablebyDisableFlag = true
11-10 16:07:04.844: I/System.out(11143): INFO: Finished all Robo script actions
11-10 16:07:04.889: W/ResourceType(11169): No package identifier when getting name for resource number 0x00000001
11-10 16:07:04.894: W/ResourceType(11169): No package identifier when getting name for resource number 0x00000001
11-10 16:07:04.894: W/ResourceType(11169): No package identifier when getting name for resource number 0x00000001
11-10 16:07:04.894: W/ResourceType(11169): No package identifier when getting name for resource number 0x00000001
11-10 16:07:04.894: I/ViewInteraction(11169): Performing 'fast swipe' action on view (with class name: is "android.widget.TextView" and with id: android:id/title and is a child at 1th index of the matching parent: (with class name: is "android.widget.RelativeLayout" and with id: 1 (resource name not found) and is a child at 3th index of the matching parent: (with class name: is "android.widget.TabWidget" and with id: android:id/tabs and is a child at 0th index of the matching parent: (with class name: is "android.widget.LinearLayout" and with id: 1 (resource name not found) and is a child at 0th index of the matching parent: (with class name: is "android.widget.TabHost" and with id: android:id/tabhost and is a child at 0th index of the matching parent: (with class name: is "android.widget.FrameLayout" and with id: android:id/content and is a child at 1th index of the matching parent: (with class name: is "android.widget.LinearLayout" and with id: 1 (resource name not found) and is a child at 0th index of the matching parent: (with class name: is "com.android.internal.policy.impl.PhoneWindow$DecorView" and with id: 1 (resource name not found) and is a root view.))))))))
11-10 16:07:04.904: I/Analytics(2348): Analytics()
11-10 16:07:04.904: I/InputDispatcher(2348): Delivering touch to: action: 0x0
11-10 16:07:04.909: E/SEC PowerHAL(2348): Error opening /sys/devices/system/cpu/cpufreq/interactive/boostpulse: No such file or directory
11-10 16:07:04.909: D/PowerManagerService(2348): [s] UserActivityState : 0 -> 1
11-10 16:07:04.909: D/DisplayPowerController(2348): animation target = 20 (PSM:false, AB limit:(-1 ~ -1) MB Limit:(-1 ~ -1) MAdj:(0, (0, 255)))
11-10 16:07:04.909: D/PowerManagerService(2348): [s] mDisplayPowerControllerCallbacks : onStateChanged()
11-10 16:07:04.919: D/RampAnimator(2348): Light Animator Finished currentValue=20
11-10 16:07:04.924: D/lights(2348): lcd : 20 +
11-10 16:07:04.924: D/lights(2348): lcd : 20 -
11-10 16:07:04.969: D/STATUSBAR-StatusBarManagerService(2348): sendNotification(2) - 1
11-10 16:07:05.174: I/InputDispatcher(2348): Delivering touch to: action: 0x1
11-10 16:07:05.179: W/ActivityManager(2348): Permission Denial: get/set setting for user asks to run as user -2 but is calling from user 0; this requires android.permission.INTERACT_ACROSS_USERS_FULL
11-10 16:07:05.189: E/DatabaseUtils(2348): Writing exception to parcel
11-10 16:07:05.189: E/DatabaseUtils(2348): java.lang.SecurityException: Permission Denial: get/set setting for user asks to run as user -2 but is calling from user 0; this requires android.permission.INTERACT_ACROSS_USERS_FULL
11-10 16:07:05.189: E/DatabaseUtils(2348): 	at com.android.server.am.ActivityManagerService.handleIncomingUser(ActivityManagerService.java:13140)
11-10 16:07:05.189: E/DatabaseUtils(2348): 	at android.app.ActivityManager.handleIncomingUser(ActivityManager.java:2038)
11-10 16:07:05.189: E/DatabaseUtils(2348): 	at com.android.providers.settings.SettingsProvider.callFromPackage(SettingsProvider.java:607)
11-10 16:07:05.189: E/DatabaseUtils(2348): 	at android.content.ContentProvider$Transport.call(ContentProvider.java:279)
11-10 16:07:05.189: E/DatabaseUtils(2348): 	at android.content.ContentProviderNative.onTransact(ContentProviderNative.java:273)
11-10 16:07:05.189: E/DatabaseUtils(2348): 	at android.os.Binder.execTransact(Binder.java:388)
11-10 16:07:05.189: E/DatabaseUtils(2348): 	at dalvik.system.NativeStart.run(Native Method)
11-10 16:07:05.199: D/AbsListView(11169): onVisibilityChanged() is called, visibility : 8
11-10 16:07:05.199: D/AbsListView(11169): unregisterIRListener() is called 
11-10 16:07:05.209: E/org.runnerup.view.StartActivity(11169): StartActivity.stopGps() skipStop: false
11-10 16:07:05.209: I/LocationManagerService(2348): remove 42d93530
11-10 16:07:05.214: D/LocationManagerService(2348): provider request: gps ProviderRequest[ON interval=0]
11-10 16:07:05.214: D/GpsLocationProvider(2348): setRequest ProviderRequest[ON interval=0]
11-10 16:07:05.214: E/TrackerComponentCollection(11169): WEAR onEnd => RESULT_OK
11-10 16:07:05.219: E/TrackerComponentCollection(11169): TTS onEnd => RESULT_OK
11-10 16:07:05.219: E/TrackerComponentCollection(11169): Receiver onEnd => RESULT_OK
11-10 16:07:05.219: E/TrackerComponentCollection(11169): Elevation onEnd => RESULT_OK
11-10 16:07:05.219: E/ActivityThread(11169): Failed to find provider info for com.getpebble.android.provider.basalt
11-10 16:07:05.224: E/TrackerComponentCollection(11169): PEBBLE onEnd => RESULT_OK
11-10 16:07:05.224: E/TrackerComponentCollection(11169): Temperature onEnd => RESULT_OK
11-10 16:07:05.224: E/TrackerComponentCollection(11169): HRM onEnd => RESULT_OK
11-10 16:07:05.224: I/LocationManagerService(2348): remove 42ded2b0
11-10 16:07:05.224: D/LocationManagerService(2348): provider request: gps ProviderRequest[ON interval=0]
11-10 16:07:05.224: D/GpsLocationProvider(2348): setRequest ProviderRequest[ON interval=0]
11-10 16:07:05.224: I/LocationManagerService(2348): remove 42d21238
11-10 16:07:05.224: D/LocationManagerService(2348): provider request: gps ProviderRequest[OFF]
11-10 16:07:05.224: E/ActivityThread(11169): Failed to find provider info for com.getpebble.android.provider
11-10 16:07:05.229: D/GpsLocationProvider(2348): setRequest ProviderRequest[OFF]
11-10 16:07:05.229: E/TrackerComponentCollection(11169): GPS onEnd => RESULT_OK
11-10 16:07:05.229: E/TrackerComponentCollection(11169): Pressure onEnd => RESULT_OK
11-10 16:07:05.229: E/TrackerComponentCollection(11169): Cadence onEnd => RESULT_OK
11-10 16:07:05.229: E/TrackerComponentCollection(11169):  => return directly
11-10 16:07:05.229: D/GpsLocationProvider(2348): stopNavigating
11-10 16:07:05.229: D/libgps(2348): proxy_gps_status_cb: called. status(2)
11-10 16:07:05.229: D/libgps(2348): proxy_gps_status_cb: normal GPS icon mode.
11-10 16:07:05.229: V/GpsLocationProvider(2348): reportStatus status: 2
11-10 16:07:05.229: D/libgps(2348): proxy_gps_status_cb: called. status(2)
11-10 16:07:05.229: D/libgps(2348): proxy_gps_status_cb: normal GPS icon mode.
11-10 16:07:05.229: V/GpsLocationProvider(2348): reportStatus status: 2
11-10 16:07:05.229: D/STATUSBAR-StatusBarManagerService(2348): sendNotification(3) - 1
11-10 16:07:05.229: D/LightsService(2348): [api] [SvcLED] turnOff:: id = 4 (uid: 10170 pid: 11169) 
11-10 16:07:05.229: D/LightsService(2348): [SvcLED] setSvcLedStateLocked:: SvcLEDState : 0x0 -> 0x0 | SvcLED(id=4) set Off
11-10 16:07:05.234: I/libgps(2348): created wakeLockTimer 0
11-10 16:07:05.234: D/GpsLocationProvider_ex(2348): getSKAFEnable : false
11-10 16:07:05.234: D/LifecycleMonitor(11169): Lifecycle status change: org.runnerup.view.StartActivity@4276ffb8 in: PAUSED
11-10 16:07:05.234: D/LightsService(2348): [SvcLED] Lux failed to be updated in 700ms. -> handleForcedSvcLEDTasK
11-10 16:07:05.234: D/LightsService(2348): [SvcLED]  setSvcLedLightLocked :: Current SvcLED(id=3) maintains its priority right
11-10 16:07:05.239: I/dalvikvm(11169): Could not find method android.preference.PreferenceActivity.onRequestPermissionsResult, referenced from method org.runnerup.view.SettingsActivity.onRequestPermissionsResult
11-10 16:07:05.239: W/dalvikvm(11169): VFY: unable to resolve virtual method 1596: Landroid/preference/PreferenceActivity;.onRequestPermissionsResult (I[Ljava/lang/String;[I)V
11-10 16:07:05.239: D/dalvikvm(11169): VFY: replacing opcode 0x6f at 0x004e
11-10 16:07:05.244: D/LifecycleMonitor(11169): Lifecycle status change: org.runnerup.view.SettingsActivity@42d14fe0 in: PRE_ON_CREATE
11-10 16:07:05.244: D/PhoneStatusBar(2563): removeNotification key=android.os.BinderProxy@438df890 old=StatusBarNotification(pkg=org.runnerup user=UserHandle{0} id=1 tag=null score=0: Notification(pri=0 icon=7f020080 contentView=org.runnerup/0x10900b4 vibrate=null sound=null defaults=0x0 flags=0x8 when=1510358819448 ledARGB=0x0 contentIntent=Y deleteIntent=N contentTitle=Searching for GPS contentText=GPS satellites: 0/0 tickerText=N kind=[null]))
11-10 16:07:05.249: D/STATUSBAR-StatusBarManagerService(2348): sendNotification(3) - 252119
11-10 16:07:05.249: D/LightsService(2348): [api] [SvcLED] turnOff:: id = 4 (uid: 10133 pid: 2563) 
11-10 16:07:05.249: D/LightsService(2348): [SvcLED] setSvcLedStateLocked:: SvcLEDState : 0x0 -> 0x0 | SvcLED(id=4) set Off
11-10 16:07:05.249: D/LightsService(2348): [SvcLED] Lux failed to be updated in 700ms. -> handleForcedSvcLEDTasK
11-10 16:07:05.249: D/LightsService(2348): [SvcLED]  setSvcLedLightLocked :: Current SvcLED(id=3) maintains its priority right
11-10 16:07:05.259: D/STATUSBAR-IconMerger(2563): checkOverflow(288), More:true, Req:false Child:6
11-10 16:07:05.269: D/AbsListView(11169): Get MotionRecognitionManager
11-10 16:07:05.269: D/MotionRecognitionService(2348):  ssp status : false
11-10 16:07:05.284: D/PhoneStatusBar(2563): removeNotification key=android.os.BinderProxy@4398cd88 old=StatusBarNotification(pkg=com.android.systemui user=UserHandle{-1} id=252119 tag=null score=10: Notification(pri=1 icon=7f02011c contentView=com.android.systemui/0x10900b4 vibrate=null sound=null defaults=0x0 flags=0x2 when=1510358823013 ledARGB=0x0 contentIntent=Y deleteIntent=N contentTitle=Searching using GPS contentText=N tickerText=N kind=[null]))
11-10 16:07:05.289: D/STATUSBAR-IconMerger(2563): checkOverflow(336), More:false, Req:false Child:6
11-10 16:07:05.299: D/AbsListView(11169): Get MotionRecognitionManager
11-10 16:07:05.314: W/Resources(11169): Converting to string: TypedValue{t=0x10/d=0xf a=-1}
11-10 16:07:05.314: W/Resources(11169): Converting to string: TypedValue{t=0x10/d=0xf a=-1}
11-10 16:07:05.314: D/SSRMv2:Monitor(2348): SIOP:: AP = 330 (read only)
11-10 16:07:05.324: W/Resources(11169): Converting to string: TypedValue{t=0x10/d=0x4b a=-1}
11-10 16:07:05.334: W/Resources(11169): Converting to string: TypedValue{t=0x10/d=0x3e8 a=-1}
11-10 16:07:05.334: W/Resources(11169): Converting to string: TypedValue{t=0x10/d=0x3e8 a=-1}
11-10 16:07:05.344: W/Resources(11169): Converting to string: TypedValue{t=0x10/d=0x3 a=-1}
11-10 16:07:05.344: D/BatteryService(2348): update start
11-10 16:07:05.344: D/BatteryService(2348): level:100, scale:100, status:5, health:2, present:true, voltage: 4329, temperature: 348, technology: Li-ion, AC powered:false, USB powered:true, Wireless powered:false, icon:17303550, invalid charger:0, online:6, charge type:1, current avg:800
11-10 16:07:05.344: D/BatteryService(2348): Sending ACTION_BATTERY_CHANGED.
11-10 16:07:05.349: W/Resources(11169): Converting to string: TypedValue{t=0x10/d=0x3c a=-1}
11-10 16:07:05.349: D/STATUSBAR-BatteryController(2563): onReceive() - ACTION_BATTERY_CHANGED
11-10 16:07:05.349: D/STATUSBAR-BatteryController(2563): onReceive() - BATTERY_STATUS_FULL:
11-10 16:07:05.349: D/STATUSBAR-PhoneStatusBar(2563):  mBrightnessEnablebySettings = true mBrightnessEnablebyBattery = true mBrightnessEnablebyDisableFlag = true
11-10 16:07:05.354: W/Resources(11169): Converting to string: TypedValue{t=0x10/d=0xf a=-1}
11-10 16:07:05.354: W/Resources(11169): Converting to string: TypedValue{t=0x10/d=0x1f4 a=-1}
11-10 16:07:05.354: W/Resources(11169): Converting to string: TypedValue{t=0x10/d=0x1f4 a=-1}
11-10 16:07:05.364: W/Resources(11169): Converting to string: TypedValue{t=0x10/d=0x0 a=-1}
11-10 16:07:05.379: W/Resources(11169): Converting to string: TypedValue{t=0x10/d=0xf a=-1}
11-10 16:07:05.389: D/AbsListView(11169): Get MotionRecognitionManager
11-10 16:07:05.394: D/LifecycleMonitor(11169): Lifecycle status change: org.runnerup.view.SettingsActivity@42d14fe0 in: CREATED
11-10 16:07:05.394: D/LifecycleMonitor(11169): Lifecycle status change: org.runnerup.view.SettingsActivity@42d14fe0 in: STARTED
11-10 16:07:05.394: D/LifecycleMonitor(11169): Lifecycle status change: org.runnerup.view.SettingsActivity@42d14fe0 in: RESUMED
11-10 16:07:05.404: D/AbsListView(11169): unregisterIRListener() is called 
11-10 16:07:05.479: D/AbsListView(11169): unregisterIRListener() is called 
11-10 16:07:05.519: D/STATUSBAR-NetworkController(2563): refreshSignalCluster: data=-1 bt=false
11-10 16:07:05.524: D/STATUSBAR-IconMerger(2563): checkOverflow(336), More:false, Req:false Child:6
11-10 16:07:05.589: I/ViewInteraction(11169): Performing 'Extracts screen state.' action on view is a root view.
11-10 16:07:05.589: W/ResourceType(11169): No known package when getting name for resource number 0xffffffff
11-10 16:07:05.594: W/ResourceType(11169): No known package when getting name for resource number 0xffffffff
11-10 16:07:05.609: W/ResourceType(11169): No known package when getting name for resource number 0xffffffff
11-10 16:07:05.619: W/ResourceType(11169): No known package when getting name for resource number 0xffffffff
11-10 16:07:05.624: W/ResourceType(11169): No known package when getting name for resource number 0xffffffff
11-10 16:07:05.629: W/ResourceType(11169): No known package when getting name for resource number 0xffffffff
11-10 16:07:05.634: W/ResourceType(11169): No known package when getting name for resource number 0xffffffff
11-10 16:07:05.639: W/ResourceType(11169): No known package when getting name for resource number 0xffffffff
11-10 16:07:05.684: W/ResourceType(11169): No known package when getting name for resource number 0xffffffff
11-10 16:07:05.704: W/ResourceType(11169): No known package when getting name for resource number 0xffffffff
11-10 16:07:05.709: W/ResourceType(11169): No known package when getting name for resource number 0xffffffff
11-10 16:07:05.714: W/ResourceType(11169): No known package when getting name for resource number 0xffffffff
11-10 16:07:05.719: W/ResourceType(11169): No known package when getting name for resource number 0xffffffff
11-10 16:07:05.724: W/ResourceType(11169): No known package when getting name for resource number 0xffffffff
11-10 16:07:05.734: W/ResourceType(11169): No known package when getting name for resource number 0xffffffff
11-10 16:07:05.739: W/ResourceType(11169): No known package when getting name for resource number 0xffffffff
11-10 16:07:05.744: W/ResourceType(11169): No known package when getting name for resource number 0xffffffff
11-10 16:07:05.749: W/ResourceType(11169): No known package when getting name for resource number 0xffffffff
11-10 16:07:05.754: W/ResourceType(11169): No known package when getting name for resource number 0xffffffff
11-10 16:07:05.754: W/ResourceType(11169): No known package when getting name for resource number 0xffffffff
11-10 16:07:05.759: W/ResourceType(11169): No known package when getting name for resource number 0xffffffff
11-10 16:07:05.759: W/ResourceType(11169): No known package when getting name for resource number 0xffffffff
11-10 16:07:05.764: W/ResourceType(11169): No known package when getting name for resource number 0xffffffff
11-10 16:07:05.764: W/ResourceType(11169): No known package when getting name for resource number 0xffffffff
11-10 16:07:05.769: W/ResourceType(11169): No known package when getting name for resource number 0xffffffff
11-10 16:07:05.769: W/ResourceType(11169): No known package when getting name for resource number 0xffffffff
11-10 16:07:05.774: W/ResourceType(11169): No known package when getting name for resource number 0xffffffff
11-10 16:07:05.774: W/ResourceType(11169): No known package when getting name for resource number 0xffffffff
11-10 16:07:05.779: W/ResourceType(11169): No known package when getting name for resource number 0xffffffff
11-10 16:07:05.779: W/ResourceType(11169): No known package when getting name for resource number 0xffffffff
11-10 16:07:05.784: W/ResourceType(11169): No known package when getting name for resource number 0xffffffff
11-10 16:07:05.784: W/ResourceType(11169): No known package when getting name for resource number 0xffffffff
11-10 16:07:05.789: W/ResourceType(11169): No known package when getting name for resource number 0xffffffff
11-10 16:07:05.794: W/ResourceType(11169): No known package when getting name for resource number 0xffffffff
11-10 16:07:05.799: W/ResourceType(11169): No known package when getting name for resource number 0xffffffff
11-10 16:07:05.799: W/ResourceType(11169): No known package when getting name for resource number 0xffffffff
11-10 16:07:05.899: D/BatteryService(2348): update start
11-10 16:07:05.899: D/BatteryService(2348): level:100, scale:100, status:5, health:2, present:true, voltage: 4250, temperature: 345, technology: Li-ion, AC powered:false, USB powered:true, Wireless powered:false, icon:17303550, invalid charger:0, online:6, charge type:0, current avg:800
11-10 16:07:05.899: D/BatteryService(2348): Sending ACTION_BATTERY_CHANGED.
11-10 16:07:05.904: D/STATUSBAR-BatteryController(2563): onReceive() - ACTION_BATTERY_CHANGED
11-10 16:07:05.904: D/STATUSBAR-BatteryController(2563): onReceive() - BATTERY_STATUS_FULL:
11-10 16:07:05.904: D/STATUSBAR-PhoneStatusBar(2563):  mBrightnessEnablebySettings = true mBrightnessEnablebyBattery = true mBrightnessEnablebyDisableFlag = true
11-10 16:07:06.249: D/dalvikvm(11143): GC_FOR_ALLOC freed 3771K, 15% free 10752K/12524K, paused 18ms, total 18ms
11-10 16:07:06.249: I/dalvikvm-heap(11143): Grow heap (frag case) to 15.039MB for 3686416-byte allocation
11-10 16:07:06.269: D/dalvikvm(11143): GC_FOR_ALLOC freed 0K, 12% free 14352K/16128K, paused 18ms, total 18ms
11-10 16:07:06.279: I/System.out(11143): INFO: New Screen: Optional.of(ScreenNode {Id=2, PackageName=org.runnerup, ActivityName=Optional.of(org.runnerup.view.MainLayout)})
11-10 16:07:06.289: D/dalvikvm(11143): GC_CONCURRENT freed 16K, 11% free 14365K/16128K, paused 2ms+4ms, total 21ms
11-10 16:07:06.434: D/BatteryService(2348): update start
11-10 16:07:06.434: D/BatteryService(2348): level:100, scale:100, status:5, health:2, present:true, voltage: 4329, temperature: 349, technology: Li-ion, AC powered:false, USB powered:true, Wireless powered:false, icon:17303550, invalid charger:0, online:6, charge type:1, current avg:800
11-10 16:07:06.434: D/BatteryService(2348): Sending ACTION_BATTERY_CHANGED.
11-10 16:07:06.439: D/STATUSBAR-BatteryController(2563): onReceive() - ACTION_BATTERY_CHANGED
11-10 16:07:06.439: D/STATUSBAR-BatteryController(2563): onReceive() - BATTERY_STATUS_FULL:
11-10 16:07:06.439: D/STATUSBAR-PhoneStatusBar(2563):  mBrightnessEnablebySettings = true mBrightnessEnablebyBattery = true mBrightnessEnablebyDisableFlag = true
11-10 16:07:06.524: D/STATUSBAR-NetworkController(2563): refreshSignalCluster: data=-1 bt=false
11-10 16:07:06.539: D/STATUSBAR-IconMerger(2563): checkOverflow(336), More:false, Req:false Child:6
11-10 16:07:06.979: W/ResourceType(11169): No package identifier when getting name for resource number 0x00000001
11-10 16:07:06.979: W/ResourceType(11169): No package identifier when getting name for resource number 0x00000001
11-10 16:07:06.979: W/ResourceType(11169): No package identifier when getting name for resource number 0x00000001
11-10 16:07:06.984: W/ResourceType(11169): No package identifier when getting name for resource number 0x00000001
11-10 16:07:06.984: I/ViewInteraction(11169): Performing 'fast swipe' action on view (with class name: is "android.widget.TextView" and with id: android:id/title and is a child at 1th index of the matching parent: (with class name: is "android.widget.RelativeLayout" and with id: 1 (resource name not found) and is a child at 0th index of the matching parent: (with class name: is "android.widget.TabWidget" and with id: android:id/tabs and is a child at 0th index of the matching parent: (with class name: is "android.widget.LinearLayout" and with id: 1 (resource name not found) and is a child at 0th index of the matching parent: (with class name: is "android.widget.TabHost" and with id: android:id/tabhost and is a child at 0th index of the matching parent: (with class name: is "android.widget.FrameLayout" and with id: android:id/content and is a child at 1th index of the matching parent: (with class name: is "android.widget.LinearLayout" and with id: 1 (resource name not found) and is a child at 0th index of the matching parent: (with class name: is "com.android.internal.policy.impl.PhoneWindow$DecorView" and with id: 1 (resource name not found) and is a root view.))))))))
11-10 16:07:06.984: I/InputDispatcher(2348): Delivering touch to: action: 0x0
11-10 16:07:07.224: I/InputDispatcher(2348): Delivering touch to: action: 0x1
11-10 16:07:07.224: E/DatabaseUtils(2348): Writing exception to parcel
11-10 16:07:07.224: E/DatabaseUtils(2348): java.lang.SecurityException: Permission Denial: get/set setting for user asks to run as user -2 but is calling from user 0; this requires android.permission.INTERACT_ACROSS_USERS_FULL
11-10 16:07:07.224: E/DatabaseUtils(2348): 	at com.android.server.am.ActivityManagerService.handleIncomingUser(ActivityManagerService.java:13140)
11-10 16:07:07.224: E/DatabaseUtils(2348): 	at android.app.ActivityManager.handleIncomingUser(ActivityManager.java:2038)
11-10 16:07:07.224: E/DatabaseUtils(2348): 	at com.android.providers.settings.SettingsProvider.callFromPackage(SettingsProvider.java:607)
11-10 16:07:07.224: E/DatabaseUtils(2348): 	at android.content.ContentProvider$Transport.call(ContentProvider.java:279)
11-10 16:07:07.224: E/DatabaseUtils(2348): 	at android.content.ContentProviderNative.onTransact(ContentProviderNative.java:273)
11-10 16:07:07.224: E/DatabaseUtils(2348): 	at android.os.Binder.execTransact(Binder.java:388)
11-10 16:07:07.224: E/DatabaseUtils(2348): 	at dalvik.system.NativeStart.run(Native Method)
11-10 16:07:07.224: W/ActivityManager(2348): Permission Denial: get/set setting for user asks to run as user -2 but is calling from user 0; this requires android.permission.INTERACT_ACROSS_USERS_FULL
11-10 16:07:07.229: D/AbsListView(11169): onVisibilityChanged() is called, visibility : 8
11-10 16:07:07.229: D/AbsListView(11169): unregisterIRListener() is called 
11-10 16:07:07.229: D/LifecycleMonitor(11169): Lifecycle status change: org.runnerup.view.SettingsActivity@42d14fe0 in: PAUSED
11-10 16:07:07.234: E/org.runnerup.view.StartActivity(11169): StartActivity.startGps()
11-10 16:07:07.234: D/LocationManagerService(2348): request 4309fc98 gps Request[ACCURACY_FINE gps requested=0 fastest=0] from org.runnerup(10170)
11-10 16:07:07.234: D/LocationManagerService(2348): provider request: gps ProviderRequest[ON interval=0]
11-10 16:07:07.234: D/GpsLocationProvider(2348): setRequest ProviderRequest[ON interval=0]
11-10 16:07:07.234: D/GpsLocationProvider(2348): startNavigating, singleShot is false
11-10 16:07:07.234: E/org.runnerup.tracker.Tracker(11169): Tracker.connect() - state: INIT
11-10 16:07:07.234: D/GpsLocationProvider_ex(2348): getSKAFEnable : false
11-10 16:07:07.234: D/GpsLocationProvider(2348): setting position_mode to MS_BASED
11-10 16:07:07.234: E/TrackerComponentCollection(11169): WEAR onInit => RESULT_NOT_SUPPORTED
11-10 16:07:07.234: I/libgps(2348): disarming wakeLockTimer
11-10 16:07:07.234: D/libgps(2348): proxy_gps_status_cb: called. status(1)
11-10 16:07:07.234: D/libgps(2348): proxy_gps_status_cb: normal GPS icon mode.
11-10 16:07:07.234: V/GpsLocationProvider(2348): reportStatus status: 1
11-10 16:07:07.239: I/libgps(2348): OnGpsExtensionMessage: MSG_REQUEST_LOCATION_ID
11-10 16:07:07.244: D/STATUSBAR-StatusBarManagerService(2348): sendNotification(1) - 252119
11-10 16:07:07.249: I/TextToSpeech(11169): Sucessfully bound to com.google.android.tts
11-10 16:07:07.249: E/TrackerComponentCollection(11169): TTS onInit => RESULT_PENDING
11-10 16:07:07.249: E/TrackerComponentCollection(11169): Receiver onInit => RESULT_OK
11-10 16:07:07.249: E/TrackerComponentCollection(11169): Elevation onInit => RESULT_OK
11-10 16:07:07.249: E/TrackerComponentCollection(11169): PEBBLE onInit => RESULT_NOT_SUPPORTED
11-10 16:07:07.249: E/TrackerComponentCollection(11169): Temperature onInit => RESULT_OK
11-10 16:07:07.249: E/TrackerComponentCollection(11169): HRM onInit => RESULT_UNKNOWN
11-10 16:07:07.249: E/TrackerComponentCollection(11169): GPS onInit => RESULT_OK
11-10 16:07:07.249: E/TrackerComponentCollection(11169): Pressure onInit => RESULT_OK
11-10 16:07:07.249: E/TrackerComponentCollection(11169): Cadence onInit => RESULT_OK
11-10 16:07:07.249: E/org.runnerup.tracker.Tracker(11169):  => nextState: CONNECTED
11-10 16:07:07.249: E/ActivityThread(11169): Failed to find provider info for com.getpebble.android.provider.basalt
11-10 16:07:07.249: E/ActivityThread(11169): Failed to find provider info for com.getpebble.android.provider
11-10 16:07:07.259: D/STATUSBAR-StatusBarManagerService(2348): sendNotification(1) - 1
11-10 16:07:07.279: D/ProgressBar(2563): setProgressDrawable mProgressDrawable = null, d = android.graphics.drawable.LayerDrawable@42a5aef8needUpdate = false
11-10 16:07:07.279: D/ProgressBar(2563): setProgressDrawable drawableHeight = 12
11-10 16:07:07.279: D/ProgressBar(2563): setProgress = 0
11-10 16:07:07.279: D/ProgressBar(2563): setProgress = 0, fromUser = false
11-10 16:07:07.279: D/ProgressBar(2563): mProgress = 0mIndeterminate = false, mMin = 0, mMax = 100
11-10 16:07:07.284: D/STATUSBAR-StatusBarManagerService(2348): sendNotification(2) - 1
11-10 16:07:07.299: D/STATUSBAR-StatusBarManagerService(2348): sendNotification(2) - 1
11-10 16:07:07.304: D/LifecycleMonitor(11169): Lifecycle status change: org.runnerup.view.StartActivity@4276ffb8 in: RESUMED
11-10 16:07:07.304: D/AbsListView(11169): onVisibilityChanged() is called, visibility : 0
11-10 16:07:07.304: D/AbsListView(11169): unregisterIRListener() is called 
11-10 16:07:07.319: D/ProgressBar(2563): setProgressDrawable mProgressDrawable = null, d = android.graphics.drawable.LayerDrawable@43979230needUpdate = false
11-10 16:07:07.319: D/ProgressBar(2563): setProgressDrawable drawableHeight = 12
11-10 16:07:07.319: D/ProgressBar(2563): setProgress = 0
11-10 16:07:07.319: D/ProgressBar(2563): setProgress = 0, fromUser = false
11-10 16:07:07.319: D/ProgressBar(2563): mProgress = 0mIndeterminate = false, mMin = 0, mMax = 100
11-10 16:07:07.354: D/STATUSBAR-StatusBarManagerService(2348): sendNotification(2) - 1
11-10 16:07:07.359: I/TextToSpeech(11169): Connected to ComponentInfo{com.google.android.tts/com.google.android.tts.service.GoogleTTSService}
11-10 16:07:07.359: I/TextToSpeech(11169): Set up connection to ComponentInfo{com.google.android.tts/com.google.android.tts.service.GoogleTTSService}
11-10 16:07:07.364: D/STATUSBAR-IconMerger(2563): checkOverflow(336), More:false, Req:true Child:8
11-10 16:07:07.379: D/STATUSBAR-IconMerger(2563): checkOverflow(288), More:true, Req:true Child:7
11-10 16:07:07.394: E/TrackerComponentCollection(11169): TTS onInit => RESULT_OK
11-10 16:07:07.394: E/TrackerComponentCollection(11169):  => runCallback()
11-10 16:07:07.394: E/org.runnerup.tracker.Tracker$1(11169): state.set(INITIALIZED)
11-10 16:07:07.394: E/org.runnerup.tracker.Tracker(11169): Tracker.connect() - state: INITIALIZED
11-10 16:07:07.404: E/TrackerComponentCollection(11169): WEAR onConnecting => RESULT_NOT_SUPPORTED
11-10 16:07:07.404: E/TrackerComponentCollection(11169): TTS onConnecting => RESULT_OK
11-10 16:07:07.404: E/TrackerComponentCollection(11169): Receiver onConnecting => RESULT_OK
11-10 16:07:07.404: E/TrackerComponentCollection(11169): Elevation onConnecting => RESULT_NOT_SUPPORTED
11-10 16:07:07.404: E/TrackerComponentCollection(11169): PEBBLE onConnecting => RESULT_NOT_SUPPORTED
11-10 16:07:07.404: E/TrackerComponentCollection(11169): Temperature onConnecting => RESULT_NOT_SUPPORTED
11-10 16:07:07.404: E/TrackerComponentCollection(11169): HRM onConnecting => RESULT_NOT_SUPPORTED
11-10 16:07:07.404: D/LocationManagerService(2348): request 43728bf0 gps Request[ACCURACY_FINE gps requested=+500ms fastest=+500ms] from org.runnerup(10170)
11-10 16:07:07.404: D/LocationManagerService(2348): provider request: gps ProviderRequest[ON interval=0]
11-10 16:07:07.409: D/GpsLocationProvider(2348): setRequest ProviderRequest[ON interval=0]
11-10 16:07:07.409: D/LocationManagerService(2348): request 4311d608 gps Request[ACCURACY_FINE gps requested=0 fastest=0] from org.runnerup(10170)
11-10 16:07:07.409: D/LocationManagerService(2348): provider request: gps ProviderRequest[ON interval=0]
11-10 16:07:07.409: D/GpsLocationProvider(2348): setRequest ProviderRequest[ON interval=0]
11-10 16:07:07.409: E/TrackerComponentCollection(11169): GPS onConnecting => RESULT_PENDING
11-10 16:07:07.409: E/TrackerComponentCollection(11169): Pressure onConnecting => RESULT_NOT_ENABLED
11-10 16:07:07.409: E/TrackerComponentCollection(11169): Cadence onConnecting => RESULT_NOT_ENABLED
11-10 16:07:07.499: I/ViewInteraction(11169): Performing 'Extracts screen state.' action on view is a root view.
11-10 16:07:07.499: W/ResourceType(11169): No known package when getting name for resource number 0xffffffff
11-10 16:07:07.509: W/ResourceType(11169): No known package when getting name for resource number 0xffffffff
11-10 16:07:07.524: D/STATUSBAR-NetworkController(2563): refreshSignalCluster: data=-1 bt=false
11-10 16:07:07.544: D/STATUSBAR-IconMerger(2563): checkOverflow(288), More:true, Req:true Child:7
11-10 16:07:07.554: W/ResourceType(11169): No known package when getting name for resource number 0xffffffff
11-10 16:07:07.594: W/ResourceType(11169): No known package when getting name for resource number 0xffffffff
11-10 16:07:07.604: W/ResourceType(11169): No known package when getting name for resource number 0xffffffff
11-10 16:07:07.614: W/ResourceType(11169): No known package when getting name for resource number 0xffffffff
11-10 16:07:07.619: W/ResourceType(11169): No known package when getting name for resource number 0xffffffff
11-10 16:07:07.624: W/ResourceType(11169): No known package when getting name for resource number 0xffffffff
11-10 16:07:07.669: W/ResourceType(11169): No known package when getting name for resource number 0xffffffff
11-10 16:07:07.689: D/BatteryService(2348): update start
11-10 16:07:07.689: D/BatteryService(2348): level:100, scale:100, status:5, health:2, present:true, voltage: 4330, temperature: 350, technology: Li-ion, AC powered:false, USB powered:true, Wireless powered:false, icon:17303550, invalid charger:0, online:6, charge type:1, current avg:800
11-10 16:07:07.689: D/BatteryService(2348): Sending ACTION_BATTERY_CHANGED.
11-10 16:07:07.689: D/STATUSBAR-BatteryController(2563): onReceive() - ACTION_BATTERY_CHANGED
11-10 16:07:07.689: D/STATUSBAR-BatteryController(2563): onReceive() - BATTERY_STATUS_FULL:
11-10 16:07:07.689: D/STATUSBAR-PhoneStatusBar(2563):  mBrightnessEnablebySettings = true mBrightnessEnablebyBattery = true mBrightnessEnablebyDisableFlag = true
11-10 16:07:07.714: W/ResourceType(11169): No known package when getting name for resource number 0xffffffff
11-10 16:07:07.729: W/ResourceType(11169): No known package when getting name for resource number 0xffffffff
11-10 16:07:07.734: W/ResourceType(11169): No known package when getting name for resource number 0xffffffff
11-10 16:07:07.739: W/ResourceType(11169): No known package when getting name for resource number 0xffffffff
11-10 16:07:07.744: W/ResourceType(11169): No known package when getting name for resource number 0xffffffff
11-10 16:07:07.814: D/SSRMv2:Monitor(2348): SIOP:: AP = 330 (read only)
11-10 16:07:07.869: D/dalvikvm(11169): GC_CONCURRENT freed 9282K, 38% free 17464K/27796K, paused 2ms+4ms, total 41ms
11-10 16:07:07.869: D/AbsListView(11169): [unregisterDoubleTapMotionListener]
11-10 16:07:07.874: I/MotionRecognitionManager(11169):   .unregisterListener : / listener count = 0->0,  
11-10 16:07:07.874: D/AbsListView(11169): unregisterIRListener() is called 
11-10 16:07:07.954: D/STATUSBAR-StatusBarManagerService(2348): sendNotification(2) - 1
11-10 16:07:08.164: D/dalvikvm(11169): GC_FOR_ALLOC freed 106K, 38% free 17409K/27796K, paused 31ms, total 31ms
11-10 16:07:08.164: I/dalvikvm-heap(11169): Grow heap (frag case) to 21.540MB for 3686416-byte allocation
11-10 16:07:08.199: D/dalvikvm(11169): GC_FOR_ALLOC freed 0K, 25% free 21009K/27796K, paused 32ms, total 32ms
11-10 16:07:08.234: D/dalvikvm(11169): GC_CONCURRENT freed 6K, 25% free 21009K/27796K, paused 3ms+2ms, total 36ms
11-10 16:07:08.274: D/dalvikvm(11143): GC_FOR_ALLOC freed 3740K, 14% free 10796K/12524K, paused 15ms, total 15ms
11-10 16:07:08.274: I/dalvikvm-heap(11143): Grow heap (frag case) to 15.082MB for 3686416-byte allocation
11-10 16:07:08.289: D/dalvikvm(11143): GC_FOR_ALLOC freed 0K, 11% free 14396K/16128K, paused 16ms, total 17ms
11-10 16:07:08.304: I/System.out(11143): INFO: Already Exists: Optional.of(ScreenNode {Id=1, PackageName=org.runnerup, ActivityName=Optional.of(org.runnerup.view.MainLayout)})
11-10 16:07:08.309: D/dalvikvm(11143): GC_CONCURRENT freed 71K, 11% free 14378K/16128K, paused 2ms+3ms, total 21ms
11-10 16:07:08.364: W/ResourceType(11169): No package identifier when getting name for resource number 0x00000001
11-10 16:07:08.364: W/ResourceType(11169): No package identifier when getting name for resource number 0x00000001
11-10 16:07:08.369: W/ResourceType(11169): No package identifier when getting name for resource number 0x00000001
11-10 16:07:08.369: W/ResourceType(11169): No package identifier when getting name for resource number 0x00000001
11-10 16:07:08.369: I/ViewInteraction(11169): Performing 'fast swipe' action on view (with class name: is "android.widget.TextView" and with id: android:id/title and is a child at 1th index of the matching parent: (with class name: is "android.widget.RelativeLayout" and with id: 1 (resource name not found) and is a child at 0th index of the matching parent: (with class name: is "android.widget.TabWidget" and with id: android:id/tabs and is a child at 0th index of the matching parent: (with class name: is "android.widget.LinearLayout" and with id: 1 (resource name not found) and is a child at 0th index of the matching parent: (with class name: is "android.widget.TabHost" and with id: android:id/tabhost and is a child at 0th index of the matching parent: (with class name: is "android.widget.FrameLayout" and with id: android:id/content and is a child at 1th index of the matching parent: (with class name: is "android.widget.LinearLayout" and with id: 1 (resource name not found) and is a child at 0th index of the matching parent: (with class name: is "com.android.internal.policy.impl.PhoneWindow$DecorView" and with id: 1 (resource name not found) and is a root view.))))))))
11-10 16:07:08.374: I/InputDispatcher(2348): Delivering touch to: action: 0x0
11-10 16:07:08.529: D/STATUSBAR-NetworkController(2563): refreshSignalCluster: data=-1 bt=false
11-10 16:07:08.539: D/STATUSBAR-IconMerger(2563): checkOverflow(288), More:true, Req:true Child:7
11-10 16:07:08.639: I/InputDispatcher(2348): Delivering touch to: action: 0x1
11-10 16:07:08.644: W/ActivityManager(2348): Permission Denial: get/set setting for user asks to run as user -2 but is calling from user 0; this requires android.permission.INTERACT_ACROSS_USERS_FULL
11-10 16:07:08.649: E/DatabaseUtils(2348): Writing exception to parcel
11-10 16:07:08.649: E/DatabaseUtils(2348): java.lang.SecurityException: Permission Denial: get/set setting for user asks to run as user -2 but is calling from user 0; this requires android.permission.INTERACT_ACROSS_USERS_FULL
11-10 16:07:08.649: E/DatabaseUtils(2348): 	at com.android.server.am.ActivityManagerService.handleIncomingUser(ActivityManagerService.java:13140)
11-10 16:07:08.649: E/DatabaseUtils(2348): 	at android.app.ActivityManager.handleIncomingUser(ActivityManager.java:2038)
11-10 16:07:08.649: E/DatabaseUtils(2348): 	at com.android.providers.settings.SettingsProvider.callFromPackage(SettingsProvider.java:607)
11-10 16:07:08.649: E/DatabaseUtils(2348): 	at android.content.ContentProvider$Transport.call(ContentProvider.java:279)
11-10 16:07:08.649: E/DatabaseUtils(2348): 	at android.content.ContentProviderNative.onTransact(ContentProviderNative.java:273)
11-10 16:07:08.649: E/DatabaseUtils(2348): 	at android.os.Binder.execTransact(Binder.java:388)
11-10 16:07:08.649: E/DatabaseUtils(2348): 	at dalvik.system.NativeStart.run(Native Method)
11-10 16:07:08.739: I/ViewInteraction(11169): Performing 'Extracts screen state.' action on view is a root view.
11-10 16:07:08.739: W/ResourceType(11169): No known package when getting name for resource number 0xffffffff
11-10 16:07:08.749: W/ResourceType(11169): No known package when getting name for resource number 0xffffffff
11-10 16:07:08.779: W/ResourceType(11169): No known package when getting name for resource number 0xffffffff
11-10 16:07:08.814: W/ResourceType(11169): No known package when getting name for resource number 0xffffffff
11-10 16:07:08.819: W/ResourceType(11169): No known package when getting name for resource number 0xffffffff
11-10 16:07:08.829: W/ResourceType(11169): No known package when getting name for resource number 0xffffffff
11-10 16:07:08.839: W/ResourceType(11169): No known package when getting name for resource number 0xffffffff
11-10 16:07:08.844: W/ResourceType(11169): No known package when getting name for resource number 0xffffffff
11-10 16:07:08.889: W/ResourceType(11169): No known package when getting name for resource number 0xffffffff
11-10 16:07:08.934: W/ResourceType(11169): No known package when getting name for resource number 0xffffffff
11-10 16:07:08.954: W/ResourceType(11169): No known package when getting name for resource number 0xffffffff
11-10 16:07:08.954: D/STATUSBAR-StatusBarManagerService(2348): sendNotification(2) - 1
11-10 16:07:08.969: W/ResourceType(11169): No known package when getting name for resource number 0xffffffff
11-10 16:07:08.979: W/ResourceType(11169): No known package when getting name for resource number 0xffffffff
11-10 16:07:08.984: W/ResourceType(11169): No known package when getting name for resource number 0xffffffff
11-10 16:07:09.469: D/dalvikvm(11143): GC_FOR_ALLOC freed 3732K, 14% free 10797K/12524K, paused 27ms, total 27ms
11-10 16:07:09.469: I/dalvikvm-heap(11143): Grow heap (frag case) to 15.083MB for 3686416-byte allocation
11-10 16:07:09.489: D/dalvikvm(11143): GC_FOR_ALLOC freed 0K, 11% free 14397K/16128K, paused 23ms, total 23ms
11-10 16:07:09.509: I/System.out(11143): INFO: Already Exists: Optional.of(ScreenNode {Id=1, PackageName=org.runnerup, ActivityName=Optional.of(org.runnerup.view.MainLayout)})
11-10 16:07:09.509: D/dalvikvm(11143): GC_CONCURRENT freed 13K, 11% free 14399K/16128K, paused 1ms+3ms, total 20ms
11-10 16:07:09.544: W/ResourceType(11169): No package identifier when getting name for resource number 0x00000001
11-10 16:07:09.544: W/ResourceType(11169): No package identifier when getting name for resource number 0x00000001
11-10 16:07:09.544: W/ResourceType(11169): No package identifier when getting name for resource number 0x00000001
11-10 16:07:09.544: W/ResourceType(11169): No package identifier when getting name for resource number 0x00000001
11-10 16:07:09.549: W/ResourceType(11169): No package identifier when getting name for resource number 0x00000001
11-10 16:07:09.549: W/ResourceType(11169): No package identifier when getting name for resource number 0x00000001
11-10 16:07:09.549: I/ViewInteraction(11169): Performing 'single click' action on view (with class name: is "android.widget.LinearLayout" and with id: org.runnerup:id/title_spinner and is a child at 0th index of the matching parent: (with class name: is "org.runnerup.widget.TitleSpinner" and with id: org.runnerup:id/tab_basic_target_type and is a child at 2th index of the matching parent: (with class name: is "android.widget.LinearLayout" and with id: org.runnerup:id/tab_basic and is a child at 0th index of the matching parent: (with class name: is "android.widget.FrameLayout" and with id: android:id/tabcontent and is a child at 1th index of the matching parent: (with class name: is "android.widget.RelativeLayout" and with id: 1 (resource name not found) and is a child at 0th index of the matching parent: (with class name: is "android.widget.TabHost" and with id: org.runnerup:id/tabhost_start and is a child at 0th index of the matching parent: (with class name: is "android.widget.RelativeLayout" and with id: org.runnerup:id/tab1_layout and is a child at 0th index of the matching parent: (with class name: is "android.widget.FrameLayout" and with id: android:id/content and is a child at 1th index of the matching parent: (with class name: is "android.widget.LinearLayout" and with id: 1 (resource name not found) and is a child at 0th index of the matching parent: (with class name: is "com.android.internal.policy.impl.PhoneWindow$DecorView" and with id: 1 (resource name not found) and is a child at 0th index of the matching parent: (with class name: is "android.widget.FrameLayout" and with id: android:id/tabcontent and is a child at 1th index of the matching parent: (with class name: is "android.widget.LinearLayout" and with id: 1 (resource name not found) and is a child at 0th index of the matching parent: (with class name: is "android.widget.TabHost" and with id: android:id/tabhost and is a child at 0th index of the matching parent: (with class name: is "android.widget.FrameLayout" and with id: android:id/content and is a child at 1th index of the matching parent: (with class name: is "android.widget.LinearLayout" and with id: 1 (resource name not found) and is a child at 0th index of the matching parent: (with class name: is "com.android.internal.policy.impl.PhoneWindow$DecorView" and with id: 1 (resource name not found) and is a root view.))))))))))))))))
11-10 16:07:09.554: I/InputDispatcher(2348): Delivering touch to: action: 0x0
11-10 16:07:09.634: I/InputDispatcher(2348): Delivering touch to: action: 0x1
11-10 16:07:09.639: E/DatabaseUtils(2348): Writing exception to parcel
11-10 16:07:09.639: E/DatabaseUtils(2348): java.lang.SecurityException: Permission Denial: get/set setting for user asks to run as user -2 but is calling from user 0; this requires android.permission.INTERACT_ACROSS_USERS_FULL
11-10 16:07:09.639: E/DatabaseUtils(2348): 	at com.android.server.am.ActivityManagerService.handleIncomingUser(ActivityManagerService.java:13140)
11-10 16:07:09.639: E/DatabaseUtils(2348): 	at android.app.ActivityManager.handleIncomingUser(ActivityManager.java:2038)
11-10 16:07:09.639: E/DatabaseUtils(2348): 	at com.android.providers.settings.SettingsProvider.callFromPackage(SettingsProvider.java:607)
11-10 16:07:09.639: E/DatabaseUtils(2348): 	at android.content.ContentProvider$Transport.call(ContentProvider.java:279)
11-10 16:07:09.639: E/DatabaseUtils(2348): 	at android.content.ContentProviderNative.onTransact(ContentProviderNative.java:273)
11-10 16:07:09.639: E/DatabaseUtils(2348): 	at android.os.Binder.execTransact(Binder.java:388)
11-10 16:07:09.639: E/DatabaseUtils(2348): 	at dalvik.system.NativeStart.run(Native Method)
11-10 16:07:09.639: E/DatabaseUtils(2348): Writing exception to parcel
11-10 16:07:09.639: E/DatabaseUtils(2348): java.lang.SecurityException: Permission Denial: get/set setting for user asks to run as user -2 but is calling from user 0; this requires android.permission.INTERACT_ACROSS_USERS_FULL
11-10 16:07:09.639: E/DatabaseUtils(2348): 	at com.android.server.am.ActivityManagerService.handleIncomingUser(ActivityManagerService.java:13140)
11-10 16:07:09.639: E/DatabaseUtils(2348): 	at android.app.ActivityManager.handleIncomingUser(ActivityManager.java:2038)
11-10 16:07:09.639: E/DatabaseUtils(2348): 	at com.android.providers.settings.SettingsProvider.callFromPackage(SettingsProvider.java:607)
11-10 16:07:09.639: E/DatabaseUtils(2348): 	at android.content.ContentProvider$Transport.call(ContentProvider.java:279)
11-10 16:07:09.639: E/DatabaseUtils(2348): 	at android.content.ContentProviderNative.onTransact(ContentProviderNative.java:273)
11-10 16:07:09.639: E/DatabaseUtils(2348): 	at android.os.Binder.execTransact(Binder.java:388)
11-10 16:07:09.639: E/DatabaseUtils(2348): 	at dalvik.system.NativeStart.run(Native Method)
11-10 16:07:09.639: W/ActivityManager(2348): Permission Denial: get/set setting for user asks to run as user -2 but is calling from user 0; this requires android.permission.INTERACT_ACROSS_USERS_FULL
11-10 16:07:09.639: W/ActivityManager(2348): Permission Denial: get/set setting for user asks to run as user -2 but is calling from user 0; this requires android.permission.INTERACT_ACROSS_USERS_FULL
11-10 16:07:09.649: D/AbsListView(11169): Get MotionRecognitionManager
11-10 16:07:09.694: D/STATUSBAR-StatusBarManagerService(2348): manageDisableList what=0x0 pkg=WindowManager.LayoutParams
11-10 16:07:09.724: I/SurfaceFlinger(1933): id=13 createSurf (1x1),1 flag=4, TtartActivi
11-10 16:07:09.799: D/AbsListView(11169): unregisterIRListener() is called 
11-10 16:07:09.809: D/AbsListView(11169): unregisterIRListener() is called 
11-10 16:07:09.819: D/AbsListView(11169): unregisterIRListener() is called 
11-10 16:07:09.859: D/AbsListView(11169): unregisterIRListener() is called 
11-10 16:07:09.949: D/STATUSBAR-StatusBarManagerService(2348): sendNotification(2) - 1
11-10 16:07:10.239: I/ViewInteraction(11169): Performing 'Extracts screen state.' action on view is a root view.
11-10 16:07:10.239: W/ResourceType(11169): No known package when getting name for resource number 0xffffffff
11-10 16:07:10.249: W/ResourceType(11169): No known package when getting name for resource number 0xffffffff
11-10 16:07:10.314: D/SSRMv2:Monitor(2348): SIOP:: AP = 330 (read only)
11-10 16:07:10.419: D/BatteryService(2348): update start
11-10 16:07:10.419: D/BatteryService(2348): level:100, scale:100, status:5, health:2, present:true, voltage: 4248, temperature: 356, technology: Li-ion, AC powered:false, USB powered:true, Wireless powered:false, icon:17303550, invalid charger:0, online:6, charge type:0, current avg:800
11-10 16:07:10.419: D/BatteryService(2348): Sending ACTION_BATTERY_CHANGED.
11-10 16:07:10.424: D/STATUSBAR-BatteryController(2563): onReceive() - ACTION_BATTERY_CHANGED
11-10 16:07:10.424: D/STATUSBAR-BatteryController(2563): onReceive() - BATTERY_STATUS_FULL:
11-10 16:07:10.424: D/STATUSBAR-PhoneStatusBar(2563):  mBrightnessEnablebySettings = true mBrightnessEnablebyBattery = true mBrightnessEnablebyDisableFlag = true
11-10 16:07:10.629: D/dalvikvm(11169): GC_FOR_ALLOC freed 8529K, 38% free 17475K/27796K, paused 29ms, total 29ms
11-10 16:07:10.629: I/dalvikvm-heap(11169): Grow heap (frag case) to 21.604MB for 3686416-byte allocation
11-10 16:07:10.659: D/dalvikvm(11169): GC_FOR_ALLOC freed 1K, 25% free 21074K/27796K, paused 30ms, total 30ms
11-10 16:07:10.699: D/dalvikvm(11169): GC_CONCURRENT freed 13K, 25% free 21064K/27796K, paused 3ms+3ms, total 40ms
11-10 16:07:10.714: D/dalvikvm(11143): GC_FOR_ALLOC freed 3762K, 15% free 10768K/12524K, paused 16ms, total 16ms
11-10 16:07:10.714: I/dalvikvm-heap(11143): Grow heap (frag case) to 15.054MB for 3686416-byte allocation
11-10 16:07:10.734: D/dalvikvm(11143): GC_FOR_ALLOC freed <1K, 11% free 14368K/16128K, paused 17ms, total 17ms
11-10 16:07:10.744: I/System.out(11143): INFO: New Screen: Optional.of(ScreenNode {Id=3, PackageName=org.runnerup, ActivityName=Optional.of(org.runnerup.view.StartActivity)})
