10-11 16:42:04.969: I/ProviderInstaller(15373): Installed default security provider GmsCore_OpenSSL
10-11 16:42:04.983: I/ActivityManager(806): Killing 14489:com.google.android.gm/u0a70 (adj 15): empty #17
10-11 16:42:05.053: W/BroadcastQueue(806): Exception when sending broadcast to ComponentInfo{com.google.android.apps.photos/com.google.android.libraries.social.account.refresh.receiver.AccountsChangedReceiver}
10-11 16:42:05.053: W/BroadcastQueue(806): android.os.DeadObjectException
10-11 16:42:05.053: W/BroadcastQueue(806): 	at android.os.BinderProxy.transactNative(Native Method)
10-11 16:42:05.053: W/BroadcastQueue(806): 	at android.os.BinderProxy.transact(Binder.java:503)
10-11 16:42:05.053: W/BroadcastQueue(806): 	at android.app.ApplicationThreadProxy.scheduleReceiver(ApplicationThreadNative.java:891)
10-11 16:42:05.053: W/BroadcastQueue(806): 	at com.android.server.am.BroadcastQueue.processCurBroadcastLocked(BroadcastQueue.java:273)
10-11 16:42:05.053: W/BroadcastQueue(806): 	at com.android.server.am.BroadcastQueue.processNextBroadcast(BroadcastQueue.java:1039)
10-11 16:42:05.053: W/BroadcastQueue(806): 	at com.android.server.am.ActivityManagerService.finishReceiver(ActivityManagerService.java:17118)
10-11 16:42:05.053: W/BroadcastQueue(806): 	at android.app.ActivityManagerNative.onTransact(ActivityManagerNative.java:496)
10-11 16:42:05.053: W/BroadcastQueue(806): 	at com.android.server.am.ActivityManagerService.onTransact(ActivityManagerService.java:2483)
10-11 16:42:05.053: W/BroadcastQueue(806): 	at android.os.Binder.execTransact(Binder.java:453)
10-11 16:42:05.053: W/libprocessgroup(806): failed to open /acct/uid_10064/pid_14928/cgroup.procs: No such file or directory
10-11 16:42:05.067: I/ActivityManager(806): Start proc 15476:com.google.android.apps.photos/u0a64 for broadcast com.google.android.apps.photos/com.google.android.libraries.social.account.refresh.receiver.AccountsChangedReceiver
10-11 16:42:05.069: W/ActivityManager(806): Spurious death for ProcessRecord{ec330ee 15476:com.google.android.apps.photos/u0a64}, curProc for 14928: null
10-11 16:42:05.070: I/ActivityManager(806): Killing 14464:com.google.android.gm.exchange/u0a69 (adj 15): empty #17
10-11 16:42:05.077: D/ContactDirectoryManager(15436): Found com.google.contacts.gal.provider
10-11 16:42:05.077: D/ContactDirectoryManager(15436): Found com.google.android.gm.exchange.directory.provider
10-11 16:42:05.090: I/CalendarProvider2(15337): Sending notification intent: Intent { act=android.intent.action.PROVIDER_CHANGED dat=content://com.android.calendar flg=0x20000000 }
10-11 16:42:05.090: W/ContentResolver(15337): Failed to get type for: content://com.android.calendar (Unknown URL content://com.android.calendar)
10-11 16:42:05.165: I/ActivityManager(806): Start proc 15488:com.google.android.gm.exchange/u0a69 for content provider com.google.android.gm.exchange/com.android.exchange.provider.ExchangeDirectoryProvider
10-11 16:42:05.168: I/ActivityManager(806): Killing 14955:com.google.android.apps.genie.geniewidget/u0a72 (adj 15): empty #17
10-11 16:42:05.170: W/System(15476): ClassLoader referenced unknown path: /system/app/Photos/lib/arm
10-11 16:42:05.293: I/ActivityManager(806): Killing 14990:com.google.android.videos/u0a77 (adj 15): empty #17
10-11 16:42:05.539: W/System(15488): ClassLoader referenced unknown path: /system/app/PrebuiltExchange3Google/lib/arm
10-11 16:42:05.580: I/ActivityManager(806): Start proc 15506:com.google.android.gm/u0a70 for content provider com.google.android.gm/com.android.email.provider.EmailProvider
10-11 16:42:05.599: I/ActivityManager(806): Killing 14384:com.google.android.gms.unstable/u0a10 (adj 15): empty #17
10-11 16:42:05.666: W/System(15506): ClassLoader referenced unknown path: /system/app/PrebuiltGmail/lib/arm
10-11 16:42:05.716: I/ContactDirectoryManager(15436): deleted 0 stale rows which don't have any relevant directory
10-11 16:42:05.718: D/ActivityThread(15506): Loading provider com.google.android.gmail.provider;com.android.mail.notifier;com.google.android.gm.email.provider;com.google.android.gm.email.notifier: com.android.email.provider.EmailProvider
10-11 16:42:05.733: I/ContactDirectoryManager(15436): Discovered 1 contact directories in 800ms
10-11 16:42:05.763: I/Gmail(15506): getAccountsCursor
10-11 16:42:05.786: W/GAV2(15506): Thread[main,5,main]: Need to call initialize() and be in fallback mode to start dispatch.
10-11 16:42:05.802: W/ActivityManager(806): Unable to start service Intent { cmp=com.google.android.gm/com.android.email.service.AttachmentService } U=0: not found
10-11 16:42:05.810: I/Gmail(15506): Observing account changes for notifications
10-11 16:42:05.821: E/Gmail(15506): Error finding the version of the Email provider.....
10-11 16:42:05.821: E/Gmail(15506): android.content.pm.PackageManager$NameNotFoundException: com.google.android.email
10-11 16:42:05.821: E/Gmail(15506): 	at android.app.ApplicationPackageManager.getPackageInfo(ApplicationPackageManager.java:137)
10-11 16:42:05.821: E/Gmail(15506): 	at com.google.android.gm.EmailMigrationService.a(SourceFile:1280)
10-11 16:42:05.821: E/Gmail(15506): 	at com.google.android.gm.EmailMigrationService.onHandleIntent(SourceFile:219)
10-11 16:42:05.821: E/Gmail(15506): 	at android.app.IntentService$ServiceHandler.handleMessage(IntentService.java:66)
10-11 16:42:05.821: E/Gmail(15506): 	at android.os.Handler.dispatchMessage(Handler.java:102)
10-11 16:42:05.821: E/Gmail(15506): 	at android.os.Looper.loop(Looper.java:148)
10-11 16:42:05.821: E/Gmail(15506): 	at android.os.HandlerThread.run(HandlerThread.java:61)
10-11 16:42:05.821: W/EmailMigration(15506): We do not support migrating this version of the Email provider.
10-11 16:42:05.821: W/GAV2(15488): Thread[main,5,main]: Need to call initialize() and be in fallback mode to start dispatch.
10-11 16:42:05.821: I/Gmail(15506): getAccountsCursor
10-11 16:42:05.834: I/Exchange(15488): Accounts changed - requesting FolderSync for unsynced accounts
10-11 16:42:05.841: I/Exchange(15488): EasService.onCreate
10-11 16:42:05.843: I/Exchange(15488): RestartPingTask
10-11 16:42:05.845: I/GmailIS(15506): Receive LOGIN_ACCOUNTS_CHANGED intent: Intent { act=android.accounts.LOGIN_ACCOUNTS_CHANGED flg=0x4000010 cmp=com.google.android.gm/.GmailIntentService }
10-11 16:42:05.847: I/Gmail(15506): Database deleted: No account for db [internal.QRJUJJNYU6ORDHFE7PZXPED3E4-00@cloudtestlabaccounts.com.db]
10-11 16:42:05.848: I/Gmail(15506): Database deleted: No account for db [mailstore.QRJUJJNYU6ORDHFE7PZXPED3E4-00@cloudtestlabaccounts.com.db]
10-11 16:42:05.860: I/Gmail(15506): getAccountsCursor
10-11 16:42:05.862: I/ActivityManager(806): Start proc 15556:com.google.android.apps.genie.geniewidget/u0a72 for broadcast com.google.android.apps.genie.geniewidget/.utils.NewsWeatherAccountsChangedReceiver
10-11 16:42:05.864: I/Gmail(15506): System accounts updated.
10-11 16:42:05.865: I/Exchange(15488): RestartPingsTask did not start any pings.
10-11 16:42:05.866: I/Exchange(15488): PSS stopIfIdle
10-11 16:42:05.866: I/Exchange(15488): PSS has no active accounts; stopping service.
10-11 16:42:05.871: I/Exchange(15488): onDestroy
10-11 16:42:05.877: I/Gmail(15506): getAccountsCursor
10-11 16:42:05.878: I/Exchange(15488): EasService.onCreate
10-11 16:42:05.882: I/NotifActionUtils(15506): resendNotifications account: null, folder: null
10-11 16:42:05.883: I/Exchange(15488): RestartPingTask
10-11 16:42:05.895: I/NotifUtils(15506): resendNotifications cancelExisting: false, account: null, folder: null
10-11 16:42:05.903: I/Exchange(15488): RestartPingsTask did not start any pings.
10-11 16:42:05.903: I/Exchange(15488): PSS stopIfIdle
10-11 16:42:05.903: I/Exchange(15488): PSS has no active accounts; stopping service.
10-11 16:42:05.904: I/Exchange(15488): onDestroy
10-11 16:42:05.905: I/ActivityManager(806): Killing 15070:com.google.android.youtube/u0a80 (adj 15): empty #17
10-11 16:42:05.908: W/System(15556): ClassLoader referenced unknown path: /system/app/PrebuiltNewsWeather/lib/arm
10-11 16:42:06.045: I/NewsWeather(15556): Receive broadcast android.accounts.LOGIN_ACCOUNTS_CHANGED, forces accounts update
10-11 16:42:06.061: I/NewsWeather(15556): NewsAccounts 2, AllSystemAccounts 1
10-11 16:42:06.071: I/NewsWeather(15556): NewsAccounts 2, AllSystemAccounts 1
10-11 16:42:06.073: I/ActivityManager(806): Start proc 15582:com.google.android.videos/u0a77 for broadcast com.google.android.videos/.accounts.AccountsChangedService$AccountsChangedReceiver
10-11 16:42:06.074: I/ActivityManager(806): Killing 15158:com.google.android.music:ui/u0a60 (adj 15): empty #17
10-11 16:42:06.123: D/MusicLifecycle(14421): com.google.android.music.store.MediaStoreImportService generated event: Service destroyed
10-11 16:42:06.124: D/MusicLifecycle(14421): com.google.android.music.store.StoreService$StoreServiceBinder generated event: Service destroyed
10-11 16:42:06.149: W/System(15582): ClassLoader referenced unknown path: /system/app/Videos/lib/arm
10-11 16:42:06.339: I/ActivityManager(806): Start proc 15614:com.google.android.youtube/u0a80 for broadcast com.google.android.youtube/com.google.android.libraries.youtube.account.AccountsChangedReceiver
10-11 16:42:06.374: I/ActivityManager(806): Killing 15170:com.google.android.apps.gcs/u0a9 (adj 15): empty #17
10-11 16:42:06.399: W/System(15614): ClassLoader referenced unknown path: /system/app/YouTube/lib/arm
10-11 16:42:06.448: W/PlayMovies(15582): SyncCallback.getResponse:78 SyncCallback from main thread might cause ANR
10-11 16:42:06.519: W/PlayMovies(15582): SyncCallback.getResponse:78 SyncCallback from main thread might cause ANR
10-11 16:42:06.551: D/PlayMovies(15582): PersistentCache.cleanup:94 Cache is below limit, no need to shrink: [size=0, limit=5242880]
10-11 16:42:06.561: D/Finsky(14579): [503] ContentFiltersService$1.getContentFiltersAndIntent: Received content filters request from com.google.android.videos
10-11 16:42:06.602: W/VideoCapabilities(15582): Unrecognized profile 2130706433 for video/avc
10-11 16:42:06.613: W/linker(15614): /data/app/com.google.android.gms-1/lib/arm/libconscrypt_gmscore_jni.so: unused DT entry: type 0x1d arg 0x1ed
10-11 16:42:06.619: D/PlayMovies(15582): TransferService.onCreate:60 creating transfer service
10-11 16:42:06.621: V/NativeCrypto(15614): Registering com/google/android/gms/org/conscrypt/NativeCrypto's 259 native methods...
10-11 16:42:06.661: I/art(15614): Rejecting re-init on previously-failed class java.lang.Class<com.google.android.gms.org.conscrypt.OpenSSLExtendedSessionImpl>
10-11 16:42:06.661: I/art(15614): Rejecting re-init on previously-failed class java.lang.Class<com.google.android.gms.org.conscrypt.OpenSSLExtendedSessionImpl>
10-11 16:42:06.662: I/art(15614): Rejecting re-init on previously-failed class java.lang.Class<com.google.android.gms.org.conscrypt.OpenSSLExtendedSessionImpl>
10-11 16:42:06.665: I/VideoCapabilities(15582): Unsupported profile 4 for video/mp4v-es
10-11 16:42:06.690: D/WVCdm(198): Instantiating CDM.
10-11 16:42:06.691: I/WVCdm(198): CdmEngine::QueryStatus
10-11 16:42:06.691: I/WVCdm(198): Level3 Library Jun 15 2015 14:09:24
10-11 16:42:06.693: W/WVCdm(198): Could not read /data/mediadrm/IDM1013/ay64.dat2: No such file or directory
10-11 16:42:06.695: D/DrmWidevineDash(198): OEMCrypto_Initialize: starts! g_qsee_apps_version = 0x21
10-11 16:42:06.695: D/DrmWidevineDash(198): Service_Initialize: starts!
10-11 16:42:06.695: D/QSEECOMAPI:(198): QSEECom_get_handle sb_length = 0x19000
10-11 16:42:06.698: D/QSEECOMAPI:(198): App is not loaded in QSEE
10-11 16:42:06.709: D/QSEECOMAPI:(198): Loaded image: APP id = 3
10-11 16:42:06.710: D/DrmWidevineDash(198): Service_Initialize: ends! returns 0
10-11 16:42:06.710: D/DrmWidevineDash(198): OEMCrypto_Initialize sion_buffer g_wv_fhandle->ion_sbuffer  0x0xb32e6000
10-11 16:42:06.710: E/DrmWidevineDash(198): sion_buffer g_wv_fhandle->ion_sbuffer  0x0xb32e6000
10-11 16:42:06.716: I/ProviderInstaller(15614): Installed default security provider GmsCore_OpenSSL
10-11 16:42:06.720: D/DrmWidevineDash(198): OEMCrypto_Initialize: ends! returns 0
10-11 16:42:06.720: D/DrmWidevineDash(198): OEMCrypto_APIVersion: starts!
10-11 16:42:06.724: D/DrmWidevineDash(198): hlos api version =  10
10-11 16:42:06.724: D/DrmWidevineDash(198): tz api version =  10
10-11 16:42:06.724: D/DrmWidevineDash(198): OEMCrypto_APIVersion: ends! returns version 10
10-11 16:42:06.724: D/DrmWidevineDash(198): OEMCrypto_IsKeyboxValid: starts!
10-11 16:42:06.728: I/Auth(4745): [ReflectiveChannelBinder] Successfully bound channel!
10-11 16:42:06.732: D/DrmWidevineDash(198): OEMCrypto_IsKeyboxValid: ends! returns 0
10-11 16:42:06.732: D/WVCdm(198): OEMCrypto_Initialize Level 1 success. I will use level 1.
10-11 16:42:06.733: D/DrmWidevineDash(198): OEMCrypto_GetDeviceID: starts! deviceID=0xb447e800, idLength=0xb37bf15c
10-11 16:42:06.741: D/DrmWidevineDash(198): OEMCrypto_GetDeviceID: ends! returns 0
10-11 16:42:06.741: D/DrmWidevineDash(198): OEMCrypto_GetKeyData: starts! keyData=0xb37bf11c, keyDataLength=0xb37bf114
10-11 16:42:06.750: D/DrmWidevineDash(198): OEMCrypto_GetKeyData: ends! returns 0
10-11 16:42:06.750: D/DrmWidevineDash(198): OEMCrypto_GetKeyData: starts! keyData=0xb37bf11c, keyDataLength=0xb37bf114
10-11 16:42:06.755: W/System(15614): ClassLoader referenced unknown path: /data/data/com.google.android.gms/app_chimera/m/00000002/n/armeabi-v7a
10-11 16:42:06.756: W/System(15614): ClassLoader referenced unknown path: /data/data/com.google.android.gms/app_chimera/m/00000002/n/armeabi
10-11 16:42:06.758: D/DrmWidevineDash(198): OEMCrypto_GetKeyData: ends! returns 0
10-11 16:42:06.759: D/DrmWidevineDash(198): OEMCrypto_GetHDCPCapability starts!
10-11 16:42:06.762: D/DrmWidevineDash(198): OEMCrypto_GetHDCPCapability current=255, max=4
10-11 16:42:06.762: D/DrmWidevineDash(198): OEMCrypto_GetHDCPCapability ends! ret = 0
10-11 16:42:06.763: D/DrmWidevineDash(198): OEMCrypto_SupportsUsageTable: starts!
10-11 16:42:06.766: D/DrmWidevineDash(198): OEMCrypto_SupportsUsageTable: is_supported = 1
10-11 16:42:06.766: D/DrmWidevineDash(198): OEMCrypto_SupportsUsageTable: wv_app_version =0x23
10-11 16:42:06.766: D/DrmWidevineDash(198): OEMCrypto_SupportsUsageTable: ends! returns 0x0
10-11 16:42:06.766: D/DrmWidevineDash(198): OEMCrypto_GetNumberOfOpenSessions: starts!
10-11 16:42:06.770: W/Conscrypt(4745): Could not set socket write timeout:
10-11 16:42:06.770: D/DrmWidevineDash(198): OEMCrypto_GetNumberOfOpenSessions: ends! cnt=0 ret=0
10-11 16:42:06.771: D/DrmWidevineDash(198): OEMCrypto_GetMaxNumberOfSessions: starts!
10-11 16:42:06.775: D/DrmWidevineDash(198): OEMCrypto_GetMaxNumberOfSessions: ends! max=50, ret=0
10-11 16:42:06.775: D/DrmWidevineDash(198): OEMCrypto_Terminate: starts!
10-11 16:42:06.777: D/DynamitePackage(15614): Instantiated singleton DynamitePackage.
10-11 16:42:06.778: D/DynamitePackage(15614): Instantiating com.google.android.gms.ads.adshield.ChimeraAdShieldCreatorImpl
10-11 16:42:06.778: W/Conscrypt(4745):    java.lang.reflect.Method.invoke(Native Method)
10-11 16:42:06.778: W/Conscrypt(4745):    com.google.android.gms.org.conscrypt.Platform.setSocketWriteTimeout(:com.google.android.gms@11509430:13)
10-11 16:42:06.779: D/DrmWidevineDash(198): Service_Uninitialize: starts!
10-11 16:42:06.779: D/QSEECOMAPI:(198): QSEECom_dealloc_memory 
10-11 16:42:06.779: D/QSEECOMAPI:(198): QSEECom_shutdown_app, app_id = 3
10-11 16:42:06.779: D/DrmWidevineDash(198): Service_Uninitialize: ends! returns 0x0
10-11 16:42:06.779: D/DrmWidevineDash(198): OEMCrypto_Terminate: ends! returns 0
10-11 16:42:06.781: W/System.err(15614): YouTube MDX: Bogus value in shared preferences for key MdxServerSelection value , returning default value.
10-11 16:42:06.788: W/Conscrypt(4745): Could not set socket write timeout:
10-11 16:42:06.788: W/Conscrypt(4745):    java.lang.reflect.Method.invoke(Native Method)
10-11 16:42:06.788: W/Conscrypt(4745):    com.google.android.gms.org.conscrypt.Platform.setSocketWriteTimeout(:com.google.android.gms@11509430:13)
10-11 16:42:06.790: I/ActivityManager(806): Killing 15219:com.google.android.partnersetup/u0a16 (adj 15): empty #17
10-11 16:42:06.904: W/Auth(4745): [GetToken] GetToken failed with status code: INVALID_SCOPE
10-11 16:42:06.907: E/PlayMovies(15582): AccountManagerWrapper.blockingGetAuthToken:253 Cannot get user auth
10-11 16:42:06.907: E/PlayMovies(15582): THROWABLE:
10-11 16:42:06.907: E/PlayMovies(15582): com.google.android.gms.auth.GoogleAuthException: INVALID_SCOPE
10-11 16:42:06.907: E/PlayMovies(15582): com.google.android.gms.auth.GoogleAuthException: INVALID_SCOPE
10-11 16:42:06.907: E/PlayMovies(15582): 	at com.google.android.gms.auth.GoogleAuthUtil.zza(Unknown Source)
10-11 16:42:06.907: E/PlayMovies(15582): 	at com.google.android.gms.auth.GoogleAuthUtil.zzc(Unknown Source)
10-11 16:42:06.907: E/PlayMovies(15582): 	at com.google.android.gms.auth.GoogleAuthUtil.zzb(Unknown Source)
10-11 16:42:06.907: E/PlayMovies(15582): 	at com.google.android.gms.auth.GoogleAuthUtil.getTokenWithNotification(Unknown Source)
10-11 16:42:06.907: E/PlayMovies(15582): 	at com.google.android.gms.auth.GoogleAuthUtil.getTokenWithNotification(Unknown Source)
10-11 16:42:06.907: E/PlayMovies(15582): 	at com.google.android.videos.accounts.AccountManagerWrapper.blockingGetAuthToken(SourceFile:237)
10-11 16:42:06.907: E/PlayMovies(15582): 	at com.google.android.videos.async.AuthenticatingRequester.getAuthToken(SourceFile:62)
10-11 16:42:06.907: E/PlayMovies(15582): 	at com.google.android.videos.async.AuthenticatingRequester.request(SourceFile:39)
10-11 16:42:06.907: E/PlayMovies(15582): 	at com.google.android.videos.async.AuthenticatingRequester.request(SourceFile:26)
10-11 16:42:06.907: E/PlayMovies(15582): 	at com.google.android.videos.gcm.DefaultGcmRegistrationManager.registerWithServer(SourceFile:151)
10-11 16:42:06.907: E/PlayMovies(15582): 	at com.google.android.videos.gcm.DefaultGcmRegistrationManager.access$000(SourceFile:48)
10-11 16:42:06.907: E/PlayMovies(15582): 	at com.google.android.videos.gcm.DefaultGcmRegistrationManager$1.run(SourceFile:101)
10-11 16:42:06.907: E/PlayMovies(15582): 	at java.util.concurrent.ThreadPoolExecutor.runWorker(ThreadPoolExecutor.java:1113)
10-11 16:42:06.907: E/PlayMovies(15582): 	at java.util.concurrent.ThreadPoolExecutor$Worker.run(ThreadPoolExecutor.java:588)
10-11 16:42:06.907: E/PlayMovies(15582): 	at com.google.android.videos.utils.PriorityThreadFactory$1.run(SourceFile:42)
10-11 16:42:06.907: E/PlayMovies(15582): 	at java.lang.Thread.run(Thread.java:818)
10-11 16:42:06.974: W/InstanceID/Rpc(15614): Found 10010
10-11 16:42:07.000: W/WakefulBroadcastReceiver(4745): No active wake lock id #2
10-11 16:42:07.006: I/PmtsSwAccountIntentOp(4822): Processing intent action=android.accounts.LOGIN_ACCOUNTS_CHANGED
10-11 16:42:07.006: I/PmtsSwAccountIntentOp(4822): Device isn't of sufficient API level
10-11 16:42:07.013: I/HeterodyneSyncScheduler(4745): Scheduling Phenotype for a PhenotypeSyncImmediately(5, null) one off with window [1, 2] in seconds
10-11 16:42:07.038: D/Finsky(14579): [1] BaseWidgetProvider.onReceive: Received ACTION_APPWIDGET_UPDATE, updating 0 widgets.
10-11 16:42:07.040: D/Finsky(14579): [1] BaseWidgetProvider.onReceive: Received ACTION_APPWIDGET_UPDATE, updating 0 widgets.
10-11 16:42:07.043: D/Finsky(14579): [1] BaseWidgetProvider.onReceive: Received ACTION_APPWIDGET_UPDATE, updating 0 widgets.
10-11 16:42:07.264: I/ActivityManager(806): Killing 15283:com.google.android.apps.books/u0a31 (adj 15): empty #17
10-11 16:42:07.360: D/MusicLifecycle(14421): com.google.android.music.wear.WearBroadcastReceiver generated event: Broadcast received with context android.app.ReceiverRestrictedContext@ff9400c and intent Intent { act=com.google.android.music.IMPORT_COMPLETE flg=0x10 cmp=com.google.android.music/.wear.WearBroadcastReceiver }
10-11 16:42:07.385: V/GCMBroadcastReceiver(14579): onReceive: com.google.android.c2dm.intent.REGISTRATION
10-11 16:42:07.385: V/GCMBroadcastReceiver(14579): GCM IntentService class: com.android.vending.GCMIntentService
10-11 16:42:07.386: V/GCMBaseIntentService(14579): Acquiring wakelock
10-11 16:42:07.389: I/WearableService(4745): Wearable Services not starting - Wear is not available on this device.
10-11 16:42:07.391: V/GCMBaseIntentService(14579): Intent service name: GCMIntentService-932144863878-1
10-11 16:42:07.392: D/MusicLifecycle(14421): com.google.android.music.wear.WearMetadataSyncService generated event: Service created
10-11 16:42:07.393: E/GCMRegistrar(14579): internal error: retry receiver class not set yet
10-11 16:42:07.393: V/GCMRegistrar(14579): Registering receiver
10-11 16:42:07.395: D/MusicLifecycle(14421): com.google.android.music.wear.WearMetadataSyncService generated event: Service started with intent Intent { cmp=com.google.android.music/.wear.WearMetadataSyncService }
10-11 16:42:07.395: D/GCMBaseIntentService(14579): handleRegistration: registrationId = APA91bGNXejiIlW6nVyJieXZCFBwP46c8rM1uVNlDYCW_KOnb4X7Gin0nZ6xKk_ICjIjKBAsZCp4hqq7iZS0SYnzCSOMLuW2hwQbMDDYyoljSBcMsp6hiRt3Se5c8mazObcRcxJwO7kE, error = null, unregistered = null
10-11 16:42:07.395: D/GCMRegistrar(14579): resetting backoff for com.android.vending
10-11 16:42:07.395: V/GCMRegistrar(14579): Saving regId on app version 80420700
10-11 16:42:07.404: V/GCMBaseIntentService(14579): Releasing wakelock
10-11 16:42:07.405: D/Finsky(14579): [1] GcmRegistrationIdHelper.uploadIfNotRegistered: Uploading GcmRegistration Id because not registered yet
10-11 16:42:07.407: D/WearableService(4745): onGetService - Wear is not available on this device.
10-11 16:42:07.417: I/IcingInternalCorpora(4822): Received calendar change notification.
10-11 16:42:07.419: D/WearableService(4745): onGetService - Wear is not available on this device.
10-11 16:42:07.420: E/GmsUtils(14421): Failed to connect to Google API client: ConnectionResult{statusCode=API_UNAVAILABLE, resolution=null}
10-11 16:42:07.420: E/GmsUtils(14421): Failed to connect to Google API client: ConnectionResult{statusCode=API_UNAVAILABLE, resolution=null}
10-11 16:42:07.424: W/Auth(4745): [GetToken] GetToken failed with status code: INVALID_SCOPE
10-11 16:42:07.427: W/Search.LoginHelper(15243): Google auth exception for scope: oauth2:https://www.googleapis.com/auth/googlenow
10-11 16:42:07.427: W/Search.LoginHelper(15243): com.google.android.gms.auth.a: INVALID_SCOPE
10-11 16:42:07.427: W/Search.LoginHelper(15243): 	at com.google.android.gms.auth.b.a(Unknown Source)
10-11 16:42:07.427: W/Search.LoginHelper(15243): 	at com.google.android.gms.auth.b.b(Unknown Source)
10-11 16:42:07.427: W/Search.LoginHelper(15243): 	at com.google.android.gms.auth.b.a(Unknown Source)
10-11 16:42:07.427: W/Search.LoginHelper(15243): 	at com.google.android.apps.gsa.search.core.google.c.m.a(GoogleAuthAdapterImpl.java:29)
10-11 16:42:07.427: W/Search.LoginHelper(15243): 	at com.google.android.apps.gsa.search.core.google.c.k.a(FallingBackGoogleAuthAdapter.java:93)
10-11 16:42:07.427: W/Search.LoginHelper(15243): 	at com.google.android.apps.gsa.search.core.google.c.g.a(CachingGoogleAuthAdapter.java:72)
10-11 16:42:07.427: W/Search.LoginHelper(15243): 	at com.google.android.apps.gsa.search.core.google.c.n.b(LoginHelper.java:829)
10-11 16:42:07.427: W/Search.LoginHelper(15243): 	at com.google.android.apps.gsa.search.core.google.c.n$5.Pe(LoginHelper.java:715)
10-11 16:42:07.427: W/Search.LoginHelper(15243): 	at com.google.android.apps.gsa.search.core.google.c.n$5.call(LoginHelper.java:712)
10-11 16:42:07.427: W/Search.LoginHelper(15243): 	at java.util.concurrent.FutureTask.run(FutureTask.java:237)
10-11 16:42:07.427: W/Search.LoginHelper(15243): 	at java.util.concurrent.Executors$RunnableAdapter.call(Executors.java:423)
10-11 16:42:07.427: W/Search.LoginHelper(15243): 	at java.util.concurrent.FutureTask.run(FutureTask.java:237)
10-11 16:42:07.427: W/Search.LoginHelper(15243): 	at java.util.concurrent.ThreadPoolExecutor.runWorker(ThreadPoolExecutor.java:1113)
10-11 16:42:07.427: W/Search.LoginHelper(15243): 	at java.util.concurrent.ThreadPoolExecutor$Worker.run(ThreadPoolExecutor.java:588)
10-11 16:42:07.427: W/Search.LoginHelper(15243): 	at java.lang.Thread.run(Thread.java:818)
10-11 16:42:07.427: W/Search.LoginHelper(15243): 	at com.google.android.apps.gsa.shared.util.concurrent.a.q$1.run(GsaThreadFactory.java:99)
10-11 16:42:07.427: E/VelvetNetworkClient(15243): Failed to get auth token
10-11 16:42:07.428: D/MusicLifecycle(14421): com.google.android.music.wear.WearMetadataSyncService generated event: Service destroyed
10-11 16:42:07.436: I/NewsWeather(15556): onReceive com.google.android.apps.genie.intent.action.PROVIDER_CHANGED
10-11 16:42:07.441: I/NewsWeather(15556): onReceive com.google.android.apps.genie.intent.action.PROVIDER_CHANGED
10-11 16:42:07.444: I/NewsWeather(15556): onReceive com.google.android.apps.genie.intent.action.PROVIDER_CHANGED
10-11 16:42:07.448: I/NewsWeather(15556): onReceive com.google.android.apps.genie.intent.action.PROVIDER_CHANGED
10-11 16:42:07.451: I/NewsWeather(15556): onReceive com.google.android.apps.genie.intent.action.PROVIDER_CHANGED
10-11 16:42:07.454: I/NewsWeather(15556): onReceive com.google.android.apps.genie.intent.action.PROVIDER_CHANGED
10-11 16:42:07.456: I/NewsWeather(15556): onReceive com.google.android.apps.genie.intent.action.PROVIDER_CHANGED
10-11 16:42:07.460: I/NewsWeather(15556): onReceive com.google.android.apps.genie.intent.action.PROVIDER_CHANGED
10-11 16:42:07.518: I/CheckinUtil(4745): Classify the device as Phone.
10-11 16:42:07.532: W/ConfigurationChimeraProvider(4745): Got null configs for com.google.android.gms.mdm
10-11 16:42:07.536: I/EventLogChimeraService(4822): Accumulating logs since 1507764714617
10-11 16:42:07.563: I/Auth(4822): [FRP,FrpUpdateIntentOperation] Frp is not supported for this device / user
10-11 16:42:07.564: I/Authzen(4745): [AccountChangeProcessingIntentOperation] Received onHandleIntent() call: Intent { act=com.google.android.gms.auth.GOOGLE_ACCOUNT_CHANGE cat=[com.google.android.gms.auth.category.ACCOUNT_ADDED] flg=0x10 cmp=com.google.android.gms/.chimera.GmsIntentOperationService$PersistentInternalReceiver (has extras) }
10-11 16:42:07.564: I/Authzen(4745): [AccountChangeProcessingIntentOperation] Handling added account: <ELLIDED:-204183156>
10-11 16:42:07.568: D/Finsky(14579): [1] BaseWidgetProvider.onReceive: Received ACTION_APPWIDGET_UPDATE, updating 0 widgets.
10-11 16:42:07.571: D/Finsky(14579): [1] BaseWidgetProvider.onReceive: Received ACTION_APPWIDGET_UPDATE, updating 0 widgets.
10-11 16:42:07.572: I/GCoreUlr(4745): Starting service, intent=Intent { act=com.google.android.location.reporting.ACTION_UPDATE_WORLD cmp=com.google.android.gms/com.google.android.location.reporting.service.DispatchingService (has extras) }, extras=Bundle[{receiverAction=com.google.android.gms.auth.GOOGLE_ACCOUNT_CHANGE, accountsAdded=[Account {name=QRJUJJNYU6ORDHFE7PZXPED3E4-00@cloudtestlabaccounts.com, type=com.google}]}]
10-11 16:42:07.586: I/Authzen(4745): [SyncManager] Sync requested for event 100, account QRJUJJNYU6ORDHFE7PZXPED3E4-00@cloudtestlabaccounts.com, and components 3, with reason 7
10-11 16:42:07.586: I/Authzen(4745): [SyncManager] Triggering AuthZen registration...
10-11 16:42:07.586: D/Finsky(14579): [1] BaseWidgetProvider.onReceive: Received ACTION_APPWIDGET_UPDATE, updating 0 widgets.
10-11 16:42:07.591: I/Authzen(4745): [RegistrationManager] Fetching signing key...
10-11 16:42:07.598: I/ProcessCheckinRequest(4822): Get token from PseudonymousIdApi: 114=nDqNhM1pHrR-2477rcHJlygObVcgT0XcC0jgrCy8ZP0cBIXWeEEfs2IUHhj3liCYC7sA_UYaRsySDnjZ6dJNDUOXm58TUa9H7VPP2PqMwtn-bFYj82ebRaGr9cZ-dk0Y
10-11 16:42:07.601: I/CheckinRequestBuilder(4822): Checkin reason type: 4 attempt count: 1
10-11 16:42:07.603: E/ActivityThread(4822): Failed to find provider info for com.google.android.wearable.settings
10-11 16:42:07.639: W/Conscrypt(4745): Could not set socket write timeout:
10-11 16:42:07.639: W/Conscrypt(4745):    java.lang.reflect.Method.invoke(Native Method)
10-11 16:42:07.639: W/Conscrypt(4745):    com.google.android.gms.org.conscrypt.Platform.setSocketWriteTimeout(:com.google.android.gms@11509430:13)
10-11 16:42:07.641: D/MusicLifecycle(14421): com.google.android.music.leanback.AutoCacheSchedulingService$EnablingReceiver generated event: Broadcast received with context android.app.ReceiverRestrictedContext@ff9400c and intent Intent { act=com.google.android.music.START_DOWNLOAD_SCHEDULING flg=0x10 cmp=com.google.android.music/.leanback.AutoCacheSchedulingService$EnablingReceiver }
10-11 16:42:07.648: D/MusicLifecycle(14421): com.google.android.music.leanback.AutoCacheSchedulingService generated event: Service created
10-11 16:42:07.651: I/GCoreUlr(4745): WorldUpdater received intent Intent { act=com.google.android.location.reporting.ACTION_UPDATE_WORLD cmp=com.google.android.gms/com.google.android.location.reporting.service.DispatchingService (has extras) } with receiverAction com.google.android.gms.auth.GOOGLE_ACCOUNT_CHANGE
10-11 16:42:07.652: D/MusicLifecycle(14421): com.google.android.music.leanback.AutoCacheSchedulingService generated event: Service started with intent Intent { act=com.google.android.music.leanback.APP_IN_USE cmp=com.google.android.music/.leanback.AutoCacheSchedulingService (has extras) }
10-11 16:42:07.652: D/MusicLifecycle(14421): com.google.android.music.wear.WearBroadcastReceiver generated event: Broadcast received with context android.app.ReceiverRestrictedContext@ff9400c and intent Intent { act=com.google.android.music.START_DOWNLOAD_SCHEDULING flg=0x10 cmp=com.google.android.music/.wear.WearBroadcastReceiver }
10-11 16:42:07.658: D/MusicLifecycle(14421): com.google.android.music.wear.WearMetadataSyncService generated event: Service created
10-11 16:42:07.658: D/MusicLifecycle(14421): com.google.android.music.wear.WearMetadataSyncService generated event: Service started with intent Intent { cmp=com.google.android.music/.wear.WearMetadataSyncService }
10-11 16:42:07.659: D/WearableService(4745): onGetService - Wear is not available on this device.
10-11 16:42:07.660: D/MusicLifecycle(14421): com.google.android.music.wear.WearBroadcastReceiver generated event: Broadcast received with context android.app.ReceiverRestrictedContext@ff9400c and intent Intent { act=com.google.android.music.IMPORT_COMPLETE flg=0x10 cmp=com.google.android.music/.wear.WearBroadcastReceiver }
10-11 16:42:07.664: I/CheckinRequestBuilder(4822): Unknown state of subscriptions on the device
10-11 16:42:07.670: E/GmsUtils(14421): Failed to connect to Google API client: ConnectionResult{statusCode=API_UNAVAILABLE, resolution=null}
10-11 16:42:07.671: D/MusicLifecycle(14421): com.google.android.music.wear.WearMetadataSyncService generated event: Service started with intent Intent { cmp=com.google.android.music/.wear.WearMetadataSyncService }
10-11 16:42:07.672: D/WearableService(4745): onGetService - Wear is not available on this device.
10-11 16:42:07.674: I/BroadcastQueue(806): Delay finish: com.google.android.gm/.widget.GmailWidgetProvider
10-11 16:42:07.676: D/WearableService(4745): onGetService - Wear is not available on this device.
10-11 16:42:07.677: E/GmsUtils(14421): Failed to connect to Google API client: ConnectionResult{statusCode=API_UNAVAILABLE, resolution=null}
10-11 16:42:07.678: E/GmsUtils(14421): Failed to connect to Google API client: ConnectionResult{statusCode=API_UNAVAILABLE, resolution=null}
10-11 16:42:07.682: I/BroadcastQueue(806): Resuming delayed broadcast
10-11 16:42:07.684: D/WearableService(4745): onGetService - Wear is not available on this device.
10-11 16:42:07.688: E/GmsUtils(14421): Failed to connect to Google API client: ConnectionResult{statusCode=API_UNAVAILABLE, resolution=null}
10-11 16:42:07.690: D/MusicLifecycle(14421): com.google.android.music.wear.WearMetadataSyncService generated event: Service destroyed
10-11 16:42:07.713: I/Authzen(4745): [KeyService] Creating new signing Keys for handle: device_key
10-11 16:42:07.715: I/Authzen(4745): [SqliteKeyStorage] Adding new credential
10-11 16:42:07.733: I/MusicLeanback(14421): Conditions not met for autocaching. okToAttempt=false
10-11 16:42:07.733: I/MusicLeanback(14421): Stop autocaching.
10-11 16:42:07.735: I/qtaguid(14579): Failed write_ctrl(u 29) res=-1 errno=22
10-11 16:42:07.735: I/qtaguid(14579): Untagging socket 29 failed errno=-22
10-11 16:42:07.735: W/NetworkManagementSocketTagger(14579): untagSocket(29) failed with errno -22
10-11 16:42:07.747: W/Conscrypt(4745): Could not set socket write timeout:
10-11 16:42:07.747: W/Conscrypt(4745):    java.lang.reflect.Method.invoke(Native Method)
10-11 16:42:07.747: W/Conscrypt(4745):    com.google.android.gms.org.conscrypt.Platform.setSocketWriteTimeout(:com.google.android.gms@11509430:13)
10-11 16:42:07.764: I/Authzen(4745): [RegistrationManager] Signing key fetched successfully!
10-11 16:42:07.769: I/Authzen(4745): [RegistrationManager] Starting Enrollment...
10-11 16:42:07.790: W/Auth(4745): [GetToken] GetToken failed with status code: INVALID_SCOPE
10-11 16:42:07.798: E/CheckinRequestBuilder(4822): Unrecoverable authentication exception: INVALID_SCOPE
10-11 16:42:07.798: E/CheckinRequestBuilder(4822): dzf: INVALID_SCOPE
10-11 16:42:07.798: E/CheckinRequestBuilder(4822): 	at dzj.a(:com.google.android.gms@11509430:16)
10-11 16:42:07.798: E/CheckinRequestBuilder(4822): 	at dzi.a(:com.google.android.gms@11509430:2)
10-11 16:42:07.798: E/CheckinRequestBuilder(4822): 	at dzi.e(:com.google.android.gms@11509430:6)
10-11 16:42:07.798: E/CheckinRequestBuilder(4822): 	at dzg.f(:com.google.android.gms@11509430:3)
10-11 16:42:07.798: E/CheckinRequestBuilder(4822): 	at dzg.a(:com.google.android.gms@11509430:4)
10-11 16:42:07.798: E/CheckinRequestBuilder(4822): 	at kbi.a(:com.google.android.gms@11509430:203)
10-11 16:42:07.798: E/CheckinRequestBuilder(4822): 	at kci.a(:com.google.android.gms@11509430:17)
10-11 16:42:07.798: E/CheckinRequestBuilder(4822): 	at kci.a(:com.google.android.gms@11509430:181)
10-11 16:42:07.798: E/CheckinRequestBuilder(4822): 	at com.google.android.gms.checkin.CheckinChimeraService.a(:com.google.android.gms@11509430:148)
10-11 16:42:07.798: E/CheckinRequestBuilder(4822): 	at kbe.run(:com.google.android.gms@11509430:2)
10-11 16:42:07.798: E/CheckinRequestBuilder(4822): 	at mmo.run(:com.google.android.gms@11509430:25)
10-11 16:42:07.798: E/CheckinRequestBuilder(4822): 	at java.util.concurrent.ThreadPoolExecutor.runWorker(ThreadPoolExecutor.java:1113)
10-11 16:42:07.798: E/CheckinRequestBuilder(4822): 	at java.util.concurrent.ThreadPoolExecutor$Worker.run(ThreadPoolExecutor.java:588)
10-11 16:42:07.798: E/CheckinRequestBuilder(4822): 	at mrv.run(:com.google.android.gms@11509430)
10-11 16:42:07.798: E/CheckinRequestBuilder(4822): 	at java.lang.Thread.run(Thread.java:818)
10-11 16:42:07.799: I/GCoreUlr(4745): WorldUpdater:com.google.android.gms.auth.GOOGLE_ACCOUNT_CHANGE: Ensuring that reporting is stopped because of reasons: {account#-14#=[InactiveReason{mIdentifier=6, mName='ReportingNotEnabled'}, InactiveReason{mIdentifier=14, mName='HistoryNotEnabled'}]}
10-11 16:42:07.820: I/GCoreUlr(4745): Unbound from all location providers
10-11 16:42:07.820: I/GCoreUlr(4745): Place inference reporting - stop
10-11 16:42:07.830: I/GCoreUlr(4745): Unregistering for aliased place alerts.
10-11 16:42:07.838: I/GCoreUlr(4745): DispatchingService ignoring Intent { act=android.net.wifi.WIFI_STATE_CHANGED flg=0x4000010 (has extras) } because ULR inactive
10-11 16:42:07.849: I/GCoreUlr(4745): DispatchingService.onDestroy()
10-11 16:42:07.851: I/GCoreUlr(4745): Stopping handler for UlrDispSvcFast
10-11 16:42:07.853: I/GCoreUlr(4745): Unbound from all location providers
10-11 16:42:07.853: I/GCoreUlr(4745): Place inference reporting - stop
10-11 16:42:07.871: W/com.google.a.a.b.d.a(15423): Application name is not set. Call Builder#setApplicationName.
10-11 16:42:07.873: I/GCoreUlr(4745): Unregistering for aliased place alerts.
10-11 16:42:07.880: W/Auth(4745): [GetToken] GetToken failed with status code: INVALID_SCOPE
10-11 16:42:07.882: E/Authzen(4745): [RegistrationManager] Failed to do enrollment for account: <ELLIDED:-460745254>
10-11 16:42:07.893: D/BluetoothManagerService(806): Added callback: android.bluetooth.IBluetoothManagerCallback$Stub$Proxy@8df0d19:true
10-11 16:42:07.908: I/Places(4745): ?: Couldn't find platform key file.
10-11 16:42:07.922: I/ActivityManager(806): Start proc 15775:com.google.android.gms.unstable/u0a10 for service com.google.android.gms/.droidguard.DroidGuardService
10-11 16:42:07.935: I/DictionaryProvider:UpdateHandler(1241): updateClientsWithMetadataUri() : MetadataUri = https://www.gstatic.com/android/keyboard/dictionarypack/Fava-20150615/metadata.json
10-11 16:42:07.943: I/Authzen(4745): [exw] Syncing data for account <ELLIDED:-460745254>
10-11 16:42:07.965: I/GeofencerStateMachine(4745): removeGeofences: removeRequest=RemoveGeofencingRequest[REMOVE_BY_PENDING_INTENT pendingIntent=PendingIntent[creatorPackage=com.google.android.gms], packageName=null]
10-11 16:42:07.970: I/GeofencerStateMachine(4745): removeGeofences: removeRequest=RemoveGeofencingRequest[REMOVE_BY_PENDING_INTENT pendingIntent=PendingIntent[creatorPackage=com.google.android.gms], packageName=null]
10-11 16:42:07.975: I/GeofencerStateMachine(4745): removeGeofences: removeRequest=RemoveGeofencingRequest[REMOVE_BY_PENDING_INTENT pendingIntent=PendingIntent[creatorPackage=com.google.android.gms], packageName=null]
10-11 16:42:07.976: I/Places(4745): ?: Couldn't find platform key file.
10-11 16:42:08.004: I/GeofencerStateMachine(4745): removeGeofences: removeRequest=RemoveGeofencingRequest[REMOVE_BY_PENDING_INTENT pendingIntent=PendingIntent[creatorPackage=com.google.android.gms], packageName=null]
10-11 16:42:08.006: I/GeofencerStateMachine(4745): removeGeofences: removeRequest=RemoveGeofencingRequest[REMOVE_BY_PENDING_INTENT pendingIntent=PendingIntent[creatorPackage=com.google.android.gms], packageName=null]
10-11 16:42:08.009: I/GeofencerStateMachine(4745): removeGeofences: removeRequest=RemoveGeofencingRequest[REMOVE_BY_PENDING_INTENT pendingIntent=PendingIntent[creatorPackage=com.google.android.gms], packageName=null]
10-11 16:42:08.034: W/Auth(4745): [GetToken] GetToken failed with status code: INVALID_SCOPE
10-11 16:42:08.034: E/Authzen(4745): [exw] Failed to authenticate account: <ELLIDED:-460745254>. Clearing data.
10-11 16:42:08.036: I/Authzen(4745): [fcc] Opening database auth.proximity.permit_store...
10-11 16:42:08.037: D/DownloadManager(959): [25] Starting
10-11 16:42:08.043: I/Authzen(4745): [SyncManager] sync failed for 100
10-11 16:42:08.050: I/DictionaryProvider:UpdateHandler(1241): updateClientsWithMetadataUri() : DownloadId = 25
10-11 16:42:08.060: I/Authzen(4745): [SyncManager] Setting up sync 103150046ms later.
10-11 16:42:08.070: I/LoadedApk(15775): No resource references to update in package FFFFFFFFFFFFFFFFFFFFFF
10-11 16:42:08.082: I/Authzen(4822): [PermitStore] Getting all permits...
10-11 16:42:08.125: W/linker(15775): /data/app/com.google.android.gms-1/lib/arm/libconscrypt_gmscore_jni.so: unused DT entry: type 0x1d arg 0x1ed
10-11 16:42:08.131: V/NativeCrypto(15775): Registering com/google/android/gms/org/conscrypt/NativeCrypto's 259 native methods...
10-11 16:42:08.148: I/art(15775): Rejecting re-init on previously-failed class java.lang.Class<com.google.android.gms.org.conscrypt.OpenSSLExtendedSessionImpl>
10-11 16:42:08.148: I/art(15775): Rejecting re-init on previously-failed class java.lang.Class<com.google.android.gms.org.conscrypt.OpenSSLExtendedSessionImpl>
10-11 16:42:08.149: I/art(15775): Rejecting re-init on previously-failed class java.lang.Class<com.google.android.gms.org.conscrypt.OpenSSLExtendedSessionImpl>
10-11 16:42:08.162: D/AndroidRuntime(15761): >>>>>> START com.android.internal.os.RuntimeInit uid 2000 <<<<<<
10-11 16:42:08.165: D/AndroidRuntime(15761): CheckJNI is OFF
10-11 16:42:08.166: I/ProviderInstaller(15775): Installed default security provider GmsCore_OpenSSL
10-11 16:42:08.188: W/Thread-609(15795): type=1400 audit(0.0:42): avc: denied { write } for name=".lib.lock" dev="mmcblk0p28" ino=122520 scontext=u:r:untrusted_app:s0:c512,c768 tcontext=u:object_r:system_data_file:s0 tclass=file permissive=0
10-11 16:42:08.196: W/NativeLibraryUtils(15775): Failed to open lock file
10-11 16:42:08.196: W/NativeLibraryUtils(15775): java.io.FileNotFoundException: /data/user/0/com.google.android.gms/cache/.lib.lock: open failed: EACCES (Permission denied)
10-11 16:42:08.196: W/NativeLibraryUtils(15775): 	at libcore.io.IoBridge.open(IoBridge.java:452)
10-11 16:42:08.196: W/NativeLibraryUtils(15775): 	at java.io.RandomAccessFile.<init>(RandomAccessFile.java:117)
10-11 16:42:08.196: W/NativeLibraryUtils(15775): 	at mpy.d(:com.google.android.gms@11509430:4)
10-11 16:42:08.196: W/NativeLibraryUtils(15775): 	at lsa.run(:com.google.android.gms@11509430)
10-11 16:42:08.196: W/NativeLibraryUtils(15775): Caused by: android.system.ErrnoException: open failed: EACCES (Permission denied)
10-11 16:42:08.196: W/NativeLibraryUtils(15775): 	at libcore.io.Posix.open(Native Method)
10-11 16:42:08.196: W/NativeLibraryUtils(15775): 	at libcore.io.BlockGuardOs.open(BlockGuardOs.java:186)
10-11 16:42:08.196: W/NativeLibraryUtils(15775): 	at libcore.io.IoBridge.open(IoBridge.java:438)
10-11 16:42:08.196: W/NativeLibraryUtils(15775): 	... 3 more
10-11 16:42:08.202: D/ICU(15761): No timezone override file found: /data/misc/zoneinfo/current/icu/icu_tzdata.dat
10-11 16:42:08.235: I/Radio-JNI(15761): register_android_hardware_Radio DONE
10-11 16:42:08.258: D/AndroidRuntime(15761): Calling main entry com.android.commands.pm.Pm
10-11 16:42:08.273: I/ActivityManager(806): Start proc 15809:com.android.defcontainer/u0a6 for service com.android.defcontainer/.DefaultContainerService
10-11 16:42:08.278: D/WVCdm(198): Instantiating CDM.
10-11 16:42:08.279: I/WVCdm(198): CdmEngine::OpenSession
10-11 16:42:08.279: I/WVCdm(198): Level3 Library Jun 15 2015 14:09:24
10-11 16:42:08.282: W/WVCdm(198): Could not read /data/mediadrm/IDM1013/ay64.dat2: No such file or directory
10-11 16:42:08.283: D/DrmWidevineDash(198): OEMCrypto_Initialize: starts! g_qsee_apps_version = 0x21
10-11 16:42:08.283: D/DrmWidevineDash(198): Service_Initialize: starts!
10-11 16:42:08.283: D/QSEECOMAPI:(198): QSEECom_get_handle sb_length = 0x19000
10-11 16:42:08.283: D/QSEECOMAPI:(198): App is not loaded in QSEE
10-11 16:42:08.289: W/Auth(4745): [GetToken] GetToken failed with status code: INVALID_SCOPE
10-11 16:42:08.291: E/Auth.Api.Credentials(4822): [SyncManager] Error during the sync.
10-11 16:42:08.291: E/Auth.Api.Credentials(4822): dzf: INVALID_SCOPE
10-11 16:42:08.291: E/Auth.Api.Credentials(4822): 	at dzj.a(:com.google.android.gms@11509430:16)
10-11 16:42:08.291: E/Auth.Api.Credentials(4822): 	at dzi.a(:com.google.android.gms@11509430:2)
10-11 16:42:08.291: E/Auth.Api.Credentials(4822): 	at dzi.e(:com.google.android.gms@11509430:6)
10-11 16:42:08.291: E/Auth.Api.Credentials(4822): 	at dzi.d(:com.google.android.gms@11509430:1)
10-11 16:42:08.291: E/Auth.Api.Credentials(4822): 	at dzg.b(:com.google.android.gms@11509430:1)
10-11 16:42:08.291: E/Auth.Api.Credentials(4822): 	at mhp.b(:com.google.android.gms@11509430)
10-11 16:42:08.291: E/Auth.Api.Credentials(4822): 	at mgg.b(:com.google.android.gms@11509430:5)
10-11 16:42:08.291: E/Auth.Api.Credentials(4822): 	at mgw.b(:com.google.android.gms@11509430:9)
10-11 16:42:08.291: E/Auth.Api.Credentials(4822): 	at mgw.a(:com.google.android.gms@11509430:16)
10-11 16:42:08.291: E/Auth.Api.Credentials(4822): 	at mgw.a(:com.google.android.gms@11509430:32)
10-11 16:42:08.291: E/Auth.Api.Credentials(4822): 	at enf.b(:com.google.android.gms@11509430:45)
10-11 16:42:08.291: E/Auth.Api.Credentials(4822): 	at erg.a(:com.google.android.gms@11509430:4)
10-11 16:42:08.291: E/Auth.Api.Credentials(4822): 	at ere.a(:com.google.android.gms@11509430:84)
10-11 16:42:08.291: E/Auth.Api.Credentials(4822): 	at erd.a(:com.google.android.gms@11509430:60)
10-11 16:42:08.291: E/Auth.Api.Credentials(4822): 	at mlr.onPerformSync(:com.google.android.gms@11509430:6)
10-11 16:42:08.291: E/Auth.Api.Credentials(4822): 	at android.content.AbstractThreadedSyncAdapter$SyncThread.run(AbstractThreadedSyncAdapter.java:272)
10-11 16:42:08.301: D/QSEECOMAPI:(198): Loaded image: APP id = 3
10-11 16:42:08.303: D/DrmWidevineDash(198): Service_Initialize: ends! returns 0
10-11 16:42:08.303: D/DrmWidevineDash(198): OEMCrypto_Initialize sion_buffer g_wv_fhandle->ion_sbuffer  0x0xb32e6000
10-11 16:42:08.303: E/DrmWidevineDash(198): sion_buffer g_wv_fhandle->ion_sbuffer  0x0xb32e6000
10-11 16:42:08.335: D/DrmWidevineDash(198): OEMCrypto_Initialize: ends! returns 0
10-11 16:42:08.335: D/DrmWidevineDash(198): OEMCrypto_APIVersion: starts!
10-11 16:42:08.339: D/DefContainer(15809): Copying /data/local/tmp/app1622442736824007858.apk to base.apk
10-11 16:42:08.346: D/DrmWidevineDash(198): hlos api version =  10
10-11 16:42:08.346: D/DrmWidevineDash(198): tz api version =  10
10-11 16:42:08.346: D/DrmWidevineDash(198): OEMCrypto_APIVersion: ends! returns version 10
10-11 16:42:08.346: D/DrmWidevineDash(198): OEMCrypto_IsKeyboxValid: starts!
10-11 16:42:08.358: D/DrmWidevineDash(198): OEMCrypto_IsKeyboxValid: ends! returns 0
10-11 16:42:08.358: D/WVCdm(198): OEMCrypto_Initialize Level 1 success. I will use level 1.
10-11 16:42:08.358: D/DrmWidevineDash(198): OEMCrypto_OpenSession: starts! SID=0xb363f134
10-11 16:42:08.363: D/DrmWidevineDash(198): OEMCrypto_OpenSession SID = 1
10-11 16:42:08.363: D/DrmWidevineDash(198): OEMCrypto_OpenSession: ends! returns 0
10-11 16:42:08.363: D/DrmWidevineDash(198): OEMCrypto_GetRandom: starts! randomData=0xb608c558, dataLength=8
10-11 16:42:08.364: I/DynamiteModule(15775): Considering local module com.google.android.gms.googlecertificates:4 and remote module com.google.android.gms.googlecertificates:4
10-11 16:42:08.364: I/DynamiteModule(15775): Selected local version of com.google.android.gms.googlecertificates
10-11 16:42:08.371: D/DrmWidevineDash(198): OEMCrypto_GetRandom: ends! returns 0
10-11 16:42:08.373: D/DrmWidevineDash(198): OEMCrypto_LoadDeviceRSAKey: starts!SID=1, wrapped_rsa_key=0xb33c2c00, wrapped_rsa_key_length=1280
10-11 16:42:08.379: D/DrmWidevineDash(198): OEMCrypto_LoadDeviceRSAKey: ends! returns 0
10-11 16:42:08.379: I/WVCdm(198): CdmEngine::QueryKeyControlInfo
10-11 16:42:08.380: W/WVCdm(198): BufferReader::Read<T> : Failure during parse: Not enough bytes (4)
10-11 16:42:08.380: W/WVCdm(198): CdmEngine::ExtractWidevinePssh: Unable to read atom size.
10-11 16:42:08.380: I/WVCdm(198): CdmEngine::GenerateKeyRequest
10-11 16:42:08.380: D/DrmWidevineDash(198): OEMCrypto_GetDeviceID: starts! deviceID=0xb447ef60, idLength=0xbea6e00c
10-11 16:42:08.406: D/DrmWidevineDash(198): OEMCrypto_GetDeviceID: ends! returns 0
10-11 16:42:08.406: D/DrmWidevineDash(198): OEMCrypto_SupportsUsageTable: starts!
10-11 16:42:08.411: D/DrmWidevineDash(198): OEMCrypto_SupportsUsageTable: is_supported = 1
10-11 16:42:08.411: D/DrmWidevineDash(198): OEMCrypto_SupportsUsageTable: wv_app_version =0x23
10-11 16:42:08.411: D/DrmWidevineDash(198): OEMCrypto_SupportsUsageTable: ends! returns 0x0
10-11 16:42:08.411: D/DrmWidevineDash(198): OEMCrypto_IsAntiRollbackHwPresent: starts!
10-11 16:42:08.416: D/DrmWidevineDash(198): OEMCrypto_IsAntiRollbackHwPresent ends! ret=0, is_antirb_enabled = 1
10-11 16:42:08.416: D/DrmWidevineDash(198): OEMCrypto_APIVersion: starts!
10-11 16:42:08.423: D/DrmWidevineDash(198): hlos api version =  10
10-11 16:42:08.423: D/DrmWidevineDash(198): tz api version =  10
10-11 16:42:08.423: D/DrmWidevineDash(198): OEMCrypto_APIVersion: ends! returns version 10
10-11 16:42:08.423: D/DrmWidevineDash(198): OEMCrypto_GetHDCPCapability starts!
10-11 16:42:08.429: D/DrmWidevineDash(198): OEMCrypto_GetHDCPCapability current=255, max=4
10-11 16:42:08.429: D/DrmWidevineDash(198): OEMCrypto_GetHDCPCapability ends! ret = 0
10-11 16:42:08.429: D/DrmWidevineDash(198): OEMCrypto_GenerateNonce: starts! SID=1
10-11 16:42:08.436: D/DrmWidevineDash(198): OEMCrypto_GenerateNonce: ends! returns 0
10-11 16:42:08.436: D/WVCdm(198): PrepareKeyRequest: nonce=841439889
10-11 16:42:08.436: D/DrmWidevineDash(198): OEMCrypto_GenerateRSASignature starts! SID=1, message=0xb4882700
10-11 16:42:08.436: D/DrmWidevineDash(198): message_length=1639, signature=0xb60b7240, signature_length=3198607588
10-11 16:42:08.514: W/Conscrypt(4745): Could not set socket write timeout:
10-11 16:42:08.514: W/Conscrypt(4745):    java.lang.reflect.Method.invoke(Native Method)
10-11 16:42:08.514: W/Conscrypt(4745):    com.google.android.gms.org.conscrypt.Platform.setSocketWriteTimeout(:com.google.android.gms@11509430:13)
10-11 16:42:08.544: D/DrmWidevineDash(198): OEMCrypto_GenerateRSASignature returns 0
10-11 16:42:08.545: I/WVCdm(198): CdmEngine::CloseSession
10-11 16:42:08.545: D/DrmWidevineDash(198): OEMCrypto_CloseSession: starts! SID=1
10-11 16:42:08.548: W/Conscrypt(4745): Could not set socket write timeout:
10-11 16:42:08.548: W/Conscrypt(4745):    java.lang.reflect.Method.invoke(Native Method)
10-11 16:42:08.548: W/Conscrypt(4745):    com.google.android.gms.org.conscrypt.Platform.setSocketWriteTimeout(:com.google.android.gms@11509430:13)
10-11 16:42:08.552: D/DrmWidevineDash(198): OEMCrypto_CloseSession: ends! returns 0
10-11 16:42:08.552: D/DrmWidevineDash(198): OEMCrypto_Terminate: starts!
10-11 16:42:08.558: D/DrmWidevineDash(198): Service_Uninitialize: starts!
10-11 16:42:08.558: D/QSEECOMAPI:(198): QSEECom_dealloc_memory 
10-11 16:42:08.558: D/QSEECOMAPI:(198): QSEECom_shutdown_app, app_id = 3
10-11 16:42:08.558: D/DrmWidevineDash(198): Service_Uninitialize: ends! returns 0x0
10-11 16:42:08.559: D/DrmWidevineDash(198): OEMCrypto_Terminate: ends! returns 0
10-11 16:42:08.608: I/IcingInternalCorpora(4822): EventIndexer: starting incremental update
