10-11 16:41:59.785: W/Search.LoginHelper(14655): 	at com.google.android.apps.gsa.search.core.google.c.n.b(LoginHelper.java:829)
10-11 16:41:59.785: W/Search.LoginHelper(14655): 	at com.google.android.apps.gsa.search.core.google.c.n$5.Pe(LoginHelper.java:715)
10-11 16:41:59.785: W/Search.LoginHelper(14655): 	at com.google.android.apps.gsa.search.core.google.c.n$5.call(LoginHelper.java:712)
10-11 16:41:59.785: W/Search.LoginHelper(14655): 	at java.util.concurrent.FutureTask.run(FutureTask.java:237)
10-11 16:41:59.785: W/Search.LoginHelper(14655): 	at java.util.concurrent.Executors$RunnableAdapter.call(Executors.java:423)
10-11 16:41:59.785: W/Search.LoginHelper(14655): 	at java.util.concurrent.FutureTask.run(FutureTask.java:237)
10-11 16:41:59.785: W/Search.LoginHelper(14655): 	at java.util.concurrent.ThreadPoolExecutor.runWorker(ThreadPoolExecutor.java:1113)
10-11 16:41:59.785: W/Search.LoginHelper(14655): 	at java.util.concurrent.ThreadPoolExecutor$Worker.run(ThreadPoolExecutor.java:588)
10-11 16:41:59.785: W/Search.LoginHelper(14655): 	at java.lang.Thread.run(Thread.java:818)
10-11 16:41:59.785: W/Search.LoginHelper(14655): 	at com.google.android.apps.gsa.shared.util.concurrent.a.q$1.run(GsaThreadFactory.java:99)
10-11 16:41:59.799: W/System(14762): ClassLoader referenced unknown path: /system/app/CalendarGooglePrebuilt/lib/arm
10-11 16:41:59.807: W/Auth(4745): [GetToken] GetToken failed with status code: INVALID_SCOPE
10-11 16:41:59.807: W/Search.LoginHelper(14655): Google auth exception for scope: oauth2:https://www.googleapis.com/auth/googlenow
10-11 16:41:59.807: W/Search.LoginHelper(14655): com.google.android.gms.auth.a: INVALID_SCOPE
10-11 16:41:59.807: W/Search.LoginHelper(14655): 	at com.google.android.gms.auth.b.a(Unknown Source)
10-11 16:41:59.807: W/Search.LoginHelper(14655): 	at com.google.android.gms.auth.b.b(Unknown Source)
10-11 16:41:59.807: W/Search.LoginHelper(14655): 	at com.google.android.gms.auth.b.a(Unknown Source)
10-11 16:41:59.807: W/Search.LoginHelper(14655): 	at com.google.android.apps.gsa.search.core.google.c.m.a(GoogleAuthAdapterImpl.java:29)
10-11 16:41:59.807: W/Search.LoginHelper(14655): 	at com.google.android.apps.gsa.search.core.google.c.k.a(FallingBackGoogleAuthAdapter.java:93)
10-11 16:41:59.807: W/Search.LoginHelper(14655): 	at com.google.android.apps.gsa.search.core.google.c.g.a(CachingGoogleAuthAdapter.java:72)
10-11 16:41:59.807: W/Search.LoginHelper(14655): 	at com.google.android.apps.gsa.search.core.google.c.n.b(LoginHelper.java:829)
10-11 16:41:59.807: W/Search.LoginHelper(14655): 	at com.google.android.apps.gsa.search.core.google.c.n$5.Pe(LoginHelper.java:715)
10-11 16:41:59.807: W/Search.LoginHelper(14655): 	at com.google.android.apps.gsa.search.core.google.c.n$5.call(LoginHelper.java:712)
10-11 16:41:59.807: W/Search.LoginHelper(14655): 	at java.util.concurrent.FutureTask.run(FutureTask.java:237)
10-11 16:41:59.807: W/Search.LoginHelper(14655): 	at java.util.concurrent.Executors$RunnableAdapter.call(Executors.java:423)
10-11 16:41:59.807: W/Search.LoginHelper(14655): 	at java.util.concurrent.FutureTask.run(FutureTask.java:237)
10-11 16:41:59.807: W/Search.LoginHelper(14655): 	at java.util.concurrent.ThreadPoolExecutor.runWorker(ThreadPoolExecutor.java:1113)
10-11 16:41:59.807: W/Search.LoginHelper(14655): 	at java.util.concurrent.ThreadPoolExecutor$Worker.run(ThreadPoolExecutor.java:588)
10-11 16:41:59.807: W/Search.LoginHelper(14655): 	at java.lang.Thread.run(Thread.java:818)
10-11 16:41:59.807: W/Search.LoginHelper(14655): 	at com.google.android.apps.gsa.shared.util.concurrent.a.q$1.run(GsaThreadFactory.java:99)
10-11 16:41:59.807: E/VelvetNetworkClient(14655): Failed to get auth token
10-11 16:41:59.823: D/Finsky(14579): [1] GetTocHelper$3.onResponse: Server requests device config token
10-11 16:41:59.838: I/Adreno-EGL(14579): <qeglDrvAPI_eglInitialize:379>: QUALCOMM Build: 10/21/15, 369a2ea, I96aee987eb
10-11 16:41:59.844: W/Auth(4745): [GetToken] GetToken failed with status code: INVALID_SCOPE
10-11 16:41:59.844: W/AuthSessionAuthenticato(4745): Auth related exception is being ignored: INVALID_SCOPE
10-11 16:41:59.845: I/ActivityManager(806): Start proc 14778:com.android.providers.calendar/u0a1 for content provider com.android.providers.calendar/.CalendarProvider2
10-11 16:41:59.879: E/ctxmgr(4745): [BaseServerTask]Server task (FetchAclSet) got error statusCode=-1.
10-11 16:41:59.879: E/ctxmgr(4745): com.android.volley.VolleyError: Unable to obtain auth token - is the device online?
10-11 16:41:59.879: E/ctxmgr(4745): 	at ciz.a(:com.google.android.gms@11509430:39)
10-11 16:41:59.879: E/ctxmgr(4745): 	at cei.run(:com.google.android.gms@11509430:2)
10-11 16:41:59.879: E/ctxmgr(4745): 	at ceg.handleMessage(:com.google.android.gms@11509430:3)
10-11 16:41:59.879: E/ctxmgr(4745): 	at mme.run(:com.google.android.gms@11509430:6)
10-11 16:41:59.879: E/ctxmgr(4745): 	at mmo.run(:com.google.android.gms@11509430:25)
10-11 16:41:59.879: E/ctxmgr(4745): 	at java.util.concurrent.ThreadPoolExecutor.runWorker(ThreadPoolExecutor.java:1113)
10-11 16:41:59.879: E/ctxmgr(4745): 	at java.util.concurrent.ThreadPoolExecutor$Worker.run(ThreadPoolExecutor.java:588)
10-11 16:41:59.879: E/ctxmgr(4745): 	at mrv.run(:com.google.android.gms@11509430)
10-11 16:41:59.879: E/ctxmgr(4745): 	at java.lang.Thread.run(Thread.java:818)
10-11 16:41:59.880: W/System(14778): ClassLoader referenced unknown path: /system/priv-app/CalendarProvider/lib/arm
10-11 16:41:59.882: E/ctxmgr(4745): [AccountAclCallback]Failed Acl fetch: network status=-1
10-11 16:41:59.887: W/ActivityManager(806): Unable to start service Intent { act=com.google.android.gms.playlog.service.START pkg=com.google.android.gms } U=0: not found
10-11 16:41:59.892: W/ActivityManager(806): Unbind failed: could not find connection for android.os.BinderProxy@7bb810b
10-11 16:41:59.893: E/GmsClient(14762): unable to connect to service: com.google.android.gms.playlog.service.START
10-11 16:41:59.897: I/Icing(4822): Usage reports 0 indexed 0 rejected 0 imm upload false
10-11 16:41:59.905: I/CalendarProvider2(14778): Created com.android.providers.calendar.CalendarAlarmManager@9ca76d(com.android.providers.calendar.CalendarProvider2@904afa2)
10-11 16:41:59.924: W/AnalyticsLogBase(14762): PlayLogger.onLoggerFailedConnection
10-11 16:41:59.946: I/ActivityManager(806): Start proc 14795:com.android.chrome/u0a36 for broadcast com.android.chrome/org.chromium.chrome.browser.services.AccountsChangedReceiver
10-11 16:41:59.967: I/Icing(4822): Indexing FB638A055C95F34B47947667D451846721D9317D from com.google.android.apps.books
10-11 16:41:59.998: W/ActivityManager(806): Unable to start service Intent { act=com.google.android.gms.playlog.service.START pkg=com.google.android.gms } U=0: not found
10-11 16:41:59.999: W/ActivityManager(806): Unbind failed: could not find connection for android.os.BinderProxy@fddfc8a
10-11 16:41:59.999: E/GmsClient(14762): unable to connect to service: com.google.android.gms.playlog.service.START
10-11 16:41:59.999: W/AnalyticsLogBase(14762): PlayLogger.onLoggerFailedConnection
10-11 16:42:00.017: I/ActivityManager(806): Start proc 14814:com.google.android.apps.docs/u0a40 for broadcast com.google.android.apps.docs/.storagebackend.LoginAccountsChangedReceiver
10-11 16:42:00.054: W/System(14814): ClassLoader referenced unknown path: /system/app/Drive/lib/arm
10-11 16:42:00.106: V/WebViewChromiumFactoryProvider(14655): Binding Chromium to main looper Looper (main, tid 1) {8327b1d}
10-11 16:42:00.107: I/LibraryLoader(14655): Expected native library version number "",actual native library version number ""
10-11 16:42:00.108: I/chromium(14655): [INFO:library_loader_hooks.cc(120)] Chromium logging enabled: level = 0, default verbosity = 0
10-11 16:42:00.116: I/BrowserStartupController(14655): Initializing chromium process, singleProcess=true
10-11 16:42:00.123: E/SysUtils(14655): ApplicationContext is null in ApplicationStatus
10-11 16:42:00.199: I/MediaStoreImporter(14421): Update: incremental Added music: 0 Updated music: 0 Deleted music: 0 Created playlists: 0 Updated playlists: 0 Deleted playlists: 0 Inserted playlist items: 0 Deleted playlist items: 0 Removed orphaned playlist items: 0
10-11 16:42:00.249: E/chromium(14655): [ERROR:address_tracker_linux.cc(155)] Could not bind NETLINK socket: Address already in use
10-11 16:42:00.249: I/GAv4(14814): Google Analytics 7.8.95 is starting up. To enable debug logging on a device run:
10-11 16:42:00.249: I/GAv4(14814):   adb shell setprop log.tag.GAv4 DEBUG
10-11 16:42:00.249: I/GAv4(14814):   adb logcat -s GAv4
10-11 16:42:00.261: W/GAv4(14814): AnalyticsReceiver is not registered or is disabled. Register the receiver for reliable dispatching on non-Google Play devices. See http://goo.gl/8Rd3yj for instructions.
10-11 16:42:00.265: W/GAv4(14814): CampaignTrackingReceiver is not registered, not exported or is disabled. Installation campaign tracking is not possible. See http://goo.gl/8Rd3yj for instructions.
10-11 16:42:00.274: W/GAv4(14814): AnalyticsService not registered in the app manifest. Hits might not be delivered reliably. See http://goo.gl/8Rd3yj for instructions.
10-11 16:42:00.280: W/AnalyticsTrackerProxyImpl(14814): Analytics setup for ID UA-21125203-2, app name Drive, version 2.3.327.05.35
10-11 16:42:00.286: W/chromium(14655): [WARNING:resource_bundle.cc(285)] locale_file_path.empty()
10-11 16:42:00.297: E/libEGL(14655): validate_display:255 error 3008 (EGL_BAD_DISPLAY)
10-11 16:42:00.297: E/libEGL(14655): validate_display:255 error 3008 (EGL_BAD_DISPLAY)
10-11 16:42:00.298: I/Icing(4822): Indexing done FB638A055C95F34B47947667D451846721D9317D
10-11 16:42:00.299: I/Adreno-EGL(14655): <qeglDrvAPI_eglInitialize:379>: QUALCOMM Build: 10/21/15, 369a2ea, I96aee987eb
10-11 16:42:00.391: D/BluetoothManagerService(806): Added callback: android.bluetooth.IBluetoothManagerCallback$Stub$Proxy@92cc6f4:true
10-11 16:42:00.451: I/ActivityManager(806): Start proc 14859:com.google.android.talk/u0a54 for broadcast com.google.android.talk/com.google.android.apps.hangouts.service.AccountRefreshReceiver
10-11 16:42:00.454: D/Finsky(14579): [1] GcmRegistrationIdHelper.getRegistrationId: Start requesting GCM Reg Id
10-11 16:42:00.454: D/GCMRegistrar(14579): resetting backoff for com.android.vending
10-11 16:42:00.462: I/GoogleHttpClient(14512): GMS http client unavailable, use old client
10-11 16:42:00.475: V/GCMRegistrar(14579): Registering app com.android.vending of senders 932144863878
10-11 16:42:00.483: W/System(14859): ClassLoader referenced unknown path: /system/app/Hangouts/lib/arm
10-11 16:42:00.486: W/GCM(4745): Register request missing messenger
10-11 16:42:00.518: W/AwContents(14655): onDetachedFromWindow called when already detached. Ignoring
10-11 16:42:00.523: W/Conscrypt(4745): Could not set socket write timeout:
10-11 16:42:00.523: W/Conscrypt(4745):    java.lang.reflect.Method.invoke(Native Method)
10-11 16:42:00.523: W/Conscrypt(4745):    com.google.android.gms.org.conscrypt.Platform.setSocketWriteTimeout(:com.google.android.gms@11509430:13)
10-11 16:42:00.536: W/linker(14814): /data/app/com.google.android.gms-1/lib/arm/libconscrypt_gmscore_jni.so: unused DT entry: type 0x1d arg 0x1ed
10-11 16:42:00.544: V/NativeCrypto(14814): Registering com/google/android/gms/org/conscrypt/NativeCrypto's 259 native methods...
10-11 16:42:00.571: I/art(14814): Rejecting re-init on previously-failed class java.lang.Class<com.google.android.gms.org.conscrypt.OpenSSLExtendedSessionImpl>
10-11 16:42:00.571: I/art(14814): Rejecting re-init on previously-failed class java.lang.Class<com.google.android.gms.org.conscrypt.OpenSSLExtendedSessionImpl>
10-11 16:42:00.574: I/art(14814): Rejecting re-init on previously-failed class java.lang.Class<com.google.android.gms.org.conscrypt.OpenSSLExtendedSessionImpl>
10-11 16:42:00.592: W/chromium(14655): [WARNING:data_reduction_proxy_config.cc(423)] SPDY proxy OFF at startup
10-11 16:42:00.592: I/RefreshDomainCookieTask(14655): refreshing cookies
10-11 16:42:00.598: I/ProviderInstaller(14814): Installed default security provider GmsCore_OpenSSL
10-11 16:42:00.600: I/Babel_SMS(14859): MmsConfig: mnc/mcc: 310/0
10-11 16:42:00.600: I/Babel_SMS(14859): MmsConfig.loadMmsSettings
10-11 16:42:00.602: I/Babel_SMS(14859): MmsConfig.loadDeviceMmsSettings from API: mUserAgent=Nexus5, mUaProfUrl=http://gsm.lge.com/html/gsm/Nexus5-M3.xml
10-11 16:42:00.602: I/Babel_SMS(14859): MmsConfig.loadFromDatabase
10-11 16:42:00.615: E/Babel_SMS(14859): canonicalizeMccMnc: invalid mccmnc 
10-11 16:42:00.615: I/Babel_SMS(14859): MmsConfig.loadFromResources
10-11 16:42:00.617: E/Babel_SMS(14859): canonicalizeMccMnc: invalid mccmnc nullnull
10-11 16:42:00.617: I/Babel_SMS(14859): ApnsOta: OTA version -1
10-11 16:42:00.617: I/Babel_SMS(14859): MmsConfig.loadMmsSettings: mUserAgent=Nexus5, mUaProfUrl=http://gsm.lge.com/html/gsm/Nexus5-M3.xml
10-11 16:42:00.617: W/Conscrypt(4745): Could not set socket write timeout:
10-11 16:42:00.617: W/Conscrypt(4745):    java.lang.reflect.Method.invoke(Native Method)
10-11 16:42:00.617: W/Conscrypt(4745):    com.google.android.gms.org.conscrypt.Platform.setSocketWriteTimeout(:com.google.android.gms@11509430:13)
10-11 16:42:00.630: W/Settings(14859): Setting airplane_mode_on has moved from android.provider.Settings.System to android.provider.Settings.Global, returning read-only value.
10-11 16:42:00.634: I/Babel_Crash(14859): startup - clean
10-11 16:42:00.650: I/Babel_telephony(14859): TeleModule.launchCompleted
10-11 16:42:00.654: I/Telecom(806): PhoneAccountRegistrar: SimCallManager queried, returning: null
10-11 16:42:00.656: I/Babel_telephony(14859): TeleModule.updateConnectionManagerRegistration, registration preference changed from false to false
10-11 16:42:00.656: W/Babel(14859): BAM#gBA: invalid account id: -1
10-11 16:42:00.656: W/Babel(14859): BAM#gBA: invalid account id: -1
10-11 16:42:00.656: I/Babel_telephony(14859): TeleModule.updateIncomingCallRegistration, preferred account for incoming calls changed from: null to null
10-11 16:42:00.659: I/Telecom(806): PhoneAccountRegistrar: SimCallManager queried, returning: null
10-11 16:42:00.670: D/NetlinkSocketObserver(806): NeighborEvent{elapsedMs=13493627, 10.10.130.1, [0010DBFF1003], RTM_NEWNEIGH, NUD_REACHABLE}
10-11 16:42:00.702: W/VideoCapabilities(14859): Unrecognized profile 2130706433 for video/avc
10-11 16:42:00.719: I/qtaguid(14579): Failed write_ctrl(u 29) res=-1 errno=22
10-11 16:42:00.719: I/qtaguid(14579): Untagging socket 29 failed errno=-22
10-11 16:42:00.719: W/NetworkManagementSocketTagger(14579): untagSocket(29) failed with errno -22
10-11 16:42:00.722: D/Finsky(14579): [1] DeviceConfigurationHelper$1.onResponse: Received device config token CisaKQoTNDE5OTkxODMxOTA3MzYyNDIzNxISChAxNTA3NzY1MzIwNjgyODcx
10-11 16:42:00.735: I/VideoCapabilities(14859): Unsupported profile 4 for video/mp4v-es
10-11 16:42:00.744: W/VideoCapabilities(14859): Unrecognized profile 2130706433 for video/avc
10-11 16:42:00.747: W/VideoCapabilities(14859): Unrecognized profile 2130706433 for video/avc
10-11 16:42:00.750: W/VideoCapabilities(14859): Unrecognized profile 2130706433 for video/avc
10-11 16:42:00.754: W/VideoCapabilities(14859): Unrecognized profile 2130706433 for video/avc
10-11 16:42:00.759: I/vclib(14859): onServiceConnected
10-11 16:42:00.772: I/ActivityManager(806): Start proc 14896:com.google.android.apps.maps/u0a58 for broadcast com.google.android.apps.maps/com.google.android.apps.gmm.ulr.UlrSettingsReceiver
10-11 16:42:00.799: W/System(14896): ClassLoader referenced unknown path: /system/app/Maps/lib/arm
10-11 16:42:00.848: D/VoldConnector(806): SND -> {13 volume mkdirs /storage/emulated/0/Android/data/com.google.android.apps.maps/files/}
10-11 16:42:00.853: D/VoldConnector(806): RCV <- {200 13 Command succeeded}
10-11 16:42:00.878: I/qtaguid(14579): Failed write_ctrl(u 29) res=-1 errno=22
10-11 16:42:00.878: I/qtaguid(14579): Untagging socket 29 failed errno=-22
10-11 16:42:00.878: W/NetworkManagementSocketTagger(14579): untagSocket(29) failed with errno -22
10-11 16:42:00.885: D/Finsky(14579): [485] FinskyExperiments.setTargets: Process stable target turned on mid-process: 12602748
10-11 16:42:00.885: D/Finsky(14579): [485] ExperimentsChangeHandler.triggerRunOnApplicationClose: Application close deferrer set because of stale process stable experiments
10-11 16:42:00.888: I/MusicPreferences(14477): Setting store availability: true
10-11 16:42:00.907: I/MusicPreferences(14477): Account auto-selected
10-11 16:42:00.908: D/MusicLifecycle(14477): com.google.android.music.tutorial.SignupStatus$SignupCheckService generated event: Service destroyed
10-11 16:42:00.926: I/MusicPlaybackService(14421): onStartCommand com.google.android.music.clearqueue / null
10-11 16:42:00.926: I/DevicePlayback(14421): clearQueue
10-11 16:42:00.941: I/DevicePlayback(14421): stop: willPlay=false, currentPos=-1
10-11 16:42:00.947: W/LocalAsyncMediaPlayer(14421): Ignoring msg=7 after release
10-11 16:42:00.958: I/CalendarProvider2(14778): Sending notification intent: Intent { act=android.intent.action.PROVIDER_CHANGED dat=content://com.android.calendar flg=0x20000000 }
10-11 16:42:00.958: W/ContentResolver(14778): Failed to get type for: content://com.android.calendar (Unknown URL content://com.android.calendar)
10-11 16:42:00.963: D/StrictMode(14896): StrictMode policy violation; ~duration=108 ms: android.os.StrictMode$StrictModeDiskReadViolation: policy=65567 violation=2
10-11 16:42:00.963: D/StrictMode(14896): 	at android.os.StrictMode$AndroidBlockGuardPolicy.onReadFromDisk(StrictMode.java:1263)
10-11 16:42:00.963: D/StrictMode(14896): 	at libcore.io.BlockGuardOs.access(BlockGuardOs.java:67)
10-11 16:42:00.963: D/StrictMode(14896): 	at java.io.File.doAccess(File.java:281)
10-11 16:42:00.963: D/StrictMode(14896): 	at java.io.File.exists(File.java:361)
10-11 16:42:00.963: D/StrictMode(14896): 	at android.app.ContextImpl.createFilesDirLocked(ContextImpl.java:418)
10-11 16:42:00.963: D/StrictMode(14896): 	at android.app.ContextImpl.getFilesDir(ContextImpl.java:441)
10-11 16:42:00.963: D/StrictMode(14896): 	at android.app.ContextImpl.openFileInput(ContextImpl.java:383)
10-11 16:42:00.963: D/StrictMode(14896): 	at android.content.ContextWrapper.openFileInput(ContextWrapper.java:177)
10-11 16:42:00.963: D/StrictMode(14896): 	at com.google.android.apps.gmm.shared.i.h.a(PG:250)
10-11 16:42:00.963: D/StrictMode(14896): 	at com.google.android.apps.gmm.map.m.q.a(PG:8693)
10-11 16:42:00.963: D/StrictMode(14896): 	at com.google.android.apps.gmm.shared.f.a.a(PG:48)
10-11 16:42:00.963: D/StrictMode(14896): 	at com.google.android.apps.gmm.map.m.e.a(PG:1531)
10-11 16:42:00.963: D/StrictMode(14896): 	at com.google.android.apps.gmm.base.app.a.a(PG:244)
10-11 16:42:00.963: D/StrictMode(14896): 	at com.google.android.apps.gmm.base.app.a.a(PG:2265)
10-11 16:42:00.963: D/StrictMode(14896): 	at com.google.android.apps.gmm.base.app.GoogleMapsApplication.a(PG:206)
10-11 16:42:00.963: D/StrictMode(14896): 	at com.google.android.apps.gmm.base.app.GoogleMapsApplication.onCreate(PG:174)
10-11 16:42:00.963: D/StrictMode(14896): 	at android.app.Instrumentation.callApplicationOnCreate(Instrumentation.java:1013)
10-11 16:42:00.963: D/StrictMode(14896): 	at android.app.ActivityThread.handleBindApplication(ActivityThread.java:4707)
10-11 16:42:00.963: D/StrictMode(14896): 	at android.app.ActivityThread.-wrap1(ActivityThread.java)
10-11 16:42:00.963: D/StrictMode(14896): 	at android.app.ActivityThread$H.handleMessage(ActivityThread.java:1405)
10-11 16:42:00.963: D/StrictMode(14896): 	at android.os.Handler.dispatchMessage(Handler.java:102)
10-11 16:42:00.963: D/StrictMode(14896): 	at android.os.Looper.loop(Looper.java:148)
10-11 16:42:00.963: D/StrictMode(14896): 	at android.app.ActivityThread.main(ActivityThread.java:5417)
10-11 16:42:00.963: D/StrictMode(14896): 	at java.lang.reflect.Method.invoke(Native Method)
10-11 16:42:00.963: D/StrictMode(14896): 	at com.android.internal.os.ZygoteInit$MethodAndArgsCaller.run(ZygoteInit.java:726)
10-11 16:42:00.963: D/StrictMode(14896): 	at com.android.internal.os.ZygoteInit.main(ZygoteInit.java:616)
10-11 16:42:00.963: D/StrictMode(14896): StrictMode policy violation; ~duration=106 ms: android.os.StrictMode$StrictModeDiskReadViolation: policy=65567 violation=2
10-11 16:42:00.963: D/StrictMode(14896): 	at android.os.StrictMode$AndroidBlockGuardPolicy.onReadFromDisk(StrictMode.java:1263)
10-11 16:42:00.963: D/StrictMode(14896): 	at libcore.io.BlockGuardOs.open(BlockGuardOs.java:182)
10-11 16:42:00.963: D/StrictMode(14896): 	at libcore.io.IoBridge.open(IoBridge.java:438)
10-11 16:42:00.963: D/StrictMode(14896): 	at java.io.FileInputStream.<init>(FileInputStream.java:76)
10-11 16:42:00.963: D/StrictMode(14896): 	at android.app.ContextImpl.openFileInput(ContextImpl.java:384)
10-11 16:42:00.963: D/StrictMode(14896): 	at android.content.ContextWrapper.openFileInput(ContextWrapper.java:177)
10-11 16:42:00.963: D/StrictMode(14896): 	at com.google.android.apps.gmm.shared.i.h.a(PG:250)
10-11 16:42:00.963: D/StrictMode(14896): 	at com.google.android.apps.gmm.map.m.q.a(PG:8693)
10-11 16:42:00.963: D/StrictMode(14896): 	at com.google.android.apps.gmm.shared.f.a.a(PG:48)
10-11 16:42:00.963: D/StrictMode(14896): 	at com.google.android.apps.gmm.map.m.e.a(PG:1531)
10-11 16:42:00.963: D/StrictMode(14896): 	at com.google.android.apps.gmm.base.app.a.a(PG:244)
10-11 16:42:00.963: D/StrictMode(14896): 	at com.google.android.apps.gmm.base.app.a.a(PG:2265)
10-11 16:42:00.963: D/StrictMode(14896): 	at com.google.android.apps.gmm.base.app.GoogleMapsApplication.a(PG:206)
10-11 16:42:00.963: D/StrictMode(14896): 	at com.google.android.apps.gmm.base.app.GoogleMapsApplication.onCreate(PG:174)
10-11 16:42:00.963: D/StrictMode(14896): 	at android.app.Instrumentation.callApplicationOnCreate(Instrumentation.java:1013)
10-11 16:42:00.963: D/StrictMode(14896): 	at android.app.ActivityThread.handleBindApplication(ActivityThread.java:4707)
10-11 16:42:00.963: D/StrictMode(14896): 	at android.app.ActivityThread.-wrap1(ActivityThread.java)
10-11 16:42:00.963: D/StrictMode(14896): 	at android.app.ActivityThread$H.handleMessage(ActivityThread.java:1405)
10-11 16:42:00.963: D/StrictMode(14896): 	at android.os.Handler.dispatchMessage(Handler.java:102)
10-11 16:42:00.963: D/StrictMode(14896): 	at android.os.Looper.loop(Looper.java:148)
10-11 16:42:00.963: D/StrictMode(14896): 	at android.app.ActivityThread.main(ActivityThread.java:5417)
10-11 16:42:00.963: D/StrictMode(14896): 	at java.lang.reflect.Method.invoke(Native Method)
10-11 16:42:00.963: D/StrictMode(14896): 	at com.android.internal.os.ZygoteInit$MethodAndArgsCaller.run(ZygoteInit.java:726)
10-11 16:42:00.963: D/StrictMode(14896): 	at com.android.internal.os.ZygoteInit.main(ZygoteInit.java:616)
10-11 16:42:00.963: D/StrictMode(14896): StrictMode policy violation; ~duration=105 ms: android.os.StrictMode$StrictModeDiskReadViolation: policy=65567 violation=2
10-11 16:42:00.963: D/StrictMode(14896): 	at android.os.StrictMode$AndroidBlockGuardPolicy.onReadFromDisk(StrictMode.java:1263)
10-11 16:42:00.963: D/StrictMode(14896): 	at libcore.io.BlockGuardOs.fstat(BlockGuardOs.java:132)
10-11 16:42:00.963: D/StrictMode(14896): 	at libcore.io.IoBridge.open(IoBridge.java:441)
10-11 16:42:00.963: D/StrictMode(14896): 	at java.io.FileInputStream.<init>(FileInputStream.java:76)
10-11 16:42:00.963: D/StrictMode(14896): 	at android.app.ContextImpl.openFileInput(ContextImpl.java:384)
10-11 16:42:00.963: D/StrictMode(14896): 	at android.content.ContextWrapper.openFileInput(ContextWrapper.java:177)
10-11 16:42:00.963: D/StrictMode(14896): 	at com.google.android.apps.gmm.shared.i.h.a(PG:250)
10-11 16:42:00.963: D/StrictMode(14896): 	at com.google.android.apps.gmm.map.m.q.a(PG:8693)
10-11 16:42:00.963: D/StrictMode(14896): 	at com.google.android.apps.gmm.shared.f.a.a(PG:48)
10-11 16:42:00.963: D/StrictMode(14896): 	at com.google.android.apps.gmm.map.m.e.a(PG:1531)
10-11 16:42:00.963: D/StrictMode(14896): 	at com.google.android.apps.gmm.base.app.a.a(PG:244)
10-11 16:42:00.963: D/StrictMode(14896): 	at com.google.android.apps.gmm.base.app.a.a(PG:2265)
10-11 16:42:00.963: D/StrictMode(14896): 	at com.google.android.apps.gmm.base.app.GoogleMapsApplication.a(PG:206)
10-11 16:42:00.963: D/StrictMode(14896): 	at com.google.android.apps.gmm.base.app.GoogleMapsApplication.onCreate(PG:174)
10-11 16:42:00.963: D/StrictMode(14896): 	at android.app.Instrumentation.callApplicationOnCreate(Instrumentation.java:1013)
10-11 16:42:00.963: D/StrictMode(14896): 	at android.app.ActivityThread.handleBindApplication(ActivityThread.java:4707)
10-11 16:42:00.963: D/StrictMode(14896): 	at android.app.ActivityThread.-wrap1(ActivityThread.java)
10-11 16:42:00.963: D/StrictMode(14896): 	at android.app.ActivityThread$H.handleMessage(ActivityThread.java:1405)
10-11 16:42:00.963: D/StrictMode(14896): 	at android.os.Handler.dispatchMessage(Handler.java:102)
10-11 16:42:00.963: D/StrictMode(14896): 	at android.os.Looper.loop(Looper.java:148)
10-11 16:42:00.963: D/StrictMode(14896): 	at android.app.ActivityThread.main(ActivityThread.java:5417)
10-11 16:42:00.963: D/StrictMode(14896): 	at java.lang.reflect.Method.invoke(Native Method)
10-11 16:42:00.963: D/StrictMode(14896): 	at com.android.internal.os.ZygoteInit$MethodAndArgsCaller.run(ZygoteInit.java:726)
10-11 16:42:00.963: D/StrictMode(14896): 	at com.android.internal.os.ZygoteInit.main(ZygoteInit.java:616)
10-11 16:42:00.964: D/StrictMode(14896): StrictMode policy violation; ~duration=99 ms: android.os.StrictMode$StrictModeDiskReadViolation: policy=65567 violation=2
10-11 16:42:00.964: D/StrictMode(14896): 	at android.os.StrictMode$AndroidBlockGuardPolicy.onReadFromDisk(StrictMode.java:1263)
10-11 16:42:00.964: D/StrictMode(14896): 	at libcore.io.BlockGuardOs.read(BlockGuardOs.java:229)
10-11 16:42:00.964: D/StrictMode(14896): 	at libcore.io.IoBridge.read(IoBridge.java:468)
10-11 16:42:00.964: D/StrictMode(14896): 	at java.io.FileInputStream.read(FileInputStream.java:177)
10-11 16:42:00.964: D/StrictMode(14896): 	at java.io.BufferedInputStream.read(BufferedInputStream.java:290)
10-11 16:42:00.964: D/StrictMode(14896): 	at java.io.DataInputStream.read(DataInputStream.java:63)
10-11 16:42:00.964: D/StrictMode(14896): 	at com.google.r.k.d(PG:1187)
10-11 16:42:00.964: D/StrictMode(14896): 	at com.google.r.k.a(PG:2107)
10-11 16:42:00.964: D/StrictMode(14896): 	at com.google.w.a.a.do.<init>(PG:23)
10-11 16:42:00.964: D/StrictMode(14896): 	at com.google.w.a.a.do.a(PG:405)
10-11 16:42:00.964: D/StrictMode(14896): 	at com.google.r.v.a(PG:1161)
10-11 16:42:00.964: D/StrictMode(14896): 	at com.google.r.y.a(PG:2188)
10-11 16:42:00.964: D/StrictMode(14896): 	at com.google.r.e.b(PG:170)
10-11 16:42:00.964: D/StrictMode(14896): 	at com.google.r.e.b(PG:15188)
10-11 16:42:00.964: D/StrictMode(14896): 	at com.google.android.apps.gmm.shared.i.h.a(PG:251)
10-11 16:42:00.964: D/StrictMode(14896): 	at com.google.android.apps.gmm.map.m.q.a(PG:8693)
10-11 16:42:00.964: D/StrictMode(14896): 	at com.google.android.apps.gmm.shared.f.a.a(PG:48)
10-11 16:42:00.964: D/StrictMode(14896): 	at com.google.android.apps.gmm.map.m.e.a(PG:1531)
10-11 16:42:00.964: D/StrictMode(14896): 	at com.google.android.apps.gmm.base.app.a.a(PG:244)
10-11 16:42:00.964: D/StrictMode(14896): 	at com.google.android.apps.gmm.base.app.a.a(PG:2265)
10-11 16:42:00.964: D/StrictMode(14896): 	at com.google.android.apps.gmm.base.app.GoogleMapsApplication.a(PG:206)
10-11 16:42:00.964: D/StrictMode(14896): 	at com.google.android.apps.gmm.base.app.GoogleMapsApplication.onCreate(PG:174)
10-11 16:42:00.964: D/StrictMode(14896): 	at android.app.Instrumentation.callApplicationOnCreate(Instrumentation.java:1013)
10-11 16:42:00.964: D/StrictMode(14896): 	at android.app.ActivityThread.handleBindApplication(ActivityThread.java:4707)
10-11 16:42:00.964: D/StrictMode(14896): 	at android.app.ActivityThread.-wrap1(ActivityThread.java)
10-11 16:42:00.964: D/StrictMode(14896): 	at android.app.ActivityThread$H.handleMessage(ActivityThread.java:1405)
10-11 16:42:00.964: D/StrictMode(14896): 	at android.os.Handler.dispatchMessage(Handler.java:102)
10-11 16:42:00.964: D/StrictMode(14896): 	at android.os.Looper.loop(Looper.java:148)
10-11 16:42:00.964: D/StrictMode(14896): 	at android.app.ActivityThread.main(ActivityThread.java:5417)
10-11 16:42:00.964: D/StrictMode(14896): 	at java.lang.reflect.Method.invoke(Native Method)
10-11 16:42:00.964: D/StrictMode(14896): 	at com.android.internal.os.ZygoteInit$MethodAndArgsCaller.run(ZygoteInit.java:726)
10-11 16:42:00.964: D/StrictMode(14896): 	at com.android.internal.os.ZygoteInit.main(ZygoteInit.java:616)
10-11 16:42:00.964: D/StrictMode(14896): StrictMode policy violation; ~duration=97 ms: android.os.StrictMode$StrictModeDiskReadViolation: policy=65567 violation=2
10-11 16:42:00.964: D/StrictMode(14896): 	at android.os.StrictMode$AndroidBlockGuardPolicy.onReadFromDisk(StrictMode.java:1263)
10-11 16:42:00.964: D/StrictMode(14896): 	at libcore.io.BlockGuardOs.read(BlockGuardOs.java:229)
10-11 16:42:00.964: D/StrictMode(14896): 	at libcore.io.IoBridge.read(IoBridge.java:468)
10-11 16:42:00.964: D/StrictMode(14896): 	at java.io.FileInputStream.read(FileInputStream.java:177)
10-11 16:42:00.964: D/StrictMode(14896): 	at java.io.BufferedInputStream.read(BufferedInputStream.java:290)
10-11 16:42:00.964: D/StrictMode(14896): 	at java.io.DataInputStream.read(DataInputStream.java:63)
10-11 16:42:00.964: D/StrictMode(14896): 	at com.google.r.k.d(PG:1187)
10-11 16:42:00.964: D/StrictMode(14896): 	at com.google.r.k.c(PG:18147)
10-11 16:42:00.964: D/StrictMode(14896): 	at com.google.r.k.d(PG:583)
10-11 16:42:00.964: D/StrictMode(14896): 	at com.google.w.a.a.do.<init>(PG:40)
10-11 16:42:00.964: D/StrictMode(14896): 	at com.google.w.a.a.do.a(PG:405)
10-11 16:42:00.964: D/StrictMode(14896): 	at com.google.r.v.a(PG:1161)
10-11 16:42:00.964: D/StrictMode(14896): 	at com.google.r.y.a(PG:2188)
10-11 16:42:00.964: D/StrictMode(14896): 	at com.google.r.e.b(PG:170)
10-11 16:42:00.964: D/StrictMode(14896): 	at com.google.r.e.b(PG:15188)
10-11 16:42:00.964: D/StrictMode(14896): 	at com.google.android.apps.gmm.shared.i.h.a(PG:251)
10-11 16:42:00.964: D/StrictMode(14896): 	at com.google.android.apps.gmm.map.m.q.a(PG:8693)
10-11 16:42:00.964: D/StrictMode(14896): 	at com.google.android.apps.gmm.shared.f.a.a(PG:48)
10-11 16:42:00.964: D/StrictMode(14896): 	at com.google.android.apps.gmm.map.m.e.a(PG:1531)
10-11 16:42:00.964: D/StrictMode(14896): 	at com.google.android.apps.gmm.base.app.a.a(PG:244)
10-11 16:42:00.964: D/StrictMode(14896): 	at com.google.android.apps.gmm.base.app.a.a(PG:2265)
10-11 16:42:00.964: D/StrictMode(14896): 	at com.google.android.apps.gmm.base.app.GoogleMapsApplication.a(PG:206)
10-11 16:42:00.964: D/StrictMode(14896): 	at com.google.android.apps.gmm.base.app.GoogleMapsApplication.onCreate(PG:174)
10-11 16:42:00.964: D/StrictMode(14896): 	at android.app.Instrumentation.callApplicationOnCreate(Instrumentation.java:1013)
10-11 16:42:00.964: D/StrictMode(14896): 	at android.app.ActivityThread.handleBindApplication(ActivityThread.java:4707)
10-11 16:42:00.964: D/StrictMode(14896): 	at android.app.ActivityThread.-wrap1(ActivityThread.java)
10-11 16:42:00.964: D/StrictMode(14896): 	at android.app.ActivityThread$H.handleMessage(ActivityThread.java:1405)
10-11 16:42:00.964: D/StrictMode(14896): 	at android.os.Handler.dispatchMessage(Handler.java:102)
10-11 16:42:00.964: D/StrictMode(14896): 	at android.os.Looper.loop(Looper.java:148)
10-11 16:42:00.964: D/StrictMode(14896): 	at android.app.ActivityThread.main(ActivityThread.java:5417)
10-11 16:42:00.964: D/StrictMode(14896): 	at java.lang.reflect.Method.invoke(Native Method)
10-11 16:42:00.964: D/StrictMode(14896): 	at com.android.internal.os.ZygoteInit$MethodAndArgsCaller.run(ZygoteInit.java:726)
10-11 16:42:00.964: D/StrictMode(14896): 	at com.android.internal.os.ZygoteInit.main(ZygoteInit.java:616)
10-11 16:42:00.964: D/StrictMode(14896): StrictMode policy violation; ~duration=80 ms: android.os.StrictMode$StrictModeDiskReadViolation: policy=65567 violation=2
10-11 16:42:00.964: D/StrictMode(14896): 	at android.os.StrictMode$AndroidBlockGuardPolicy.onReadFromDisk(StrictMode.java:1263)
10-11 16:42:00.964: D/StrictMode(14896): 	at libcore.io.BlockGuardOs.access(BlockGuardOs.java:67)
10-11 16:42:00.964: D/StrictMode(14896): 	at java.io.File.doAccess(File.java:281)
10-11 16:42:00.964: D/StrictMode(14896): 	at java.io.File.exists(File.java:361)
10-11 16:42:00.964: D/StrictMode(14896): 	at android.app.ContextImpl.createFilesDirLocked(ContextImpl.java:418)
10-11 16:42:00.964: D/StrictMode(14896): 	at android.app.ContextImpl.getFilesDir(ContextImpl.java:441)
10-11 16:42:00.964: D/StrictMode(14896): 	at android.app.ContextImpl.getFileStreamPath(ContextImpl.java:549)
10-11 16:42:00.964: D/StrictMode(14896): 	at android.content.ContextWrapper.getFileStreamPath(ContextWrapper.java:193)
10-11 16:42:00.964: D/StrictMode(14896): 	at com.google.android.apps.gmm.map.m.q.a(PG:8701)
10-11 16:42:00.964: D/StrictMode(14896): 	at com.google.android.apps.gmm.shared.f.a.a(PG:48)
10-11 16:42:00.964: D/StrictMode(14896): 	at com.google.android.apps.gmm.map.m.e.a(PG:1531)
10-11 16:42:00.964: D/StrictMode(14896): 	at com.google.android.apps.gmm.base.app.a.a(PG:244)
10-11 16:42:00.964: D/StrictMode(14896): 	at com.google.android.apps.gmm.base.app.a.a(PG:2265)
10-11 16:42:00.964: D/StrictMode(14896): 	at com.google.android.apps.gmm.base.app.GoogleMapsApplication.a(PG:206)
10-11 16:42:00.964: D/StrictMode(14896): 	at com.google.android.apps.gmm.base.app.GoogleMapsApplication.onCreate(PG:174)
10-11 16:42:00.964: D/StrictMode(14896): 	at android.app.Instrumentation.callApplicationOnCreate(Instrumentation.java:1013)
10-11 16:42:00.964: D/StrictMode(14896): 	at android.app.ActivityThread.handleBindApplication(ActivityThread.java:4707)
10-11 16:42:00.964: D/StrictMode(14896): 	at android.app.ActivityThread.-wrap1(ActivityThread.java)
10-11 16:42:00.964: D/StrictMode(14896): 	at android.app.ActivityThread$H.handleMessage(ActivityThread.java:1405)
10-11 16:42:00.964: D/StrictMode(14896): 	at android.os.Handler.dispatchMessage(Handler.java:102)
10-11 16:42:00.964: D/StrictMode(14896): 	at android.os.Looper.loop(Looper.java:148)
10-11 16:42:00.964: D/StrictMode(14896): 	at android.app.ActivityThread.main(ActivityThread.java:5417)
10-11 16:42:00.964: D/StrictMode(14896): 	at java.lang.reflect.Method.invoke(Native Method)
10-11 16:42:00.964: D/StrictMode(14896): 	at com.android.internal.os.ZygoteInit$MethodAndArgsCaller.run(ZygoteInit.java:726)
10-11 16:42:00.964: D/StrictMode(14896): 	at com.android.internal.os.ZygoteInit.main(ZygoteInit.java:616)
10-11 16:42:00.964: D/StrictMode(14896): StrictMode policy violation; ~duration=78 ms: android.os.StrictMode$StrictModeDiskReadViolation: policy=65567 violation=2
10-11 16:42:00.964: D/StrictMode(14896): 	at android.os.StrictMode$AndroidBlockGuardPolicy.onReadFromDisk(StrictMode.java:1263)
10-11 16:42:00.964: D/StrictMode(14896): 	at libcore.io.BlockGuardOs.access(BlockGuardOs.java:67)
10-11 16:42:00.964: D/StrictMode(14896): 	at java.io.File.doAccess(File.java:281)
10-11 16:42:00.964: D/StrictMode(14896): 	at java.io.File.exists(File.java:361)
10-11 16:42:00.964: D/StrictMode(14896): 	at com.google.android.apps.gmm.map.m.q.a(PG:8703)
10-11 16:42:00.964: D/StrictMode(14896): 	at com.google.android.apps.gmm.shared.f.a.a(PG:48)
10-11 16:42:00.964: D/StrictMode(14896): 	at com.google.android.apps.gmm.map.m.e.a(PG:1531)
10-11 16:42:00.964: D/StrictMode(14896): 	at com.google.android.apps.gmm.base.app.a.a(PG:244)
10-11 16:42:00.964: D/StrictMode(14896): 	at com.google.android.apps.gmm.base.app.a.a(PG:2265)
10-11 16:42:00.964: D/StrictMode(14896): 	at com.google.android.apps.gmm.base.app.GoogleMapsApplication.a(PG:206)
10-11 16:42:00.964: D/StrictMode(14896): 	at com.google.android.apps.gmm.base.app.GoogleMapsApplication.onCreate(PG:174)
10-11 16:42:00.964: D/StrictMode(14896): 	at android.app.Instrumentation.callApplicationOnCreate(Instrumentation.java:1013)
10-11 16:42:00.964: D/StrictMode(14896): 	at android.app.ActivityThread.handleBindApplication(ActivityThread.java:4707)
10-11 16:42:00.964: D/StrictMode(14896): 	at android.app.ActivityThread.-wrap1(ActivityThread.java)
10-11 16:42:00.964: D/StrictMode(14896): 	at android.app.ActivityThread$H.handleMessage(ActivityThread.java:1405)
10-11 16:42:00.964: D/StrictMode(14896): 	at android.os.Handler.dispatchMessage(Handler.java:102)
10-11 16:42:00.964: D/StrictMode(14896): 	at android.os.Looper.loop(Looper.java:148)
10-11 16:42:00.964: D/StrictMode(14896): 	at android.app.ActivityThread.main(ActivityThread.java:5417)
10-11 16:42:00.964: D/StrictMode(14896): 	at java.lang.reflect.Method.invoke(Native Method)
10-11 16:42:00.964: D/StrictMode(14896): 	at com.android.internal.os.ZygoteInit$MethodAndArgsCaller.run(ZygoteInit.java:726)
10-11 16:42:00.964: D/StrictMode(14896): 	at com.android.internal.os.ZygoteInit.main(ZygoteInit.java:616)
10-11 16:42:00.964: D/StrictMode(14896): StrictMode policy violation; ~duration=77 ms: android.os.StrictMode$StrictModeDiskReadViolation: policy=65567 violation=2
10-11 16:42:00.964: D/StrictMode(14896): 	at android.os.StrictMode$AndroidBlockGuardPolicy.onReadFromDisk(StrictMode.java:1263)
10-11 16:42:00.964: D/StrictMode(14896): 	at libcore.io.BlockGuardOs.stat(BlockGuardOs.java:292)
10-11 16:42:00.964: D/StrictMode(14896): 	at java.io.File.lastModified(File.java:569)
10-11 16:42:00.964: D/StrictMode(14896): 	at com.google.android.apps.gmm.map.m.q.a(PG:8704)
10-11 16:42:00.964: D/StrictMode(14896): 	at com.google.android.apps.gmm.shared.f.a.a(PG:48)
10-11 16:42:00.964: D/StrictMode(14896): 	at com.google.android.apps.gmm.map.m.e.a(PG:1531)
10-11 16:42:00.964: D/StrictMode(14896): 	at com.google.android.apps.gmm.base.app.a.a(PG:244)
10-11 16:42:00.964: D/StrictMode(14896): 	at com.google.android.apps.gmm.base.app.a.a(PG:2265)
10-11 16:42:00.964: D/StrictMode(14896): 	at com.google.android.apps.gmm.base.app.GoogleMapsApplication.a(PG:206)
10-11 16:42:00.964: D/StrictMode(14896): 	at com.google.android.apps.gmm.base.app.GoogleMapsApplication.onCreate(PG:174)
10-11 16:42:00.964: D/StrictMode(14896): 	at android.app.Instrumentation.callApplicationOnCreate(Instrumentation.java:1013)
10-11 16:42:00.964: D/StrictMode(14896): 	at android.app.ActivityThread.handleBindApplication(ActivityThread.java:4707)
10-11 16:42:00.964: D/StrictMode(14896): 	at android.app.ActivityThread.-wrap1(ActivityThread.java)
10-11 16:42:00.964: D/StrictMode(14896): 	at android.app.ActivityThread$H.handleMessage(ActivityThread.java:1405)
10-11 16:42:00.964: D/StrictMode(14896): 	at android.os.Handler.dispatchMessage(Handler.java:102)
10-11 16:42:00.964: D/StrictMode(14896): 	at android.os.Looper.loop(Looper.java:148)
10-11 16:42:00.964: D/StrictMode(14896): 	at android.app.ActivityThread.main(ActivityThread.java:5417)
10-11 16:42:00.964: D/StrictMode(14896): 	at java.lang.reflect.Method.invoke(Native Method)
10-11 16:42:00.964: D/StrictMode(14896): 	at com.android.internal.os.ZygoteInit$MethodAndArgsCaller.run(ZygoteInit.java:726)
10-11 16:42:00.964: D/StrictMode(14896): 	at com.android.internal.os.ZygoteInit.main(ZygoteInit.java:616)
10-11 16:42:00.993: I/ActivityManager(806): Start proc 14928:com.google.android.apps.photos/u0a64 for broadcast com.google.android.apps.photos/com.google.android.libraries.social.account.refresh.receiver.AccountsChangedReceiver
10-11 16:42:00.994: I/ActivityManager(806): Killing 6698:com.google.android.deskclock/u0a68 (adj 15): empty #17
10-11 16:42:01.038: W/ActivityThread(14896): ClassLoader.loadClass: The class loader returned by Thread.getContextClassLoader() may fail for processes that host multiple applications. You should explicitly specify a context class loader. For example: Thread.setContextClassLoader(getClass().getClassLoader());
10-11 16:42:01.044: W/System(14928): ClassLoader referenced unknown path: /system/app/Photos/lib/arm
10-11 16:42:01.058: W/Auth(4745): [GetToken] GetToken failed with status code: INVALID_SCOPE
10-11 16:42:01.064: E/HttpOperation(14859): [contacts/getselfinfo] Unexpected exception
10-11 16:42:01.064: E/HttpOperation(14859): java.io.IOException: Cannot obtain authentication token
10-11 16:42:01.064: E/HttpOperation(14859): 	at gqg.a(SourceFile:82)
10-11 16:42:01.064: E/HttpOperation(14859): 	at gpr.o(SourceFile:406)
10-11 16:42:01.064: E/HttpOperation(14859): 	at gpm.a(SourceFile:1379)
10-11 16:42:01.064: E/HttpOperation(14859): 	at gkm.call(SourceFile:1299)
10-11 16:42:01.064: E/HttpOperation(14859): 	at java.util.concurrent.FutureTask.run(FutureTask.java:237)
10-11 16:42:01.064: E/HttpOperation(14859): 	at java.util.concurrent.ThreadPoolExecutor.runWorker(ThreadPoolExecutor.java:1113)
10-11 16:42:01.064: E/HttpOperation(14859): 	at java.util.concurrent.ThreadPoolExecutor$Worker.run(ThreadPoolExecutor.java:588)
10-11 16:42:01.064: E/HttpOperation(14859): 	at java.lang.Thread.run(Thread.java:818)
10-11 16:42:01.064: E/HttpOperation(14859): Caused by: android.accounts.AuthenticatorException: Cannot get Oauth2 token from GMS
10-11 16:42:01.064: E/HttpOperation(14859): 	at fkx.a(SourceFile:27)
10-11 16:42:01.064: E/HttpOperation(14859): 	at gqe.a(SourceFile:3086)
10-11 16:42:01.064: E/HttpOperation(14859): 	at gqe.a(SourceFile:1125)
10-11 16:42:01.064: E/HttpOperation(14859): 	at gqg.a(SourceFile:77)
10-11 16:42:01.064: E/HttpOperation(14859): 	... 7 more
10-11 16:42:01.064: E/HttpOperation(14859): Caused by: efo: INVALID_SCOPE
10-11 16:42:01.064: E/HttpOperation(14859): 	at efp.a(Unknown Source)
10-11 16:42:01.064: E/HttpOperation(14859): 	at efp.a(Unknown Source)
10-11 16:42:01.064: E/HttpOperation(14859): 	at efp.b(Unknown Source)
10-11 16:42:01.064: E/HttpOperation(14859): 	at efp.b(Unknown Source)
10-11 16:42:01.064: E/HttpOperation(14859): 	at fkx.a(SourceFile:24)
10-11 16:42:01.064: E/HttpOperation(14859): 	... 10 more
10-11 16:42:01.066: E/LoginManager(14859): Account update failed
10-11 16:42:01.066: E/LoginManager(14859): java.io.IOException: Rpc failed
10-11 16:42:01.066: E/LoginManager(14859): 	at gki.a(SourceFile:3529)
10-11 16:42:01.066: E/LoginManager(14859): 	at gkm.call(SourceFile:1300)
10-11 16:42:01.066: E/LoginManager(14859): 	at java.util.concurrent.FutureTask.run(FutureTask.java:237)
10-11 16:42:01.066: E/LoginManager(14859): 	at java.util.concurrent.ThreadPoolExecutor.runWorker(ThreadPoolExecutor.java:1113)
10-11 16:42:01.066: E/LoginManager(14859): 	at java.util.concurrent.ThreadPoolExecutor$Worker.run(ThreadPoolExecutor.java:588)
10-11 16:42:01.066: E/LoginManager(14859): 	at java.lang.Thread.run(Thread.java:818)
10-11 16:42:01.066: E/LoginManager(14859): Caused by: java.io.IOException: Cannot obtain authentication token
10-11 16:42:01.066: E/LoginManager(14859): 	at gqg.a(SourceFile:82)
10-11 16:42:01.066: E/LoginManager(14859): 	at gpr.o(SourceFile:406)
10-11 16:42:01.066: E/LoginManager(14859): 	at gpm.a(SourceFile:1379)
10-11 16:42:01.066: E/LoginManager(14859): 	at gkm.call(SourceFile:1299)
10-11 16:42:01.066: E/LoginManager(14859): 	... 4 more
10-11 16:42:01.066: E/LoginManager(14859): Caused by: android.accounts.AuthenticatorException: Cannot get Oauth2 token from GMS
10-11 16:42:01.066: E/LoginManager(14859): 	at fkx.a(SourceFile:27)
10-11 16:42:01.066: E/LoginManager(14859): 	at gqe.a(SourceFile:3086)
10-11 16:42:01.066: E/LoginManager(14859): 	at gqe.a(SourceFile:1125)
10-11 16:42:01.066: E/LoginManager(14859): 	at gqg.a(SourceFile:77)
10-11 16:42:01.066: E/LoginManager(14859): 	... 7 more
10-11 16:42:01.066: E/LoginManager(14859): Caused by: efo: INVALID_SCOPE
10-11 16:42:01.066: E/LoginManager(14859): 	at efp.a(Unknown Source)
10-11 16:42:01.066: E/LoginManager(14859): 	at efp.a(Unknown Source)
10-11 16:42:01.066: E/LoginManager(14859): 	at efp.b(Unknown Source)
10-11 16:42:01.066: E/LoginManager(14859): 	at efp.b(Unknown Source)
10-11 16:42:01.066: E/LoginManager(14859): 	at fkx.a(SourceFile:24)
10-11 16:42:01.066: E/LoginManager(14859): 	... 10 more
10-11 16:42:01.071: I/Babel(14859): BAM created 1
10-11 16:42:01.072: I/GHttpClientFactory(14421): Using our fixed implementation of GMSCore's GoogleHttpClient
10-11 16:42:01.073: I/GoogleURLConnFactory(14421): Using platform SSLCertificateSocketFactory
10-11 16:42:01.088: I/Babel(14859): BAM#account updated: 1
10-11 16:42:01.088: I/Babel(14859): BAM, cleanup: 1
10-11 16:42:01.116: I/Babel(14859): Account update: 1 logged off
10-11 16:42:01.118: I/Babel(14859): deleted: false for 1
10-11 16:42:01.119: I/Babel_StickerModule(14859): Account change update: 1
10-11 16:42:01.119: W/Babel_StickerModule(14859): Null account update.
10-11 16:42:01.120: I/Babel(14859): Account not valid for babel. Skip device registration.
10-11 16:42:01.202: W/BindingManager(14655): Cannot call determinedVisibility() - never saw a connection for the pid: 14655
10-11 16:42:01.227: W/linker(14859): /data/app/com.google.android.gms-1/lib/arm/libconscrypt_gmscore_jni.so: unused DT entry: type 0x1d arg 0x1ed
10-11 16:42:01.240: I/Exchange(14464): Accounts changed - requesting FolderSync for unsynced accounts
10-11 16:42:01.244: V/NativeCrypto(14859): Registering com/google/android/gms/org/conscrypt/NativeCrypto's 259 native methods...
10-11 16:42:01.250: I/Auth(4745): [BroadcastManager] Broadcasting account services changed.
10-11 16:42:01.255: I/GmailIS(14489): Receive LOGIN_ACCOUNTS_CHANGED intent: Intent { act=android.accounts.LOGIN_ACCOUNTS_CHANGED flg=0x4000010 cmp=com.google.android.gm/.GmailIntentService }
10-11 16:42:01.256: I/Gmail(14489): System accounts updated.
10-11 16:42:01.265: I/ActivityManager(806): Start proc 14955:com.google.android.apps.genie.geniewidget/u0a72 for broadcast com.google.android.apps.genie.geniewidget/.utils.NewsWeatherAccountsChangedReceiver
10-11 16:42:01.273: I/art(14859): Rejecting re-init on previously-failed class java.lang.Class<com.google.android.gms.org.conscrypt.OpenSSLExtendedSessionImpl>
10-11 16:42:01.274: I/art(14859): Rejecting re-init on previously-failed class java.lang.Class<com.google.android.gms.org.conscrypt.OpenSSLExtendedSessionImpl>
10-11 16:42:01.275: I/art(14859): Rejecting re-init on previously-failed class java.lang.Class<com.google.android.gms.org.conscrypt.OpenSSLExtendedSessionImpl>
10-11 16:42:01.288: I/Exchange(14464): EasService.onCreate
10-11 16:42:01.292: I/NotifActionUtils(14489): resendNotifications account: null, folder: null
10-11 16:42:01.293: I/Gmail(14489): getAccountsCursor
10-11 16:42:01.301: I/Exchange(14464): RestartPingTask
10-11 16:42:01.308: I/ProviderInstaller(14859): Installed default security provider GmsCore_OpenSSL
10-11 16:42:01.315: I/NotifUtils(14489): resendNotifications cancelExisting: false, account: null, folder: null
10-11 16:42:01.335: W/System(14955): ClassLoader referenced unknown path: /system/app/PrebuiltNewsWeather/lib/arm
10-11 16:42:01.337: I/Exchange(14464): RestartPingsTask did not start any pings.
10-11 16:42:01.337: I/Exchange(14464): PSS stopIfIdle
10-11 16:42:01.337: I/Exchange(14464): PSS has no active accounts; stopping service.
10-11 16:42:01.338: I/Exchange(14464): onDestroy
10-11 16:42:01.339: I/ActivityManager(806): Killing 14477:com.google.android.music:ui/u0a60 (adj 15): empty #17
10-11 16:42:01.346: W/Conscrypt(14421): Could not set socket write timeout:
10-11 16:42:01.349: W/Conscrypt(14421):    java.lang.reflect.Method.invoke(Native Method)
10-11 16:42:01.349: W/Conscrypt(14421):    com.google.android.gms.org.conscrypt.Platform.setSocketWriteTimeout(:com.google.android.gms@11509430:13)
10-11 16:42:01.406: W/Conscrypt(14421): Could not set socket write timeout:
10-11 16:42:01.406: W/Conscrypt(14421):    java.lang.reflect.Method.invoke(Native Method)
10-11 16:42:01.406: W/Conscrypt(14421):    com.google.android.gms.org.conscrypt.Platform.setSocketWriteTimeout(:com.google.android.gms@11509430:13)
10-11 16:42:01.416: D/MusicLifecycle(14421): com.google.android.music.store.StoreService$StoreServiceBinder generated event: Service destroyed
10-11 16:42:01.419: D/MusicLifecycle(14421): com.google.android.music.store.MediaStoreImportService generated event: Service destroyed
10-11 16:42:01.547: I/ConfigUtils(14421): User gained Woodstock.
10-11 16:42:01.548: I/ConfigUtils(14421): Nautilus trial became available.
10-11 16:42:01.548: I/ConfigUtils(14421): Nautilus purchase became available.
10-11 16:42:01.548: I/NewsWeather(14955): BackupManager.dataChanged
10-11 16:42:01.550: I/NewsWeather(14955): BackupManager.dataChanged
10-11 16:42:01.564: I/NewsWeather(14955): Receive broadcast android.accounts.LOGIN_ACCOUNTS_CHANGED, forces accounts update
10-11 16:42:01.615: W/ScreenOrientationListener(14655): Removing an inexistent observer!
10-11 16:42:01.616: I/ActivityManager(806): Start proc 14990:com.google.android.videos/u0a77 for broadcast com.google.android.videos/.accounts.AccountsChangedService$AccountsChangedReceiver
10-11 16:42:01.624: I/ActivityManager(806): Killing 14500:com.google.android.apps.gcs/u0a9 (adj 15): empty #17
10-11 16:42:01.694: I/NewsWeather(14955): NewsAccounts 1, AllSystemAccounts 1
10-11 16:42:01.695: I/NewsWeather(14955): Adding account
10-11 16:42:01.706: W/ActivityManager(806): Unable to start service Intent { flg=0x4 cmp=com.android.vending/com.google.android.finsky.services.DailyHygiene (has extras) } U=0: not found
10-11 16:42:01.715: I/ActivityManager(806): Killing 14365:com.google.android.apps.auth.test.support/u0a86 (adj 15): empty #17
10-11 16:42:01.728: W/System(14990): ClassLoader referenced unknown path: /system/app/Videos/lib/arm
10-11 16:42:01.817: I/NewsWeather(14955): NewsAccounts 2, AllSystemAccounts 1
10-11 16:42:01.854: D/MusicContentProvider(14421): Enabling sync for Account {name=QRJUJJNYU6ORDHFE7PZXPED3E4-00@cloudtestlabaccounts.com, type=com.google}
