10-11 16:42:08.609: I/IcingInternalCorpora(4822): EventIndexer: 0 added, 0 removed, 0 changed, 0 unchanged, 0 errors.
10-11 16:42:08.609: I/IcingInternalCorpora(4822): EventIndexer: finished after 1 ms.
10-11 16:42:08.609: D/DownloadManager(959): [25] Finished with status SUCCESS
10-11 16:42:08.654: I/DictionaryProvider:UpdateHandler(1241): downloadFinished() : DownloadId = 25
10-11 16:42:08.658: W/Binder_2(15787): type=1400 audit(0.0:43): avc: denied { read } for name="/" dev="tmpfs" ino=6546 scontext=u:r:untrusted_app:s0:c512,c768 tcontext=u:object_r:device:s0 tclass=dir permissive=0
10-11 16:42:08.725: W/Auth(4745): [GetToken] GetToken failed with status code: INVALID_SCOPE
10-11 16:42:08.727: I/GCM-GMS(4822): Failed to subscribe to group.
10-11 16:42:08.727: I/GCM-GMS(4822): dzf: INVALID_SCOPE
10-11 16:42:08.727: I/GCM-GMS(4822): 	at dzj.a(:com.google.android.gms@11509430:16)
10-11 16:42:08.727: I/GCM-GMS(4822): 	at dzi.a(:com.google.android.gms@11509430:2)
10-11 16:42:08.727: I/GCM-GMS(4822): 	at dzi.e(:com.google.android.gms@11509430:6)
10-11 16:42:08.727: I/GCM-GMS(4822): 	at dzi.d(:com.google.android.gms@11509430:1)
10-11 16:42:08.727: I/GCM-GMS(4822): 	at dzi.b(:com.google.android.gms@11509430:1)
10-11 16:42:08.727: I/GCM-GMS(4822): 	at dzg.a(:com.google.android.gms@11509430:1)
10-11 16:42:08.727: I/GCM-GMS(4822): 	at sul.a(:com.google.android.gms@11509430:23)
10-11 16:42:08.727: I/GCM-GMS(4822): 	at sul.a(:com.google.android.gms@11509430:44)
10-11 16:42:08.727: I/GCM-GMS(4822): 	at sul.b(:com.google.android.gms@11509430:6)
10-11 16:42:08.727: I/GCM-GMS(4822): 	at com.google.android.gms.gcm.gmsproc.GcmInGmsTaskChimeraService.a(:com.google.android.gms@11509430:8)
10-11 16:42:08.727: I/GCM-GMS(4822): 	at ssv.run(:com.google.android.gms@11509430:1)
10-11 16:42:08.727: I/GCM-GMS(4822): 	at java.util.concurrent.ThreadPoolExecutor.runWorker(ThreadPoolExecutor.java:1113)
10-11 16:42:08.727: I/GCM-GMS(4822): 	at java.util.concurrent.ThreadPoolExecutor$Worker.run(ThreadPoolExecutor.java:588)
10-11 16:42:08.727: I/GCM-GMS(4822): 	at java.lang.Thread.run(Thread.java:818)
10-11 16:42:08.744: I/dex2oat(15831): /system/bin/dex2oat --dex-file=/data/user/0/com.google.android.gms/app_fb/f.apk --oat-file=/data/user/0/com.google.android.gms/app_fb/f.dex
10-11 16:42:08.801: I/dex2oat(15831): dex2oat took 57.892ms (threads: 4) arena alloc=260KB java alloc=67KB native alloc=1660KB free=1667KB
10-11 16:42:08.807: W/System(15775): ClassLoader referenced unknown path: 
10-11 16:42:08.813: I/Adreno-EGL(15775): <qeglDrvAPI_eglInitialize:379>: QUALCOMM Build: 10/21/15, 369a2ea, I96aee987eb
10-11 16:42:08.863: I/Adreno-EGL(15775): <qeglDrvAPI_eglInitialize:379>: QUALCOMM Build: 10/21/15, 369a2ea, I96aee987eb
10-11 16:42:08.887: I/Adreno-EGL(15775): <qeglDrvAPI_eglInitialize:379>: QUALCOMM Build: 10/21/15, 369a2ea, I96aee987eb
10-11 16:42:08.908: W/Binder_2(15787): type=1400 audit(0.0:44): avc: denied { search } for name="210" dev="proc" ino=6658 scontext=u:r:untrusted_app:s0:c512,c768 tcontext=u:r:zygote:s0 tclass=dir permissive=0
10-11 16:42:08.917: W/Auth(4745): [GetToken] GetToken failed with status code: INVALID_SCOPE
10-11 16:42:08.947: I/GAV2(15318): Thread[GAThread,5,main]: No campaign data found.
10-11 16:42:08.964: E/HttpOperation(15024): [gnsregisterdevice] Unexpected exception
10-11 16:42:08.964: E/HttpOperation(15024): java.io.IOException: Cannot obtain authentication token
10-11 16:42:08.964: E/HttpOperation(15024): 	at com.google.android.libraries.social.rpc.apiary.ApiaryHttpRequestConfiguration.getHeaders(ApiaryHttpRequestConfiguration.java:82)
10-11 16:42:08.964: E/HttpOperation(15024): 	at com.google.android.libraries.social.rpc.HttpOperation.execute(HttpOperation.java:406)
10-11 16:42:08.964: E/HttpOperation(15024): 	at com.google.android.libraries.social.rpc.HttpOperation.startInternal(HttpOperation.java:379)
10-11 16:42:08.964: E/HttpOperation(15024): 	at com.google.android.libraries.social.rpc.DefaultHttpExecutor.execute(DefaultHttpExecutor.java:29)
10-11 16:42:08.964: E/HttpOperation(15024): 	at com.google.android.libraries.social.notifications.impl.ops.GunsOperationsManager.startOp(GunsOperationsManager.java:33)
10-11 16:42:08.964: E/HttpOperation(15024): 	at com.google.android.libraries.social.notifications.impl.gcm.registration.GunsRegistrationApiImpl.registerAccount(GunsRegistrationApiImpl.java:58)
10-11 16:42:08.964: E/HttpOperation(15024): 	at com.google.android.libraries.social.notifications.installation.impl.GunsAccountAdapterImpl.createAccount(GunsAccountAdapterImpl.java:133)
10-11 16:42:08.964: E/HttpOperation(15024): 	at com.google.android.libraries.social.notifications.installation.impl.GunsAccountAdapterImpl.addAccount(GunsAccountAdapterImpl.java:84)
10-11 16:42:08.964: E/HttpOperation(15024): 	at com.google.commerce.tapandpay.android.guns.GunsAccountRegistrationManager.register(GunsAccountRegistrationManager.java:53)
10-11 16:42:08.964: E/HttpOperation(15024): 	at com.google.commerce.tapandpay.android.guns.GunsRegistrationService.onRunTask(GunsRegistrationService.java:25)
10-11 16:42:08.964: E/HttpOperation(15024): 	at com.google.android.gms.gcm.GcmTaskService$zza.run(Unknown Source)
10-11 16:42:08.964: E/HttpOperation(15024): Caused by: android.accounts.AuthenticatorException: Cannot get Oauth2 token from GMS
10-11 16:42:08.964: E/HttpOperation(15024): 	at com.google.android.libraries.gcoreclient.auth.impl.BaseGcoreAuthenticationProvider.getToken(BaseGcoreAuthenticationProvider.java:27)
10-11 16:42:08.964: E/HttpOperation(15024): 	at com.google.android.libraries.social.rpc.apiary.ApiaryAuthDataFactory$ApiaryAuthData.getAuthToken(ApiaryAuthDataFactory.java:3086)
10-11 16:42:08.964: E/HttpOperation(15024): 	at com.google.android.libraries.social.rpc.apiary.ApiaryAuthDataFactory$ApiaryAuthData.getAuthToken(ApiaryAuthDataFactory.java:1125)
10-11 16:42:08.964: E/HttpOperation(15024): 	at com.google.android.libraries.social.rpc.apiary.ApiaryHttpRequestConfiguration.getHeaders(ApiaryHttpRequestConfiguration.java:77)
10-11 16:42:08.964: E/HttpOperation(15024): 	... 10 more
10-11 16:42:08.964: E/HttpOperation(15024): Caused by: com.google.android.gms.auth.GoogleAuthException: INVALID_SCOPE
10-11 16:42:08.964: E/HttpOperation(15024): 	at com.google.android.gms.auth.GoogleAuthUtil.zza(Unknown Source)
10-11 16:42:08.964: E/HttpOperation(15024): 	at com.google.android.gms.auth.GoogleAuthUtil.zzc(Unknown Source)
10-11 16:42:08.964: E/HttpOperation(15024): 	at com.google.android.gms.auth.GoogleAuthUtil.zzb(Unknown Source)
10-11 16:42:08.964: E/HttpOperation(15024): 	at com.google.android.gms.auth.GoogleAuthUtil.getTokenWithNotification(Unknown Source)
10-11 16:42:08.964: E/HttpOperation(15024): 	at com.google.android.gms.auth.GoogleAuthUtil.getTokenWithNotification(Unknown Source)
10-11 16:42:08.964: E/HttpOperation(15024): 	at com.google.android.libraries.gcoreclient.auth.impl.BaseGcoreAuthenticationProvider.getToken(BaseGcoreAuthenticationProvider.java:24)
10-11 16:42:08.964: E/HttpOperation(15024): 	... 13 more
10-11 16:42:08.964: I/HttpOperation(15024): [gnsregisterdevice], duration: 151ms, network: 151ms, server: 0ms, processing: 0ms, requests: 0, sent: -1, received: -1, protocol:null
10-11 16:42:08.964: I/HttpOperation(15024): [gnsregisterdevice] failed due to error: 0 java.io.IOException: Cannot obtain authentication token
10-11 16:42:08.964: E/Gns:RegistrationApiImp~(15024): Failed to register account ID: 0
10-11 16:42:09.007: W/ConfigurationChimeraProvider(4745): Got null configs for com.google.android.gms.tapandpay_legacy_gservices
10-11 16:42:09.050: I/WVCdm(198): CdmEngine::OpenSession
10-11 16:42:09.050: I/WVCdm(198): Level3 Library Jun 15 2015 14:09:24
10-11 16:42:09.052: W/WVCdm(198): Could not read /data/mediadrm/IDM1013/ay64.dat2: No such file or directory
10-11 16:42:09.053: D/DrmWidevineDash(198): OEMCrypto_Initialize: starts! g_qsee_apps_version = 0x21
10-11 16:42:09.053: D/DrmWidevineDash(198): Service_Initialize: starts!
10-11 16:42:09.053: D/QSEECOMAPI:(198): QSEECom_get_handle sb_length = 0x19000
10-11 16:42:09.053: D/QSEECOMAPI:(198): App is not loaded in QSEE
10-11 16:42:09.064: D/QSEECOMAPI:(198): Loaded image: APP id = 3
10-11 16:42:09.065: D/DrmWidevineDash(198): Service_Initialize: ends! returns 0
10-11 16:42:09.065: D/DrmWidevineDash(198): OEMCrypto_Initialize sion_buffer g_wv_fhandle->ion_sbuffer  0x0xb32e6000
10-11 16:42:09.065: E/DrmWidevineDash(198): sion_buffer g_wv_fhandle->ion_sbuffer  0x0xb32e6000
10-11 16:42:09.073: D/DrmWidevineDash(198): OEMCrypto_Initialize: ends! returns 0
10-11 16:42:09.073: D/DrmWidevineDash(198): OEMCrypto_APIVersion: starts!
10-11 16:42:09.077: D/DrmWidevineDash(198): hlos api version =  10
10-11 16:42:09.077: D/DrmWidevineDash(198): tz api version =  10
10-11 16:42:09.077: D/DrmWidevineDash(198): OEMCrypto_APIVersion: ends! returns version 10
10-11 16:42:09.077: D/DrmWidevineDash(198): OEMCrypto_IsKeyboxValid: starts!
10-11 16:42:09.085: D/DrmWidevineDash(198): OEMCrypto_IsKeyboxValid: ends! returns 0
10-11 16:42:09.085: D/WVCdm(198): OEMCrypto_Initialize Level 1 success. I will use level 1.
10-11 16:42:09.085: D/DrmWidevineDash(198): OEMCrypto_OpenSession: starts! SID=0xb37bf134
10-11 16:42:09.089: D/DrmWidevineDash(198): OEMCrypto_OpenSession SID = 1
10-11 16:42:09.089: D/DrmWidevineDash(198): OEMCrypto_OpenSession: ends! returns 0
10-11 16:42:09.089: D/DrmWidevineDash(198): OEMCrypto_GetRandom: starts! randomData=0xb608c558, dataLength=8
10-11 16:42:09.093: D/DrmWidevineDash(198): OEMCrypto_GetRandom: ends! returns 0
10-11 16:42:09.093: D/DrmWidevineDash(198): OEMCrypto_LoadDeviceRSAKey: starts!SID=1, wrapped_rsa_key=0xb6047c00, wrapped_rsa_key_length=1280
10-11 16:42:09.099: D/DrmWidevineDash(198): OEMCrypto_LoadDeviceRSAKey: ends! returns 0
10-11 16:42:09.099: I/WVCdm(198): CdmEngine::QueryKeyControlInfo
10-11 16:42:09.100: W/WVCdm(198): BufferReader::Read<T> : Failure during parse: Not enough bytes (4)
10-11 16:42:09.100: W/WVCdm(198): CdmEngine::ExtractWidevinePssh: Unable to read atom size.
10-11 16:42:09.100: I/WVCdm(198): CdmEngine::GenerateKeyRequest
10-11 16:42:09.100: D/DrmWidevineDash(198): OEMCrypto_GetDeviceID: starts! deviceID=0xb6084060, idLength=0xb37bef2c
10-11 16:42:09.109: D/DrmWidevineDash(198): OEMCrypto_GetDeviceID: ends! returns 0
10-11 16:42:09.109: D/DrmWidevineDash(198): OEMCrypto_SupportsUsageTable: starts!
10-11 16:42:09.113: D/DrmWidevineDash(198): OEMCrypto_SupportsUsageTable: is_supported = 1
10-11 16:42:09.113: D/DrmWidevineDash(198): OEMCrypto_SupportsUsageTable: wv_app_version =0x23
10-11 16:42:09.113: D/DrmWidevineDash(198): OEMCrypto_SupportsUsageTable: ends! returns 0x0
10-11 16:42:09.113: D/DrmWidevineDash(198): OEMCrypto_IsAntiRollbackHwPresent: starts!
10-11 16:42:09.117: D/DrmWidevineDash(198): OEMCrypto_IsAntiRollbackHwPresent ends! ret=0, is_antirb_enabled = 1
10-11 16:42:09.117: D/DrmWidevineDash(198): OEMCrypto_APIVersion: starts!
10-11 16:42:09.121: D/DrmWidevineDash(198): hlos api version =  10
10-11 16:42:09.121: D/DrmWidevineDash(198): tz api version =  10
10-11 16:42:09.121: D/DrmWidevineDash(198): OEMCrypto_APIVersion: ends! returns version 10
10-11 16:42:09.121: D/DrmWidevineDash(198): OEMCrypto_GetHDCPCapability starts!
10-11 16:42:09.125: D/DrmWidevineDash(198): OEMCrypto_GetHDCPCapability current=255, max=4
10-11 16:42:09.125: D/DrmWidevineDash(198): OEMCrypto_GetHDCPCapability ends! ret = 0
10-11 16:42:09.125: D/DrmWidevineDash(198): OEMCrypto_GenerateNonce: starts! SID=1
10-11 16:42:09.128: D/DrmWidevineDash(198): OEMCrypto_GenerateNonce: ends! returns 0
10-11 16:42:09.128: D/WVCdm(198): PrepareKeyRequest: nonce=2199065040
10-11 16:42:09.129: D/DrmWidevineDash(198): OEMCrypto_GenerateRSASignature starts! SID=1, message=0xb4883500
10-11 16:42:09.129: D/DrmWidevineDash(198): message_length=1673, signature=0xb60b7100, signature_length=3011244036
10-11 16:42:09.197: D/DrmWidevineDash(198): OEMCrypto_GenerateRSASignature returns 0
10-11 16:42:09.198: I/WVCdm(198): CdmEngine::CloseSession
10-11 16:42:09.198: D/DrmWidevineDash(198): OEMCrypto_CloseSession: starts! SID=1
10-11 16:42:09.204: D/DrmWidevineDash(198): OEMCrypto_CloseSession: ends! returns 0
10-11 16:42:09.204: D/DrmWidevineDash(198): OEMCrypto_Terminate: starts!
10-11 16:42:09.209: D/DrmWidevineDash(198): Service_Uninitialize: starts!
10-11 16:42:09.209: D/QSEECOMAPI:(198): QSEECom_dealloc_memory 
10-11 16:42:09.209: D/QSEECOMAPI:(198): QSEECom_shutdown_app, app_id = 3
10-11 16:42:09.209: D/DrmWidevineDash(198): Service_Uninitialize: ends! returns 0x0
10-11 16:42:09.209: D/DrmWidevineDash(198): OEMCrypto_Terminate: ends! returns 0
10-11 16:42:09.300: I/CheckinUtil(4822): Classify the device as Phone.
10-11 16:42:09.322: W/System(4822): Ignoring header Cookie because its value was null.
10-11 16:42:09.322: I/ProcessCheckinRequest(4822): set cookie as: null
10-11 16:42:09.327: I/DictionaryProvider:UpdateHandler(1241): downloadFinished() : Success = true
10-11 16:42:09.327: I/DictionaryProvider:UpdateHandler(1241): downloadFinished() : Metadata Success
10-11 16:42:09.328: I/Keyboard.Facilitator(1241): resetDictionaries() : en_US
10-11 16:42:09.331: I/Keyboard.Facilitator.DecoderInitializer(1241): run()
10-11 16:42:09.332: I/Decoder(1241): createOrResetDecoder
10-11 16:42:09.346: W/Conscrypt(4822): Could not set socket write timeout:
10-11 16:42:09.346: W/Conscrypt(4822):    java.lang.reflect.Method.invoke(Native Method)
10-11 16:42:09.346: W/Conscrypt(4822):    com.google.android.gms.org.conscrypt.Platform.setSocketWriteTimeout(:com.google.android.gms@11509430:13)
10-11 16:42:09.359: I/Keyboard.Facilitator.MainLanguageModelLoader(1241): run()
10-11 16:42:09.380: I/Keyboard.Facilitator.MainLanguageModelLoader(1241): loadStaticLm() : Loading File = /data/user/0/com.google.android.inputmethod.latin/files/dicts/en_US/main%00003aen_us (offset=0, length=4430832) with up to date LoudsLmContentVersion = 20160111
10-11 16:42:09.382: I/Keyboard.Facilitator.DynamicLanguageModelLoader(1241): run()
10-11 16:42:09.382: I/Keyboard.Facilitator.DynamicLanguageModelLoader(1241): run() : Loading LM = contacts
10-11 16:42:09.383: I/Keyboard.Facilitator.DynamicLanguageModelLoader(1241): run() : Missing File = Contacts.dict
10-11 16:42:09.383: I/Keyboard.Facilitator.DynamicLanguageModelLoader(1241): run() : Loading LM = user
10-11 16:42:09.384: I/Keyboard.Facilitator.DynamicLanguageModelLoader(1241): run() : Missing File = Personal.en_US.dict
10-11 16:42:09.384: I/Keyboard.Facilitator.PersonalDictionaryLoader(1241): run() : Loaded (exit)
10-11 16:42:09.384: I/Keyboard.Facilitator.Delight2FileSweeper(1241): run()
10-11 16:42:09.384: I/Keyboard.Facilitator.RecurringTaskScheduler(1241): run()
10-11 16:42:09.384: I/StatsUtilsManager(1241): startPeriodStatsRecorder() : Success
10-11 16:42:09.384: I/PeriodicStatsRecorder(1241): shouldRecordStats() = Disabled
10-11 16:42:09.391: W/Conscrypt(4822): Could not set socket write timeout:
10-11 16:42:09.391: W/Conscrypt(4822):    java.lang.reflect.Method.invoke(Native Method)
10-11 16:42:09.391: W/Conscrypt(4822):    com.google.android.gms.org.conscrypt.Platform.setSocketWriteTimeout(:com.google.android.gms@11509430:13)
10-11 16:42:09.425: I/ProcessCheckinRequest(4822): REQUEST: b: "357478060037584"
10-11 16:42:09.425: I/ProcessCheckinRequest(4822): c: "0c4885fc3e7a"
10-11 16:42:09.425: I/ProcessCheckinRequest(4822): d: "wifi"
10-11 16:42:09.425: I/ProcessCheckinRequest(4822): e: "0b3a3d4f0c00e091"
10-11 16:42:09.425: I/ProcessCheckinRequest(4822): g: 4199918319073624237
10-11 16:42:09.425: I/ProcessCheckinRequest(4822): h: -5877381189114000849
10-11 16:42:09.425: I/ProcessCheckinRequest(4822): i: "1-6336c3d5eac5d77da3e9ef66368fa1c345dd7be6"
10-11 16:42:09.425: I/ProcessCheckinRequest(4822): j: "en_US"
10-11 16:42:09.425: I/ProcessCheckinRequest(4822): k <
10-11 16:42:09.425: I/ProcessCheckinRequest(4822):   a <
10-11 16:42:09.425: I/ProcessCheckinRequest(4822):     a: "google/hammerhead/hammerhead:6.0.1/MOB30M/2862625:user/release-keys"
10-11 16:42:09.425: I/ProcessCheckinRequest(4822):     b: "M8974A-2.0.50.2.22"
10-11 16:42:09.425: I/ProcessCheckinRequest(4822):     c: "HHZ12d"
10-11 16:42:09.425: I/ProcessCheckinRequest(4822):     d: "hammerhead"
10-11 16:42:09.425: I/ProcessCheckinRequest(4822):     e: "google"
10-11 16:42:09.425: I/ProcessCheckinRequest(4822):     f: "android-google"
10-11 16:42:09.425: I/ProcessCheckinRequest(4822):     g: 1463090758
10-11 16:42:09.425: I/ProcessCheckinRequest(4822):     h: 11509430
10-11 16:42:09.425: I/ProcessCheckinRequest(4822):     i: 23
10-11 16:42:09.425: I/ProcessCheckinRequest(4822):     j: "hammerhead"
10-11 16:42:09.425: I/ProcessCheckinRequest(4822):     k: "Nexus 5"
10-11 16:42:09.425: I/ProcessCheckinRequest(4822):     l: "LGE"
10-11 16:42:09.425: I/ProcessCheckinRequest(4822):     m: "hammerhead"
10-11 16:42:09.425: I/ProcessCheckinRequest(4822):     n: false
10-11 16:42:09.425: I/ProcessCheckinRequest(4822):     o <
10-11 16:42:09.425: I/ProcessCheckinRequest(4822):       a: 8
10-11 16:42:09.425: I/ProcessCheckinRequest(4822):       b: "wallet-android-google"
10-11 16:42:09.425: I/ProcessCheckinRequest(4822):     >
10-11 16:42:09.425: I/ProcessCheckinRequest(4822):     o <
10-11 16:42:09.425: I/ProcessCheckinRequest(4822):       a: 2
10-11 16:42:09.425: I/ProcessCheckinRequest(4822):       b: "ms-android-google"
10-11 16:42:09.425: I/ProcessCheckinRequest(4822):     >
10-11 16:42:09.425: I/ProcessCheckinRequest(4822):     o <
10-11 16:42:09.425: I/ProcessCheckinRequest(4822):       a: 1
10-11 16:42:09.425: I/ProcessCheckinRequest(4822):       b: "android-google"
10-11 16:42:09.425: I/ProcessCheckinRequest(4822):     >
10-11 16:42:09.425: I/ProcessCheckinRequest(4822):     o <
10-11 16:42:09.425: I/ProcessCheckinRequest(4822):       a: 4
10-11 16:42:09.425: I/ProcessCheckinRequest(4822):       b: "gmm-android-google"
10-11 16:42:09.425: I/ProcessCheckinRequest(4822):     >
10-11 16:42:09.425: I/ProcessCheckinRequest(4822):     o <
10-11 16:42:09.425: I/ProcessCheckinRequest(4822):       a: 5
10-11 16:42:09.425: I/ProcessCheckinRequest(4822):       b: "mvapp-android-google"
10-11 16:42:09.425: I/ProcessCheckinRequest(4822):     >
10-11 16:42:09.425: I/ProcessCheckinRequest(4822):     o <
10-11 16:42:09.425: I/ProcessCheckinRequest(4822):       a: 6
10-11 16:42:09.425: I/ProcessCheckinRequest(4822):       b: "am-android-google"
10-11 16:42:09.425: I/ProcessCheckinRequest(4822):     >
10-11 16:42:09.425: I/ProcessCheckinRequest(4822):     o <
10-11 16:42:09.425: I/ProcessCheckinRequest(4822):       a: 9
10-11 16:42:09.425: I/ProcessCheckinRequest(4822):       b: "ms-android-google"
10-11 16:42:09.425: I/ProcessCheckinRequest(4822):     >
10-11 16:42:09.425: I/ProcessCheckinRequest(4822):     q: "2016-06-01"
10-11 16:42:09.425: I/ProcessCheckinRequest(4822):   >
10-11 16:42:09.425: I/ProcessCheckinRequest(4822):   b: 1480024195752
10-11 16:42:09.425: I/ProcessCheckinRequest(4822):   g: "WIFI::"
10-11 16:42:09.425: I/ProcessCheckinRequest(4822):   h: true
10-11 16:42:09.425: I/ProcessCheckinRequest(4822):   i: 0
10-11 16:42:09.425: I/ProcessCheckinRequest(4822):   j: 2
10-11 16:42:09.425: I/ProcessCheckinRequest(4822):   k <
10-11 16:42:09.425: I/ProcessCheckinRequest(4822):     a: 4
10-11 16:42:09.425: I/ProcessCheckinRequest(4822):     b: 1
10-11 16:42:09.425: I/ProcessCheckinRequest(4822):     c: "unspecified"
10-11 16:42:09.425: I/ProcessCheckinRequest(4822):     d: ""
10-11 16:42:09.425: I/ProcessCheckinRequest(4822):     e: false
10-11 16:42:09.425: I/ProcessCheckinRequest(4822):   >
10-11 16:42:09.425: I/ProcessCheckinRequest(4822): >
10-11 16:42:09.425: I/ProcessCheckinRequest(4822): l: "[QRJUJJNYU6ORDHFE7PZXPED3E4-00@cloudtestlabaccounts.com]"
10-11 16:42:09.425: I/ProcessCheckinRequest(4822): m: "America/Los_Angeles"
10-11 16:42:09.425: I/ProcessCheckinRequest(4822): n: 2779133168483242735
10-11 16:42:09.425: I/ProcessCheckinRequest(4822): o: 3
10-11 16:42:09.425: I/ProcessCheckinRequest(4822): p: "7XE2hB0bH2OhNRdgfSMZHvAIJaY="
10-11 16:42:09.425: I/ProcessCheckinRequest(4822): q <
10-11 16:42:09.425: I/ProcessCheckinRequest(4822):   a: 3
10-11 16:42:09.425: I/ProcessCheckinRequest(4822):   b: 1
10-11 16:42:09.425: I/ProcessCheckinRequest(4822):   c: 1
10-11 16:42:09.425: I/ProcessCheckinRequest(4822):   d: 2
10-11 16:42:09.425: I/ProcessCheckinRequest(4822):   e: false
10-11 16:42:09.425: I/ProcessCheckinRequest(4822):   f: false
10-11 16:42:09.425: I/ProcessCheckinRequest(4822):   g: 480
10-11 16:42:09.425: I/ProcessCheckinRequest(4822):   h: 1080
10-11 16:42:09.425: I/ProcessCheckinRequest(4822):   i: 1776
10-11 16:42:09.425: I/ProcessCheckinRequest(4822):   j: 196608
10-11 16:42:09.425: I/ProcessCheckinRequest(4822):   k: "android.test.runner"
10-11 16:42:09.425: I/ProcessCheckinRequest(4822):   k: "com.android.future.usb.accessory"
10-11 16:42:09.425: I/ProcessCheckinRequest(4822):   k: "com.android.lge.lgsvcitems"
10-11 16:42:09.425: I/ProcessCheckinRequest(4822):   k: "com.android.location.provider"
10-11 16:42:09.425: I/ProcessCheckinRequest(4822):   k: "com.android.media.remotedisplay"
10-11 16:42:09.425: I/ProcessCheckinRequest(4822):   k: "com.android.mediadrm.signer"
10-11 16:42:09.425: I/ProcessCheckinRequest(4822):   k: "com.google.android.camera2"
10-11 16:42:09.425: I/ProcessCheckinRequest(4822):   k: "com.google.android.dialer.support"
10-11 16:42:09.425: I/ProcessCheckinRequest(4822):   k: "com.google.android.gms"
10-11 16:42:09.425: I/ProcessCheckinRequest(4822):   k: "com.google.android.maps"
10-11 16:42:09.425: I/ProcessCheckinRequest(4822):   k: "com.google.android.media.effects"
10-11 16:42:09.425: I/ProcessCheckinRequest(4822):   k: "com.google.widevine.software.drm"
10-11 16:42:09.425: I/ProcessCheckinRequest(4822):   k: "com.qualcomm.qcrilhook"
10-11 16:42:09.425: I/ProcessCheckinRequest(4822):   k: "javax.obex"
10-11 16:42:09.425: I/ProcessCheckinRequest(4822):   k: "org.apache.http.legacy"
10-11 16:42:09.425: I/ProcessCheckinRequest(4822):   l: "android.hardware.audio.low_latency"
10-11 16:42:09.425: I/ProcessCheckinRequest(4822):   l: "android.hardware.audio.output"
10-11 16:42:09.425: I/ProcessCheckinRequest(4822):   l: "android.hardware.bluetooth"
10-11 16:42:09.425: I/ProcessCheckinRequest(4822):   l: "android.hardware.bluetooth_le"
10-11 16:42:09.425: I/ProcessCheckinRequest(4822):   l: "android.hardware.camera"
10-11 16:42:09.425: I/ProcessCheckinRequest(4822):   l: "android.hardware.camera.any"
10-11 16:42:09.425: I/ProcessCheckinRequest(4822):   l: "android.hardware.camera.autofocus"
10-11 16:42:09.425: I/ProcessCheckinRequest(4822):   l: "android.hardware.camera.capability.manual_post_processing"
10-11 16:42:09.425: I/ProcessCheckinRequest(4822):   l: "android.hardware.camera.capability.manual_sensor"
10-11 16:42:09.425: I/ProcessCheckinRequest(4822):   l: "android.hardware.camera.capability.raw"
10-11 16:42:09.425: I/ProcessCheckinRequest(4822):   l: "android.hardware.camera.flash"
10-11 16:42:09.425: I/ProcessCheckinRequest(4822):   l: "android.hardware.camera.front"
10-11 16:42:09.425: I/ProcessCheckinRequest(4822):   l: "android.hardware.camera.level.full"
10-11 16:42:09.425: I/ProcessCheckinRequest(4822):   l: "android.hardware.faketouch"
10-11 16:42:09.425: I/ProcessCheckinRequest(4822):   l: "android.hardware.location"
10-11 16:42:09.425: I/ProcessCheckinRequest(4822):   l: "android.hardware.location.gps"
10-11 16:42:09.425: I/ProcessCheckinRequest(4822):   l: "android.hardware.location.network"
10-11 16:42:09.425: I/ProcessCheckinRequest(4822):   l: "android.hardware.microphone"
10-11 16:42:09.425: I/ProcessCheckinRequest(4822):   l: "android.hardware.nfc"
10-11 16:42:09.425: I/ProcessCheckinRequest(4822):   l: "android.hardware.nfc.hce"
10-11 16:42:09.425: I/ProcessCheckinRequest(4822):   l: "android.hardware.screen.landscape"
10-11 16:42:09.425: I/ProcessCheckinRequest(4822):   l: "android.hardware.screen.portrait"
10-11 16:42:09.425: I/ProcessCheckinRequest(4822):   l: "android.hardware.sensor.accelerometer"
10-11 16:42:09.425: I/ProcessCheckinRequest(4822):   l: "android.hardware.sensor.barometer"
10-11 16:42:09.425: I/ProcessCheckinRequest(4822):   l: "android.hardware.sensor.compass"
10-11 16:42:09.425: I/ProcessCheckinRequest(4822):   l: "android.hardware.sensor.gyroscope"
10-11 16:42:09.425: I/ProcessCheckinRequest(4822):   l: "android.hardware.sensor.light"
10-11 16:42:09.425: I/ProcessCheckinRequest(4822):   l: "android.hardware.sensor.proximity"
10-11 16:42:09.425: I/ProcessCheckinRequest(4822):   l: "android.hardware.sensor.stepcounter"
10-11 16:42:09.425: I/ProcessCheckinRequest(4822):   l: "android.hardware.sensor.stepdetector"
10-11 16:42:09.425: I/ProcessCheckinRequest(4822):   l: "android.hardware.telephony"
10-11 16:42:09.425: I/ProcessCheckinRequest(4822):   l: "android.hardware.telephony.cdma"
10-11 16:42:09.425: I/ProcessCheckinRequest(4822):   l: "android.hardware.telephony.gsm"
10-11 16:42:09.425: I/ProcessCheckinRequest(4822):   l: "android.hardware.touchscreen"
10-11 16:42:09.425: I/ProcessCheckinRequest(4822):   l: "android.hardware.touchscreen.multitouch"
10-11 16:42:09.425: I/ProcessCheckinRequest(4822):   l: "android.hardware.touchscreen.multitouch.distinct"
10-11 16:42:09.425: I/ProcessCheckinRequest(4822):   l: "android.hardware.touchscreen.multitouch.jazzhand"
10-11 16:42:09.425: I/ProcessCheckinRequest(4822):   l: "android.hardware.usb.accessory"
10-11 16:42:09.425: I/ProcessCheckinRequest(4822):   l: "android.hardware.usb.host"
10-11 16:42:09.425: I/ProcessCheckinRequest(4822):   l: "android.hardware.wifi"
10-11 16:42:09.425: I/ProcessCheckinRequest(4822):   l: "android.hardware.wifi.direct"
10-11 16:42:09.425: I/ProcessCheckinRequest(4822):   l: "android.software.app_widgets"
10-11 16:42:09.425: I/ProcessCheckinRequest(4822):   l: "android.software.backup"
10-11 16:42:09.425: I/ProcessCheckinRequest(4822):   l: "android.software.connectionservice"
10-11 16:42:09.425: I/ProcessCheckinRequest(4822):   l: "android.software.device_admin"
10-11 16:42:09.425: I/ProcessCheckinRequest(4822):   l: "android.software.home_screen"
10-11 16:42:09.425: I/ProcessCheckinRequest(4822):   l: "android.software.input_methods"
10-11 16:42:09.425: I/ProcessCheckinRequest(4822):   l: "android.software.live_wallpaper"
10-11 16:42:09.425: I/ProcessCheckinRequest(4822):   l: "android.software.managed_users"
10-11 16:42:09.425: I/ProcessCheckinRequest(4822):   l: "android.software.midi"
10-11 16:42:09.425: I/ProcessCheckinRequest(4822):   l: "android.software.print"
10-11 16:42:09.425: I/ProcessCheckinRequest(4822):   l: "android.software.sip"
10-11 16:42:09.425: I/ProcessCheckinRequest(4822):   l: "android.software.sip.voip"
10-11 16:42:09.425: I/ProcessCheckinRequest(4822):   l: "android.software.voice_recognizers"
10-11 16:42:09.425: I/ProcessCheckinRequest(4822):   l: "android.software.webview"
10-11 16:42:09.425: I/ProcessCheckinRequest(4822):   l: "com.google.android.feature.EXCHANGE_6_2"
10-11 16:42:09.425: I/ProcessCheckinRequest(4822):   l: "com.google.android.feature.GOOGLE_BUILD"
10-11 16:42:09.425: I/ProcessCheckinRequest(4822):   l: "com.google.android.feature.GOOGLE_E
10-11 16:42:09.550: I/ProcessCheckinRequest(4822): updateCheckinIdTokenFileFromResponse, Reading existing AID
10-11 16:42:09.551: I/CheckinRequestBuilder(4822): Checkin reason type: 4 attempt count: 1
10-11 16:42:09.552: E/ActivityThread(4822): Failed to find provider info for com.google.android.wearable.settings
10-11 16:42:09.560: I/CheckinRequestBuilder(4822): Unknown state of subscriptions on the device
10-11 16:42:09.571: I/Ads(4822): Accounts have changed: com.google.android.gms.auth.GOOGLE_ACCOUNT_CHANGE
10-11 16:42:09.572: I/GCM-GMS(4822): Groups upload failed
10-11 16:42:09.578: W/constellation(4822): [gaia_id_checker] GAIA id checker has been disabled by gservice flag.
10-11 16:42:09.584: W/ConfigurationChimeraProvider(4745): Got null configs for com.google.android.gms.ads
10-11 16:42:09.592: I/ActivityManager(806): Start proc 15857:com.google.android.gms.ui/u0a10 for service com.google.android.gms/.chimera.UiIntentOperationService
10-11 16:42:09.622: I/MagicTether(4745): [HostValidator] InvalidHost. MobileData: true, Tethering: false, whitelist: false, ble: true
10-11 16:42:09.653: I/MS_RegisterService(4822): RegisterService intent:Intent { act=com.google.android.gms.matchstick.register_intent_google_account_change cat=[targeted_intent_op_prefix:com.google.android.libraries.matchstick.net.SilentRegisterIntentOperation] cmp=com.google.android.gms/.chimera.GmsIntentOperationService } isPeriodic:false
10-11 16:42:09.668: I/LoadedApk(15857): No resource references to update in package FFFFFFFFFFFFFFFFFFFFFF
10-11 16:42:09.673: I/MS_PhoneUtils(4822): Phone type: 1
10-11 16:42:09.675: W/MS_RegisterService(4822): Not eligible for registration.
10-11 16:42:09.685: W/Auth(4745): [GetToken] GetToken failed with status code: INVALID_SCOPE
10-11 16:42:09.686: E/CheckinRequestBuilder(4822): Unrecoverable authentication exception: INVALID_SCOPE
10-11 16:42:09.686: E/CheckinRequestBuilder(4822): dzf: INVALID_SCOPE
10-11 16:42:09.686: E/CheckinRequestBuilder(4822): 	at dzj.a(:com.google.android.gms@11509430:16)
10-11 16:42:09.686: E/CheckinRequestBuilder(4822): 	at dzi.a(:com.google.android.gms@11509430:2)
10-11 16:42:09.686: E/CheckinRequestBuilder(4822): 	at dzi.e(:com.google.android.gms@11509430:6)
10-11 16:42:09.686: E/CheckinRequestBuilder(4822): 	at dzg.f(:com.google.android.gms@11509430:3)
10-11 16:42:09.686: E/CheckinRequestBuilder(4822): 	at dzg.a(:com.google.android.gms@11509430:4)
10-11 16:42:09.686: E/CheckinRequestBuilder(4822): 	at kbi.a(:com.google.android.gms@11509430:203)
10-11 16:42:09.686: E/CheckinRequestBuilder(4822): 	at kci.a(:com.google.android.gms@11509430:17)
10-11 16:42:09.686: E/CheckinRequestBuilder(4822): 	at kci.a(:com.google.android.gms@11509430:181)
10-11 16:42:09.686: E/CheckinRequestBuilder(4822): 	at com.google.android.gms.checkin.CheckinChimeraService.a(:com.google.android.gms@11509430:148)
10-11 16:42:09.686: E/CheckinRequestBuilder(4822): 	at kbe.run(:com.google.android.gms@11509430:2)
10-11 16:42:09.686: E/CheckinRequestBuilder(4822): 	at mmo.run(:com.google.android.gms@11509430:25)
10-11 16:42:09.686: E/CheckinRequestBuilder(4822): 	at java.util.concurrent.ThreadPoolExecutor.runWorker(ThreadPoolExecutor.java:1113)
10-11 16:42:09.686: E/CheckinRequestBuilder(4822): 	at java.util.concurrent.ThreadPoolExecutor$Worker.run(ThreadPoolExecutor.java:588)
10-11 16:42:09.686: E/CheckinRequestBuilder(4822): 	at mrv.run(:com.google.android.gms@11509430)
10-11 16:42:09.686: E/CheckinRequestBuilder(4822): 	at java.lang.Thread.run(Thread.java:818)
10-11 16:42:09.689: W/Conscrypt(4745): Could not set socket write timeout:
10-11 16:42:09.690: W/Conscrypt(4745):    java.lang.reflect.Method.invoke(Native Method)
10-11 16:42:09.690: W/Conscrypt(4745):    com.google.android.gms.org.conscrypt.Platform.setSocketWriteTimeout(:com.google.android.gms@11509430:13)
10-11 16:42:09.705: W/Conscrypt(4745): Could not set socket write timeout:
10-11 16:42:09.705: W/Conscrypt(4745):    java.lang.reflect.Method.invoke(Native Method)
10-11 16:42:09.705: W/Conscrypt(4745):    com.google.android.gms.org.conscrypt.Platform.setSocketWriteTimeout(:com.google.android.gms@11509430:13)
10-11 16:42:09.706: I/CheckinUtil(4822): Classify the device as Phone.
10-11 16:42:09.731: W/linker(15857): /data/app/com.google.android.gms-1/lib/arm/libconscrypt_gmscore_jni.so: unused DT entry: type 0x1d arg 0x1ed
10-11 16:42:09.733: E/ProcessCheckinRequest(4822): CheckinNowTaskTag : Checkin Succeeded: https://android.clients.google.com/checkin (request #1): 
10-11 16:42:09.738: V/NativeCrypto(15857): Registering com/google/android/gms/org/conscrypt/NativeCrypto's 259 native methods...
10-11 16:42:09.758: I/art(15857): Rejecting re-init on previously-failed class java.lang.Class<com.google.android.gms.org.conscrypt.OpenSSLExtendedSessionImpl>
10-11 16:42:09.758: I/art(15857): Rejecting re-init on previously-failed class java.lang.Class<com.google.android.gms.org.conscrypt.OpenSSLExtendedSessionImpl>
10-11 16:42:09.759: I/art(15857): Rejecting re-init on previously-failed class java.lang.Class<com.google.android.gms.org.conscrypt.OpenSSLExtendedSessionImpl>
10-11 16:42:09.777: I/ProviderInstaller(15857): Installed default security provider GmsCore_OpenSSL
10-11 16:42:09.821: W/Auth(4745): [GetToken] GetToken failed with status code: INVALID_SCOPE
10-11 16:42:09.822: I/Ads(4822): Immediate DSID task failed. Scheduling one-off
10-11 16:42:09.860: I/GoogleURLConnFactory(4745): Using platform SSLCertificateSocketFactory
10-11 16:42:09.858: W/Thread-618(15879): type=1400 audit(0.0:45): avc: denied { write } for name=".lib.lock" dev="mmcblk0p28" ino=122520 scontext=u:r:untrusted_app:s0:c512,c768 tcontext=u:object_r:system_data_file:s0 tclass=file permissive=0
10-11 16:42:09.864: W/NativeLibraryUtils(15857): Failed to open lock file
10-11 16:42:09.864: W/NativeLibraryUtils(15857): java.io.FileNotFoundException: /data/user/0/com.google.android.gms/cache/.lib.lock: open failed: EACCES (Permission denied)
10-11 16:42:09.864: W/NativeLibraryUtils(15857): 	at libcore.io.IoBridge.open(IoBridge.java:452)
10-11 16:42:09.864: W/NativeLibraryUtils(15857): 	at java.io.RandomAccessFile.<init>(RandomAccessFile.java:117)
10-11 16:42:09.864: W/NativeLibraryUtils(15857): 	at mpy.d(:com.google.android.gms@11509430:4)
10-11 16:42:09.864: W/NativeLibraryUtils(15857): 	at lsa.run(:com.google.android.gms@11509430)
10-11 16:42:09.864: W/NativeLibraryUtils(15857): Caused by: android.system.ErrnoException: open failed: EACCES (Permission denied)
10-11 16:42:09.864: W/NativeLibraryUtils(15857): 	at libcore.io.Posix.open(Native Method)
10-11 16:42:09.864: W/NativeLibraryUtils(15857): 	at libcore.io.BlockGuardOs.open(BlockGuardOs.java:186)
10-11 16:42:09.864: W/NativeLibraryUtils(15857): 	at libcore.io.IoBridge.open(IoBridge.java:438)
10-11 16:42:09.864: W/NativeLibraryUtils(15857): 	... 3 more
10-11 16:42:09.910: I/PackageManager.DexOptimizer(806): Running dexopt (dex2oat) on: /data/app/vmdl2076235094.tmp/base.apk pkg=org.runnerup isa=arm vmSafeMode=false debuggable=false oatDir = /data/app/vmdl2076235094.tmp/oat bootComplete=true
10-11 16:42:09.923: I/MagicTether(15857): [HostValidator] InvalidHost. MobileData: true, Tethering: false, whitelist: false, ble: true
10-11 16:42:09.940: W/GoogleSignatureVerifier(4745): Test-keys aren't accepted on this build.
10-11 16:42:09.948: I/dex2oat(15882): Starting dex2oat.
10-11 16:42:09.951: W/GoogleSignatureVerifier(4745): Test-keys aren't accepted on this build.
10-11 16:42:09.964: W/GoogleSignatureVerifier(4745): Test-keys aren't accepted on this build.
10-11 16:42:09.968: W/GoogleSignatureVerifier(4745): Test-keys aren't accepted on this build.
10-11 16:42:09.971: W/GoogleSignatureVerifier(4745): Test-keys aren't accepted on this build.
10-11 16:42:09.974: W/GoogleSignatureVerifier(4745): Test-keys aren't accepted on this build.
10-11 16:42:09.977: I/DictionaryProvider:UpdateHandler(1241): downloadFinished() : Success = true
10-11 16:42:09.977: I/DictionaryProvider:UpdateHandler(1241): downloadFinished() : Metadata Success
10-11 16:42:09.978: I/Keyboard.Facilitator(1241): resetDictionaries() : en_US
10-11 16:42:09.981: I/Keyboard.Facilitator.DecoderInitializer(1241): run()
10-11 16:42:09.982: I/Decoder(1241): createOrResetDecoder
10-11 16:42:09.985: W/GoogleSignatureVerifier(4745): Test-keys aren't accepted on this build.
10-11 16:42:10.002: I/Authzen(4822): [PermitStore] Getting all permits...
10-11 16:42:10.018: V/DownloadManager(959): Deleting /data/data/com.android.providers.downloads/cache/metadata.json#15077653279354.1.23103.2862625.json via provider delete
10-11 16:42:10.034: I/Keyboard.Facilitator.MainLanguageModelLoader(1241): run()
10-11 16:42:10.053: I/Keyboard.Facilitator.MainLanguageModelLoader(1241): loadStaticLm() : Loading File = /data/user/0/com.google.android.inputmethod.latin/files/dicts/en_US/main%00003aen_us (offset=0, length=4430832) with up to date LoudsLmContentVersion = 20160111
10-11 16:42:10.054: I/Keyboard.Facilitator.DynamicLanguageModelLoader(1241): run()
10-11 16:42:10.054: I/Keyboard.Facilitator.DynamicLanguageModelLoader(1241): run() : Loading LM = contacts
10-11 16:42:10.056: I/Keyboard.Facilitator.DynamicLanguageModelLoader(1241): run() : Missing File = Contacts.dict
10-11 16:42:10.056: I/Keyboard.Facilitator.DynamicLanguageModelLoader(1241): run() : Loading LM = user
10-11 16:42:10.056: I/Keyboard.Facilitator.DynamicLanguageModelLoader(1241): run() : Missing File = Personal.en_US.dict
10-11 16:42:10.056: I/Keyboard.Facilitator.PersonalDictionaryLoader(1241): run() : Loaded (exit)
10-11 16:42:10.056: I/Keyboard.Facilitator.Delight2FileSweeper(1241): run()
10-11 16:42:10.056: I/Keyboard.Facilitator.RecurringTaskScheduler(1241): run()
10-11 16:42:10.056: I/StatsUtilsManager(1241): startPeriodStatsRecorder() : Success
10-11 16:42:10.056: I/PeriodicStatsRecorder(1241): shouldRecordStats() = Disabled
10-11 16:42:10.263: W/Auth(4745): [GetToken] GetToken failed with status code: INVALID_SCOPE
10-11 16:42:10.265: E/HeterodyneSyncer(4745): Failed to get auth token: INVALID_SCOPE
10-11 16:42:10.265: E/HeterodyneSyncer(4745): dzf: INVALID_SCOPE
10-11 16:42:10.265: E/HeterodyneSyncer(4745): 	at dzj.a(:com.google.android.gms@11509430:16)
10-11 16:42:10.265: E/HeterodyneSyncer(4745): 	at dzi.a(:com.google.android.gms@11509430:2)
10-11 16:42:10.265: E/HeterodyneSyncer(4745): 	at dzi.e(:com.google.android.gms@11509430:6)
10-11 16:42:10.265: E/HeterodyneSyncer(4745): 	at dzg.f(:com.google.android.gms@11509430:3)
10-11 16:42:10.265: E/HeterodyneSyncer(4745): 	at dzg.a(:com.google.android.gms@11509430:4)
10-11 16:42:10.265: E/HeterodyneSyncer(4745): 	at dzg.a(:com.google.android.gms@11509430:7)
10-11 16:42:10.265: E/HeterodyneSyncer(4745): 	at aazg.a(:com.google.android.gms@11509430:30)
10-11 16:42:10.265: E/HeterodyneSyncer(4745): 	at aazi.a(:com.google.android.gms@11509430:26)
10-11 16:42:10.265: E/HeterodyneSyncer(4745): 	at aazi.a(:com.google.android.gms@11509430:158)
10-11 16:42:10.265: E/HeterodyneSyncer(4745): 	at aazi.a(:com.google.android.gms@11509430:282)
10-11 16:42:10.265: E/HeterodyneSyncer(4745): 	at com.google.android.gms.phenotype.sync.HeterodyneSyncTaskChimeraService.a(:com.google.android.gms@11509430:40)
10-11 16:42:10.265: E/HeterodyneSyncer(4745): 	at com.google.android.gms.phenotype.sync.HeterodyneSyncTaskChimeraService.a(:com.google.android.gms@11509430:19)
10-11 16:42:10.265: E/HeterodyneSyncer(4745): 	at ssv.run(:com.google.android.gms@11509430:1)
10-11 16:42:10.265: E/HeterodyneSyncer(4745): 	at java.util.concurrent.ThreadPoolExecutor.runWorker(ThreadPoolExecutor.java:1113)
10-11 16:42:10.265: E/HeterodyneSyncer(4745): 	at java.util.concurrent.ThreadPoolExecutor$Worker.run(ThreadPoolExecutor.java:588)
10-11 16:42:10.265: E/HeterodyneSyncer(4745): 	at java.lang.Thread.run(Thread.java:818)
10-11 16:42:10.346: W/dex2oat(15882): Before Android 4.1, method int android.support.v7.widget.ListViewCompat.lookForSelectablePosition(int, boolean) would have incorrectly overridden the package-private method in android.widget.ListView
10-11 16:42:10.441: W/dex2oat(15882): Before Android 4.1, method android.graphics.PorterDuffColorFilter android.support.graphics.drawable.VectorDrawableCompat.updateTintFilter(android.graphics.PorterDuffColorFilter, android.content.res.ColorStateList, android.graphics.PorterDuff$Mode) would have incorrectly overridden the package-private method in android.graphics.drawable.Drawable
10-11 16:42:10.462: W/Auth(4745): [GetToken] GetToken failed with status code: INVALID_SCOPE
10-11 16:42:10.784: W/Auth(4745): [GetToken] GetToken failed with status code: INVALID_SCOPE
10-11 16:42:10.784: E/HeterodyneSyncer(4745): Failed to get auth token: INVALID_SCOPE
10-11 16:42:10.784: E/HeterodyneSyncer(4745): dzf: INVALID_SCOPE
10-11 16:42:10.784: E/HeterodyneSyncer(4745): 	at dzj.a(:com.google.android.gms@11509430:16)
10-11 16:42:10.784: E/HeterodyneSyncer(4745): 	at dzi.a(:com.google.android.gms@11509430:2)
10-11 16:42:10.784: E/HeterodyneSyncer(4745): 	at dzi.e(:com.google.android.gms@11509430:6)
10-11 16:42:10.784: E/HeterodyneSyncer(4745): 	at dzg.f(:com.google.android.gms@11509430:3)
10-11 16:42:10.784: E/HeterodyneSyncer(4745): 	at dzg.a(:com.google.android.gms@11509430:4)
10-11 16:42:10.784: E/HeterodyneSyncer(4745): 	at dzg.a(:com.google.android.gms@11509430:7)
10-11 16:42:10.784: E/HeterodyneSyncer(4745): 	at aazg.a(:com.google.android.gms@11509430:30)
10-11 16:42:10.784: E/HeterodyneSyncer(4745): 	at aazi.a(:com.google.android.gms@11509430:27)
10-11 16:42:10.784: E/HeterodyneSyncer(4745): 	at aazi.a(:com.google.android.gms@11509430:158)
10-11 16:42:10.784: E/HeterodyneSyncer(4745): 	at aazi.a(:com.google.android.gms@11509430:284)
10-11 16:42:10.784: E/HeterodyneSyncer(4745): 	at com.google.android.gms.phenotype.sync.HeterodyneSyncTaskChimeraService.a(:com.google.android.gms@11509430:40)
10-11 16:42:10.784: E/HeterodyneSyncer(4745): 	at com.google.android.gms.phenotype.sync.HeterodyneSyncTaskChimeraService.a(:com.google.android.gms@11509430:19)
10-11 16:42:10.784: E/HeterodyneSyncer(4745): 	at ssv.run(:com.google.android.gms@11509430:1)
10-11 16:42:10.784: E/HeterodyneSyncer(4745): 	at java.util.concurrent.ThreadPoolExecutor.runWorker(ThreadPoolExecutor.java:1113)
10-11 16:42:10.784: E/HeterodyneSyncer(4745): 	at java.util.concurrent.ThreadPoolExecutor$Worker.run(ThreadPoolExecutor.java:588)
10-11 16:42:10.784: E/HeterodyneSyncer(4745): 	at java.lang.Thread.run(Thread.java:818)
10-11 16:42:10.832: I/GAV2(15506): Thread[GAThread,5,main]: No campaign data found.
10-11 16:42:10.865: I/GAV2(15488): Thread[GAThread,5,main]: No campaign data found.
10-11 16:42:10.883: W/HeterodyneSyncer(4745): Server returned 401... invalidating auth token
10-11 16:42:10.921: D/Finsky(14579): [1] ExperimentsChangeHandler.access$100: Executing killAppInBackground with duration: 1800000, pollInterval: 10000
10-11 16:42:10.998: I/HeterodyneSyncScheduler(4745): Scheduling adaptive one off task with window [14400, 604800] in seconds
10-11 16:42:11.351: I/BackgroundTask(15024): writeResults: num written: 0
10-11 16:42:11.982: W/dex2oat(15882): No verified method for method calling String.<init>: java.lang.String java.io.ByteArrayOutputStream.toString()
10-11 16:42:12.593: I/ActivityManager(806): Killing 15356:com.android.chrome/u0a36 (adj 15): empty #17
10-11 16:42:12.774: I/WearableService(4745): Wearable Services stopping
10-11 16:42:13.512: I/dex2oat(15882): dex2oat took 3.564s (threads: 4) arena alloc=4MB java alloc=5MB native alloc=23MB free=4MB
10-11 16:42:13.533: W/PackageManager(806): Package org.runnerup desires unavailable shared library com.samsung.android.sdk.bt; ignoring!
10-11 16:42:13.716: D/VoldConnector(806): SND -> {14 volume remount_uid 10093 read}
10-11 16:42:13.717: D/vold(149): Remounting 10093 as mode read
10-11 16:42:13.721: D/VoldConnector(806): RCV <- {200 14 Command succeeded}
10-11 16:42:13.722: D/VoldConnector(806): SND -> {15 volume remount_uid 10093 write}
10-11 16:42:13.722: D/vold(149): Remounting 10093 as mode write
10-11 16:42:13.727: D/VoldConnector(806): RCV <- {200 15 Command succeeded}
10-11 16:42:13.746: W/Settings(806): Setting install_non_market_apps has moved from android.provider.Settings.Global to android.provider.Settings.Secure, returning read-only value.
10-11 16:42:13.747: I/art(806): Starting a blocking GC Explicit
10-11 16:42:13.824: I/art(806): Explicit concurrent mark sweep GC freed 45378(2MB) AllocSpace objects, 10(296KB) LOS objects, 33% free, 27MB/40MB, paused 742us total 76.664ms
10-11 16:42:13.827: I/art(15761): System.exit called, status: 0
10-11 16:42:13.827: I/AndroidRuntime(15761): VM exiting with result code 0.
10-11 16:42:13.835: I/InputReader(806): Reconfiguring input devices.  changes=0x00000010
10-11 16:42:13.870: I/InputReader(806): Reconfiguring input devices.  changes=0x00000010
10-11 16:42:13.903: D/CarrierServiceBindHelper(1307): Receive action: android.intent.action.PACKAGE_ADDED
10-11 16:42:13.906: D/CarrierServiceBindHelper(1307): mHandler: 3
10-11 16:42:13.906: D/CarrierConfigLoader(1307): mHandler: 9 phoneId: 0
10-11 16:42:13.910: I/UpdateIcingCorporaServi(15243): Updating corpora: APPS=com.google.android.music, CONTACTS=MAYBE
10-11 16:42:13.943: I/ActivityManager(806): Start proc 15944:com.google.android.partnersetup/u0a16 for broadcast com.google.android.partnersetup/.RlzPingBroadcastReceiver
10-11 16:42:13.950: D/Wear_Controller(4822): Received broadcast action=android.intent.action.PACKAGE_CHANGED and uri=com.google.android.music
10-11 16:42:13.953: W/ConfigurationChimeraProvider(4745): Got null configs for com.google.android.gms.chromesync
10-11 16:42:13.977: W/ConfigurationChimeraProvider(4745): Got null configs for com.google.android.gms.tapandpay_legacy_gservices
10-11 16:42:13.978: I/Icing(4822): IndexChimeraService.getServiceInterface callingPackage=com.google.android.gms componentName=AppsCorpus serviceId=32
10-11 16:42:13.978: I/Icing(4822): IndexChimeraService.getServiceInterface callingPackage=com.google.android.gms componentName=AppsCorpus serviceId=36
10-11 16:42:14.000: W/System(15944): ClassLoader referenced unknown path: /system/priv-app/GooglePartnerSetup/lib/arm
10-11 16:42:14.036: I/ActivityManager(806): Start proc 15961:com.android.musicfx/u0a18 for broadcast com.android.musicfx/.Compatibility$Receiver
10-11 16:42:14.045: I/UpdateIcingCorporaServi(15243): UpdateCorporaTask done [took 135 ms] updated apps [took 135 ms] 
10-11 16:42:14.055: I/ActivityManager(806): Killing 15373:com.google.android.apps.docs/u0a40 (adj 15): empty #17
10-11 16:42:14.063: W/System(15961): ClassLoader referenced unknown path: /system/priv-app/MusicFX/lib/arm
10-11 16:42:14.106: I/Icing(4822): Usage reports 0 indexed 0 rejected 0 imm upload false
10-11 16:42:14.111: I/Icing(4822): Usage reports 0 indexed 0 rejected 0 imm upload false
10-11 16:42:14.117: D/Finsky(14579): [1] ExternalReferrer.access$200: Package state data is missing for org.runnerup
10-11 16:42:14.138: I/ActivityManager(806): Start proc 15977:com.google.android.apps.docs/u0a40 for broadcast com.google.android.apps.docs/.receivers.AppPackageAddRemoveReceiver
10-11 16:42:14.139: I/UpdateIcingCorporaServi(15243): Updating corpora: APPS=org.runnerup, CONTACTS=MAYBE
10-11 16:42:14.172: W/System(15977): ClassLoader referenced unknown path: /system/app/Drive/lib/arm
10-11 16:42:14.195: I/Icing(4822): IndexChimeraService.getServiceInterface callingPackage=com.google.android.googlequicksearchbox componentName=null serviceId=36
10-11 16:42:14.211: I/Icing(4822): Usage reports 0 indexed 0 rejected 0 imm upload true
10-11 16:42:14.225: I/UpdateIcingCorporaServi(15243): UpdateCorporaTask done [took 87 ms] updated apps [took 86 ms] 
10-11 16:42:14.227: I/ActivityManager(806): Killing 15405:com.google.process.gapps/u0a47 (adj 15): empty #17
10-11 16:42:14.334: I/ActivityManager(806): Killing 14859:com.google.android.talk/u0a54 (adj 15): empty #17
10-11 16:42:14.365: I/GAv4(15977): Google Analytics 7.8.95 is starting up. To enable debug logging on a device run:
10-11 16:42:14.365: I/GAv4(15977):   adb shell setprop log.tag.GAv4 DEBUG
10-11 16:42:14.365: I/GAv4(15977):   adb logcat -s GAv4
10-11 16:42:14.393: W/GAv4(15977): AnalyticsReceiver is not registered or is disabled. Register the receiver for reliable dispatching on non-Google Play devices. See http://goo.gl/8Rd3yj for instructions.
10-11 16:42:14.396: W/GAv4(15977): CampaignTrackingReceiver is not registered, not exported or is disabled. Installation campaign tracking is not possible. See http://goo.gl/8Rd3yj for instructions.
10-11 16:42:14.409: W/GAv4(15977): AnalyticsService not registered in the app manifest. Hits might not be delivered reliably. See http://goo.gl/8Rd3yj for instructions.
10-11 16:42:14.411: W/AnalyticsTrackerProxyImpl(15977): Analytics setup for ID UA-21125203-2, app name Drive, version 2.3.327.05.35
10-11 16:42:14.473: I/WalletInstallRec(15024): Handling App Install.
10-11 16:42:14.483: I/ActivityManager(806): Killing 15476:com.google.android.apps.photos/u0a64 (adj 15): empty #17
10-11 16:42:14.538: W/GoogleSignatureVerifier(4745): Test-keys aren't accepted on this build.
10-11 16:42:14.542: W/ConfigurationChimeraProvider(4745): Got null configs for com.google.android.gms.appinvite
10-11 16:42:14.567: I/FontsPackageChangeOp(4822): Package org.runnerup has no metadata
10-11 16:42:14.600: I/Icing(4822): IndexChimeraService.getServiceInterface callingPackage=com.google.android.gms componentName=AppsCorpus serviceId=32
10-11 16:42:14.600: D/Wear_Controller(4822): Received broadcast action=android.intent.action.PACKAGE_ADDED and uri=org.runnerup
10-11 16:42:14.601: I/Icing(4822): IndexChimeraService.getServiceInterface callingPackage=com.google.android.gms componentName=AppsCorpus serviceId=36
10-11 16:42:14.631: I/Icing(4822): Usage reports 0 indexed 0 rejected 0 imm upload false
10-11 16:42:14.637: I/Icing(4822): Usage reports 0 indexed 0 rejected 0 imm upload false
10-11 16:42:14.706: W/linker(15977): /data/app/com.google.android.gms-1/lib/arm/libconscrypt_gmscore_jni.so: unused DT entry: type 0x1d arg 0x1ed
10-11 16:42:14.712: V/NativeCrypto(15977): Registering com/google/android/gms/org/conscrypt/NativeCrypto's 259 native methods...
10-11 16:42:14.726: I/art(15977): Rejecting re-init on previously-failed class java.lang.Class<com.google.android.gms.org.conscrypt.OpenSSLExtendedSessionImpl>
10-11 16:42:14.726: I/art(15977): Rejecting re-init on previously-failed class java.lang.Class<com.google.android.gms.org.conscrypt.OpenSSLExtendedSessionImpl>
10-11 16:42:14.727: I/art(15977): Rejecting re-init on previously-failed class java.lang.Class<com.google.android.gms.org.conscrypt.OpenSSLExtendedSessionImpl>
