10-11 16:43:09.753: W/ResourceType(16764): No known package when getting name for resource number 0xffffffff
10-11 16:43:09.757: W/ConfigurationChimeraProvider(4745): Got null configs for com.google.android.gms.security
10-11 16:43:09.778: I/MDM(4822): [650] wtf.a: sending sitrep: [1, 11, [w2t6yRSHAtanyXOx71F27rPUTWc], false]
10-11 16:43:09.830: I/System.out(16697): INFO: New Screen: Optional.of(ScreenNode {Id=8, PackageName=org.runnerup, ActivityName=Optional.of(org.runnerup.view.AudioCueSettingsActivity)})
10-11 16:43:09.866: I/Auth(4745): [ReflectiveChannelBinder] Successfully bound channel!
10-11 16:43:09.953: W/Conscrypt(4745): Could not set socket write timeout:
10-11 16:43:09.953: W/Conscrypt(4745):    java.lang.reflect.Method.invoke(Native Method)
10-11 16:43:09.953: W/Conscrypt(4745):    com.google.android.gms.org.conscrypt.Platform.setSocketWriteTimeout(:com.google.android.gms@11509430:13)
10-11 16:43:09.958: W/Conscrypt(4745): Could not set socket write timeout:
10-11 16:43:09.958: W/Conscrypt(4745):    java.lang.reflect.Method.invoke(Native Method)
10-11 16:43:09.958: W/Conscrypt(4745):    com.google.android.gms.org.conscrypt.Platform.setSocketWriteTimeout(:com.google.android.gms@11509430:13)
10-11 16:43:09.976: W/Conscrypt(4745): Could not set socket write timeout:
10-11 16:43:09.977: W/Conscrypt(4745):    java.lang.reflect.Method.invoke(Native Method)
10-11 16:43:09.977: W/Conscrypt(4745):    com.google.android.gms.org.conscrypt.Platform.setSocketWriteTimeout(:com.google.android.gms@11509430:13)
10-11 16:43:10.081: W/Conscrypt(4745): Could not set socket write timeout:
10-11 16:43:10.081: W/Conscrypt(4745):    java.lang.reflect.Method.invoke(Native Method)
10-11 16:43:10.081: W/Conscrypt(4745):    com.google.android.gms.org.conscrypt.Platform.setSocketWriteTimeout(:com.google.android.gms@11509430:13)
10-11 16:43:10.142: W/Auth(4745): [GetToken] GetToken failed with status code: INVALID_SCOPE
10-11 16:43:10.144: I/GCM-GMS(4822): Failed to subscribe to group.
10-11 16:43:10.144: I/GCM-GMS(4822): dzf: INVALID_SCOPE
10-11 16:43:10.144: I/GCM-GMS(4822): 	at dzj.a(:com.google.android.gms@11509430:16)
10-11 16:43:10.144: I/GCM-GMS(4822): 	at dzi.a(:com.google.android.gms@11509430:2)
10-11 16:43:10.144: I/GCM-GMS(4822): 	at dzi.e(:com.google.android.gms@11509430:6)
10-11 16:43:10.144: I/GCM-GMS(4822): 	at dzi.d(:com.google.android.gms@11509430:1)
10-11 16:43:10.144: I/GCM-GMS(4822): 	at dzi.b(:com.google.android.gms@11509430:1)
10-11 16:43:10.144: I/GCM-GMS(4822): 	at dzg.a(:com.google.android.gms@11509430:1)
10-11 16:43:10.144: I/GCM-GMS(4822): 	at sul.a(:com.google.android.gms@11509430:23)
10-11 16:43:10.144: I/GCM-GMS(4822): 	at sul.a(:com.google.android.gms@11509430:44)
10-11 16:43:10.144: I/GCM-GMS(4822): 	at sul.b(:com.google.android.gms@11509430:6)
10-11 16:43:10.144: I/GCM-GMS(4822): 	at com.google.android.gms.gcm.gmsproc.GcmInGmsTaskChimeraService.a(:com.google.android.gms@11509430:8)
10-11 16:43:10.144: I/GCM-GMS(4822): 	at ssv.run(:com.google.android.gms@11509430:1)
10-11 16:43:10.144: I/GCM-GMS(4822): 	at java.util.concurrent.ThreadPoolExecutor.runWorker(ThreadPoolExecutor.java:1113)
10-11 16:43:10.144: I/GCM-GMS(4822): 	at java.util.concurrent.ThreadPoolExecutor$Worker.run(ThreadPoolExecutor.java:588)
10-11 16:43:10.144: I/GCM-GMS(4822): 	at java.lang.Thread.run(Thread.java:818)
10-11 16:43:10.152: I/GCM-GMS(4822): Groups upload failed
10-11 16:43:10.156: W/Auth(4745): [GetToken] GetToken failed with status code: INVALID_SCOPE
10-11 16:43:10.159: W/WakefulBroadcastReceiver(4822): No active wake lock id #6
10-11 16:43:10.180: W/ResourceType(16764): No package identifier when getting name for resource number 0x00000001
10-11 16:43:10.181: W/ResourceType(16764): No package identifier when getting name for resource number 0x00000001
10-11 16:43:10.182: W/ResourceType(16764): No package identifier when getting name for resource number 0x00000001
10-11 16:43:10.182: I/ViewInteraction(16764): Performing 'single click' action on view (with class name: is "android.widget.EditText" and with id: 1 (resource name not found) and is a child at 0th index of the matching parent: (with class name: is "android.widget.FrameLayout" and with id: android:id/custom and is a child at 0th index of the matching parent: (with class name: is "android.widget.FrameLayout" and with id: android:id/customPanel and is a child at 2th index of the matching parent: (with class name: is "android.widget.LinearLayout" and with id: android:id/parentPanel and is a child at 0th index of the matching parent: (with class name: is "android.widget.FrameLayout" and with id: android:id/content and is a child at 0th index of the matching parent: (with class name: is "android.widget.FrameLayout" and with id: 1 (resource name not found) and is a child at 0th index of the matching parent: (with class name: is "com.android.internal.policy.PhoneWindow$DecorView" and with id: 1 (resource name not found) and is a root view.)))))))
10-11 16:43:10.203: D/Finsky(14579): [476] ContentFiltersService$1.getContentFiltersAndIntent: Received content filters request from sharedUserId=com.google.uid.shared:10010
10-11 16:43:10.300: W/RichInputMethodSubtype(1241): Can't find emoji subtype
10-11 16:43:10.300: W/RichInputMethodSubtype(1241): No input method subtype found; returning dummy subtype: Multi-lingual subtype: android.view.inputmethod.InputMethodSubtype@d78b2ed0, zz
10-11 16:43:10.319: W/Auth(4745): [GetToken] GetToken failed with status code: INVALID_SCOPE
10-11 16:43:10.320: W/GLSActivity(4745): dzf: INVALID_SCOPE
10-11 16:43:10.320: W/GLSActivity(4745): 	at dzj.a(:com.google.android.gms@11509430:16)
10-11 16:43:10.320: W/GLSActivity(4745): 	at dzi.a(:com.google.android.gms@11509430:2)
10-11 16:43:10.320: W/GLSActivity(4745): 	at dzi.e(:com.google.android.gms@11509430:6)
10-11 16:43:10.320: W/GLSActivity(4745): 	at dzh.a(:com.google.android.gms@11509430:1)
10-11 16:43:10.320: W/GLSActivity(4745): 	at eax.getAuthToken(:com.google.android.gms@11509430:7)
10-11 16:43:10.320: W/GLSActivity(4745): 	at android.accounts.AbstractAccountAuthenticator$Transport.getAuthToken(AbstractAccountAuthenticator.java:214)
10-11 16:43:10.320: W/GLSActivity(4745): 	at android.accounts.IAccountAuthenticator$Stub.onTransact(IAccountAuthenticator.java:113)
10-11 16:43:10.320: W/GLSActivity(4745): 	at android.os.Binder.transact(Binder.java:387)
10-11 16:43:10.320: W/GLSActivity(4745): 	at buy.onTransact(:com.google.android.gms@11509430:3)
10-11 16:43:10.320: W/GLSActivity(4745): 	at android.os.Binder.execTransact(Binder.java:453)
10-11 16:43:10.323: E/InstantApps(4745): getTokenWithNotification failed
10-11 16:43:10.323: E/InstantApps(4745): android.accounts.AuthenticatorException: INVALID_SCOPE
10-11 16:43:10.323: E/InstantApps(4745): 	at android.accounts.AccountManager.convertErrorToException(AccountManager.java:2143)
10-11 16:43:10.323: E/InstantApps(4745): 	at android.accounts.AccountManager.-wrap0(AccountManager.java)
10-11 16:43:10.323: E/InstantApps(4745): 	at android.accounts.AccountManager$AmsTask$Response.onError(AccountManager.java:1993)
10-11 16:43:10.323: E/InstantApps(4745): 	at android.accounts.IAccountManagerResponse$Stub.onTransact(IAccountManagerResponse.java:69)
10-11 16:43:10.323: E/InstantApps(4745): 	at android.os.Binder.execTransact(Binder.java:453)
10-11 16:43:10.324: E/InstantApps(4745): RouterBackendClient: updateUserPrefs failed
10-11 16:43:10.324: E/InstantApps(4745): vbg: getTokenWithNotification failed
10-11 16:43:10.324: E/InstantApps(4745): 	at vbf.a(:com.google.android.gms@11509430:7)
10-11 16:43:10.324: E/InstantApps(4745): 	at vax.b(:com.google.android.gms@11509430:13)
10-11 16:43:10.324: E/InstantApps(4745): 	at vax.a(:com.google.android.gms@11509430)
10-11 16:43:10.324: E/InstantApps(4745): 	at vbi.call(:com.google.android.gms@11509430:2)
10-11 16:43:10.324: E/InstantApps(4745): 	at java.util.concurrent.FutureTask.run(FutureTask.java:237)
10-11 16:43:10.324: E/InstantApps(4745): 	at mmo.run(:com.google.android.gms@11509430:25)
10-11 16:43:10.324: E/InstantApps(4745): 	at java.util.concurrent.ThreadPoolExecutor.runWorker(ThreadPoolExecutor.java:1113)
10-11 16:43:10.324: E/InstantApps(4745): 	at java.util.concurrent.ThreadPoolExecutor$Worker.run(ThreadPoolExecutor.java:588)
10-11 16:43:10.324: E/InstantApps(4745): 	at mrv.run(:com.google.android.gms@11509430)
10-11 16:43:10.324: E/InstantApps(4745): 	at java.lang.Thread.run(Thread.java:818)
10-11 16:43:10.324: E/InstantApps(4745): Caused by: android.accounts.AuthenticatorException: INVALID_SCOPE
10-11 16:43:10.324: E/InstantApps(4745): 	at android.accounts.AccountManager.convertErrorToException(AccountManager.java:2143)
10-11 16:43:10.324: E/InstantApps(4745): 	at android.accounts.AccountManager.-wrap0(AccountManager.java)
10-11 16:43:10.324: E/InstantApps(4745): 	at android.accounts.AccountManager$AmsTask$Response.onError(AccountManager.java:1993)
10-11 16:43:10.324: E/InstantApps(4745): 	at android.accounts.IAccountManagerResponse$Stub.onTransact(IAccountManagerResponse.java:69)
10-11 16:43:10.324: E/InstantApps(4745): 	at android.os.Binder.execTransact(Binder.java:453)
10-11 16:43:10.324: E/InstantApps(4745): UserPrefsUpdater: Failed updateUserPrefs: status=0
10-11 16:43:10.423: W/Auth(4745): [GetToken] GetToken failed with status code: INVALID_SCOPE
10-11 16:43:10.424: W/GLSActivity(4745): dzf: INVALID_SCOPE
10-11 16:43:10.424: W/GLSActivity(4745): 	at dzj.a(:com.google.android.gms@11509430:16)
10-11 16:43:10.424: W/GLSActivity(4745): 	at dzi.a(:com.google.android.gms@11509430:2)
10-11 16:43:10.424: W/GLSActivity(4745): 	at dzi.e(:com.google.android.gms@11509430:6)
10-11 16:43:10.424: W/GLSActivity(4745): 	at dzh.a(:com.google.android.gms@11509430:1)
10-11 16:43:10.424: W/GLSActivity(4745): 	at eax.getAuthToken(:com.google.android.gms@11509430:7)
10-11 16:43:10.424: W/GLSActivity(4745): 	at android.accounts.AbstractAccountAuthenticator$Transport.getAuthToken(AbstractAccountAuthenticator.java:214)
10-11 16:43:10.424: W/GLSActivity(4745): 	at android.accounts.IAccountAuthenticator$Stub.onTransact(IAccountAuthenticator.java:113)
10-11 16:43:10.424: W/GLSActivity(4745): 	at android.os.Binder.transact(Binder.java:387)
10-11 16:43:10.424: W/GLSActivity(4745): 	at buy.onTransact(:com.google.android.gms@11509430:3)
10-11 16:43:10.424: W/GLSActivity(4745): 	at android.os.Binder.execTransact(Binder.java:453)
10-11 16:43:10.426: E/InstantApps(4745): getTokenWithNotification failed
10-11 16:43:10.426: E/InstantApps(4745): android.accounts.AuthenticatorException: INVALID_SCOPE
10-11 16:43:10.426: E/InstantApps(4745): 	at android.accounts.AccountManager.convertErrorToException(AccountManager.java:2143)
10-11 16:43:10.426: E/InstantApps(4745): 	at android.accounts.AccountManager.-wrap0(AccountManager.java)
10-11 16:43:10.426: E/InstantApps(4745): 	at android.accounts.AccountManager$AmsTask$Response.onError(AccountManager.java:1993)
10-11 16:43:10.426: E/InstantApps(4745): 	at android.accounts.IAccountManagerResponse$Stub.onTransact(IAccountManagerResponse.java:69)
10-11 16:43:10.426: E/InstantApps(4745): 	at android.os.Binder.execTransact(Binder.java:453)
10-11 16:43:10.427: E/InstantApps(4745): DomainFilterImpl: Error while reading domain filter from WHAPI
10-11 16:43:10.427: E/InstantApps(4745): java.util.concurrent.ExecutionException: bafl: UNAUTHENTICATED
10-11 16:43:10.427: E/InstantApps(4745): 	at java.util.concurrent.FutureTask.report(FutureTask.java:94)
10-11 16:43:10.427: E/InstantApps(4745): 	at java.util.concurrent.FutureTask.get(FutureTask.java:164)
10-11 16:43:10.427: E/InstantApps(4745): 	at vbh.get(:com.google.android.gms@11509430:2)
10-11 16:43:10.427: E/InstantApps(4745): 	at vfn.a(:com.google.android.gms@11509430:7)
10-11 16:43:10.427: E/InstantApps(4745): 	at vfn.a(:com.google.android.gms@11509430:54)
10-11 16:43:10.427: E/InstantApps(4745): 	at vfn.a(:com.google.android.gms@11509430:120)
10-11 16:43:10.427: E/InstantApps(4745): 	at vfk.a(:com.google.android.gms@11509430:1)
10-11 16:43:10.427: E/InstantApps(4745): 	at com.google.android.gms.instantapps.routing.DomainFilterUpdateChimeraService.a(:com.google.android.gms@11509430:10)
10-11 16:43:10.427: E/InstantApps(4745): 	at ssv.run(:com.google.android.gms@11509430:1)
10-11 16:43:10.427: E/InstantApps(4745): 	at java.util.concurrent.ThreadPoolExecutor.runWorker(ThreadPoolExecutor.java:1113)
10-11 16:43:10.427: E/InstantApps(4745): 	at java.util.concurrent.ThreadPoolExecutor$Worker.run(ThreadPoolExecutor.java:588)
10-11 16:43:10.427: E/InstantApps(4745): 	at java.lang.Thread.run(Thread.java:818)
10-11 16:43:10.427: E/InstantApps(4745): Caused by: bafl: UNAUTHENTICATED
10-11 16:43:10.427: E/InstantApps(4745): 	at vav.b(:com.google.android.gms@11509430:31)
10-11 16:43:10.427: E/InstantApps(4745): 	at vav.a(:com.google.android.gms@11509430)
10-11 16:43:10.427: E/InstantApps(4745): 	at vbi.call(:com.google.android.gms@11509430:2)
10-11 16:43:10.427: E/InstantApps(4745): 	at java.util.concurrent.FutureTask.run(FutureTask.java:237)
10-11 16:43:10.427: E/InstantApps(4745): 	at mmo.run(:com.google.android.gms@11509430:25)
10-11 16:43:10.427: E/InstantApps(4745): 	at java.util.concurrent.ThreadPoolExecutor.runWorker(ThreadPoolExecutor.java:1113)
10-11 16:43:10.427: E/InstantApps(4745): 	at java.util.concurrent.ThreadPoolExecutor$Worker.run(ThreadPoolExecutor.java:588)
10-11 16:43:10.427: E/InstantApps(4745): 	at mrv.run(:com.google.android.gms@11509430)
10-11 16:43:10.427: E/InstantApps(4745): 	... 1 more
10-11 16:43:10.427: W/InstantApps(4745): DomainFilterUpdateChimeraService: Retry later
10-11 16:43:10.443: I/ViewInteraction(16764): Performing 'Extracts dimension of content view.' action on view is a root view.
10-11 16:43:10.446: I/ViewInteraction(16764): Performing 'Extracts screen state.' action on view is a root view.
10-11 16:43:10.446: W/ResourceType(16764): No known package when getting name for resource number 0xffffffff
10-11 16:43:10.448: W/ResourceType(16764): No known package when getting name for resource number 0xffffffff
10-11 16:43:10.452: W/ViewPager(1241): Requested offscreen page limit 0 too small; defaulting to 1
10-11 16:43:10.458: I/Keyboard.Facilitator(1241): onStartInput()
10-11 16:43:10.467: I/LatinIME(1241): Starting input. Cursor position = 0,0
10-11 16:43:10.473: W/ResourceType(16764): No known package when getting name for resource number 0xffffffff
10-11 16:43:10.484: I/Keyboard.Facilitator(1241): resetDictionaries() : no-op
10-11 16:43:10.485: I/StatsUtilsManager(1241): onLoadSettings()
10-11 16:43:10.517: I/System.out(16697): INFO: Already Exists: Optional.of(ScreenNode {Id=8, PackageName=org.runnerup, ActivityName=Optional.of(org.runnerup.view.AudioCueSettingsActivity)})
10-11 16:43:10.530: D/OpenGLRenderer(1241): Use EGL_SWAP_BEHAVIOR_PRESERVED: true
10-11 16:43:10.538: W/ResourceType(16764): No package identifier when getting name for resource number 0x00000001
10-11 16:43:10.539: W/ResourceType(16764): No package identifier when getting name for resource number 0x00000001
10-11 16:43:10.539: I/ViewInteraction(16764): Performing 'single click' action on view (with class name: is "android.widget.Button" and with id: android:id/button1 and is a child at 3th index of the matching parent: (with class name: is "com.android.internal.widget.ButtonBarLayout" and with id: android:id/buttonPanel and is a child at 3th index of the matching parent: (with class name: is "android.widget.LinearLayout" and with id: android:id/parentPanel and is a child at 0th index of the matching parent: (with class name: is "android.widget.FrameLayout" and with id: android:id/content and is a child at 0th index of the matching parent: (with class name: is "android.widget.FrameLayout" and with id: 1 (resource name not found) and is a child at 0th index of the matching parent: (with class name: is "com.android.internal.policy.PhoneWindow$DecorView" and with id: 1 (resource name not found) and is a root view.))))))
10-11 16:43:10.598: D/audio_hw_primary(198): out_set_parameters: enter: usecase(1: low-latency-playback) kvpairs: routing=8
10-11 16:43:10.602: I/Adreno-EGL(1241): <qeglDrvAPI_eglInitialize:379>: QUALCOMM Build: 10/21/15, 369a2ea, I96aee987eb
10-11 16:43:10.614: I/OpenGLRenderer(1241): Initialized EGL, version 1.4
10-11 16:43:10.632: D/AudioFlinger(198): mixer(0xb4180000) throttle end: throttle time(7)
10-11 16:43:10.663: W/IInputConnectionWrapper(16764): getTextAfterCursor on inactive InputConnection
10-11 16:43:10.719: I/Spelling.Facilitator(1241): closeDictionaries()
10-11 16:43:10.719: I/Spelling.Facilitator(1241): flushDynamicLanguageModels()
10-11 16:43:10.719: I/Decoder(1241): createOrResetDecoder
10-11 16:43:10.723: I/Keyboard.Facilitator(1241): onFinishInput()
10-11 16:43:10.917: I/ViewInteraction(16764): Performing 'Extracts screen state.' action on view is a root view.
10-11 16:43:10.917: W/ResourceType(16764): No known package when getting name for resource number 0xffffffff
10-11 16:43:10.930: W/ResourceType(16764): No known package when getting name for resource number 0xffffffff
10-11 16:43:10.941: W/ResourceType(16764): No known package when getting name for resource number 0xffffffff
10-11 16:43:10.947: W/ResourceType(16764): No known package when getting name for resource number 0xffffffff
10-11 16:43:10.949: W/ResourceType(16764): No known package when getting name for resource number 0xffffffff
10-11 16:43:10.951: W/ResourceType(16764): No known package when getting name for resource number 0xffffffff
10-11 16:43:10.953: W/ResourceType(16764): No known package when getting name for resource number 0xffffffff
10-11 16:43:10.955: W/ResourceType(16764): No known package when getting name for resource number 0xffffffff
10-11 16:43:10.957: W/ResourceType(16764): No known package when getting name for resource number 0xffffffff
10-11 16:43:10.959: W/ResourceType(16764): No known package when getting name for resource number 0xffffffff
10-11 16:43:10.964: W/ResourceType(16764): No known package when getting name for resource number 0xffffffff
10-11 16:43:10.968: W/ResourceType(16764): No known package when getting name for resource number 0xffffffff
10-11 16:43:10.972: W/ResourceType(16764): No known package when getting name for resource number 0xffffffff
10-11 16:43:10.975: W/ResourceType(16764): No known package when getting name for resource number 0xffffffff
10-11 16:43:10.980: W/ResourceType(16764): No known package when getting name for resource number 0xffffffff
10-11 16:43:10.983: W/ResourceType(16764): No known package when getting name for resource number 0xffffffff
10-11 16:43:10.987: W/ResourceType(16764): No known package when getting name for resource number 0xffffffff
10-11 16:43:10.990: W/ResourceType(16764): No known package when getting name for resource number 0xffffffff
10-11 16:43:10.991: D/Finsky(14579): [1] ExperimentsChangeHandler.access$100: Executing killAppInBackground with duration: 1739930, pollInterval: 10000
10-11 16:43:11.084: I/System.out(16697): INFO: Already Exists: Optional.of(ScreenNode {Id=7, PackageName=org.runnerup, ActivityName=Optional.of(org.runnerup.view.AudioCueSettingsActivity)})
10-11 16:43:11.106: W/ResourceType(16764): No package identifier when getting name for resource number 0x00000001
10-11 16:43:11.106: W/ResourceType(16764): No package identifier when getting name for resource number 0x00000001
10-11 16:43:11.106: I/ViewInteraction(16764): Performing 'single click' action on view (with class name: is "android.widget.TextView" and with id: android:id/title and is a child at 8th index of the matching parent: (with class name: is "android.widget.ListView" and with id: android:id/list and is a child at 1th index of the matching parent: (with class name: is "android.widget.RelativeLayout" and with id: org.runnerup:id/relative_layout1 and is a child at 0th index of the matching parent: (with class name: is "android.widget.FrameLayout" and with id: android:id/content and is a child at 1th index of the matching parent: (with class name: is "android.widget.LinearLayout" and with id: 1 (resource name not found) and is a child at 0th index of the matching parent: (with class name: is "com.android.internal.policy.PhoneWindow$DecorView" and with id: 1 (resource name not found) and is a root view.))))))
10-11 16:43:11.366: I/ViewInteraction(16764): Performing 'Extracts screen state.' action on view is a root view.
10-11 16:43:11.368: W/ResourceType(16764): No known package when getting name for resource number 0xffffffff
10-11 16:43:11.377: W/ResourceType(16764): No known package when getting name for resource number 0xffffffff
10-11 16:43:11.394: W/ResourceType(16764): No known package when getting name for resource number 0xffffffff
10-11 16:43:11.402: W/ResourceType(16764): No known package when getting name for resource number 0xffffffff
10-11 16:43:11.408: W/ResourceType(16764): No known package when getting name for resource number 0xffffffff
10-11 16:43:11.412: W/ResourceType(16764): No known package when getting name for resource number 0xffffffff
10-11 16:43:11.416: W/ResourceType(16764): No known package when getting name for resource number 0xffffffff
10-11 16:43:11.419: W/ResourceType(16764): No known package when getting name for resource number 0xffffffff
10-11 16:43:11.423: W/ResourceType(16764): No known package when getting name for resource number 0xffffffff
10-11 16:43:11.426: W/ResourceType(16764): No known package when getting name for resource number 0xffffffff
10-11 16:43:11.434: W/ResourceType(16764): No known package when getting name for resource number 0xffffffff
10-11 16:43:11.437: W/ResourceType(16764): No known package when getting name for resource number 0xffffffff
10-11 16:43:11.441: W/ResourceType(16764): No known package when getting name for resource number 0xffffffff
10-11 16:43:11.444: W/ResourceType(16764): No known package when getting name for resource number 0xffffffff
10-11 16:43:11.447: W/ResourceType(16764): No known package when getting name for resource number 0xffffffff
10-11 16:43:11.451: W/ResourceType(16764): No known package when getting name for resource number 0xffffffff
10-11 16:43:11.454: W/ResourceType(16764): No known package when getting name for resource number 0xffffffff
10-11 16:43:11.457: W/ResourceType(16764): No known package when getting name for resource number 0xffffffff
10-11 16:43:11.551: I/System.out(16697): INFO: Already Exists: Optional.of(ScreenNode {Id=7, PackageName=org.runnerup, ActivityName=Optional.of(org.runnerup.view.AudioCueSettingsActivity)})
10-11 16:43:11.579: W/ResourceType(16764): No package identifier when getting name for resource number 0x00000001
10-11 16:43:11.581: W/ResourceType(16764): No package identifier when getting name for resource number 0x00000001
10-11 16:43:11.581: W/ResourceType(16764): No package identifier when getting name for resource number 0x00000001
10-11 16:43:11.582: I/ViewInteraction(16764): Performing 'single click' action on view (with class name: is "android.widget.LinearLayout" and with id: 1 (resource name not found) and is a child at 2th index of the matching parent: (with class name: is "android.widget.ListView" and with id: android:id/list and is a child at 1th index of the matching parent: (with class name: is "android.widget.RelativeLayout" and with id: org.runnerup:id/relative_layout1 and is a child at 0th index of the matching parent: (with class name: is "android.widget.FrameLayout" and with id: android:id/content and is a child at 1th index of the matching parent: (with class name: is "android.widget.LinearLayout" and with id: 1 (resource name not found) and is a child at 0th index of the matching parent: (with class name: is "com.android.internal.policy.PhoneWindow$DecorView" and with id: 1 (resource name not found) and is a root view.))))))
10-11 16:43:11.708: D/audio_hw_primary(198): out_set_parameters: enter: usecase(1: low-latency-playback) kvpairs: routing=8
10-11 16:43:12.201: D/ConnectivityService(806): updateNetworkScore for NetworkAgentInfo [WIFI () - 101] to 60
10-11 16:43:12.305: I/ViewInteraction(16764): Performing 'Extracts screen state.' action on view is a root view.
10-11 16:43:12.307: W/ResourceType(16764): No known package when getting name for resource number 0xffffffff
10-11 16:43:12.317: W/ResourceType(16764): No known package when getting name for resource number 0xffffffff
10-11 16:43:12.336: W/ResourceType(16764): No known package when getting name for resource number 0xffffffff
10-11 16:43:12.345: W/ResourceType(16764): No known package when getting name for resource number 0xffffffff
10-11 16:43:12.346: W/ResourceType(16764): No known package when getting name for resource number 0xffffffff
10-11 16:43:12.348: W/ResourceType(16764): No known package when getting name for resource number 0xffffffff
10-11 16:43:12.350: W/ResourceType(16764): No known package when getting name for resource number 0xffffffff
10-11 16:43:12.353: W/ResourceType(16764): No known package when getting name for resource number 0xffffffff
10-11 16:43:12.355: W/ResourceType(16764): No known package when getting name for resource number 0xffffffff
10-11 16:43:12.357: W/ResourceType(16764): No known package when getting name for resource number 0xffffffff
10-11 16:43:12.365: W/ResourceType(16764): No known package when getting name for resource number 0xffffffff
10-11 16:43:12.373: W/ResourceType(16764): No known package when getting name for resource number 0xffffffff
10-11 16:43:12.378: W/ResourceType(16764): No known package when getting name for resource number 0xffffffff
10-11 16:43:12.382: W/ResourceType(16764): No known package when getting name for resource number 0xffffffff
10-11 16:43:12.390: W/ResourceType(16764): No known package when getting name for resource number 0xffffffff
10-11 16:43:12.395: W/ResourceType(16764): No known package when getting name for resource number 0xffffffff
10-11 16:43:12.399: W/ResourceType(16764): No known package when getting name for resource number 0xffffffff
10-11 16:43:12.405: W/ResourceType(16764): No known package when getting name for resource number 0xffffffff
10-11 16:43:12.515: I/System.out(16697): INFO: Already Exists: Optional.of(ScreenNode {Id=7, PackageName=org.runnerup, ActivityName=Optional.of(org.runnerup.view.AudioCueSettingsActivity)})
10-11 16:43:12.545: W/ResourceType(16764): No package identifier when getting name for resource number 0x00000001
10-11 16:43:12.545: W/ResourceType(16764): No package identifier when getting name for resource number 0x00000001
10-11 16:43:12.546: I/ViewInteraction(16764): Performing 'single click' action on view (with class name: is "android.widget.TextView" and with id: android:id/title and is a child at 5th index of the matching parent: (with class name: is "android.widget.ListView" and with id: android:id/list and is a child at 1th index of the matching parent: (with class name: is "android.widget.RelativeLayout" and with id: org.runnerup:id/relative_layout1 and is a child at 0th index of the matching parent: (with class name: is "android.widget.FrameLayout" and with id: android:id/content and is a child at 1th index of the matching parent: (with class name: is "android.widget.LinearLayout" and with id: 1 (resource name not found) and is a child at 0th index of the matching parent: (with class name: is "com.android.internal.policy.PhoneWindow$DecorView" and with id: 1 (resource name not found) and is a root view.))))))
10-11 16:43:12.805: I/ViewInteraction(16764): Performing 'Extracts screen state.' action on view is a root view.
10-11 16:43:12.805: W/ResourceType(16764): No known package when getting name for resource number 0xffffffff
10-11 16:43:12.813: W/ResourceType(16764): No known package when getting name for resource number 0xffffffff
10-11 16:43:12.828: W/ResourceType(16764): No known package when getting name for resource number 0xffffffff
10-11 16:43:12.836: W/ResourceType(16764): No known package when getting name for resource number 0xffffffff
10-11 16:43:12.839: W/ResourceType(16764): No known package when getting name for resource number 0xffffffff
10-11 16:43:12.842: W/ResourceType(16764): No known package when getting name for resource number 0xffffffff
10-11 16:43:12.845: W/ResourceType(16764): No known package when getting name for resource number 0xffffffff
10-11 16:43:12.848: W/ResourceType(16764): No known package when getting name for resource number 0xffffffff
10-11 16:43:12.851: W/ResourceType(16764): No known package when getting name for resource number 0xffffffff
10-11 16:43:12.853: W/ResourceType(16764): No known package when getting name for resource number 0xffffffff
10-11 16:43:12.866: W/ResourceType(16764): No known package when getting name for resource number 0xffffffff
10-11 16:43:12.872: W/ResourceType(16764): No known package when getting name for resource number 0xffffffff
10-11 16:43:12.879: W/ResourceType(16764): No known package when getting name for resource number 0xffffffff
10-11 16:43:12.884: W/ResourceType(16764): No known package when getting name for resource number 0xffffffff
10-11 16:43:12.887: W/ResourceType(16764): No known package when getting name for resource number 0xffffffff
10-11 16:43:12.890: W/ResourceType(16764): No known package when getting name for resource number 0xffffffff
10-11 16:43:12.893: W/ResourceType(16764): No known package when getting name for resource number 0xffffffff
10-11 16:43:12.896: W/ResourceType(16764): No known package when getting name for resource number 0xffffffff
10-11 16:43:12.962: I/System.out(16697): INFO: Already Exists: Optional.of(ScreenNode {Id=7, PackageName=org.runnerup, ActivityName=Optional.of(org.runnerup.view.AudioCueSettingsActivity)})
10-11 16:43:12.980: W/ResourceType(16764): No package identifier when getting name for resource number 0x00000001
10-11 16:43:12.982: W/ResourceType(16764): No package identifier when getting name for resource number 0x00000001
10-11 16:43:12.982: W/ResourceType(16764): No package identifier when getting name for resource number 0x00000001
10-11 16:43:12.982: I/ViewInteraction(16764): Performing 'single click' action on view (with class name: is "android.widget.LinearLayout" and with id: 1 (resource name not found) and is a child at 3th index of the matching parent: (with class name: is "android.widget.ListView" and with id: android:id/list and is a child at 1th index of the matching parent: (with class name: is "android.widget.RelativeLayout" and with id: org.runnerup:id/relative_layout1 and is a child at 0th index of the matching parent: (with class name: is "android.widget.FrameLayout" and with id: android:id/content and is a child at 1th index of the matching parent: (with class name: is "android.widget.LinearLayout" and with id: 1 (resource name not found) and is a child at 0th index of the matching parent: (with class name: is "com.android.internal.policy.PhoneWindow$DecorView" and with id: 1 (resource name not found) and is a root view.))))))
10-11 16:43:13.098: D/audio_hw_primary(198): out_set_parameters: enter: usecase(1: low-latency-playback) kvpairs: routing=8
10-11 16:43:13.135: D/AudioFlinger(198): mixer(0xb4180000) throttle end: throttle time(4)
10-11 16:43:13.704: I/ViewInteraction(16764): Performing 'Extracts screen state.' action on view is a root view.
10-11 16:43:13.704: W/ResourceType(16764): No known package when getting name for resource number 0xffffffff
10-11 16:43:13.710: W/ResourceType(16764): No known package when getting name for resource number 0xffffffff
10-11 16:43:13.726: W/ResourceType(16764): No known package when getting name for resource number 0xffffffff
10-11 16:43:13.731: W/ResourceType(16764): No known package when getting name for resource number 0xffffffff
10-11 16:43:13.733: W/ResourceType(16764): No known package when getting name for resource number 0xffffffff
10-11 16:43:13.735: W/ResourceType(16764): No known package when getting name for resource number 0xffffffff
10-11 16:43:13.739: W/ResourceType(16764): No known package when getting name for resource number 0xffffffff
10-11 16:43:13.741: W/ResourceType(16764): No known package when getting name for resource number 0xffffffff
10-11 16:43:13.743: W/ResourceType(16764): No known package when getting name for resource number 0xffffffff
10-11 16:43:13.745: W/ResourceType(16764): No known package when getting name for resource number 0xffffffff
10-11 16:43:13.754: W/ResourceType(16764): No known package when getting name for resource number 0xffffffff
10-11 16:43:13.759: W/ResourceType(16764): No known package when getting name for resource number 0xffffffff
10-11 16:43:13.762: W/ResourceType(16764): No known package when getting name for resource number 0xffffffff
10-11 16:43:13.767: W/ResourceType(16764): No known package when getting name for resource number 0xffffffff
10-11 16:43:13.771: W/ResourceType(16764): No known package when getting name for resource number 0xffffffff
10-11 16:43:13.775: W/ResourceType(16764): No known package when getting name for resource number 0xffffffff
10-11 16:43:13.778: W/ResourceType(16764): No known package when getting name for resource number 0xffffffff
10-11 16:43:13.781: W/ResourceType(16764): No known package when getting name for resource number 0xffffffff
10-11 16:43:13.886: I/System.out(16697): INFO: Already Exists: Optional.of(ScreenNode {Id=7, PackageName=org.runnerup, ActivityName=Optional.of(org.runnerup.view.AudioCueSettingsActivity)})
10-11 16:43:13.917: W/ResourceType(16764): No package identifier when getting name for resource number 0x00000001
10-11 16:43:13.917: W/ResourceType(16764): No package identifier when getting name for resource number 0x00000001
10-11 16:43:13.917: I/ViewInteraction(16764): Performing 'fast swipe' action on view (with class name: is "android.widget.ListView" and with id: android:id/list and is a child at 1th index of the matching parent: (with class name: is "android.widget.RelativeLayout" and with id: org.runnerup:id/relative_layout1 and is a child at 0th index of the matching parent: (with class name: is "android.widget.FrameLayout" and with id: android:id/content and is a child at 1th index of the matching parent: (with class name: is "android.widget.LinearLayout" and with id: 1 (resource name not found) and is a child at 0th index of the matching parent: (with class name: is "com.android.internal.policy.PhoneWindow$DecorView" and with id: 1 (resource name not found) and is a root view.)))))
10-11 16:43:14.342: I/ViewInteraction(16764): Performing 'Extracts screen state.' action on view is a root view.
10-11 16:43:14.343: W/ResourceType(16764): No known package when getting name for resource number 0xffffffff
10-11 16:43:14.352: W/ResourceType(16764): No known package when getting name for resource number 0xffffffff
10-11 16:43:14.381: W/ResourceType(16764): No known package when getting name for resource number 0xffffffff
10-11 16:43:14.385: W/ResourceType(16764): No known package when getting name for resource number 0xffffffff
10-11 16:43:14.387: W/ResourceType(16764): No known package when getting name for resource number 0xffffffff
10-11 16:43:14.389: W/ResourceType(16764): No known package when getting name for resource number 0xffffffff
10-11 16:43:14.391: W/ResourceType(16764): No known package when getting name for resource number 0xffffffff
10-11 16:43:14.393: W/ResourceType(16764): No known package when getting name for resource number 0xffffffff
10-11 16:43:14.394: W/ResourceType(16764): No known package when getting name for resource number 0xffffffff
10-11 16:43:14.401: W/ResourceType(16764): No known package when getting name for resource number 0xffffffff
10-11 16:43:14.405: W/ResourceType(16764): No known package when getting name for resource number 0xffffffff
10-11 16:43:14.407: W/ResourceType(16764): No known package when getting name for resource number 0xffffffff
10-11 16:43:14.409: W/ResourceType(16764): No known package when getting name for resource number 0xffffffff
10-11 16:43:14.412: W/ResourceType(16764): No known package when getting name for resource number 0xffffffff
10-11 16:43:14.414: W/ResourceType(16764): No known package when getting name for resource number 0xffffffff
10-11 16:43:14.417: W/ResourceType(16764): No known package when getting name for resource number 0xffffffff
10-11 16:43:14.511: I/System.out(16697): INFO: New Screen: Optional.of(ScreenNode {Id=9, PackageName=org.runnerup, ActivityName=Optional.of(org.runnerup.view.AudioCueSettingsActivity)})
10-11 16:43:14.876: W/ResourceType(16764): No package identifier when getting name for resource number 0x00000001
10-11 16:43:14.878: W/ResourceType(16764): No package identifier when getting name for resource number 0x00000001
10-11 16:43:14.879: W/ResourceType(16764): No package identifier when getting name for resource number 0x00000001
10-11 16:43:14.879: I/ViewInteraction(16764): Performing 'single click' action on view (with class name: is "android.widget.LinearLayout" and with id: 1 (resource name not found) and is a child at 1th index of the matching parent: (with class name: is "android.widget.ListView" and with id: android:id/list and is a child at 1th index of the matching parent: (with class name: is "android.widget.RelativeLayout" and with id: org.runnerup:id/relative_layout1 and is a child at 0th index of the matching parent: (with class name: is "android.widget.FrameLayout" and with id: android:id/content and is a child at 1th index of the matching parent: (with class name: is "android.widget.LinearLayout" and with id: 1 (resource name not found) and is a child at 0th index of the matching parent: (with class name: is "com.android.internal.policy.PhoneWindow$DecorView" and with id: 1 (resource name not found) and is a root view.))))))
10-11 16:43:14.998: D/audio_hw_primary(198): out_set_parameters: enter: usecase(1: low-latency-playback) kvpairs: routing=8
10-11 16:43:15.035: D/AudioFlinger(198): mixer(0xb4180000) throttle end: throttle time(4)
10-11 16:43:15.607: I/ViewInteraction(16764): Performing 'Extracts screen state.' action on view is a root view.
10-11 16:43:15.607: W/ResourceType(16764): No known package when getting name for resource number 0xffffffff
10-11 16:43:15.614: W/ResourceType(16764): No known package when getting name for resource number 0xffffffff
10-11 16:43:15.646: W/ResourceType(16764): No known package when getting name for resource number 0xffffffff
10-11 16:43:15.648: W/ResourceType(16764): No known package when getting name for resource number 0xffffffff
10-11 16:43:15.650: W/ResourceType(16764): No known package when getting name for resource number 0xffffffff
10-11 16:43:15.652: W/ResourceType(16764): No known package when getting name for resource number 0xffffffff
10-11 16:43:15.654: W/ResourceType(16764): No known package when getting name for resource number 0xffffffff
10-11 16:43:15.658: W/ResourceType(16764): No known package when getting name for resource number 0xffffffff
10-11 16:43:15.661: W/ResourceType(16764): No known package when getting name for resource number 0xffffffff
10-11 16:43:15.669: W/ResourceType(16764): No known package when getting name for resource number 0xffffffff
10-11 16:43:15.674: W/ResourceType(16764): No known package when getting name for resource number 0xffffffff
10-11 16:43:15.676: W/ResourceType(16764): No known package when getting name for resource number 0xffffffff
10-11 16:43:15.679: W/ResourceType(16764): No known package when getting name for resource number 0xffffffff
10-11 16:43:15.683: W/ResourceType(16764): No known package when getting name for resource number 0xffffffff
10-11 16:43:15.685: W/ResourceType(16764): No known package when getting name for resource number 0xffffffff
10-11 16:43:15.690: W/ResourceType(16764): No known package when getting name for resource number 0xffffffff
10-11 16:43:15.785: I/System.out(16697): INFO: Already Exists: Optional.of(ScreenNode {Id=9, PackageName=org.runnerup, ActivityName=Optional.of(org.runnerup.view.AudioCueSettingsActivity)})
10-11 16:43:15.809: W/ResourceType(16764): No package identifier when getting name for resource number 0x00000001
10-11 16:43:15.810: W/ResourceType(16764): No package identifier when getting name for resource number 0x00000001
10-11 16:43:15.810: I/ViewInteraction(16764): Performing 'single click' action on view (with class name: is "android.widget.TextView" and with id: android:id/title and is a child at 5th index of the matching parent: (with class name: is "android.widget.ListView" and with id: android:id/list and is a child at 1th index of the matching parent: (with class name: is "android.widget.RelativeLayout" and with id: org.runnerup:id/relative_layout1 and is a child at 0th index of the matching parent: (with class name: is "android.widget.FrameLayout" and with id: android:id/content and is a child at 1th index of the matching parent: (with class name: is "android.widget.LinearLayout" and with id: 1 (resource name not found) and is a child at 0th index of the matching parent: (with class name: is "com.android.internal.policy.PhoneWindow$DecorView" and with id: 1 (resource name not found) and is a root view.))))))
10-11 16:43:16.070: I/ViewInteraction(16764): Performing 'Extracts screen state.' action on view is a root view.
10-11 16:43:16.071: W/ResourceType(16764): No known package when getting name for resource number 0xffffffff
10-11 16:43:16.082: W/ResourceType(16764): No known package when getting name for resource number 0xffffffff
10-11 16:43:16.113: W/ResourceType(16764): No known package when getting name for resource number 0xffffffff
10-11 16:43:16.114: W/ResourceType(16764): No known package when getting name for resource number 0xffffffff
10-11 16:43:16.116: W/ResourceType(16764): No known package when getting name for resource number 0xffffffff
10-11 16:43:16.118: W/ResourceType(16764): No known package when getting name for resource number 0xffffffff
10-11 16:43:16.119: W/ResourceType(16764): No known package when getting name for resource number 0xffffffff
10-11 16:43:16.121: W/ResourceType(16764): No known package when getting name for resource number 0xffffffff
10-11 16:43:16.122: W/ResourceType(16764): No known package when getting name for resource number 0xffffffff
10-11 16:43:16.131: W/ResourceType(16764): No known package when getting name for resource number 0xffffffff
10-11 16:43:16.134: W/ResourceType(16764): No known package when getting name for resource number 0xffffffff
10-11 16:43:16.135: W/ResourceType(16764): No known package when getting name for resource number 0xffffffff
10-11 16:43:16.137: W/ResourceType(16764): No known package when getting name for resource number 0xffffffff
10-11 16:43:16.141: W/ResourceType(16764): No known package when getting name for resource number 0xffffffff
10-11 16:43:16.142: W/ResourceType(16764): No known package when getting name for resource number 0xffffffff
10-11 16:43:16.145: W/ResourceType(16764): No known package when getting name for resource number 0xffffffff
10-11 16:43:16.235: I/System.out(16697): INFO: Already Exists: Optional.of(ScreenNode {Id=9, PackageName=org.runnerup, ActivityName=Optional.of(org.runnerup.view.AudioCueSettingsActivity)})
10-11 16:43:16.256: W/ResourceType(16764): No package identifier when getting name for resource number 0x00000001
10-11 16:43:16.257: W/ResourceType(16764): No package identifier when getting name for resource number 0x00000001
10-11 16:43:16.258: W/ResourceType(16764): No package identifier when getting name for resource number 0x00000001
10-11 16:43:16.258: I/ViewInteraction(16764): Performing 'single click' action on view (with class name: is "android.widget.LinearLayout" and with id: 1 (resource name not found) and is a child at 3th index of the matching parent: (with class name: is "android.widget.ListView" and with id: android:id/list and is a child at 1th index of the matching parent: (with class name: is "android.widget.RelativeLayout" and with id: org.runnerup:id/relative_layout1 and is a child at 0th index of the matching parent: (with class name: is "android.widget.FrameLayout" and with id: android:id/content and is a child at 1th index of the matching parent: (with class name: is "android.widget.LinearLayout" and with id: 1 (resource name not found) and is a child at 0th index of the matching parent: (with class name: is "com.android.internal.policy.PhoneWindow$DecorView" and with id: 1 (resource name not found) and is a root view.))))))
10-11 16:43:16.378: D/audio_hw_primary(198): out_set_parameters: enter: usecase(1: low-latency-playback) kvpairs: routing=8
10-11 16:43:16.415: D/AudioFlinger(198): mixer(0xb4180000) throttle end: throttle time(4)
10-11 16:43:16.988: I/ViewInteraction(16764): Performing 'Extracts screen state.' action on view is a root view.
10-11 16:43:16.989: W/ResourceType(16764): No known package when getting name for resource number 0xffffffff
10-11 16:43:16.998: W/ResourceType(16764): No known package when getting name for resource number 0xffffffff
10-11 16:43:17.021: W/ResourceType(16764): No known package when getting name for resource number 0xffffffff
10-11 16:43:17.024: W/ResourceType(16764): No known package when getting name for resource number 0xffffffff
10-11 16:43:17.029: W/ResourceType(16764): No known package when getting name for resource number 0xffffffff
10-11 16:43:17.032: W/ResourceType(16764): No known package when getting name for resource number 0xffffffff
10-11 16:43:17.034: W/ResourceType(16764): No known package when getting name for resource number 0xffffffff
10-11 16:43:17.036: W/ResourceType(16764): No known package when getting name for resource number 0xffffffff
10-11 16:43:17.040: W/ResourceType(16764): No known package when getting name for resource number 0xffffffff
10-11 16:43:17.050: W/ResourceType(16764): No known package when getting name for resource number 0xffffffff
10-11 16:43:17.055: W/ResourceType(16764): No known package when getting name for resource number 0xffffffff
10-11 16:43:17.058: W/ResourceType(16764): No known package when getting name for resource number 0xffffffff
10-11 16:43:17.061: W/ResourceType(16764): No known package when getting name for resource number 0xffffffff
10-11 16:43:17.067: W/ResourceType(16764): No known package when getting name for resource number 0xffffffff
10-11 16:43:17.069: W/ResourceType(16764): No known package when getting name for resource number 0xffffffff
10-11 16:43:17.076: W/ResourceType(16764): No known package when getting name for resource number 0xffffffff
10-11 16:43:17.180: I/System.out(16697): INFO: Already Exists: Optional.of(ScreenNode {Id=9, PackageName=org.runnerup, ActivityName=Optional.of(org.runnerup.view.AudioCueSettingsActivity)})
10-11 16:43:17.220: W/ResourceType(16764): No package identifier when getting name for resource number 0x00000001
10-11 16:43:17.221: W/ResourceType(16764): No package identifier when getting name for resource number 0x00000001
10-11 16:43:17.222: W/ResourceType(16764): No package identifier when getting name for resource number 0x00000001
10-11 16:43:17.222: I/ViewInteraction(16764): Performing 'single click' action on view (with class name: is "android.widget.LinearLayout" and with id: 1 (resource name not found) and is a child at 7th index of the matching parent: (with class name: is "android.widget.ListView" and with id: android:id/list and is a child at 1th index of the matching parent: (with class name: is "android.widget.RelativeLayout" and with id: org.runnerup:id/relative_layout1 and is a child at 0th index of the matching parent: (with class name: is "android.widget.FrameLayout" and with id: android:id/content and is a child at 1th index of the matching parent: (with class name: is "android.widget.LinearLayout" and with id: 1 (resource name not found) and is a child at 0th index of the matching parent: (with class name: is "com.android.internal.policy.PhoneWindow$DecorView" and with id: 1 (resource name not found) and is a root view.))))))
10-11 16:43:17.338: D/audio_hw_primary(198): out_set_parameters: enter: usecase(1: low-latency-playback) kvpairs: routing=8
10-11 16:43:17.375: D/AudioFlinger(198): mixer(0xb4180000) throttle end: throttle time(4)
10-11 16:43:17.632: I/ViewInteraction(16764): Performing 'Extracts screen state.' action on view is a root view.
10-11 16:43:17.632: W/ResourceType(16764): No known package when getting name for resource number 0xffffffff
10-11 16:43:17.635: W/ResourceType(16764): No known package when getting name for resource number 0xffffffff
10-11 16:43:17.756: I/System.out(16697): INFO: New Screen: Optional.of(ScreenNode {Id=10, PackageName=org.runnerup, ActivityName=Optional.of(org.runnerup.view.AudioCueSettingsActivity)})
10-11 16:43:18.152: W/ResourceType(16764): No package identifier when getting name for resource number 0x00000001
10-11 16:43:18.152: W/ResourceType(16764): No package identifier when getting name for resource number 0x00000001
