11-11 03:04:20.216  1381  1804 W Places  : Ignoring PlaceGeofence, no matching place found for alert
11-11 03:04:20.216  1381  1804 W Places  : Ignoring PlaceGeofence, no matching place found for alert
11-11 03:04:20.216  1381  1804 W Places  : Ignoring PlaceGeofence, no matching place found for alert
11-11 03:04:20.216  1381  1804 W Places  : Ignoring PlaceGeofence, no matching place found for alert
11-11 03:04:20.217  1381  1804 W Places  : Ignoring PlaceGeofence, no matching place found for alert
11-11 03:04:20.217  1381  1804 W Places  : Ignoring PlaceGeofence, no matching place found for alert
11-11 03:04:20.217  1381  1804 W Places  : Ignoring PlaceGeofence, no matching place found for alert
11-11 03:04:20.217  1381  1804 W Places  : Ignoring PlaceGeofence, no matching place found for alert
11-11 03:04:20.217  1381  1804 W Places  : Ignoring PlaceGeofence, no matching place found for alert
11-11 03:04:20.218  1381  1804 W Places  : Ignoring PlaceGeofence, no matching place found for alert
11-11 03:04:20.218  1381  1804 W Places  : Ignoring PlaceGeofence, no matching place found for alert
11-11 03:04:20.218  1381  1804 W Places  : Ignoring PlaceGeofence, no matching place found for alert
11-11 03:04:20.218  1381  1804 W Places  : Ignoring PlaceGeofence, no matching place found for alert
11-11 03:04:20.219  1381  1804 W Places  : Ignoring PlaceGeofence, no matching place found for alert
11-11 03:04:20.219  1381  1804 W Places  : Ignoring PlaceGeofence, no matching place found for alert
11-11 03:04:20.219  1381  1804 W Places  : Ignoring PlaceGeofence, no matching place found for alert
11-11 03:04:20.219  1381  1804 W Places  : Ignoring PlaceGeofence, no matching place found for alert
11-11 03:04:20.220  1381  1804 W Places  : Ignoring PlaceGeofence, no matching place found for alert
11-11 03:04:20.220  1381  1804 W Places  : Ignoring PlaceGeofence, no matching place found for alert
11-11 03:04:20.220  1381  1804 W Places  : Ignoring PlaceGeofence, no matching place found for alert
11-11 03:04:20.220  1381  1804 W Places  : Ignoring PlaceGeofence, no matching place found for alert
11-11 03:04:20.221  1381  1804 W Places  : Ignoring PlaceGeofence, no matching place found for alert
11-11 03:04:20.221  1381  1804 W Places  : Ignoring PlaceGeofence, no matching place found for alert
11-11 03:04:20.221  1381  1804 W Places  : Ignoring PlaceGeofence, no matching place found for alert
11-11 03:04:20.221  1381  1804 W Places  : Ignoring PlaceGeofence, no matching place found for alert
11-11 03:04:20.222  1381  1804 W Places  : Ignoring PlaceGeofence, no matching place found for alert
11-11 03:04:20.222  1381  1804 W Places  : Ignoring PlaceGeofence, no matching place found for alert
11-11 03:04:20.222  1381  1804 W Places  : Ignoring PlaceGeofence, no matching place found for alert
11-11 03:04:20.222  1381  1804 W Places  : Ignoring PlaceGeofence, no matching place found for alert
11-11 03:04:20.222  1381  1804 W Places  : Ignoring PlaceGeofence, no matching place found for alert
11-11 03:04:20.223  1381  1804 W Places  : Ignoring PlaceGeofence, no matching place found for alert
11-11 03:04:20.223  1381  1804 W Places  : Ignoring PlaceGeofence, no matching place found for alert
11-11 03:04:20.223  1381  1804 W Places  : Ignoring PlaceGeofence, no matching place found for alert
11-11 03:04:20.223  1381  1804 W Places  : Ignoring PlaceGeofence, no matching place found for alert
11-11 03:04:20.224  1381  1804 W Places  : Ignoring PlaceGeofence, no matching place found for alert
11-11 03:04:20.224  1381  1804 W Places  : Ignoring PlaceGeofence, no matching place found for alert
11-11 03:04:20.225  1381  1804 W Places  : Ignoring PlaceGeofence, no matching place found for alert
11-11 03:04:20.225  1381  1804 W Places  : Ignoring PlaceGeofence, no matching place found for alert
11-11 03:04:20.225  1381  1804 W Places  : Ignoring PlaceGeofence, no matching place found for alert
11-11 03:04:20.226  1381  1804 W Places  : Ignoring PlaceGeofence, no matching place found for alert
11-11 03:04:20.226  1381  1804 W Places  : Ignoring PlaceGeofence, no matching place found for alert
11-11 03:04:20.226  1381  1804 W Places  : Ignoring PlaceGeofence, no matching place found for alert
11-11 03:04:20.227  1381  1804 W Places  : Ignoring PlaceGeofence, no matching place found for alert
11-11 03:04:20.227  1381  1804 W Places  : Ignoring PlaceGeofence, no matching place found for alert
11-11 03:04:20.227  1381  1804 W Places  : Ignoring PlaceGeofence, no matching place found for alert
11-11 03:04:20.227  1381  1804 W Places  : Ignoring PlaceGeofence, no matching place found for alert
11-11 03:04:20.227  1381  1804 W Places  : Ignoring PlaceGeofence, no matching place found for alert
11-11 03:04:20.228  1381  1804 W Places  : Ignoring PlaceGeofence, no matching place found for alert
11-11 03:04:20.228  1381  1804 W Places  : Ignoring PlaceGeofence, no matching place found for alert
11-11 03:04:20.228  1381  1804 W Places  : Ignoring PlaceGeofence, no matching place found for alert
11-11 03:04:20.228  1381  1804 W Places  : Ignoring PlaceGeofence, no matching place found for alert
11-11 03:04:20.229  1381  1804 W Places  : Ignoring PlaceGeofence, no matching place found for alert
11-11 03:04:20.229  1381  1804 W Places  : Ignoring PlaceGeofence, no matching place found for alert
11-11 03:04:20.229  1381  1804 W Places  : Ignoring PlaceGeofence, no matching place found for alert
11-11 03:04:20.229  1381  1804 W Places  : Ignoring PlaceGeofence, no matching place found for alert
11-11 03:04:20.230  1381  1804 W Places  : Ignoring PlaceGeofence, no matching place found for alert
11-11 03:04:20.230  1381  1804 W Places  : Ignoring PlaceGeofence, no matching place found for alert
11-11 03:04:20.230  1381  1804 W Places  : Ignoring PlaceGeofence, no matching place found for alert
11-11 03:04:20.230  1381  1804 W Places  : Ignoring PlaceGeofence, no matching place found for alert
11-11 03:04:20.231  1381  1804 W Places  : Ignoring PlaceGeofence, no matching place found for alert
11-11 03:04:20.231  1381  1804 W Places  : Ignoring PlaceGeofence, no matching place found for alert
11-11 03:04:20.231  1381  1804 W Places  : Ignoring PlaceGeofence, no matching place found for alert
11-11 03:04:20.231  1381  1804 W Places  : Ignoring PlaceGeofence, no matching place found for alert
11-11 03:04:20.232  1381  1804 W Places  : Ignoring PlaceGeofence, no matching place found for alert
11-11 03:04:20.232  1381  1804 W Places  : Ignoring PlaceGeofence, no matching place found for alert
11-11 03:04:20.232  1381  1804 W Places  : Ignoring PlaceGeofence, no matching place found for alert
11-11 03:04:20.232  1381  1804 W Places  : Ignoring PlaceGeofence, no matching place found for alert
11-11 03:04:20.233  1381  1804 W Places  : Ignoring PlaceGeofence, no matching place found for alert
11-11 03:04:20.234  1381  1804 W Places  : Ignoring PlaceGeofence, no matching place found for alert
11-11 03:04:20.234  1381  1804 W Places  : Ignoring PlaceGeofence, no matching place found for alert
11-11 03:04:20.248  1381  1381 I GeofencerStateMachine: removeGeofences: removeRequest=RemoveGeofencingRequest[REMOVE_BY_IDS Ids=[QEmPnszfQUNAMP1m9Crfp0KgAAAAAknwAAAAAg==
11-11 03:04:20.248  1381  1381 I GeofencerStateMachine: , QEmPTbWVeKJAMP1y2ujvQkKgAAAAAknwAAAAAg==
11-11 03:04:20.248  1381  1381 I GeofencerStateMachine: , QEmMUFcwaH1AMP8utfXwskKgAAAAAknwAAAAAg==
11-11 03:04:20.248  1381  1381 I GeofencerStateMachine: , QEmPrjApk3dAMP1SknQLakKgAAAAAknwAAAAAg==
11-11 03:04:20.248  1381  1381 I GeofencerStateMachine: , QEmMcKjfh7tAMP92N5TBw0KgAAAAAknwAAAAAg==
11-11 03:04:20.248  1381  1381 I GeofencerStateMachine: , QEmLXAW6VCRAMP9/cCKnykKgAAAAAknwAAAAAg==
11-11 03:04:20.248  1381  1381 I GeofencerStateMachine: , QEmPWMI49RRAMP01wYLsr0KgAAAAAknwAAAAAg==
11-11 03:04:20.248  1381  1381 I GeofencerStateMachine: , QEmLUI9kjHFAMP+++aVy60KgAAAAAknwAAAAAg==
11-11 03:04:20.248  1381  1381 I GeofencerStateMachine: , QEmPXCj1wo9AMP1wo9cKPUKgAAAAAknwAAAAAg==
11-11 03:04:20.248  1381  1381 I GeofencerStateMachine: , QEmPPuXu3MJAMP2EwnH/90KgAAAAAknwAAAAAg==
11-11 03:04:20.248  1381  1381 I GeofencerStateMachine: , QEmLU6FnxDRAMP+A2NhzykKgAAAAAknwAAAAAg==
11-11 03:04:20.248  1381  1381 I GeofencerStateMachine: , QEmNmQNxpIhAMPi/u2xSOUUn3aX/////AAAAAA==
11-11 03:04:20.248  1381  1381 I GeofencerStateMachine: , QEmP3FeES1NAMPyG9VInFEKgAAAAAknwAAAAAg==
11-11 03:04:20.248  1381  1381 I GeofencerStateMachine: , QEmLdFAz9PpAMP6PrLDNk0KgAAAAAknwAAAAAg==
11-11 03:04:20.248  1381  1381 I GeofencerStateMachine: , QEmLbCaZx71AMP+h4+r2g0KgAAAAAknwAAAAAg==
11-11 03:04:20.248  1381  1381 I GeofencerStateMachine: , QEmPTn7pFCtAMP2HpKSPl0KgAAAAAknwAAAAAg==
11-11 03:04:20.248  1381  1381 I GeofencerStateMachine: , QEmPkMGDw25AMP6wMYuTRkKgAAAAAknwAAAAAg==
11-11 03:04:20.248  1381  1381 I GeofencerStateMachine: , QEmPN6MEfGZAMPOAY2euZUKgAAAAAknwAAAAAg==
11-11 03:04:20.248  1381  1381 I GeofencerStateMachine: , QEmP0AcT8HdAMPzE4hzAKkKgAAAAAknwAAAAAg==
11-11 03:04:20.248  1381  1381 I GeofencerStateMachine: , QEmPXJewi01AMP1N5+pfhUKgAAAAAknwAAAAAg==
11-11 03:04:20.248  1381  1381 I GeofencerStateMachine: , QEmPtJCV5NlAMPz6wPveMkKgAAAAAknwAAAAAg==
11-11 03:04:20.248  1381  1381 I GeofencerStateMachine: , QEmPFGAJVRRAMPIFC9h7V0KgAAAAAknwAAAAAg==
11-11 03:04:20.248  1381  1381 I GeofencerStateMachine: , QEmPR1N7qBdAMP1IuNZ1w0KgAAAAAknwAAAAAg==
11-11 03:04:20.248  1381  1381 I GeofencerStateMachine: , QEmLWuoxYaJAMP+CPIXCTEKgAAAAAknwAAAAAg==
11-11 03:04:20.248  1381  1381 I GeofencerStateMachine: , QEmPWxyGSIRAMP2UBdviE0KgAAAAAknwAAAAAg==
11-11 03:04:20.248  1381  1381 I GeofencerStateMachine: ], packageName=com.google.android.gms]
11-11 03:04:20.262  1381  1381 I GeofencerStateMachine: addGeofences: geofencingRequest=GeofencingRequest[geofences=[Geofence[CIRCLE id:QEmOW8h9srNAMP6tcOby6UKgAAAAAknwAAAAAg==
11-11 03:04:20.262  1381  1381 I GeofencerStateMachine:  transitions:7 51.112176, 16.994834 80m, resp=150s, dwell=150000ms, @-1], Geofence[CIRCLE id:QEmMUr08NhFAMPn9WIXTE0KgAAAAAknwAAAAAg==
11-11 03:04:20.262  1381  1381 I GeofencerStateMachine:  transitions:7 51.096275, 16.976522 80m, resp=150s, dwell=150000ms, @-1], Geofence[CIRCLE id:QEmMNHOlE0pAMPZfhMrVfEKgAAAAAknwAAAAAg==
11-11 03:04:20.262  1381  1381 I GeofencerStateMachine:  transitions:7 51.095351, 16.962395 80m, resp=150s, dwell=150000ms, @-1], Geofence[CIRCLE id:QEmOWRETTbtAMP1nN0a+KkKgAAAAAknwAAAAAg==
11-11 03:04:20.262  1381  1381 I GeofencerStateMachine:  transitions:7 51.112093, 16.989856 80m, resp=150s, dwell=150000ms, @-1], Geofence[CIRCLE id:QEmPGCgU8f9AMPzKVfoHmEKgAAAAAknwAAAAAg==
11-11 03:04:20.262  1381  1381 I GeofencerStateMachine:  transitions:7 51.117925, 16.987462 80m, resp=150s, dwell=150000ms, @-1], Geofence[CIRCLE id:QEmMaHU0X4NAMPvd6iuCZUKgAAAAAknwAAAAAg==
11-11 03:04:20.262  1381  1381 I GeofencerStateMachine:  transitions:7 51.096938, 16.983855 80m, resp=150s, dwell=150000ms, @-1], Geofence[CIRCLE id:QEmOBd2Pkq9AMPvmgam4y0KgAAAAAknwAAAAAg==
11-11 03:04:20.262  1381  1381 I GeofencerStateMachine:  transitions:7 51.109554, 16.983986 80m, resp=150s, dwell=150000ms, @-1], Geofence[CIRCLE id:QEmOYj+QOMdAMP1hhVYVtkKgAAAAAknwAAAAAg==
11-11 03:04:20.262  1381  1381 I GeofencerStateMachine:  transitions:7 51.112373, 16.989769 80m, resp=150s, dwell=150000ms, @-1], Geofence[CIRCLE id:QEmPEsrd30NAMPzXOGCZnkKgAAAAAknwAAAAAg==
11-11 03:04:20.262  1381  1381 I GeofencerStateMachine:  transitions:7 51.117761, 16.987659 80m, resp=150s, dwell=150000ms, @-1], Geofence[CIRCLE id:QEmNmQNxpIhAMPi/u2xSOUTlkzf/////AAAAAA==
11-11 03:04:20.262  1381  1381 I GeofencerStateMachine:  transitions:3 51.106232, 16.971676 1837m, resp=150s, dwell=-1ms, @-1], Geofence[CIRCLE id:QEmNh2nsLORAMPJZ8rqdH0KgAAAAAknwAAAAAg==
11-11 03:04:20.262  1381  1381 I GeofencerStateMachine:  transitions:7 51.105695, 16.946685 80m, resp=150s, dwell=150000ms, @-1], Geofence[CIRCLE id:QEmOeoXYG7VAMPmBCy1arEKgAAAAAknwAAAAAg==
11-11 03:04:20.262  1381  1381 I GeofencerStateMachine:  transitions:7 51.113114, 16.974625 80m, resp=150s, dwell=150000ms, @-1], Geofence[CIRCLE id:QEmMPjXFtKpAMPuy+bzv4EKgAAAAAknwAAAAAg==
11-11 03:04:20.262  1381  1381 I GeofencerStateMachine:  transitions:7 51.095648, 16.983200 80m, resp=150s, dwell=150000ms, @-1], Geofence[CIRCLE id:QEmPSm3iW6pAMPoP1w2Yb0KgAAAAAknwAAAAAg==
11-11 03:04:20.262  1381  1381 I GeofencerStateMachine:  transitions:7 51.119459, 16.976804 80m, resp=150s, dwell=150000ms, @-1], Geofence[CIRCLE id:QEmOd/NWpFFAMPs8wv7tsUKgAAAAAknwAAAAAg==
11-11 03:04:20.262  1381  1381 I GeofencerStateMachine:  transitions:7 51.113036, 16.981396 80m, resp=150s, dwell=150000ms, @-1], Geofence[CIRCLE id:QEmOXIEKVpxAMPw/c7NWA0KgAAAAAknwAAAAAg==
11-11 03:04:20.262  1381  1381 I GeofencerStateMachine:  transitions:7 51.112198, 16.985343 80m, resp=150s, dwell=150000ms, @-1], Geofence[CIRCLE id:QEmNsbDnk/hAMPh+rlvIfUKgAAAAAknwAAAAAg==
11-11 03:04:20.262  1381  1381 I GeofencerStateMachine:  transitions:7 51.106985, 16.970683 80m, resp=150s, dwell=150000ms, @-1], Geofence[CIRCLE id:QEmOZH1YGnNAMP2yf0Os/kKgAAAAAknwAAAAAg==
11-11 03:04:20.262  1381  1381 I GeofencerStateMachine:  transitions:7 51.112442, 16.991005 80m, resp=150s, dwell=150000ms, @-1], Geofence[CIRCLE id:QEmOYRTtzc5AMPy6wFrOgkKgAAAAAknwAAAAAg==
11-11 03:04:20.262  1381  1381 I GeofencerStateMachine:  transitions:7 51.112338, 16.987225 80m, resp=150s, dwell=150000ms, @-1], Geofence[CIRCLE id:QEmObWEsasJAMPXiu0ubCUKgAAAAAknwAAAAAg==
11-11 03:04:20.262  1381  1381 I GeofencerStateMachine:  transitions:7 51.112713, 16.960491 80m, resp=150s, dwell=150000ms, @-1], Geofence[CIRCLE id:QEmOWkadc0NAMPXfqHGjsUKgAAAAAknwAAAAAg==
11-11 03:04:20.262  1381  1381 I GeofencerStateMachine:  transitions:7 51.112130, 16.960444 80m, resp=150s, dwell=150000ms, @-1], Geofence[CIRCLE id:QEmOaJAMUh5AMPOJP69CeEKgAAAAAknwAAAAAg==
11-11 03:04:20.262  1381  1381 I GeofencerStateMachine:  transitions:7 51.112566, 16.951313 80m, resp=150s, dwell=150000ms, @-1], Geofence[CIRCLE id:QEmM0WuX/o9AMP4AXEZR9EKgAAAAAknwAAAAAg==
11-11 03:04:20.262  1381  1381 I GeofencerStateMachine:  transitions:7 51.100141, 16.992193 80m, resp=150s, dwell=150000ms, @-1], Geofence[CIRCLE id:QEmPPH8MT5lAMPmzOX3QD0KgAAAAAknwAAAAAg==
11-11 03:04:20.262  1381  1381 I GeofencerStateMachine:  transitions:7 51.119034, 16.975391 80m, resp=150s, dwell=150000ms, @-1], Geofence[CIRCLE id:QEmOe4df2zJAMPw1+2SPzEKgAAAAAknwAAAAAg==
11-11 03:04:20.262  1381  1381 I GeofencerStateMachine:  transitions:7 51.113145, 16.985199 80m, resp=150s, dwell=150000ms, @-1]], initialTrigger=5, tag=places] intent=PendingIntent{1c5ff789: android.os.BinderProxy@f3e538e}
11-11 03:04:20.279  1381  1804 W Places  : Ignoring PlaceGeofence, no matching place found for alert
11-11 03:04:20.280  1381  1804 W Places  : Ignoring PlaceGeofence, no matching place found for alert
11-11 03:04:20.280  1381  1804 W Places  : Ignoring PlaceGeofence, no matching place found for alert
11-11 03:04:20.280  1381  1804 W Places  : Ignoring PlaceGeofence, no matching place found for alert
11-11 03:04:20.280  1381  1804 W Places  : Ignoring PlaceGeofence, no matching place found for alert
11-11 03:04:20.281  1381  1804 W Places  : Ignoring PlaceGeofence, no matching place found for alert
11-11 03:04:20.281  1381  1804 W Places  : Ignoring PlaceGeofence, no matching place found for alert
11-11 03:04:20.281  1381  1804 W Places  : Ignoring PlaceGeofence, no matching place found for alert
11-11 03:04:20.281  1381  1804 W Places  : Ignoring PlaceGeofence, no matching place found for alert
11-11 03:04:20.282  1381  1804 W Places  : Ignoring PlaceGeofence, no matching place found for alert
11-11 03:04:20.282  1381  1804 W Places  : Ignoring PlaceGeofence, no matching place found for alert
11-11 03:04:20.282  1381  1804 W Places  : Ignoring PlaceGeofence, no matching place found for alert
11-11 03:04:20.283  1381  1804 W Places  : Ignoring PlaceGeofence, no matching place found for alert
11-11 03:04:20.283  1381  1804 W Places  : Ignoring PlaceGeofence, no matching place found for alert
11-11 03:04:20.283  1381  1804 W Places  : Ignoring PlaceGeofence, no matching place found for alert
11-11 03:04:20.283  1381  1804 W Places  : Ignoring PlaceGeofence, no matching place found for alert
11-11 03:04:20.284  1381  1804 W Places  : Ignoring PlaceGeofence, no matching place found for alert
11-11 03:04:20.284  1381  1804 W Places  : Ignoring PlaceGeofence, no matching place found for alert
11-11 03:04:20.284  1381  1804 W Places  : Ignoring PlaceGeofence, no matching place found for alert
11-11 03:04:20.284  1381  1804 W Places  : Ignoring PlaceGeofence, no matching place found for alert
11-11 03:04:20.285  1381  1804 W Places  : Ignoring PlaceGeofence, no matching place found for alert
11-11 03:04:20.285  1381  1804 W Places  : Ignoring PlaceGeofence, no matching place found for alert
11-11 03:04:20.285  1381  1804 W Places  : Ignoring PlaceGeofence, no matching place found for alert
11-11 03:04:20.285  1381  1804 W Places  : Ignoring PlaceGeofence, no matching place found for alert
11-11 03:04:20.286  1381  1804 W Places  : Ignoring PlaceGeofence, no matching place found for alert
11-11 03:04:20.286  1381  1804 W Places  : Ignoring PlaceGeofence, no matching place found for alert
11-11 03:04:20.286  1381  1804 W Places  : Ignoring PlaceGeofence, no matching place found for alert
11-11 03:04:20.286  1381  1804 W Places  : Ignoring PlaceGeofence, no matching place found for alert
11-11 03:04:20.287  1381  1804 W Places  : Ignoring PlaceGeofence, no matching place found for alert
11-11 03:04:20.287  1381  1804 W Places  : Ignoring PlaceGeofence, no matching place found for alert
11-11 03:04:20.287  1381  1804 W Places  : Ignoring PlaceGeofence, no matching place found for alert
11-11 03:04:20.287  1381  1804 W Places  : Ignoring PlaceGeofence, no matching place found for alert
11-11 03:04:20.288  1381  1804 W Places  : Ignoring PlaceGeofence, no matching place found for alert
11-11 03:04:20.288  1381  1804 W Places  : Ignoring PlaceGeofence, no matching place found for alert
11-11 03:04:20.288  1381  1804 W Places  : Ignoring PlaceGeofence, no matching place found for alert
11-11 03:04:20.288  1381  1804 W Places  : Ignoring PlaceGeofence, no matching place found for alert
11-11 03:04:20.288  1381  1804 W Places  : Ignoring PlaceGeofence, no matching place found for alert
11-11 03:04:20.289  1381  1804 W Places  : Ignoring PlaceGeofence, no matching place found for alert
11-11 03:04:20.289  1381  1804 W Places  : Ignoring PlaceGeofence, no matching place found for alert
11-11 03:04:20.289  1381  1804 W Places  : Ignoring PlaceGeofence, no matching place found for alert
11-11 03:04:20.289  1381  1804 W Places  : Ignoring PlaceGeofence, no matching place found for alert
11-11 03:04:20.290  1381  1804 W Places  : Ignoring PlaceGeofence, no matching place found for alert
11-11 03:04:20.290  1381  1804 W Places  : Ignoring PlaceGeofence, no matching place found for alert
11-11 03:04:20.290  1381  1804 W Places  : Ignoring PlaceGeofence, no matching place found for alert
11-11 03:04:20.290  1381  1804 W Places  : Ignoring PlaceGeofence, no matching place found for alert
11-11 03:04:20.291  1381  1804 W Places  : Ignoring PlaceGeofence, no matching place found for alert
11-11 03:04:20.291  1381  1804 W Places  : Ignoring PlaceGeofence, no matching place found for alert
11-11 03:04:20.291  1381  1804 W Places  : Ignoring PlaceGeofence, no matching place found for alert
11-11 03:04:20.291  1381  1804 W Places  : Ignoring PlaceGeofence, no matching place found for alert
11-11 03:04:20.292  1381  1804 W Places  : Ignoring PlaceGeofence, no matching place found for alert
11-11 03:04:20.292  1381  1804 W Places  : Ignoring PlaceGeofence, no matching place found for alert
11-11 03:04:20.292  1381  1804 W Places  : Ignoring PlaceGeofence, no matching place found for alert
11-11 03:04:20.292  1381  1804 W Places  : Ignoring PlaceGeofence, no matching place found for alert
11-11 03:04:20.293  1381  1804 W Places  : Ignoring PlaceGeofence, no matching place found for alert
11-11 03:04:20.293  1381  1804 W Places  : Ignoring PlaceGeofence, no matching place found for alert
11-11 03:04:20.293  1381  1804 W Places  : Ignoring PlaceGeofence, no matching place found for alert
11-11 03:04:20.293  1381  1804 W Places  : Ignoring PlaceGeofence, no matching place found for alert
11-11 03:04:20.294  1381  1804 W Places  : Ignoring PlaceGeofence, no matching place found for alert
11-11 03:04:20.294  1381  1804 W Places  : Ignoring PlaceGeofence, no matching place found for alert
11-11 03:04:20.294  1381  1804 W Places  : Ignoring PlaceGeofence, no matching place found for alert
11-11 03:04:20.294  1381  1804 W Places  : Ignoring PlaceGeofence, no matching place found for alert
11-11 03:04:20.295  1381  1804 W Places  : Ignoring PlaceGeofence, no matching place found for alert
11-11 03:04:20.295  1381  1804 W Places  : Ignoring PlaceGeofence, no matching place found for alert
11-11 03:04:20.295  1381  1804 W Places  : Ignoring PlaceGeofence, no matching place found for alert
11-11 03:04:20.295  1381  1804 W Places  : Ignoring PlaceGeofence, no matching place found for alert
11-11 03:04:20.296  1381  1804 W Places  : Ignoring PlaceGeofence, no matching place found for alert
11-11 03:04:20.296  1381  1804 W Places  : Ignoring PlaceGeofence, no matching place found for alert
11-11 03:04:20.296  1381  1804 W Places  : Ignoring PlaceGeofence, no matching place found for alert
11-11 03:04:20.297  1381  1804 W Places  : Ignoring PlaceGeofence, no matching place found for alert
11-11 03:04:20.297  1381  1804 W Places  : Ignoring PlaceGeofence, no matching place found for alert
11-11 03:04:20.297  1381  1804 W Places  : Ignoring PlaceGeofence, no matching place found for alert
11-11 03:04:20.297  1381  1804 W Places  : Ignoring PlaceGeofence, no matching place found for alert
11-11 03:04:20.298  1381  1804 W Places  : Ignoring PlaceGeofence, no matching place found for alert
11-11 03:04:20.298  1381  1804 W Places  : Ignoring PlaceGeofence, no matching place found for alert
11-11 03:04:20.298  1381  1804 W Places  : Ignoring PlaceGeofence, no matching place found for alert
11-11 03:04:20.298  1381  1804 W Places  : Ignoring PlaceGeofence, no matching place found for alert
11-11 03:04:20.299  1381  1804 W Places  : Ignoring PlaceGeofence, no matching place found for alert
11-11 03:04:20.299  1381  1804 W Places  : Ignoring PlaceGeofence, no matching place found for alert
11-11 03:04:20.299  1381  1804 W Places  : Ignoring PlaceGeofence, no matching place found for alert
11-11 03:04:20.299  1381  1804 W Places  : Ignoring PlaceGeofence, no matching place found for alert
11-11 03:04:20.300  1381  1804 W Places  : Ignoring PlaceGeofence, no matching place found for alert
11-11 03:04:20.300  1381  1804 W Places  : Ignoring PlaceGeofence, no matching place found for alert
11-11 03:04:20.300  1381  1804 W Places  : Ignoring PlaceGeofence, no matching place found for alert
11-11 03:04:20.300  1381  1804 W Places  : Ignoring PlaceGeofence, no matching place found for alert
11-11 03:04:20.301  1381  1804 W Places  : Ignoring PlaceGeofence, no matching place found for alert
11-11 03:04:20.301  1381  1804 W Places  : Ignoring PlaceGeofence, no matching place found for alert
11-11 03:04:20.301  1381  1804 W Places  : Ignoring PlaceGeofence, no matching place found for alert
11-11 03:04:20.301  1381  1804 W Places  : Ignoring PlaceGeofence, no matching place found for alert
11-11 03:04:20.302  1381  1804 W Places  : Ignoring PlaceGeofence, no matching place found for alert
11-11 03:04:20.302  1381  1804 W Places  : Ignoring PlaceGeofence, no matching place found for alert
11-11 03:04:20.302  1381  1804 W Places  : Ignoring PlaceGeofence, no matching place found for alert
11-11 03:04:20.302  1381  1804 W Places  : Ignoring PlaceGeofence, no matching place found for alert
11-11 03:04:20.303  1381  1804 W Places  : Ignoring PlaceGeofence, no matching place found for alert
11-11 03:04:20.303  1381  1804 W Places  : Ignoring PlaceGeofence, no matching place found for alert
11-11 03:04:20.303  1381  1804 W Places  : Ignoring PlaceGeofence, no matching place found for alert
11-11 03:04:20.303  1381  1804 W Places  : Ignoring PlaceGeofence, no matching place found for alert
11-11 03:04:20.304  1381  1804 W Places  : Ignoring PlaceGeofence, no matching place found for alert
11-11 03:04:20.304  1381  1804 W Places  : Ignoring PlaceGeofence, no matching place found for alert
11-11 03:04:20.304  1381  1804 W Places  : Ignoring PlaceGeofence, no matching place found for alert
11-11 03:04:20.319  1381  1381 I GeofencerStateMachine: removeGeofences: removeRequest=RemoveGeofencingRequest[REMOVE_BY_IDS Ids=[QEmPPpwdAZhAMP0wdemRKEKgAAAAAknwAAAAAg==
11-11 03:04:20.319  1381  1381 I GeofencerStateMachine: , QEmNwwJIr5xAMPIlCM4E20KgAAAAAknwAAAAAg==
11-11 03:04:20.319  1381  1381 I GeofencerStateMachine: , QEmPNEWB6lBAMP07E9JE3EKgAAAAAknwAAAAAg==
11-11 03:04:20.319  1381  1381 I GeofencerStateMachine: , QEmPmMLaBMNAMPZQGR0HeEKgAAAAAknwAAAAAg==
11-11 03:04:20.319  1381  1381 I GeofencerStateMachine: , QEmPSgGr0apAMP0R8nDLREKgAAAAAknwAAAAAg==
11-11 03:04:20.319  1381  1381 I GeofencerStateMachine: , QEmNxI8QqZtAMPJBLPD500KgAAAAAknwAAAAAg==
11-11 03:04:20.319  1381  1381 I GeofencerStateMachine: , QEmPR51Ng0BAMP0e7gHQukKgAAAAAknwAAAAAg==
11-11 03:04:20.319  1381  1381 I GeofencerStateMachine: , QEmPPk7wKBxAMP0xubZvk0KgAAAAAknwAAAAAg==
11-11 03:04:20.319  1381  1381 I GeofencerStateMachine: , QEmPNEqKZ81AMP07HeM/1kKgAAAAAknwAAAAAg==
11-11 03:04:20.319  1381  1381 I GeofencerStateMachine: , QEmPQ1rIo3JAMP0IC2c8T0KgAAAAAknwAAAAAg==
11-11 03:04:20.319  1381  1381 I GeofencerStateMachine: , QEmPJxNqQA9AMP0PczqKP0KgAAAAAknwAAAAAg==
11-11 03:04:20.319  1381  1381 I GeofencerStateMachine: , QEmNf5ADF+JAMPI1ivxH5EKgAAAAAknwAAAAAg==
11-11 03:04:20.319  1381  1381 I GeofencerStateMachine: , QEmNzRaep/ZAMPIYH7F2L0KgAAAAAknwAAAAAg==
11-11 03:04:20.319  1381  1381 I GeofencerStateMachine: , QEmNRMN+b3FAMPISg5BC2UKgAAAAAknwAAAAAg==
11-11 03:04:20.319  1381  1381 I GeofencerStateMachine: , QEmPT/ACW/pAMPz2zv7WNEKgAAAAAknwAAAAAg==
11-11 03:04:20.319  1381  1381 I GeofencerStateMachine: , QEmPt52Qnx9AMPliqUKECUKgAAAAAknwAAAAAg==
11-11 03:04:20.319  1381  1381 I GeofencerStateMachine: , QEmPOM2m52BAMP1RUFSsKkKgAAAAAknwAAAAAg==
11-11 03:04:20.319  1381  1381 I GeofencerStateMachine: , QEmPJleCndRAMP0ir1dxAEKgAAAAAknwAAAAAg==
11-11 03:04:20.319  1381  1381 I GeofencerStateMachine: , QEmOiPhhpg1AMPL212JSBEKgAAAAAknwAAAAAg==
11-11 03:04:20.319  1381  1381 I GeofencerStateMachine: , QEmPKbayrxVAMP0dg56FkUKgAAAAAknwAAAAAg==
11-11 03:04:20.319  1381  1381 I GeofencerStateMachine: , QEmPN9YwIt5AMP0uY8CZuEKgAAAAAknwAAAAAg==
11-11 03:04:20.319  1381  1381 I GeofencerStateMachine: , QEmPSIqzTMlAMP0SOpUnREKgAAAAAknwAAAAAg==
11-11 03:04:20.319  1381  1381 I GeofencerStateMachine: , QEmPND+irT5AMP07CBPKuEKgAAAAAknwAAAAAg==
11-11 03:04:20.319  1381  1381 I GeofencerStateMachine: , QEmL9fQNg3ZAMPyPluFYdUKgAAAAAknwAAAAAg==
11-11 03:04:20.319  1381  1381 I GeofencerStateMachine: , QEmN06bboXxAMPJWGDqJaUKgAAAAAknwAAAAAg==
11-11 03:04:20.319  1381  1381 I GeofencerStateMachine: , QEmPHHtgyW5AMPRDaQtcVEKgAAAAAknwAAAAAg==
11-11 03:04:20.319  1381  1381 I GeofencerStateMachine: , QEmPPg8vR+xAMP0zzYzmLUKgAAAAAknwAAAAAg==
11-11 03:04:20.319  1381  1381 I GeofencerStateMachine: , QEmPQ79ycTZAMP0qQRwqAkKgAAAAAknwAAAAAg==
11-11 03:04:20.319  1381  1381 I GeofencerStateMachine: , QEmPHi+V78JAMPQNB09/mkKgAAAAAknwAAAAAg==
11-11 03:04:20.319  1381  1381 I GeofencerStateMachine: , QEmNmQNxpIhAMPi/u2xSOUTlkzf/////AAAAAA==
11-11 03:04:20.319  1381  1381 I GeofencerStateMachine: , QEmL84qmt49AMPyMrfjML0KgAAAAAknwAAAAAg==
11-11 03:04:20.319  1381  1381 I GeofencerStateMachine: , QEmPOYi3ygZAMP1DGVpEGUKgAAAAAknwAAAAAg==
11-11 03:04:20.319  1381  1381 I GeofencerStateMachine: , QEmPL3bmEGpAMP0Qf6oES0KgAAAAAknwAAAAAg==
11-11 03:04:20.319  1381  1381 I GeofencerStateMachine: ], packageName=com.google.android.gms]
11-11 03:04:20.337  1381  1381 I GeofencerStateMachine: addGeofences: geofencingRequest=GeofencingRequest[geofences=[Geofence[CIRCLE id:QEmNgn0dYhBAMPNTVr8pdkKgAAAAAknwAAAAAg==
11-11 03:04:20.337  1381  1381 I GeofencerStateMachine:  transitions:7 51.105545, 16.950490 80m, resp=150s, dwell=150000ms, @-1], Geofence[CIRCLE id:QEmPF6vuL/RAMPywtGhR+UKgAAAAAknwAAAAAg==
11-11 03:04:20.337  1381  1381 I GeofencerStateMachine:  transitions:7 51.117910, 16.987071 80m, resp=150s, dwell=150000ms, @-1], Geofence[CIRCLE id:QEmPENvwVj9AMPzFl05lvkKgAAAAAknwAAAAAg==
11-11 03:04:20.337  1381  1381 I GeofencerStateMachine:  transitions:7 51.117702, 16.987390 80m, resp=150s, dwell=150000ms, @-1], Geofence[CIRCLE id:QEmNvJiiItVAMPJXHfQGzUKgAAAAAknwAAAAAg==
11-11 03:04:20.337  1381  1381 I GeofencerStateMachine:  transitions:7 51.107318, 16.946642 80m, resp=150s, dwell=150000ms, @-1], Geofence[CIRCLE id:QEmOW0+x7vtAMPZRGCCINkKgAAAAAknwAAAAAg==
11-11 03:04:20.337  1381  1381 I GeofencerStateMachine:  transitions:7 51.112162, 16.962175 80m, resp=150s, dwell=150000ms, @-1], Geofence[CIRCLE id:QEmPF3O6DABAMPzhwHnYM0KgAAAAAknwAAAAAg==
11-11 03:04:20.337  1381  1381 I GeofencerStateMachine:  transitions:7 51.117903, 16.987820 80m, resp=150s, dwell=150000ms, @-1], Geofence[CIRCLE id:QEmNnVlBurVAMPJwFGUR0kKgAAAAAknwAAAAAg==
11-11 03:04:20.337  1381  1381 I GeofencerStateMachine:  transitions:7 51.106364, 16.947023 80m, resp=150s, dwell=150000ms, @-1], Geofence[CIRCLE id:QEmMUizzfhFAMPw0PR5ugEKgAAAAAknwAAAAAg==
11-11 03:04:20.337  1381  1381 I GeofencerStateMachine:  transitions:7 51.096258, 16.985172 80m, resp=150s, dwell=150000ms, @-1], Geofence[CIRCLE id:QEmORwmpzO1AMPWXmDeZykKgAAAAAknwAAAAAg==
11-11 03:04:20.337  1381  1381 I GeofencerStateMachine:  transitions:7 51.111543, 16.959344 80m, resp=150s, dwell=150000ms, @-1], Geofence[CIRCLE id:QEmPHVIgXkRAMPz6vaDf30KgAAAAAknwAAAAAg==
11-11 03:04:20.337  1381  1381 I GeofencerStateMachine:  transitions:7 51.118082, 16.988201 80m, resp=150s, dwell=150000ms, @-1], Geofence[CIRCLE id:QEmOGNaQmu1AMPhT850bLkKgAAAAAknwAAAAAg==
11-11 03:04:20.337  1381  1381 I GeofencerStateMachine:  transitions:7 51.110133, 16.970031 80m, resp=150s, dwell=150000ms, @-1], Geofence[CIRCLE id:QEmNluCBtXdAMPJp/cqbmkKgAAAAAknwAAAAAg==
11-11 03:04:20.337  1381  1381 I GeofencerStateMachine:  transitions:7 51.106167, 16.946930 80m, resp=150s, dwell=150000ms, @-1], Geofence[CIRCLE id:QEmObJzhTLZAMPVzC5BW+0KgAAAAAknwAAAAAg==
11-11 03:04:20.337  1381  1381 I GeofencerStateMachine:  transitions:7 51.112690, 16.958787 80m, resp=150s, dwell=150000ms, @-1], Geofence[CIRCLE id:QEmPfYcUW9dAMPhQzKEt4kKgAAAAAknwAAAAAg==
11-11 03:04:20.337  1381  1381 I GeofencerStateMachine:  transitions:7 51.121018, 16.969983 80m, resp=150s, dwell=150000ms, @-1], Geofence[CIRCLE id:QEmNh2nsLORAMPJZ8rqdH0KgAAAAAknwAAAAAg==
11-11 03:04:20.337  1381  1381 I GeofencerStateMachine:  transitions:7 51.105695, 16.946685 80m, resp=150s, dwell=150000ms, @-1], Geofence[CIRCLE id:QEmMSEDhcZ9AMPy8BdUsF0KgAAAAAknwAAAAAg==
11-11 03:04:20.337  1381  1381 I GeofencerStateMachine:  transitions:7 51.095955, 16.987244 80m, resp=150s, dwell=150000ms, @-1], Geofence[CIRCLE id:QEmPJWAL2VNAMPzE9JE29EKgAAAAAknwAAAAAg==
11-11 03:04:20.337  1381  1381 I GeofencerStateMachine:  transitions:7 51.118328, 16.987380 80m, resp=150s, dwell=150000ms, @-1], Geofence[CIRCLE id:QEmPFKMlM5ZAMPzOHgWkhEKgAAAAAknwAAAAAg==
11-11 03:04:20.337  1381  1381 I GeofencerStateMachine:  transitions:7 51.117817, 16.987520 80m, resp=150s, dwell=150000ms, @-1], Geofence[CIRCLE id:QEmPQ9EQKGxAMPqq+8Gs3kKgAAAAAknwAAAAAg==
11-11 03:04:20.337  1381  1381 I GeofencerStateMachine:  transitions:7 51.119257, 16.979172 80m, resp=150s, dwell=150000ms, @-1], Geofence[CIRCLE id:QEmOSElE7XBAMPWW6bvw3EKgAAAAAknwAAAAAg==
11-11 03:04:20.337  1381  1381 I GeofencerStateMachine:  transitions:7 51.111581, 16.959334 80m, resp=150s, dwell=150000ms, @-1], Geofence[CIRCLE id:QEmOX4Z4VKVAMPZLytmthkKgAAAAAknwAAAAAg==
11-11 03:04:20.337  1381  1381 I GeofencerStateMachine:  transitions:7 51.112290, 16.962094 80m, resp=150s, dwell=150000ms, @-1], Geofence[CIRCLE id:QEmNhGcCbZhAMPJRNKX5+kKgAAAAAknwAAAAAg==
11-11 03:04:20.337  1381  1381 I GeofencerStateMachine:  transitions:7 51.105603, 16.946552 80m, resp=150s, dwell=150000ms, @-1], Geofence[CIRCLE id:QEmN6LOzIFNAMPXcDbJwKkKgAAAAAknwAAAAAg==
11-11 03:04:20.337  1381  1381 I GeofencerStateMachine:  transitions:7 51.108664, 16.960389 80m, resp=150s, dwell=150000ms, @-1], Geofence[CIRCLE id:QEmNmfKE7TtAMPKwe11ucEKgAAAAAknwAAAAAg==
11-11 03:04:20.337  1381  1381 I GeofencerStateMachine:  transitions:7 51.106261, 16.948005 80m, resp=150s, dwell=150000ms, @-1], Geofence[CIRCLE id:QEmMNe+mFalAMPzrqt5le0KgAAAAAknwAAAAAg==
11-11 03:04:20.337  1381  1381 I GeofencerStateMachine:  transitions:7 51.095396, 16.987971 80m, resp=150s, dwell=150000ms, @-1], Geofence[CIRCLE id:QEmOsxSU4npAMPmSYMA0OEKgAAAAAknwAAAAAg==
11-11 03:04:20.337  1381  1381 I GeofencerStateMachine:  transitions:7 51.114840, 16.974890 80m, resp=150s, dwell=150000ms, @-1], Geofence[CIRCLE id:QEmNpEabxcNAMPLv3knM0kKgAAAAAknwAAAAAg==
11-11 03:04:20.337  1381  1381 I GeofencerStateMachine:  transitions:7 51.106576, 16.948973 80m, resp=150s, dwell=150000ms, @-1], Geofence[CIRCLE id:QEmNmQNxpIhAMPi/u2xSOUTSs7//////AAAAAA==
11-11 03:04:20.337  1381  1381 I GeofencerStateMachine:  transitions:3 51.106232, 16.971676 1686m, resp=150s, dwell=-1ms, @-1], Geofence[CIRCLE id:QEmMMGsB1ppAMPr0DKy2rkKgAAAAAknwAAAAAg==
11-11 03:04:20.337  1381  1381 I GeofencerStateMachine:  transitions:7 51.095228, 16.980286 80m, resp=150s, dwell=150000ms, @-1], Geofence[CIRCLE id:QEmMWNgIajFAMPveFcpsoEKgAAAAAknwAAAAAg==
11-11 03:04:20.337  1381  1381 I GeofencerStateMachine:  transitions:7 51.096461, 16.983858 80m, resp=1
11-11 03:04:21.288  1078  5400 W LatinSpellChecker: initializeDecoder() : Failed to initialize in 5000 ms
11-11 03:04:21.295  1078  1112 W LatinSpellChecker: initializeDecoder() : Failed to initialize in 5001 ms
11-11 03:04:21.870  1078  5372 W LatinSpellChecker: initializeDecoder() : Failed to initialize in 5001 ms
11-11 03:04:21.880  1078  1105 W LatinSpellChecker: initializeDecoder() : Failed to initialize in 5001 ms
11-11 03:04:26.905  1078  5372 W LatinSpellChecker: initializeDecoder() : Failed to initialize in 5034 ms
11-11 03:04:26.907  1078  1105 W LatinSpellChecker: initializeDecoder() : Failed to initialize in 5027 ms
11-11 03:04:27.397  7461  7461 D AndroidRuntime: 
11-11 03:04:27.397  7461  7461 D AndroidRuntime: >>>>>> AndroidRuntime START com.android.internal.os.RuntimeInit <<<<<<
11-11 03:04:27.400  7461  7461 D AndroidRuntime: CheckJNI is OFF
11-11 03:04:27.550  7461  7461 D AndroidRuntime: Calling main entry com.android.commands.am.Am
11-11 03:04:27.586   734   884 I ActivityManager: Start proc com.bitbar.testdroid.monitor:monitor for service com.bitbar.testdroid.monitor/.service.MonitorService: pid=7484 uid=10096 gids={50096, 9997, 3003, 1028, 1015, 3002, 3001} abi=armeabi-v7a
11-11 03:04:27.595  7484  7484 I art     : Late-enabling -Xcheck:jni
11-11 03:04:27.598  7461  7461 D AndroidRuntime: Shutting down VM
11-11 03:04:27.641   734   734 D GpsNetInitiatedHandler: location enabled :true
11-11 03:04:27.645   734  1104 E LocSvc_ApiV02: E/virtual int LocApiV02::setGpsLock(unsigned int):2739]: Set engine lock failed. status: eLOC_CLIENT_FAILURE_INVALID_PARAMETER, ind status:eQMI_LOC_SUCCESS_V02
11-11 03:04:27.661  1381  7506 I GCoreUlr: Starting service, intent=Intent { act=com.google.android.location.reporting.ACTION_UPDATE_WORLD cmp=com.google.android.gms/com.google.android.location.reporting.service.DispatchingService (has extras) }, extras=Bundle[{receiverAction=android.location.PROVIDERS_CHANGED}]
11-11 03:04:27.666   734   875 D WifiService: New client listening to asynchronous messages
11-11 03:04:27.685   734  3959 I ActivityManager: Start proc com.android.settings for broadcast com.android.settings/.widget.SettingsAppWidgetProvider: pid=7509 uid=1000 gids={41000, 9997, 1028, 1015, 3002, 3001, 3003} abi=armeabi-v7a
11-11 03:04:27.727  7484  7484 I TestdroidDeviceService: New broadcast message: com.bitbar.testdroid.monitor.describe_files
11-11 03:04:27.742   734   831 D BluetoothManagerService: Message: 20
11-11 03:04:27.742   734   831 D BluetoothManagerService: Added callback: android.bluetooth.IBluetoothManagerCallback$Stub$Proxy@1d7874f2:true
11-11 03:04:27.768   734   875 D WifiService: New client listening to asynchronous messages
11-11 03:04:27.774   734   831 D BluetoothManagerService: Message: 20
11-11 03:04:27.774   734   831 D BluetoothManagerService: Added callback: android.bluetooth.IBluetoothManagerCallback$Stub$Proxy@b50ba84:true
11-11 03:04:27.774  1381  7091 I GCoreUlr: WorldUpdater received intent Intent { act=com.google.android.location.reporting.ACTION_UPDATE_WORLD cmp=com.google.android.gms/com.google.android.location.reporting.service.DispatchingService (has extras) } with receiverAction android.location.PROVIDERS_CHANGED
11-11 03:04:27.777  7509  7509 D BluetoothAdapter: 348763102: getState() :  mService = null. Returning STATE_OFF
11-11 03:04:27.783  1381  2798 D BluetoothAdapter: 624096346: getState() :  mService = null. Returning STATE_OFF
11-11 03:04:27.784   734   831 D BluetoothManagerService: Message: 30
11-11 03:04:27.788   734   875 D WifiService: New client listening to asynchronous messages
11-11 03:04:27.788  1381  2798 D BluetoothAdapter: 624096346: getState() :  mService = null. Returning STATE_OFF
11-11 03:04:27.797  7509  7509 D LocalBluetoothProfileManager: Adding local MAP profile
11-11 03:04:27.799  7509  7509 D BluetoothMap: Create BluetoothMap proxy object
11-11 03:04:27.807  7509  7509 D LocalBluetoothProfileManager: LocalBluetoothProfileManager construction complete
11-11 03:04:27.807  7509  7509 D BluetoothAdapter: 348763102: getState() :  mService = null. Returning STATE_OFF
11-11 03:04:27.807  7509  7509 D BluetoothAdapter: 348763102: getState() :  mService = null. Returning STATE_OFF
11-11 03:04:27.846   734   831 I art     : Explicit concurrent mark sweep GC freed 23199(1117KB) AllocSpace objects, 2(32KB) LOS objects, 33% free, 30MB/45MB, paused 1.058ms total 61.675ms
11-11 03:04:27.846   734   831 D BluetoothManagerService: Message: 30
11-11 03:04:27.846   734   831 D BluetoothManagerService: Message: 30
11-11 03:04:27.846   734   831 D BluetoothManagerService: Message: 30
11-11 03:04:27.857  1381  7091 I GCoreUlr: WorldUpdater:android.location.PROVIDERS_CHANGED: Ensuring that reporting is active for [account#11#]
11-11 03:04:27.859  1381  7091 I GCoreUlr: Place inference reporting - stop
11-11 03:04:27.870   734  1239 I ActivityManager: Start proc com.google.android.apps.walletnfcrel for broadcast com.google.android.apps.walletnfcrel/com.google.commerce.tapandpay.android.acceptedhere.places.LocationModeChangedReceiver: pid=7548 uid=10024 gids={50024, 9997, 3003, 1028, 1015} abi=armeabi-v7a
11-11 03:04:27.924  7548  7548 W ResourcesManager: Asset path '/system/framework/com.android.media.remotedisplay.jar' does not exist or contains no resources.
11-11 03:04:27.924  7548  7548 W ResourcesManager: Asset path '/system/framework/com.android.location.provider.jar' does not exist or contains no resources.
11-11 03:04:27.985  7548  7548 V NativeCrypto: Registering com/google/android/gms/org/conscrypt/NativeCrypto's 276 native methods...
11-11 03:04:28.001  7548  7548 I art     : Rejecting re-init on previously-failed class java.lang.Class<com.google.android.gms.org.conscrypt.DelegatingExtendedSSLSession>
11-11 03:04:28.001  7548  7548 I art     : Rejecting re-init on previously-failed class java.lang.Class<com.google.android.gms.org.conscrypt.DelegatingExtendedSSLSession>
11-11 03:04:28.002  7548  7548 I art     : Rejecting re-init on previously-failed class java.lang.Class<com.google.android.gms.org.conscrypt.DelegatingExtendedSSLSession>
11-11 03:04:28.034  7548  7548 W System  : Could not create com.google.android.gms.org.conscrypt.OpenSSLSocketFactoryImpl with ClassLoader dalvik.system.PathClassLoader[DexPathList[[zip file "/data/app/com.google.android.apps.walletnfcrel-1/base.apk"],nativeLibraryDirectories=[/vendor/lib, /system/lib]]]: com.google.android.gms.org.conscrypt.OpenSSLSocketFactoryImpl
11-11 03:04:28.034  7548  7548 I ProviderInstaller: Installed default security provider GmsCore_OpenSSL
11-11 03:04:28.135  7548  7573 I BackgroundTaskManager: Executing task PhenotypeRegistrationTask.phenotype_registration with PARALLEL execution policy.
11-11 03:04:28.150  7548  7548 I GunsAppRegManager: GCM Project Id: 144105662513, View Id: tapandpay
11-11 03:04:28.219  7548  7577 I BackgroundTaskManager: Executing task AccountFreshener.freshen with SEQUENTIAL execution policy.
11-11 03:04:28.268  7548  7578 D CrashMetricService: onPrimesInitialize
11-11 03:04:28.330   734  1181 I ActivityManager: Killing 4118:com.google.android.gm/u0a70 (adj 15): empty #17
11-11 03:04:28.346   734   884 W libprocessgroup: failed to open /acct/uid_10070/pid_4118/cgroup.procs: No such file or directory
11-11 03:04:28.362  1381  1710 W ConfigurationChimeraPro: Got null configs for com.google.android.gms.tapandpay_legacy_gservices
11-11 03:04:28.377  1381  1381 W ConfigurationChimeraPro: Got null configs for com.google.android.gms.auth.account.base
11-11 03:04:28.439  7548  7580 I BackgroundTaskManager: Executing task PhenotypeCommitTask.refresh with SEQUENTIAL execution policy.
11-11 03:04:28.490  7548  7582 W Settings: Setting airplane_mode_on has moved from android.provider.Settings.System to android.provider.Settings.Global, returning read-only value.
11-11 03:04:28.548  7548  7582 I BackgroundTaskManager: Executing task PlacefencingTask.com.google.commerce.tapandpay.android.places.START_PLACEFENCING with SEQUENTIAL execution policy.
11-11 03:04:28.584  1381  1381 I GeofencerStateMachine: sendTransitions: location=Location[fused 51.106232,16.971676 acc=40 et=+6m41s955ms {Bundle[mParcelledData.dataSize=560]}]
11-11 03:04:28.585  1381  7091 W ctxmgr  : [AclManager]No 2 for (accnt=account#-517948760#, com.google.android.gms(10008):UserLocationProducer, vrsn=11746000, 0, 3pPkg = null ,  3pMdlId = null ,  pid = 1381). Was: 3 for 1, account#-517948760#
11-11 03:04:28.596  7548  7582 I BackgroundTaskManager: Executing task PlacefencingTask.com.google.commerce.tapandpay.android.places.ON_LOCATION_READY with SEQUENTIAL execution policy.
11-11 03:04:28.644  1381  1381 I GeofencerStateMachine: sendNewLocationAvailability: availability=LocationAvailability[isLocationAvailable: true]
11-11 03:04:28.662  1381  1381 I GeofencerStateMachine: sendNewLocationAvailability: availability=LocationAvailability[isLocationAvailable: true]
11-11 03:04:28.681  1381  1381 I GeofencerStateMachine: sendTransitions: location=Location[fused 51.106232,16.971676 acc=40 et=+6m42s51ms {Bundle[mParcelledData.dataSize=560]}]
11-11 03:04:28.684  1381  7089 W ctxmgr  : [AclManager]No 2 for (accnt=account#-517948760#, com.google.android.gms(10008):UserVelocityProducer, vrsn=11746000, 0, 3pPkg = null ,  3pMdlId = null ,  pid = 1381). Was: 3 for 48, account#-517948760#
11-11 03:04:28.687  1381  1381 I GeofencerStateMachine: sendNewLocationAvailability: availability=LocationAvailability[isLocationAvailable: true]
11-11 03:04:28.689  1381  4991 I GCoreUlr: Successfully inserted 1 locations
11-11 03:04:28.716  1381  1381 I GeofencerStateMachine: sendNewLocationAvailability: availability=LocationAvailability[isLocationAvailable: true]
11-11 03:04:28.737  1381  1406 I GeofencerStateMachine: removeGeofences: removeRequest=RemoveGeofencingRequest[REMOVE_BY_PENDING_INTENT pendingIntent=PendingIntent[creatorPackage=com.google.android.apps.walletnfcrel], packageName=null]
11-11 03:04:28.739  1381  1645 I GeofencerStateMachine: removeGeofences: removeRequest=RemoveGeofencingRequest[REMOVE_BY_PENDING_INTENT pendingIntent=PendingIntent[creatorPackage=com.google.android.apps.walletnfcrel], packageName=null]
11-11 03:04:28.748  7548  7582 I BackgroundTaskManager: Executing task PlacefencingTask.com.google.commerce.tapandpay.android.places.ON_LOCATION_READY with SEQUENTIAL execution policy.
11-11 03:04:28.751  1381  1804 I Places  : ?: Skipping call to PlaceGeofenceEventListener. Update fence triggered: true, Refresh fence triggered: true
11-11 03:04:30.787  1381  2798 D BluetoothAdapter: 624096346: getState() :  mService = null. Returning STATE_OFF
11-11 03:04:33.628  1381  7088 W ctxmgr  : [AclManager]No 2 for (accnt=account#-517948760#, com.google.android.gms(10008):UserLocationProducer, vrsn=11746000, 0, 3pPkg = null ,  3pMdlId = null ,  pid = 1381). Was: 3 for 1, account#-517948760#
11-11 03:04:35.106  7693  7693 D AndroidRuntime: 
11-11 03:04:35.106  7693  7693 D AndroidRuntime: >>>>>> AndroidRuntime START com.android.internal.os.RuntimeInit <<<<<<
11-11 03:04:35.108  7693  7693 D AndroidRuntime: CheckJNI is OFF
11-11 03:04:35.195  7693  7693 D AndroidRuntime: Calling main entry com.android.commands.pm.Pm
11-11 03:04:35.205   734   827 I ActivityManager: Force stopping org.totschnig.myexpenses appid=10082 user=-1: uninstall pkg
11-11 03:04:35.280   734   838 I ActivityManager: Force stopping org.totschnig.myexpenses appid=10082 user=0: pkg removed
11-11 03:04:35.337   734   865 I InputReader: Reconfiguring input devices.  changes=0x00000010
11-11 03:04:35.341  1381  1381 I GeofencerStateMachine: removeGeofences: removeRequest=RemoveGeofencingRequest[REMOVE_ALL packageName=org.totschnig.myexpenses]
11-11 03:04:35.344  1230  1230 I art     : Explicit concurrent mark sweep GC freed 30860(1992KB) AllocSpace objects, 51(1698KB) LOS objects, 31% free, 34MB/50MB, paused 913us total 50.090ms
11-11 03:04:35.377  1585  1585 I art     : Explicit concurrent mark sweep GC freed 17404(987KB) AllocSpace objects, 3(48KB) LOS objects, 21% free, 28MB/36MB, paused 575us total 84.683ms
11-11 03:04:35.398  1290  7721 D VoicemailCleanupService: Cleaning up data for package: org.totschnig.myexpenses
11-11 03:04:35.432   734  2913 I ActivityManager: Start proc com.android.keychain for broadcast com.android.keychain/.KeyChainBroadcastReceiver: pid=7729 uid=1000 gids={41000, 9997, 1028, 1015, 3002, 3001, 3003} abi=armeabi-v7a
11-11 03:04:35.443   734   734 I art     : Explicit concurrent mark sweep GC freed 25513(2MB) AllocSpace objects, 2(32KB) LOS objects, 33% free, 31MB/46MB, paused 1.349ms total 122.110ms
11-11 03:04:35.448   734   838 I art     : WaitForGcToComplete blocked for 62.938ms for cause Explicit
11-11 03:04:35.477   734   734 W ResourcesManager: Asset path '/system/framework/com.google.widevine.software.drm.jar' does not exist or contains no resources.
11-11 03:04:35.481  7729  7729 W ContextImpl: Calling