11-11 03:04:16.162  4810  4840 D AppCrawler: Button [] - clickable: true - visible: false  - enabled: true   cannot be clicked
11-11 03:04:16.162  4810  4840 D AppCrawler: View [p] - clickable: true - visible: false  - enabled: true   cannot be clicked
11-11 03:04:16.162  4810  4840 D AppCrawler: View [ActionMenuItemView] - clickable: true - visible: false  - enabled: true   cannot be clicked
11-11 03:04:16.162  4810  4840 D AppCrawler: Button [Next] - clickable: true - visible: false  - enabled: true   cannot be clicked
11-11 03:04:16.162  4810  4840 D AppCrawler: Button [Get started] - clickable: true - visible: false  - enabled: true   cannot be clicked
11-11 03:04:16.163  4810  4840 D AppCrawler: Button [] - clickable: true - visible: false  - enabled: true   cannot be clicked
11-11 03:04:16.163  4810  4840 D AppCrawler: View [z] - clickable: true - visible: false  - enabled: true   cannot be clicked
11-11 03:04:16.163  4810  4840 D AppCrawler: Button [Next] - clickable: true - visible: false  - enabled: true   cannot be clicked
11-11 03:04:16.163  4810  4840 D AppCrawler: Button [Get started] - clickable: true - visible: false  - enabled: true   cannot be clicked
11-11 03:04:16.163  4810  4840 D AppCrawler: View [m] - clickable: true - visible: false  - enabled: true   cannot be clicked
11-11 03:04:16.163  4810  4840 D AppCrawler: Button [] - clickable: true - visible: false  - enabled: true   cannot be clicked
11-11 03:04:16.163  4810  4840 D AppCrawler: View [AmountEditText] - clickable: true - visible: false  - enabled: true   cannot be clicked
11-11 03:04:16.163  4810  4840 D AppCrawler: View [p] - clickable: true - visible: false  - enabled: true   cannot be clicked
11-11 03:04:16.163  4810  4840 D AppCrawler: View [w] - clickable: true - visible: false  - enabled: true   cannot be clicked
11-11 03:04:16.163  4810  4840 D AppCrawler: Button [More Options] - clickable: true - visible: false  - enabled: true   cannot be clicked
11-11 03:04:16.163  4810  4840 D AppCrawler: View [m] - clickable: true - visible: false  - enabled: true   cannot be clicked
11-11 03:04:16.163  4810  4840 D AppCrawler: View [w] - clickable: true - visible: false  - enabled: true   cannot be clicked
11-11 03:04:16.163  4810  4840 D AppCrawler: Button [] - clickable: true - visible: false  - enabled: true   cannot be clicked
11-11 03:04:16.163  4810  4840 D AppCrawler: View [p] - clickable: true - visible: false  - enabled: true   cannot be clicked
11-11 03:04:16.163  4810  4840 D AppCrawler: View [ActionMenuItemView] - clickable: true - visible: false  - enabled: true   cannot be clicked
11-11 03:04:16.163  4810  4840 D AppCrawler: Button [Next] - clickable: true - visible: false  - enabled: true   cannot be clicked
11-11 03:04:16.163  4810  4840 D AppCrawler: Button [Get started] - clickable: true - visible: false  - enabled: true   cannot be clicked
11-11 03:04:16.167  4810  4840 D ExtSolo : Click on View with id: theme
11-11 03:04:16.195  4917  4982 D SoloAction: New action started, id: 226
11-11 03:04:16.272  4810  4824 I art     : Background partial concurrent mark sweep GC freed 119977(5MB) AllocSpace objects, 18(1318KB) LOS objects, 22% free, 56MB/72MB, paused 754us total 172.108ms
11-11 03:04:16.288  1078  5400 W LatinSpellChecker: initializeDecoder() : Failed to initialize in 5000 ms
11-11 03:04:16.294  1078  1112 W LatinSpellChecker: initializeDecoder() : Failed to initialize in 5000 ms
11-11 03:04:16.785  4810  4810 I TextInputLayout: EditText added is not a TextInputEditText. Please switch to using that class instead.
11-11 03:04:16.786  4810  4810 W ResourceType: Too many attribute references, stopped at: 0x01010034
11-11 03:04:16.786  4810  4810 W ResourceType: Too many attribute references, stopped at: 0x01010034
11-11 03:04:16.794  4810  4810 I TextInputLayout: EditText added is not a TextInputEditText. Please switch to using that class instead.
11-11 03:04:17.143   734   874 E WifiStateMachine: WifiStateMachine CMD_START_SCAN source -2 txSuccessRate=0.01 rxSuccessRate=2.84 targetRoamBSSID=02:18:1a:26:9e:b6 RSSI=-49
11-11 03:04:17.143   734   874 E WifiStateMachine: WifiStateMachine starting scan for "DMZ0"WPA_PSK with 5240,5200,5220
11-11 03:04:17.151   898   898 I wpa_supplicant: wlan0: CTRL-EVENT-SCAN-STARTED 
11-11 03:04:17.162  3748  3792 W PlayCommon: [340] dhf.b: No account for auth token provided
11-11 03:04:17.616  4810  4840 D ExtSolo : Sleep: 500
11-11 03:04:17.644  4917  4937 D SoloAction: New action started, id: 227
11-11 03:04:18.145  4810  4840 D AppCrawler: Versatile test exceeded maximum allowed recording time.
11-11 03:04:18.145  4810  4840 D AppCrawler: Take screenshot: 112
11-11 03:04:18.151  4810  7340 D ExtSolo : Connected to monitor service. Taking screenshot using ScreenshotService
11-11 03:04:18.151  4898  4914 I Screenshot: org.totschnig.myexpenses_scr_00112
11-11 03:04:18.834  4810  7340 D ExtSolo : Screenshot job notified
11-11 03:04:18.835  4810  4840 D ExtSolo : Screenshot job woke up
11-11 03:04:18.871  4810  4840 I TestRunner: finished: testEverything(testdroid.appcrawler.testcrawler.UniTest)
11-11 03:04:18.871  4810  4840 I TestRunner: passed: testEverything(testdroid.appcrawler.testcrawler.UniTest)
11-11 03:04:18.874   734  2773 I ActivityManager: Killing 3558:com.google.android.apps.walletnfcrel/u0a24 (adj 15): empty #17
11-11 03:04:18.902   734  2773 I ActivityManager: Killing 3263:com.google.android.calendar/u0a31 (adj 15): empty #18
11-11 03:04:18.946  4796  4796 D AndroidRuntime: Shutting down VM
11-11 03:04:19.154   734  1225 I ActivityManager: Force stopping org.totschnig.myexpenses appid=10082 user=0: finished inst
11-11 03:04:19.154   734  1225 I ActivityManager: Killing 4810:org.totschnig.myexpenses/u0a82 (adj 0): stop org.totschnig.myexpenses
11-11 03:04:19.187   734  1068 I WindowState: WIN DEATH: Window{3abae259 u0 org.totschnig.myexpenses/org.totschnig.myexpenses.activity.SplashActivity}
11-11 03:04:19.224   734  1225 W ActivityManager: Force removing ActivityRecord{14551935 u0 org.totschnig.myexpenses/.activity.SplashActivity t3}: app died, no saved state
11-11 03:04:19.228   184   890 W GraphicBufferSource: Dropped back down to Loaded without Executing
11-11 03:04:19.232  6367  6367 D MPEG4Writer: Video track stopping
11-11 03:04:19.232  6367  6367 D MPEG4Writer: Video track source stopping
11-11 03:04:19.232  6367  6367 D MPEG4Writer: Video track source stopped
11-11 03:04:19.232  6367  6399 I MPEG4Writer: Received total/0-length (1090/0) buffers and encoded 1090 frames. - Video
11-11 03:04:19.232  6367  6367 D MPEG4Writer: Video track stopped
11-11 03:04:19.232  6367  6367 D MPEG4Writer: Stopping writer thread
11-11 03:04:19.232  6367  6398 D MPEG4Writer: 0 chunks are written in the last batch
11-11 03:04:19.232  6367  6367 D MPEG4Writer: Writer thread stopped
11-11 03:04:19.234   734   884 W libprocessgroup: failed to open /acct/uid_10024/pid_3558/cgroup.procs: No such file or directory
11-11 03:04:19.235  6367  6367 I MPEG4Writer: The mp4 file will not be streamable.
11-11 03:04:19.240   184   890 I OMX-VENC: Component Deinit
11-11 03:04:19.241  6367  6367 D MPEG4Writer: Video track stopping
11-11 03:04:19.247   734  1181 W libprocessgroup: failed to open /acct/uid_10031/pid_3263/cgroup.procs: No such file or directory
11-11 03:04:19.251   734  2913 W ActivityManager: Spurious death for ProcessRecord{206b66a3 4810:org.totschnig.myexpenses/u0a82}, curProc for 4810: null
11-11 03:04:19.252  4846  4846 I eLock   : pkgname_before:org.totschnig.myexpenses  class:com.google.android.googlequicksearchbox  isFingerActivityCreated:false   isCalling:false
11-11 03:04:19.280  4846  4846 W ResourceType: No package identifier when getting value for resource number 0x00000000
11-11 03:04:19.342   734  1358 I art     : Explicit concurrent mark sweep GC freed 52505(2MB) AllocSpace objects, 0(0B) LOS objects, 33% free, 30MB/45MB, paused 1.128ms total 76.307ms
11-11 03:04:19.389  7348  7348 D AndroidRuntime: 
11-11 03:04:19.389  7348  7348 D AndroidRuntime: >>>>>> AndroidRuntime START com.android.internal.os.RuntimeInit <<<<<<
11-11 03:04:19.391  7348  7348 D AndroidRuntime: CheckJNI is OFF
11-11 03:04:19.400   734  1068 W InputMethodManagerService: Got RemoteException sending setActive(false) notification to pid 4810 uid 10082
11-11 03:04:19.429  1448  1652 W SessionLifecycleManager: Handover failed. Creating new session controller.
11-11 03:04:19.434  1448  1448 I OptInState: There is a new client and it does not support opt-in. Dropping request.
11-11 03:04:19.455  4846  4846 I eLock   : hint:android.widget.EditText{3f34d223 V..D..CL ......ID 0,0-0,0 #7f06000b app:id/numboard_pwd_edittext}  tag:2131165347
11-11 03:04:19.456  1448  4212 W Settings: Setting mobile_data has moved from android.provider.Settings.Secure to android.provider.Settings.Global.
11-11 03:04:19.466  1448  4212 W Settings: Setting mobile_data has moved from android.provider.Settings.Secure to android.provider.Settings.Global.
11-11 03:04:19.481  1448  1448 I MicroDetectionWorker: #updateMicroDetector [detectionMode: [mDetectionMode: [1]]]
11-11 03:04:19.481  1448  1448 I MicroDetectionWorker: #startMicroDetector [speakerMode: 0]
11-11 03:04:19.487  1448  1448 I MicroDetectionWorker: onReady
11-11 03:04:19.487  1448  7375 I MicroRecognitionRunner: Starting detection.
11-11 03:04:19.488  1448  1621 I MicrophoneInputStream: mic_starting com.google.android.apps.gsa.speech.audio.af@22c0e10c
11-11 03:04:19.493  7348  7348 D AndroidRuntime: Calling main entry com.android.commands.am.Am
11-11 03:04:19.503   184  7380 I AudioFlinger: AudioFlinger's thread 0xb47ba000 ready to run
11-11 03:04:19.506   932   932 D MediaScannerReceiver: action: android.intent.action.MEDIA_SCANNER_SCAN_FILE path: /storage/emulated/0/testdroid-recording/002_video.mp4
11-11 03:04:19.511  7348  7348 D AndroidRuntime: Shutting down VM
11-11 03:04:19.512  1448  1621 I MicrophoneInputStream: mic_started com.google.android.apps.gsa.speech.audio.af@22c0e10c
11-11 03:04:19.520   184  7380 D audio_hw_primary: select_devices: out_snd_device(0: none) in_snd_device(55: voice-rec-mic)
11-11 03:04:19.520   184  7380 D msm8974_platform: platform_send_audio_calibration: sending audio calibration for snd_device(55) acdb_id(62)
11-11 03:04:19.520   184  7380 D         : Failed to fetch the lookup information of the device 0000003E 
11-11 03:04:19.520   184  7380 E ACDB-LOADER: Error: ACDB AudProc vol returned = -19
11-11 03:04:19.520   184  7380 D audio_hw_primary: enable_snd_device: snd_device(55: voice-rec-mic)
11-11 03:04:19.524  1230  1897 W TabTreeCopier: Card found with UNKNOWN_TAB, Entry Type 155
11-11 03:04:19.527   184  7380 D audio_hw_primary: enable_audio_route: apply and update mixer path: audio-record
11-11 03:04:19.532  1230  1897 W TabTreeCopier: Card found with UNKNOWN_TAB, Entry Type 155
11-11 03:04:19.532  1230  1897 W TabTreeCopier: Card found with UNKNOWN_TAB, Entry Type 143
11-11 03:04:19.551  4846  4846 I eLock   : hint:android.widget.EditText{1f288d77 V..D..CL ......ID 0,0-0,0 #7f06000b app:id/numboard_pwd_edittext}  tag:2131165347
11-11 03:04:19.581  1381  7088 W ctxmgr  : [AclManager]No 3 for (accnt=account#-517948760#, com.google.android.gms(10008):UserVelocityProducer, vrsn=11746238, 0, 3pPkg = null ,  3pMdlId = null ,  pid = 1381). Was: 3 for 1, account#-517948760#
11-11 03:04:19.591  1230  1230 W AppFlowTracker: Dropping App flow event "88" logged from process "com.google.android.googlequicksearchbox"
11-11 03:04:19.609  1381  7088 E SQLiteLog: (2067) abort at 35 in [INSERT INTO context(context_name,end_time,context_family,module_id,version,sync_state_mod_time_millis,start_time,sync_state,context_id,time_type,proto_blob) VALUES (?,?,?,?,?,?,?,?,?,?,?)]: UNI
11-11 03:04:19.613  1448  1448 I MicroDetectionWorker: onReady
11-11 03:04:19.703  1381  1804 I PlaceInferenceEngine: [anon] Changed inference mode: 105
11-11 03:04:19.727  6367  6367 D ScreenRecord: success
11-11 03:04:19.758  1381  1584 E ctxmgr  : [WorkInfo]Attribution was already enqueued pkg=com.google.android.gms, lbl=PlacesProducer_receive, start=unspec, stop=unspec.
11-11 03:04:19.759  1381  1804 I Places  : ?: PlacesBleScanner start() with priority 2
11-11 03:04:19.759  1381  1804 I PlaceInferenceEngine: [anon] Changed inference mode: 102
11-11 03:04:19.768  1381  7088 E ctxmgr  : [WorkManager]Ongoing task not found: PlacesProducer_receive
11-11 03:04:19.779  1381  1804 I Places  : Converted 21 out of 23 WiFi scans
11-11 03:04:19.784  1381  1804 I Places  : Using passive location updates to trigger refresh geofence. Fence was centered at: lat/lng: (52.5326498,13.3872819), Location update reported at: lat/lng: (51.1062321,16.9716756).
11-11 03:04:19.784  1381  1804 I Places  : ?: NearbyAlerts refresh bounds exited, updating bounds now.
11-11 03:04:19.800  1381  1381 I GeofencerStateMachine: removeGeofences: removeRequest=RemoveGeofencingRequest[REMOVE_BY_IDS Ids=[QEpELd5fnEhAKsZJ0C2qXUT6AAD/////AAAAAA==
11-11 03:04:19.800  1381  1381 I GeofencerStateMachine: ], packageName=com.google.android.gms]
11-11 03:04:19.838  1381  1381 I GeofencerStateMachine: addGeofences: geofencingRequest=GeofencingRequest[geofences=[Geofence[CIRCLE id:QEmNmQNxpIhAMPi/u2xSOUT6AAD/////AAAAAA==
11-11 03:04:19.838  1381  1381 I GeofencerStateMachine:  transitions:3 51.106232, 16.971676 2000m, resp=150s, dwell=-1ms, @-1]], initialTrigger=5, tag=places] intent=PendingIntent{1c5ff789: android.os.BinderProxy@f3e538e}
11-11 03:04:19.945  1381  4991 I PlaceInferenceEngine: No beacon scan available - ignoring candidates.
11-11 03:04:19.965  1230  1525 W OpenGLRenderer: Incorrectly called buildLayer on View: ShortcutAndWidgetContainer, destroying layer...
11-11 03:04:20.024  1381  1804 W Places  : Ignoring PlaceGeofence, no matching place found for alert
11-11 03:04:20.025  1381  1804 W Places  : Ignoring PlaceGeofence, no matching place found for alert
11-11 03:04:20.025  1381  1804 W Places  : Ignoring PlaceGeofence, no matching place found for alert
11-11 03:04:20.025  1381  1804 W Places  : Ignoring PlaceGeofence, no matching place found for alert
11-11 03:04:20.025  1381  1804 W Places  : Ignoring PlaceGeofence, no matching place found for alert
11-11 03:04:20.025  1381  1804 W Places  : Ignoring PlaceGeofence, no matching place found for alert
11-11 03:04:20.026  1381  1804 W Places  : Ignoring PlaceGeofence, no matching place found for alert
11-11 03:04:20.026  1381  1804 W Places  : Ignoring PlaceGeofence, no matching place found for alert
11-11 03:04:20.026  1381  1804 W Places  : Ignoring PlaceGeofence, no matching place found for alert
11-11 03:04:20.026  1381  1804 W Places  : Ignoring PlaceGeofence, no matching place found for alert
11-11 03:04:20.026  1381  1804 W Places  : Ignoring PlaceGeofence, no matching place found for alert
11-11 03:04:20.027  1381  1804 W Places  : Ignoring PlaceGeofence, no matching place found for alert
11-11 03:04:20.027  1381  1804 W Places  : Ignoring PlaceGeofence, no matching place found for alert
11-11 03:04:20.027  1381  1804 W Places  : Ignoring PlaceGeofence, no matching place found for alert
11-11 03:04:20.027  1381  1804 W Places  : Ignoring PlaceGeofence, no matching place found for alert
11-11 03:04:20.027  1381  1804 W Places  : Ignoring PlaceGeofence, no matching place found for alert
11-11 03:04:20.028  1381  1804 W Places  : Ignoring PlaceGeofence, no matching place found for alert
11-11 03:04:20.028  1381  1804 W Places  : Ignoring PlaceGeofence, no matching place found for alert
11-11 03:04:20.028  1381  1804 W Places  : Ignoring PlaceGeofence, no matching place found for alert
11-11 03:04:20.028  1381  1804 W Places  : Ignoring PlaceGeofence, no matching place found for alert
11-11 03:04:20.028  1381  1804 W Places  : Ignoring PlaceGeofence, no matching place found for alert
11-11 03:04:20.029  1381  1804 W Places  : Ignoring PlaceGeofence, no matching place found for alert
11-11 03:04:20.029  1381  1804 W Places  : Ignoring PlaceGeofence, no matching place found for alert
11-11 03:04:20.029  1381  1804 W Places  : Ignoring PlaceGeofence, no matching place found for alert
11-11 03:04:20.029  1381  1804 W Places  : Ignoring PlaceGeofence, no matching place found for alert
11-11 03:04:20.029  1381  1804 W Places  : Ignoring PlaceGeofence, no matching place found for alert
11-11 03:04:20.030  1381  1804 W Places  : Ignoring PlaceGeofence, no matching place found for alert
11-11 03:04:20.030  1381  1804 W Places  : Ignoring PlaceGeofence, no matching place found for alert
11-11 03:04:20.030  1381  1804 W Places  : Ignoring PlaceGeofence, no matching place found for alert
11-11 03:04:20.030  1381  1804 W Places  : Ignoring PlaceGeofence, no matching place found for alert
11-11 03:04:20.031  1381  1804 W Places  : Ignoring PlaceGeofence, no matching place found for alert
11-11 03:04:20.031  1381  1804 W Places  : Ignoring PlaceGeofence, no matching place found for alert
11-11 03:04:20.031  1381  1804 W Places  : Ignoring PlaceGeofence, no matching place found for alert
11-11 03:04:20.031  1381  1804 W Places  : Ignoring PlaceGeofence, no matching place found for alert
11-11 03:04:20.031  1381  1804 W Places  : Ignoring PlaceGeofence, no matching place found for alert
11-11 03:04:20.032  1381  1804 W Places  : Ignoring PlaceGeofence, no matching place found for alert
11-11 03:04:20.032  1381  1804 W Places  : Ignoring PlaceGeofence, no matching place found for alert
11-11 03:04:20.032  1381  1804 W Places  : Ignoring PlaceGeofence, no matching place found for alert
11-11 03:04:20.032  1381  1804 W Places  : Ignoring PlaceGeofence, no matching place found for alert
11-11 03:04:20.032  1381  1804 W Places  : Ignoring PlaceGeofence, no matching place found for alert
11-11 03:04:20.033  1381  1804 W Places  : Ignoring PlaceGeofence, no matching place found for alert
11-11 03:04:20.033  1381  1804 W Places  : Ignoring PlaceGeofence, no matching place found for alert
11-11 03:04:20.033  1381  1804 W Places  : Ignoring PlaceGeofence, no matching place found for alert
11-11 03:04:20.033  1381  1804 W Places  : Ignoring PlaceGeofence, no matching place found for alert
11-11 03:04:20.033  1381  1804 W Places  : Ignoring PlaceGeofence, no matching place found for alert
11-11 03:04:20.034  1381  1804 W Places  : Ignoring PlaceGeofence, no matching place found for alert
11-11 03:04:20.034  1381  1804 W Places  : Ignoring PlaceGeofence, no matching place found for alert
11-11 03:04:20.034  1381  1804 W Places  : Ignoring PlaceGeofence, no matching place found for alert
11-11 03:04:20.034  1381  1804 W Places  : Ignoring PlaceGeofence, no matching place found for alert
11-11 03:04:20.034  1381  1804 W Places  : Ignoring PlaceGeofence, no matching place found for alert
11-11 03:04:20.035  1381  1804 W Places  : Ignoring PlaceGeofence, no matching place found for alert
11-11 03:04:20.035  1381  1804 W Places  : Ignoring PlaceGeofence, no matching place found for alert
11-11 03:04:20.035  1381  1804 W Places  : Ignoring PlaceGeofence, no matching place found for alert
11-11 03:04:20.035  1381  1804 W Places  : Ignoring PlaceGeofence, no matching place found for alert
11-11 03:04:20.035  1381  1804 W Places  : Ignoring PlaceGeofence, no matching place found for alert
11-11 03:04:20.036  1381  1804 W Places  : Ignoring PlaceGeofence, no matching place found for alert
11-11 03:04:20.036  1381  1804 W Places  : Ignoring PlaceGeofence, no matching place found for alert
11-11 03:04:20.036  1381  1804 W Places  : Ignoring PlaceGeofence, no matching place found for alert
11-11 03:04:20.036  1381  1804 W Places  : Ignoring PlaceGeofence, no matching place found for alert
11-11 03:04:20.036  1381  1804 W Places  : Ignoring PlaceGeofence, no matching place found for alert
11-11 03:04:20.037  1381  1804 W Places  : Ignoring PlaceGeofence, no matching place found for alert
11-11 03:04:20.037  1381  1804 W Places  : Ignoring PlaceGeofence, no matching place found for alert
11-11 03:04:20.037  1381  1804 W Places  : Ignoring PlaceGeofence, no matching place found for alert
11-11 03:04:20.037  1381  1804 W Places  : Ignoring PlaceGeofence, no matching place found for alert
11-11 03:04:20.037  1381  1804 W Places  : Ignoring PlaceGeofence, no matching place found for alert
11-11 03:04:20.038  1381  1804 W Places  : Ignoring PlaceGeofence, no matching place found for alert
11-11 03:04:20.038  1381  1804 W Places  : Ignoring PlaceGeofence, no matching place found for alert
11-11 03:04:20.038  1381  1804 W Places  : Ignoring PlaceGeofence, no matching place found for alert
11-11 03:04:20.038  1381  1804 W Places  : Ignoring PlaceGeofence, no matching place found for alert
11-11 03:04:20.038  1381  1804 W Places  : Ignoring PlaceGeofence, no matching place found for alert
11-11 03:04:20.039  1381  1804 W Places  : Ignoring PlaceGeofence, no matching place found for alert
11-11 03:04:20.039  1381  1804 W Places  : Ignoring PlaceGeofence, no matching place found for alert
11-11 03:04:20.039  1381  1804 W Places  : Ignoring PlaceGeofence, no matching place found for alert
11-11 03:04:20.039  1381  1804 W Places  : Ignoring PlaceGeofence, no matching place found for alert
11-11 03:04:20.039  1381  1804 W Places  : Ignoring PlaceGeofence, no matching place found for alert
11-11 03:04:20.040  1381  1804 W Places  : Ignoring PlaceGeofence, no matching place found for alert
11-11 03:04:20.040  1381  1804 W Places  : Ignoring PlaceGeofence, no matching place found for alert
11-11 03:04:20.040  1381  1804 W Places  : Ignoring PlaceGeofence, no matching place found for alert
11-11 03:04:20.040  1381  1804 W Places  : Ignoring PlaceGeofence, no matching place found for alert
11-11 03:04:20.040  1381  1804 W Places  : Ignoring PlaceGeofence, no matching place found for alert
11-11 03:04:20.041  1381  1804 W Places  : Ignoring PlaceGeofence, no matching place found for alert
11-11 03:04:20.041  1381  1804 W Places  : Ignoring PlaceGeofence, no matching place found for alert
11-11 03:04:20.041  1381  1804 W Places  : Ignoring PlaceGeofence, no matching place found for alert
11-11 03:04:20.041  1381  1804 W Places  : Ignoring PlaceGeofence, no matching place found for alert
11-11 03:04:20.041  1381  1804 W Places  : Ignoring PlaceGeofence, no matching place found for alert
11-11 03:04:20.042  1381  1804 W Places  : Ignoring PlaceGeofence, no matching place found for alert
11-11 03:04:20.042  1381  1804 W Places  : Ignoring PlaceGeofence, no matching place found for alert
11-11 03:04:20.042  1381  1804 W Places  : Ignoring PlaceGeofence, no matching place found for alert
11-11 03:04:20.042  1381  1804 W Places  : Ignoring PlaceGeofence, no matching place found for alert
11-11 03:04:20.042  1381  1804 W Places  : Ignoring PlaceGeofence, no matching place found for alert
11-11 03:04:20.042  1381  1804 W Places  : Ignoring PlaceGeofence, no matching place found for alert
11-11 03:04:20.043  1381  1804 W Places  : Ignoring PlaceGeofence, no matching place found for alert
11-11 03:04:20.043  1381  1804 W Places  : Ignoring PlaceGeofence, no matching place found for alert
11-11 03:04:20.043  1381  1804 W Places  : Ignoring PlaceGeofence, no matching place found for alert
11-11 03:04:20.043  1381  1804 W Places  : Ignoring PlaceGeofence, no matching place found for alert
11-11 03:04:20.043  1381  1804 W Places  : Ignoring PlaceGeofence, no matching place found for alert
11-11 03:04:20.044  1381  1804 W Places  : Ignoring PlaceGeofence, no matching place found for alert
11-11 03:04:20.044  1381  1804 W Places  : Ignoring PlaceGeofence, no matching place found for alert
11-11 03:04:20.044  1381  1804 W Places  : Ignoring PlaceGeofence, no matching place found for alert
11-11 03:04:20.050  1381  1381 I GeofencerStateMachine: removeGeofences: removeRequest=RemoveGeofencingRequest[REMOVE_BY_IDS Ids=[QEpCcJWUUVtAKs1aGHpKSUKgAAAAAknwAAAAAg==
11-11 03:04:20.050  1381  1381 I GeofencerStateMachine: , QEmNmQNxpIhAMPi/u2xSOUiOokT/////AAAAAA==
11-11 03:04:20.050  1381  1381 I GeofencerStateMachine: , QEpC8IzFdcFAKtVcMVk+X0KgAAAAAknwAAAAAg==
11-11 03:04:20.050  1381  1381 I GeofencerStateMachine: , QEpCOSW7e2tAKtPc32mHg0KgAAAAAknwAAAAAg==
11-11 03:04:20.050  1381  1381 I GeofencerStateMachine: , QEpCyZa3ZwpAKtCCBf8dgkKgAAAAAknwAAAAAg==
11-11 03:04:20.050  1381  1381 I GeofencerStateMachine: , QEpC+OcHCrZAKtE1pP1660KgAAAAAknwAAAAAg==
11-11 03:04:20.050  1381  1381 I GeofencerStateMachine: , QEpCqiNUmN5AKtEmICU5dUKgAAAAAknwAAAAAg==
11-11 03:04:20.050  1381  1381 I GeofencerStateMachine: , QEpCwQUYbbVAKtR5S0V4sEKgAAAAAknwAAAAAg==
11-11 03:04:20.050  1381  1381 I GeofencerStateMachine: , QEpCvDJK1edAKs6x9oexOUKgAAAAAknwAAAAAg==
11-11 03:04:20.050  1381  1381 I GeofencerStateMachine: , QEpCZHQd3w5AKtUJL1OqokKgAAAAAknwAAAAAg==
11-11 03:04:20.050  1381  1381 I GeofencerStateMachine: , QEpCixFAmiRAKtRh+fAbhkKgAAAAAknwAAAAAg==
11-11 03:04:20.050  1381  1381 I GeofencerStateMachine: , QEpCx8D0UXZAKtBvR7Z39kKgAAAAAknwAAAAAg==
11-11 03:04:20.050  1381  1381 I GeofencerStateMachine: , QEpConDYsDBAKs9w8rFi5EKgAAAAAknwAAAAAg==
11-11 03:04:20.050  1381  1381 I GeofencerStateMachine: , QEpClGtcb2xAKs6whW5pakKgAAAAAknwAAAAAg==
11-11 03:04:20.050  1381  1381 I GeofencerStateMachine: , QEpCjCiXzr5AKtRf8dgfEEKgAAAAAknwAAAAAg==
11-11 03:04:20.050  1381  1381 I GeofencerStateMachine: , QEpCgZgbFFhAKs4ypxw5G0KgAAAAAknwAAAAAg==
11-11 03:04:20.050  1381  1381 I GeofencerStateMachine: , QEpC/lXb1KdAKtFmnO0LMEKgAAAAAknwAAAAAg==
11-11 03:04:20.050  1381  1381 I GeofencerStateMachine: , QEpC3bitWxdAKtLAEPynhkKgAAAAAknwAAAAAg==
11-11 03:04:20.050  1381  1381 I GeofencerStateMachine: , QEpC9FMjk4NAKtCAOk0C6EKgAAAAAknwAAAAAg==
11-11 03:04:20.050  1381  1381 I GeofencerStateMachine: , QEpDZ4fOlfpAKtDTBqKxcEKgAAAAAknwAAAAAg==
11-11 03:04:20.050  1381  1381 I GeofencerStateMachine: , QEpCgoFPH/lAKs4zCGsIjEKgAAAAAknwAAAAAg==
11-11 03:04:20.050  1381  1381 I GeofencerStateMachine: , QEpDUjwM9ohAKtKvkHvjpkKgAAAAAknwAAAAAg==
11-11 03:04:20.050  1381  1381 I GeofencerStateMachine: , QEpCrXec749AKtJboDnGy0KgAAAAAknwAAAAAg==
11-11 03:04:20.050  1381  1381 I GeofencerStateMachine: , QEpDIn+GyNxAKtCzXz19OUKgAAAAAknwAAAAAg==
11-11 03:04:20.050  1381  1381 I GeofencerStateMachine: , QEpCtZZPYj5AKtOdK/VRUEKgAAAAAknwAAAAAg==
11-11 03:04:20.050  1381  1381 I GeofencerStateMachine: , QEpD62pGxbdAKtMIUDCZ+0KgAAAAAknwAAAAAg==
11-11 03:04:20.050  1381  1381 I GeofencerStateMachine: , QEpC74BV+7VAKtVF26xjoEKgAAAAAknwAAAAAg==
11-11 03:04:20.050  1381  1381 I GeofencerStateMachine: , QEpClWpf8CpAKtMHKOktVUKgAAAAAknwAAAAAg==
11-11 03:04:20.050  1381  1381 I GeofencerStateMachine: , QEpCqKWmF1ZAKtI7xn+rsUKgAAAAAknwAAAAAg==
11-11 03:04:20.050  1381  1381 I GeofencerStateMachine: , QEpC49yzyp1AKtOoeFmt8UKgAAAAAknwAAAAAg==
11-11 03:04:20.050  1381  1381 I GeofencerStateMachine: , QEpCjUT3gNVAKtKbzHnAtkKgAAAAAknwAAAAAg==
11-11 03:04:20.050  1381  1381 I GeofencerStateMachine: , QEpCjCiXzr5AKtRf7n0gvUKgAAAAAknwAAAAAg==
11-11 03:04:20.050  1381  1381 I GeofencerStateMachine: , QEpDJMdfpYJAKtPzkwozX0KgAAAAAknwAAAAAg==
11-11 03:04:20.050  1381  1381 I GeofencerStateMachine: , QEpCKtqfHWdAKs3FyMyNDEKgAAAAAknwAAAAAg==
11-11 03:04:20.050  1381  1381 I GeofencerStateMachine: , QEpC6hdgbtVAKtNuz8Fz1EKgAAAAAknwAAAAAg==
11-11 03:04:20.050  1381  1381 I GeofencerStateMachine: , QEpCs2ypdodAKtL+CYW6v0KgAAAAAknwAAAAAg==
11-11 03:04:20.050  1381  1381 I GeofencerStateMachine: , QEpC925hBqtAKtGD15B1LUKgAAAAAknwAAAAAg==
11-11 03:04:20.050  1381  1381 I GeofencerStateMachine: , QEpCzjjdlx9AKtOQ4I1z8kKgAAAAAknwAAAAAg==
11-11 03:04:20.050  1381  1381 I GeofencerStateMachine: ], packageName=com.google.android.gms]
11-11 03:04:20.145  1381  1381 I GeofencerStateMachine: addGeofences: geofencingRequest=GeofencingRequest[geofences=[Geofence[CIRCLE id:QEpCR6/B+gtAKspZzdGvikKgAAAAAknwAAAAAg==
11-11 03:04:20.145  1381  1381 I GeofencerStateMachine:  transitions:7 52.517813, 13.395216 80m, resp=150s, dwell=150000ms, @-1], Geofence[CIRCLE id:QEpCth/iHZdAKss2eg+QlkKgAAAAAknwAAAAAg==
11-11 03:04:20.145  1381  1381 I GeofencerStateMachine:  transitions:7 52.521183, 13.396900 80m, resp=150s, dwell=150000ms, @-1], Geofence[CIRCLE id:QEpDJnGD0NpAKs5H7P6bfUKgAAAAAknwAAAAAg==
11-11 03:04:20.145  1381  1381 I GeofencerStateMachine:  transitions:7 52.524611, 13.402892 80m, resp=150s, dwell=150000ms, @-1], Geofence[CIRCLE id:QEpCHMAqJxtAKseQ0yF6pUKgAAAAAknwAAAAAg==
11-11 03:04:20.145  1381  1381 I GeofencerStateMachine:  transitions:7 52.516502, 13.389777 80m, resp=150s, dwell=150000ms, @-1], Geofence[CIRCLE id:QEpFHaHRdn9AKtPD7gD5/EKgAAAAAknwAAAAAg==
11-11 03:04:20.145  1381  1381 I GeofencerStateMachine:  transitions:7 52.539967, 13.413604 80m, resp=150s, dwell=150000ms, @-1], Geofence[CIRCLE id:QEpDBbfP5YdAKsyxjNVl+EKgAAAAAknwAAAAAg==
11-11 03:04:20.145  1381  1381 I GeofencerStateMachine:  transitions:7 52.523612, 13.399792 80m, resp=150s, dwell=150000ms, @-1], Geofence[CIRCLE id:QEpENvY2UqJAKtHgUDdP+EKgAAAAAknwAAAAAg==
11-11 03:04:20.145  1381  1381 I GeofencerStateMachine:  transitions:7 52.532927, 13.409914 80m, resp=150s, dwell=150000ms, @-1], Geofence[CIRCLE id:QEpDDFFHGnBAKs3NlUmowEKgAAAAAknwAAAAAg==
11-11 03:04:20.145  1381  1381 I GeofencerStateMachine:  transitions:7 52.523813, 13.401959 80m, resp=150s, dwell=150000ms, @-1], Geofence[CIRCLE id:QEpDoPJTbxNAKs9vcNEjc0KgAAAAAknwAAAAAg==
11-11 03:04:20.145  1381  1381 I GeofencerStateMachine:  transitions:7 52.528349, 13.405147 80m, resp=150s, dwell=150000ms, @-1], Geofence[CIRCLE id:QEpCSXxK1DlAKsmXWHa5mkKgAAAAAknwAAAAAg==
11-11 03:04:20.145  1381  1381 I GeofencerStateMachine:  transitions:7 52.517868, 13.393733 80m, resp=150s, dwell=150000ms, @-1], Geofence[CIRCLE id:QEpFDsCNI2lAKtQv1AMh80KgAAAAAknwAAAAAg==
11-11 03:04:20.145  1381  1381 I GeofencerStateMachine:  transitions:7 52.539513, 13.414427 80m, resp=150s, dwell=150000ms, @-1], Geofence[CIRCLE id:QEpDEv+3BORAKs4HlR+3VUKgAAAAAknwAAAAAg==
11-11 03:04:20.145  1381  1381 I GeofencerStateMachine:  transitions:7 52.524017, 13.402402 80m, resp=150s, dwell=150000ms, @-1], Geofence[CIRCLE id:QEpCk8fIgQ1AKsuYSGDB4UKgAAAAAknwAAAAAg==
11-11 03:04:20.145  1381  1381 I GeofencerStateMachine:  transitions:7 52.520135, 13.397646 80m, resp=150s, dwell=150000ms, @-1], Geofence[CIRCLE id:QEpDCojv/ipAKs0G/vfCREKgAAAAAknwAAAAAg==
11-11 03:04:20.145  1381  1381 I GeofencerStateMachine:  transitions:7 52.523759, 13.400444 80m, resp=150s, dwell=150000ms, @-1], Geofence[CIRCLE id:QEpCotthuwZAKsnS1tIJTEKgAAAAAknwAAAAAg==
11-11 03:04:20.145  1381  1381 I GeofencerStateMachine:  transitions:7 52.520595, 13.394187 80m, resp=150s, dwell=150000ms, @-1], Geofence[CIRCLE id:QEpEQrSwdlVAKtKGoW9Q8EKgAAAAAknwAAAAAg==
11-11 03:04:20.145  1381  1381 I GeofencerStateMachine:  transitions:7 52.533286, 13.411183 80m, resp=150s, dwell=150000ms, @-1], Geofence[CIRCLE id:QEpD1VD/zNRAKs73iTj5RUKgAAAAAknwAAAAAg==
11-11 03:04:20.145  1381  1381 I GeofencerStateMachine:  transitions:7 52.529947, 13.404232 80m, resp=150s, dwell=150000ms, @-1], Geofence[CIRCLE id:QEpEXKvSgUJAKtIoUwVgk0KgAAAAAknwAAAAAg==
11-11 03:04:20.145  1381  1381 I GeofencerStateMachine:  transitions:7 52.534078, 13.410464 80m, resp=150s, dwell=150000ms, @-1], Geofence[CIRCLE id:QEpC1DFFHGpAKs1uKalGtUKgAAAAAknwAAAAAg==
11-11 03:04:20.145  1381  1381 I GeofencerStateMachine:  transitions:7 52.522101, 13.401231 80m, resp=150s, dwell=150000ms, @-1], Geofence[CIRCLE id:QEpB6cbYlwVAKsn1cTDExEKgAAAAAknwAAAAAg==
11-11 03:04:20.145  1381  1381 I GeofencerStateMachine:  transitions:7 52.514947, 13.394451 80m, resp=150s, dwell=150000ms, @-1], Geofence[CIRCLE id:QEpDKKe+9kpAKs8ntHnvsEKgAAAAAknwAAAAAg==
11-11 03:04:20.145  1381  1381 I GeofencerStateMachine:  transitions:7 52.524678, 13.404600 80m, resp=150s, dwell=150000ms, @-1], Geofence[CIRCLE id:QEpCfDDTBqNAKsrGPWaS3EKgAAAAAknwAAAAAg==
11-11 03:04:20.145  1381  1381 I GeofencerStateMachine:  transitions:7 52.519415, 13.396044 80m, resp=150s, dwell=150000ms, @-1], Geofence[CIRCLE id:QEmNmQNxpIhAMPi/u2xSOUiO2Ej/////AAAAAA==
11-11 03:04:20.145  1381  1381 I GeofencerStateMachine:  transitions:3 51.106232, 16.971676 292546m, resp=150s, dwell=-1ms, @-1], Geofence[CIRCLE id:QEpFjApk3dBAKtVkc0cfeUKgAAAAAknwAAAAAg==
11-11 03:04:20.145  1381  1381 I GeofencerStateMachine:  transitions:7 52.543336, 13.416782 80m, resp=150s, dwell=150000ms, @-1], Geofence[CIRCLE id:QEpDq5byH2xAKs31BdD6WUKgAAAAAknwAAAAAg==
11-11 03:04:20.145  1381  1381 I GeofencerStateMachine:  transitions:7 52.528674, 13.402260 80m, resp=150s, dwell=150000ms, @-1], Geofence[CIRCLE id:QEpB4nF5v99AKsfwcRbDkUKgAAAAAknwAAAAAg==
11-11 03:04:20.145  1381  1381 I GeofencerStateMachine:  transitions:7 52.514723, 13.390506 80m, resp=150s, dwell=150000ms, @-1], Geofence[CIRCLE id:QEpCYCyQgcNAKsp3HJcPe0KgAAAAAknwAAAAAg==
11-11 03:04:20.145  1381  1381 I GeofencerStateMachine:  transitions:7 52.518560, 13.395440 80m, resp=150s, dwell=150000ms, @-1], Geofence[CIRCLE id:QEpDCEij3cBAKs38N/RjE0KgAAAAAknwAAAAAg==
11-11 03:04:20.145  1381  1381 I GeofencerStateMachine:  transitions:7 52.523690, 13.402315 80m, resp=150s, dwell=150000ms, @-1], Geofence[CIRCLE id:QEpDre3kdIlAKtELEoK5g0KgAAAAAknwAAAAAg==
11-11 03:04:20.145  1381  1381 I GeofencerStateMachine:  transitions:7 52.528745, 13.408288 80m, resp=150s, dwell=150000ms, @-1], Geofence[CIRCLE id:QEpDLhnuvo9AKs6my7FD2kKgAAAAAknwAAAAAg==
11-11 03:04:20.145  1381  1381 I GeofencerStateMachine:  transitions:7 52.524844, 13.403616 80m, resp
11-11 03:04:20.152  1381  1381 E ctxmgr  : [PlaceFenceHelper]NearbyBuffer is null!
11-11 03:04:20.167  1381  1381 I GeofencerStateMachine: removeGeofences: removeRequest=RemoveGeofencingRequest[REMOVE_BY_IDS Ids=[QEpCcJWUUVtAKs1aGHpKSUKgAAAAAknwAAAAAg==
11-11 03:04:20.167  1381  1381 I GeofencerStateMachine: , QEpCR6/B+gtAKspZzdGvikKgAAAAAknwAAAAAg==
11-11 03:04:20.167  1381  1381 I GeofencerStateMachine: , QEpCiSJTER9AKtQwK0D2akKgAAAAAknwAAAAAg==
11-11 03:04:20.167  1381  1381 I GeofencerStateMachine: , QEpCqKWmF1ZAKtI7xn+rsUKgAAAAAknwAAAAAg==
11-11 03:04:20.167  1381  1381 I GeofencerStateMachine: , QEpCDo8O/BxAKtNzr/sE7kKgAAAAAknwAAAAAg==
11-11 03:04:20.167  1381  1381 I GeofencerStateMachine: , QEpC9FMjk4NAKtCAOk0C6EKgAAAAAknwAAAAAg==
11-11 03:04:20.167  1381  1381 I GeofencerStateMachine: , QEpDJnGD0NpAKs5H7P6bfUKgAAAAAknwAAAAAg==
11-11 03:04:20.167  1381  1381 I GeofencerStateMachine: , QEpCth/iHZdAKss2eg+QlkKgAAAAAknwAAAAAg==
11-11 03:04:20.167  1381  1381 I GeofencerStateMachine: , QEpCOSW7e2tAKtPc32mHg0KgAAAAAknwAAAAAg==
11-11 03:04:20.167  1381  1381 I GeofencerStateMachine: , QEpCfDDTBqNAKsrGPWaS3EKgAAAAAknwAAAAAg==
11-11 03:04:20.167  1381  1381 I GeofencerStateMachine: , QEmNmQNxpIhAMPi/u2xSOUiO2Ej/////AAAAAA==
11-11 03:04:20.167  1381  1381 I GeofencerStateMachine: , QEpC6d5Vi0xAKtKf94GsPUKgAAAAAknwAAAAAg==
11-11 03:04:20.167  1381  1381 I GeofencerStateMachine: , QEpDZ4fOlfpAKtDTBqKxcEKgAAAAAknwAAAAAg==
11-11 03:04:20.167  1381  1381 I GeofencerStateMachine: , QEpCrXec749AKtJboDnGy0KgAAAAAknwAAAAAg==
11-11 03:04:20.167  1381  1381 I GeofencerStateMachine: , QEpDHjmm6rtAKtLLO9MU5UKgAAAAAknwAAAAAg==
11-11 03:04:20.167  1381  1381 I GeofencerStateMachine: , QEpDIn+GyNxAKtCzXz19OUKgAAAAAknwAAAAAg==
11-11 03:04:20.167  1381  1381 I GeofencerStateMachine: , QEpC925hBqtAKtGD15B1LUKgAAAAAknwAAAAAg==
11-11 03:04:20.167  1381  1381 I GeofencerStateMachine: , QEpEN7tYMEJAKtOHgWkhK0KgAAAAAknwAAAAAg==
11-11 03:04:20.167  1381  1381 I GeofencerStateMachine: , QEpFjApk3dBAKtVkc0cfeUKgAAAAAknwAAAAAg==
11-11 03:04:20.167  1381  1381 I GeofencerStateMachine: , QEpCvDJK1edAKs6x9oexOUKgAAAAAknwAAAAAg==
11-11 03:04:20.167  1381  1381 I GeofencerStateMachine: , QEpB4nF5v99AKsfwcRbDkUKgAAAAAknwAAAAAg==
11-11 03:04:20.167  1381  1381 I GeofencerStateMachine: , QEpDq5byH2xAKs31BdD6WUKgAAAAAknwAAAAAg==
11-11 03:04:20.167  1381  1381 I GeofencerStateMachine: , QEpC3bitWxdAKtLAEPynhkKgAAAAAknwAAAAAg==
11-11 03:04:20.167  1381  1381 I GeofencerStateMachine: , QEpCtZZPYj5AKtOdK/VRUEKgAAAAAknwAAAAAg==
11-11 03:04:20.167  1381  1381 I GeofencerStateMachine: , QEpCHMAqJxtAKseQ0yF6pUKgAAAAAknwAAAAAg==
11-11 03:04:20.167  1381  1381 I GeofencerStateMachine: , QEpDBbfP5YdAKsyxjNVl+EKgAAAAAknwAAAAAg==
11-11 03:04:20.167  1381  1381 I GeofencerStateMachine: , QEpFHaHRdn9AKtPD7gD5/EKgAAAAAknwAAAAAg==
11-11 03:04:20.167  1381  1381 I GeofencerStateMachine: , QEpDyDIzWPRAKtN4qwyIpEKgAAAAAknwAAAAAg==
11-11 03:04:20.167  1381  1381 I GeofencerStateMachine: , QEpDCEij3cBAKs38N/RjE0KgAAAAAknwAAAAAg==
11-11 03:04:20.167  1381  1381 I GeofencerStateMachine: , QEpCYCyQgcNAKsp3HJcPe0KgAAAAAknwAAAAAg==
11-11 03:04:20.167  1381  1381 I GeofencerStateMachine: , QEpD9WtRh7JAKtSi8t6vTkKgAAAAAknwAAAAAg==
11-11 03:04:20.167  1381  1381 I GeofencerStateMachine: , QEpDre3kdIlAKtELEoK5g0KgAAAAAknwAAAAAg==
11-11 03:04:20.167  1381  1381 I GeofencerStateMachine: , QEpDLhnuvo9AKs6my7FD2kKgAAAAAknwAAAAAg==
11-11 03:04:20.167  1381  1381 I GeofencerStateMachine: , QEpENvY2UqJAKtHgUDdP+EKgAAAAAknwAAAAAg==
11-11 03:04:20.167  1381  1381 I GeofencerStateMachine: , QEpDDLKV6eFAKs1ZDArQPUKgAAAAAknwAAAAAg==
11-11 03:04:20.167  1381  1381 I GeofencerStateMachine: , QEpDDFFHGnBAKs3NlUmowEKgAAAAAknwAAAAAg==
11-11 03:04:20.167  1381  1381 I GeofencerStateMachine: , QEpDJMdfpYJAKtPzkwozX0KgAAAAAknwAAAAAg==
11-11 03:04:20.167  1381  1381 I GeofencerStateMachine: , QEpC8IzFdcFAKtVcMVk+X0KgAAAAAknwAAAAAg==
11-11 03:04:20.167  1381  1381 I GeofencerStateMachine: , QEpDoPJTbxNAKs9vcNEjc0KgAAAAAknwAAAAAg==
11-11 03:04:20.167  1381  1381 I GeofencerStateMachine: , QEpConDYsDBAKs9w8rFi5EKgAAAAAknwAAAAAg==
11-11 03:04:20.167  1381  1381 I GeofencerStateMachine: , QEpCSXxK1DlAKsmXWHa5mkKgAAAAAknwAAAAAg==
11-11 03:04:20.167  1381  1381 I GeofencerStateMachine: , QEpClGtcb2xAKs6whW5pakKgAAAAAknwAAAAAg==
11-11 03:04:20.167  1381  1381 I GeofencerStateMachine: , QEpDVtQiK6RAKszHGS6lL0KgAAAAAknwAAAAAg==
11-11 03:04:20.167  1381  1381 I GeofencerStateMachine: , QEpC+OcHCrZAKtE1pP1660KgAAAAAknwAAAAAg==
11-11 03:04:20.167  1381  1381 I GeofencerStateMachine: , QEpCKtqfHWdAKs3FyMyNDEKgAAAAAknwAAAAAg==
11-11 03:04:20.167  1381  1381 I GeofencerStateMachine: , QEpFDsCNI2lAKtQv1AMh80KgAAAAAknwAAAAAg==
11-11 03:04:20.167  1381  1381 I GeofencerStateMachine: , QEpCqiNUmN5AKtEmICU5dUKgAAAAAknwAAAAAg==
11-11 03:04:20.167  1381  1381 I GeofencerStateMachine: , QEpDxzq8lHBAKtHLfGq0qUKgAAAAAknwAAAAAg==
11-11 03:04:20.167  1381  1381 I GeofencerStateMachine: , QEpCZHQd3w5AKtUJL1OqokKgAAAAAknwAAAAAg==
11-11 03:04:20.167  1381  1381 I GeofencerStateMachine: , QEpCzjjdlx9AKtOQ4I1z8kKgAAAAAknwAAAAAg==
11-11 03:04:20.167  1381  1381 I GeofencerStateMachine: , QEpDEv+3BORAKs4HlR+3VUKgAAAAAknwAAAAAg==
11-11 03:04:20.167  1381  1381 I GeofencerStateMachine: , QEpC6hdgbtVAKtNuz8Fz1EKgAAAAAknwAAAAAg==
11-11 03:04:20.167  1381  1381 I GeofencerStateMachine: , QEpC5UtI065AKszJNWiXmUKgAAAAAknwAAAAAg==
11-11 03:04:20.167  1381  1381 I GeofencerStateMachine: , QEpEKq4pc5ZAKtMLeNoGckKgAAAAAknwAAAAAg==
11-11 03:04:20.167  1381  1381 I GeofencerStateMachine: , QEpCmTC+De1AKs4kNWluWEKgAAAAAknwAAAAAg==
11-11 03:04:20.167  1381  1381 I GeofencerStateMachine: , QEpC/lXb1KdAKtFmnO0LMEKgAAAAAknwAAAAAg==
11-11 03:04:20.167  1381  1381 I GeofencerStateMachine: , QEpDUjwM9ohAKtKvkHvjpkKgAAAAAknwAAAAAg==
11-11 03:04:20.167  1381  1381 I GeofencerStateMachine: , QEpEMSbpeNVAKtVYZEUj9kKgAAAAAknwAAAAAg==
11-11 03:04:20.167  1381  1381 I GeofencerStateMachine: , QEpCgoFPH/lAKs4zCGsIjEKgAAAAAknwAAAAAg==
11-11 03:04:20.167  1381  1381 I GeofencerStateMachine: , QEpCixFAmiRAKtRh+fAbhkKgAAAAAknwAAAAAg==
11-11 03:04:20.167  1381  1381 I GeofencerStateMachine: , QEpCgZgbFFhAKs4ypxw5G0KgAAAAAknwAAAAAg==
11-11 03:04:20.167  1381  1381 I GeofencerStateMachine: , QEpCjCiXzr5AKtRf7n0gvUKgAAAAAknwAAAAAg==
11-11 03:04:20.167  1381  1381 I GeofencerStateMachine: , QEpCk8fIgQ1AKsuYSGDB4UKgAAAAAknwAAAAAg==
11-11 03:04:20.167  1381  1381 I GeofencerStateMachine: , QEpCjUT3gNVAKtKbzHnAtkKgAAAAAknwAAAAAg==
11-11 03:04:20.167  1381  1381 I GeofencerStateMachine: , QEpC49yzyp1AKtOoeFmt8UKgAAAAAknwAAAAAg==
11-11 03:04:20.167  1381  1381 I GeofencerStateMachine: , QEpC74BV+7VAKtVF26xjoEKgAAAAAknwAAAAAg==
11-11 03:04:20.167  1381  1381 I GeofencerStateMachine: , QEpCs2ypdodAKtL+CYW6v0KgAAAAAknwAAAAAg==
11-11 03:04:20.167  1381  1381 I GeofencerStateMachine: , QEpDCojv/ipAKs0G/vfCREKgAAAAAknwAAAAAg==
11-11 03:04:20.167  1381  1381 I GeofencerStateMachine: , QEpCotthuwZAKsnS1tIJTEKgAAAAAknwAAAAAg==
11-11 03:04:20.167  1381  1381 I GeofencerStateMachine: , QEpE9G+pBUdAKtPkiliz9kKgAAAAAknwAAAAAg==
11-11 03:04:20.167  1381  1381 I GeofencerStateMachine: , QEpB9Q8LNb5AKtGp7ntzP0KgAAAAAknwAAAAAg==
11-11 03:04:20.167  1381  1381 I GeofencerStateMachine: , QEpEQrSwdlVAKtKGoW9Q8EKgAAAAAknwAAAAAg==
11-11 03:04:20.167  1381  1381 I GeofencerStateMachine: , QEpD1VD/zNRAKs73iTj5RUKgAAAAAknwAAAAAg==
11-11 03:04:20.167  1381  1381 I GeofencerStateMachine: , QEpEXKvSgUJAKtIoUwVgk0KgAAAAAknwAAAAAg==
11-11 03:04:20.167  1381  1381 I GeofencerStateMachine: , QEpCyZa3ZwpAKtCCBf8dgkKgAAAAAknwAAAAAg==
11-11 03:04:20.167  1381  1381 I GeofencerStateMachine: , QEpCjCiXzr5AKtRf8dgfEEKgAAAAAknwAAAAAg==
11-11 03:04:20.167  1381  1381 I GeofencerStateMachine: , QEpCaSICiUdAKssyZoSZV0KgAAAAAknwAAAAAg==
11-11 03:04:20.167  1381  1381 I GeofencerStateMachine: , QEpC1rqMWGhAKsvkGELs5EKgAAAAAknwAAAAAg==
11-11 03:04:20.167  1381  1381 I GeofencerStateMachine: , QEpDElcamQhAKs3/o7muDEKgAAAAAknwAAAAAg==
11-11 03:04:20.167  1381  1381 I GeofencerStateMachine: , QEpB6cbYlwVAKsn1cTDExEKgAAAAAknwAAAAAg==
11-11 03:04:20.167  1381  1381 I GeofencerStateMachine: , QEpC1DFFHGpAKs1uKalGtUKgAAAAAknwAAAAAg==
11-11 03:04:20.167  1381  1381 I GeofencerStateMachine: , QEpDle7qLgdAKtPb+z35X0KgAAAAAknwAAAAAg==
11-11 03:04:20.167  1381  1381 I GeofencerStateMachine: , QEpEAcNOnslAKtLFX/EBX0KgAAAAAknwAAAAAg==
11-11 03:04:20.167  1381  1381 I GeofencerStateMachine: , QEpD62pGxbdAKtMIUDCZ+0KgAAAAAknwAAAAAg==
11-11 03:04:20.167  1381  1381 I GeofencerStateMachine: , QEpCx8D0UXZAKtBvR7Z39kKgAAAAAknwAAAAAg==
11-11 03:04:20.167  1381  1381 I GeofencerStateMachine: , QEpCwQUYbbVAKtR5S0V4sEKgAAAAAknwAAAAAg==
11-11 03:04:20.167  1381  1381 I GeofencerStateMachine: , QEpClWpf8CpAKtMHKOktVUKgAAAAAknwAAAAAg==
11-11 03:04:20.167  1381  1381 I GeofencerStateMachine: , QEpDKKe+9kpAKs8ntHnvsEKgAAAAAknwAAAAAg==
11-11 03:04:20.167  1381  1381 I GeofencerStateMachine: , QEpCDk2gnMNAKtF1pZ6KmkKgAAAAAknwAAAAAg==
11-11 03:04:20.167  1381  1381 I GeofencerStateMachine: ], packageName=com.google.android.gms]
11-11 03:04:20.174  1381  4991 W ctxmgr  : [AclManager]No 2 for (accnt=account#-517948760#, com.google.android.gms(10008):PlacesProducer, vrsn=11746000, 0, 3pPkg = null ,  3pMdlId = null ,  pid = 1381). Was: 3 for 18, account#-517948760#
11-11 03:04:20.192  1381  1381 I GeofencerStateMachine: addGeofences: geofencingRequest=GeofencingRequest[geofences=[Geofence[CIRCLE id:QEmPTbWVeKJAMP1y2ujvQkKgAAAAAknwAAAAAg==
11-11 03:04:20.192  1381  1381 I GeofencerStateMachine:  transitions:7 51.119559, 16.990034 80m, resp=150s, dwell=150000ms, @-1], Geofence[CIRCLE id:QEmMUFcwaH1AMP8utfXwskKgAAAAAknwAAAAAg==
11-11 03:04:20.192  1381  1381 I GeofencerStateMachine:  transitions:7 51.096202, 16.996806 80m, resp=150s, dwell=150000ms, @-1], Geofence[CIRCLE id:QEmPrjApk3dAMP1SknQLakKgAAAAAknwAAAAAg==
11-11 03:04:20.192  1381  1381 I GeofencerStateMachine:  transitions:7 51.122503, 16.989541 80m, resp=150s, dwell=150000ms, @-1], Geofence[CIRCLE id:QEmPPpwdAZhAMP0wdemRKEKgAAAAAknwAAAAAg==
11-11 03:04:20.192  1381  1381 I GeofencerStateMachine:  transitions:7 51.119098, 16.989021 80m, resp=150s, dwell=150000ms, @-1], Geofence[CIRCLE id:QEmMcKjfh7tAMP92N5TBw0KgAAAAAknwAAAAAg==
11-11 03:04:20.192  1381  1381 I GeofencerStateMachine:  transitions:7 51.097188, 16.997898 80m, resp=150s, dwell=150000ms, @-1], Geofence[CIRCLE id:QEmMWNgIajFAMPveFcpsoEKgAAAAAknwAAAAAg==
11-11 03:04:20.192  1381  1381 I GeofencerStateMachine:  transitions:7 51.096461, 16.983858 80m, resp=150s, dwell=150000ms, @-1], Geofence[CIRCLE id:QEmPNEWB6lBAMP07E9JE3EKgAAAAAknwAAAAAg==
11-11 03:04:20.192  1381  1381 I GeofencerStateMachine:  transitions:7 51.118783, 16.989183 80m, resp=150s, dwell=150000ms, @-1], Geofence[CIRCLE id:QEmPFKMlM5ZAMPzOHgWkhEKgAAAAAknwAAAAAg==
11-11 03:04:20.192  1381  1381 I GeofencerStateMachine:  transitions:7 51.117817, 16.987520 80m, resp=150s, dwell=150000ms, @-1], Geofence[CIRCLE id:QEmPmMLaBMNAMPZQGR0HeEKgAAAAAknwAAAAAg==
11-11 03:04:20.192  1381  1381 I GeofencerStateMachine:  transitions:7 51.121849, 16.962160 80m, resp=150s, dwell=150000ms, @-1], Geofence[CIRCLE id:QEmNxI8QqZtAMPJBLPD500KgAAAAAknwAAAAAg==
11-11 03:04:20.192  1381  1381 I GeofencerStateMachine:  transitions:7 51.107561, 16.946307 80m, resp=150s, dwell=150000ms, @-1], Geofence[CIRCLE id:QEmPR51Ng0BAMP0e7gHQukKgAAAAAknwAAAAAg==
11-11 03:04:20.192  1381  1381 I GeofencerStateMachine:  transitions:7 51.119373, 16.988753 80m, resp=150s, dwell=150000ms, @-1], Geofence[CIRCLE id:QEmODBdld1NAMPjPOzwWMUKgAAAAAknwAAAAAg==
11-11 03:04:20.192  1381  1381 I GeofencerStateMachine:  transitions:7 51.109744, 16.971912 80m, resp=150s, dwell=150000ms, @-1], Geofence[CIRCLE id:QEmPNEqKZ81AMP07HeM/1kKgAAAAAknwAAAAAg==
11-11 03:04:20.192  1381  1381 I GeofencerStateMachine:  transitions:7 51.118783, 16.989183 80m, resp=150s, dwell=150000ms, @-1], Geofence[CIRCLE id:QEmPQ1rIo3JAMP0IC2c8T0KgAAAAAknwAAAAAg==
11-11 03:04:20.192  1381  1381 I GeofencerStateMachine:  transitions:7 51.119243, 16.988404 80m, resp=150s, dwell=150000ms, @-1], Geofence[CIRCLE id:QEmLUI9kjHFAMP+++aVy60KgAAAAAknwAAAAAg==
11-11 03:04:20.192  1381  1381 I GeofencerStateMachine:  transitions:7 51.088396, 16.999008 80m, resp=150s, dwell=150000ms, @-1], Geofence[CIRCLE id:QEmPJxNqQA9AMP0PczqKP0KgAAAAAknwAAAAAg==
11-11 03:04:20.192  1381  1381 I GeofencerStateMachine:  transitions:7 51.118380, 16.988517 80m, resp=150s, dwell=150000ms, @-1], Geofence[CIRCLE id:QEmPXCj1wo9AMP1wo9cKPUKgAAAAAknwAAAAAg==
11-11 03:04:20.192  1381  1381 I GeofencerStateMachine:  transitions:7 51.120000, 16.990000 80m, resp=150s, dwell=150000ms, @-1], Geofence[CIRCLE id:QEmPPuXu3MJAMP2EwnH/90KgAAAAAknwAAAAAg==
11-11 03:04:20.192  1381  1381 I GeofencerStateMachine:  transitions:7 51.119107, 16.990307 80m, resp=150s, dwell=150000ms, @-1], Geofence[CIRCLE id:QEmNf5ADF+JAMPI1ivxH5EKgAAAAAknwAAAAAg==
11-11 03:04:20.192  1381  1381 I GeofencerStateMachine:  transitions:7 51.105455, 16.946130 80m, resp=150s, dwell=150000ms, @-1], Geofence[CIRCLE id:QEmLU6FnxDRAMP+A2NhzykKgAAAAAknwAAAAAg==
11-11 03:04:20.192  1381  1381 I GeofencerStateMachine:  transitions:7 51.088490, 16.998060 80m, resp=150s, dwell=150000ms, @-1], Geofence[CIRCLE id:QEmNluCBtXdAMPJp/cqbmkKgAAAAAknwAAAAAg==
11-11 03:04:20.192  1381  1381 I GeofencerStateMachine:  transitions:7 51.106167, 16.946930 80m, resp=150s, dwell=150000ms, @-1], Geofence[CIRCLE id:QEmN6LOzIFNAMPXcDbJwKkKgAAAAAknwAAAAAg==
11-11 03:04:20.192  1381  1381 I GeofencerStateMachine:  transitions:7 51.108664, 16.960389 80m, resp=150s, dwell=150000ms, @-1], Geofence[CIRCLE id:QEmNgn0dYhBAMPNTVr8pdkKgAAAAAknwAAAAAg==
11-11 03:04:20.192  1381  1381 I GeofencerStateMachine:  transitions:7 51.105545, 16.950490 80m, resp=150s, dwell=150000ms, @-1], Geofence[CIRCLE id:QEmPF6vuL/RAMPywtGhR+UKgAAAAAknwAAAAAg==
11-11 03:04:20.192  1381  1381 I GeofencerStateMachine:  transitions:7 51.117910, 16.987071 80m, resp=150s, dwell=150000ms, @-1], Geofence[CIRCLE id:QEmP3FeES1NAMPyG9VInFEKgAAAAAknwAAAAAg==
11-11 03:04:20.192  1381  1381 I GeofencerStateMachine:  transitions:7 51.123912, 16.986434 80m, resp=150s, dwell=150000ms, @-1], Geofence[CIRCLE id:QEmNhGcCbZhAMPJRNKX5+kKgAAAAAknwAAAAAg==
11-11 03:04:20.192  1381  1381 I GeofencerStateMachine:  transitions:7 51.105603, 16.946552 80m, resp=150s, dwell=150000ms, @-1], Geofence[CIRCLE id:QEmP0AcT8HdAMPzE4hzAKkKgAAAAAknwAAAAAg==
11-11 03:04:20.192  1381  1381 I GeofencerStateMachine:  transitions:7 51.123536, 16.987379 80m, resp=150s, dwell=150000ms, @-1], Geofence[CIRCLE id:QEmPOM2m52BAMP1RUFSsKkKgAAAAAknwAAAAAg==
11-11 03:04:20.192  1381  1381 I GeofencerStateMachine:  transitions:7 51.118921, 16.989522 80m, resp=150s, dwell=150000ms, @-1], Geofence[CIRCLE id:QEmPKbayrxVAMP0dg56FkUKgAAAAAknwAAAAAg==
11-11 03:04:20.192  1381  1381 I GeofencerStateMachine:  transitions:7 51.118460, 16.988732 80m, resp=150s, dwell=150000ms, @-1], Geofence[CIRCLE id:QEmOiPhhpg1AMPL212JSBEKgAAAAAknwAAAAAg==
11-11 03:04:20.192  1381  1381 I GeofencerStateMachine:  transitions:7 51.113555, 16.949079 80m, resp
11-11 03:04:20.212  1381  1804 W Places  : Ignoring PlaceGeofence, no matching place found for alert
11-11 03:04:20.212  1381  1804 W Places  : Ignoring PlaceGeofence, no matching place found for alert
11-11 03:04:20.213  1381  1804 W Places  : Ignoring PlaceGeofence, no matching place found for alert
11-11 03:04:20.213  1381  1804 W Places  : Ignoring PlaceGeofence, no matching place found for alert
11-11 03:04:20.213  1381  1804 W Places  : Ignoring PlaceGeofence, no matching place found for alert
11-11 03:04:20.213  1381  1804 W Places  : Ignoring PlaceGeofence, no matching place found for alert
11-11 03:04:20.214  1381  1804 W Places  : Ignoring PlaceGeofence, no matching place found for alert
11-11 03:04:20.214  1381  1804 W Places  : Ignoring PlaceGeofence, no matching place found for alert
11-11 03:04:20.214  1381  1804 W Places  : Ignoring PlaceGeofence, no matching place found for alert
11-11 03:04:20.214  1381  1804 W Places  : Ignoring PlaceGeofence, no matching place found for alert
11-11 03:04:20.215  1381  1804 W Places  : Ignoring PlaceGeofence, no matching place found for alert
11-11 03:04:20.215  1381  1804 W Places  : Ignoring PlaceGeofence, no matching place found for alert
11-11 03:04:20.215  1381  1804 W Places  : Ignoring PlaceGeofence, no matching place found for alert
11-11 03:04:20.215  1381  1804 W Places  : Ignoring PlaceGeofence, no matching place found for alert
