11-11 02:58:42.822   734  1225 W libprocessgroup: failed to open /acct/uid_10054/pid_3047/cgroup.procs: No such file or directory
11-11 02:58:42.965   734  1225 I ActivityManager: Start proc com.google.android.gms.ui for service com.google.android.gms/.chimera.UiIntentOperationService: pid=3924 uid=10008 gids={50008, 9997, 2001, 3003, 1007, 3006, 1028, 1015, 3002, 3001, 1005, 3007} abi=armeabi-v7a
11-11 02:58:43.005  3924  3924 W ResourcesManager: Asset path '/system/framework/com.android.media.remotedisplay.jar' does not exist or contains no resources.
11-11 02:58:43.005  3924  3924 W ResourcesManager: Asset path '/system/framework/com.android.location.provider.jar' does not exist or contains no resources.
11-11 02:58:43.140   734  1821 D WifiService: acquireWifiLockLocked: WifiLock{NlpWifiLock type=2 binder=android.os.BinderProxy@1493f9f4}
11-11 02:58:43.174  3924  3924 W ActivityThread: ClassLoader.loadClass: The class loader returned by Thread.getContextClassLoader() may fail for processes that host multiple applications. You should explicitly specify a context class loader. For example: Thread.setContextClassLoader(getClass().getClassLoader());
11-11 02:58:43.204   734  1225 I ActivityManager: Start proc com.google.android.apps.maps for broadcast com.google.android.apps.maps/com.google.android.apps.gmm.ugc.ataplace.AtAPlaceService: pid=3953 uid=10058 gids={50058, 9997, 3003, 1028, 1015} abi=armeabi-v7a
11-11 02:58:43.588  1585  2282 E ActivityThread: Failed to find provider info for com.google.android.wearable.settings
11-11 02:58:43.771   734  1068 D WifiService: releaseWifiLockLocked: WifiLock{NlpWifiLock type=2 binder=android.os.BinderProxy@1493f9f4}
11-11 02:58:44.140   734  1068 I ActivityManager: Killing 3152:com.google.android.apps.magazines/u0a61 (adj 15): empty #17
11-11 02:58:44.175   734  1266 W libprocessgroup: failed to open /acct/uid_10061/pid_3152/cgroup.procs: No such file or directory
11-11 02:58:44.345  3953  4005 W ResourcesManager: Asset path '/system/framework/com.android.media.remotedisplay.jar' does not exist or contains no resources.
11-11 02:58:44.345  3953  4005 W ResourcesManager: Asset path '/system/framework/com.android.location.provider.jar' does not exist or contains no resources.
11-11 02:58:44.497   734  2773 D ConnectivityService: listenForNetwork for NetworkRequest [ id=7, legacyType=-1, [ Capabilities: INTERNET&NOT_RESTRICTED&TRUSTED] ]
11-11 02:58:44.497   734   876 D ConnectivityService: handleRegisterNetworkRequest checking NetworkAgentInfo [WIFI () - 100]
11-11 02:58:44.497   734   876 D ConnectivityService: apparently satisfied.  currentScore=60
11-11 02:58:44.701  3953  4005 W ActivityThread: ClassLoader.loadClass: The class loader returned by Thread.getContextClassLoader() may fail for processes that host multiple applications. You should explicitly specify a context class loader. For example: Thread.setContextClassLoader(getClass().getClassLoader());
11-11 02:58:44.767   734   750 I ActivityManager: Killing 3199:com.google.android.gm/u0a70 (adj 15): empty #17
11-11 02:58:44.815   734  1225 W libprocessgroup: failed to open /acct/uid_10070/pid_3199/cgroup.procs: No such file or directory
11-11 02:58:45.263   734   750 I ActivityManager: Start proc com.google.android.videos for service com.google.android.videos/.service.drm.RefreshLicenseTaskService: pid=4032 uid=10078 gids={50078, 9997, 3003} abi=armeabi-v7a
11-11 02:58:45.315  4032  4032 W ResourcesManager: Asset path '/system/framework/com.google.widevine.software.drm.jar' does not exist or contains no resources.
11-11 02:58:45.637   734  1266 D WifiService: acquireWifiLockLocked: WifiLock{com.google.android.videos.service.drm.LicenseRefresher_tasks type=3 binder=android.os.BinderProxy@25ab0cc3}
11-11 02:58:45.642   734  1068 D WifiService: releaseWifiLockLocked: WifiLock{com.google.android.videos.service.drm.LicenseRefresher_tasks type=3 binder=android.os.BinderProxy@25ab0cc3}
11-11 02:58:45.685   734  1239 I ActivityManager: Killing 3324:com.google.android.apps.plus/u0a67 (adj 15): empty #17
11-11 02:58:45.734   734  1225 W libprocessgroup: failed to open /acct/uid_10067/pid_3324/cgroup.procs: No such file or directory
11-11 02:58:46.245   734   734 I ActivityManager: Start proc com.google.android.gm for broadcast com.google.android.gm/.widget.GmailWidgetProvider: pid=4118 uid=10070 gids={50070, 9997, 3003, 1028, 1015} abi=armeabi-v7a
11-11 02:58:46.596   734  1225 W ActivityManager: Unable to start service Intent { cmp=com.google.android.gm/com.android.email.service.AttachmentService } U=0: not found
11-11 02:58:46.708   734  1266 W ActivityManager: Unable to start service Intent { cmp=com.google.android.gm.exchange/com.android.exchange.service.EasService } U=0: not found
11-11 02:58:46.872   734  1239 I ActivityManager: Start proc com.domobile.applockwatcher for broadcast com.domobile.applockwatcher/com.domobile.aut.activity.DisableLauncherReceiver: pid=4171 uid=10085 gids={50085, 9997} abi=armeabi-v7a
11-11 02:58:46.915   734  2773 I ActivityManager: Killing 3357:com.google.android.contacts/u0a9 (adj 15): empty #17
11-11 02:58:46.968   734  1068 W libprocessgroup: failed to open /acct/uid_10009/pid_3357/cgroup.procs: No such file or directory
11-11 02:58:47.205   734  2773 I ActivityManager: Killing 3390:com.google.android.youtube/u0a80 (adj 15): empty #17
11-11 02:58:47.231   734  1266 D ConnectivityService: ConnectivityService NetworkRequestInfo binderDied(NetworkRequest [ id=5, legacyType=-1, [ Capabilities: INTERNET&NOT_RESTRICTED&TRUSTED] ], android.os.BinderProxy@27614eeb)
11-11 02:58:47.231   734   876 D ConnectivityService: releasing NetworkRequest NetworkRequest [ id=5, legacyType=-1, [ Capabilities: INTERNET&NOT_RESTRICTED&TRUSTED] ]
11-11 02:58:47.231   734   876 E ConnectivityService: RemoteException caught trying to send a callback msg for NetworkRequest [ id=5, legacyType=-1, [ Capabilities: INTERNET&NOT_RESTRICTED&TRUSTED] ]
11-11 02:58:47.267   734  1182 W libprocessgroup: failed to open /acct/uid_10080/pid_3390/cgroup.procs: No such file or directory
11-11 02:58:47.610   734  2773 I ActivityManager: Killing 3519:com.google.android.keep/u0a71 (adj 15): empty #17
11-11 02:58:47.635   734   750 W libprocessgroup: failed to open /acct/uid_10071/pid_3519/cgroup.procs: No such file or directory
11-11 02:58:47.871   734  3959 D ConnectivityService: listenForNetwork for NetworkRequest [ id=8, legacyType=-1, [ Capabilities: INTERNET&NOT_RESTRICTED&TRUSTED] ]
11-11 02:58:47.871   734   876 D ConnectivityService: handleRegisterNetworkRequest checking NetworkAgentInfo [WIFI () - 100]
11-11 02:58:47.871   734   876 D ConnectivityService: apparently satisfied.  currentScore=60
11-11 02:58:50.404   734  3959 I ActivityManager: Killing 3609:com.google.android.apps.messaging/u0a86 (adj 15): empty #17
11-11 02:58:50.455   734  1068 W libprocessgroup: failed to open /acct/uid_10086/pid_3609/cgroup.procs: No such file or directory
11-11 02:58:50.480   734   734 W ResourcesManager: Asset path '/system/framework/com.google.widevine.software.drm.jar' does not exist or contains no resources.
11-11 02:58:50.526   734   734 W ResourcesManager: Asset path '/system/framework/com.google.android.maps.jar' does not exist or contains no resources.
11-11 02:58:50.533   734   734 D BackupManagerService: Received broadcast Intent { act=android.intent.action.PACKAGE_CHANGED dat=package:com.domobile.applock flg=0x4000010 (has extras) }
11-11 02:58:51.106   734   827 I ActivityManager: Waited long enough for: ServiceRecord{1d24ba15 u0 com.google.android.calendar/.alerts.InitAlarmsService}
11-11 02:58:51.129   734   827 I ActivityManager: Start proc com.bitbar.testdroid.monitor for broadcast com.bitbar.testdroid.monitor/.BroadcastInterceptService: pid=4376 uid=10096 gids={50096, 9997, 3003, 1028, 1015, 3002, 3001} abi=armeabi-v7a
11-11 02:58:51.213   734   750 I ActivityManager: Start proc com.bitbar.testdroid.monitor:data for service com.bitbar.testdroid.monitor/.DataService: pid=4394 uid=10096 gids={50096, 9997, 3003, 1028, 1015, 3002, 3001} abi=armeabi-v7a
11-11 02:58:51.231   734   884 I ActivityManager: Killing 2906:com.google.android.apps.photos/u0a65 (adj 15): empty #17
11-11 02:58:51.265   734  1068 W libprocessgroup: failed to open /acct/uid_10065/pid_2906/cgroup.procs: No such file or directory
11-11 02:58:51.287   734  1266 I ActivityManager: Killing 3810:com.google.android.partnersetup/u0a13 (adj 15): empty #17
11-11 02:58:51.321   734  1219 W libprocessgroup: failed to open /acct/uid_10013/pid_3810/cgroup.procs: No such file or directory
11-11 02:58:54.011   734   838 I ActivityManager: Start proc com.android.defcontainer for service com.android.defcontainer/.DefaultContainerService: pid=4481 uid=10005 gids={50005, 9997, 1028, 1015, 1023, 2001, 1035} abi=armeabi-v7a
11-11 02:58:54.084  4481  4496 D DefContainer: Copying /data/local/tmp/application.apk to base.apk
11-11 02:58:54.159   734   838 W PackageParser: Unknown element under <manifest>: meta-data at /data/app/vmdl556345497.tmp/base.apk Binary XML file line #50
11-11 02:58:54.764   734   838 D PackageManager: Renaming /data/app/vmdl556345497.tmp to /data/app/org.totschnig.myexpenses-1
11-11 02:58:58.224   734   827 W ProcessCpuTracker: Skipping unknown process pid 4538
11-11 02:58:58.225   734   827 W ProcessCpuTracker: Skipping unknown process pid 4541
11-11 02:59:00.614   734  1219 I ActivityManager: Start proc com.google.android.gms:car for service com.google.android.gms/.car.CarService: pid=4562 uid=10008 gids={50008, 9997, 2001, 3003, 1007, 3006, 1028, 1015, 3002, 3001, 1005, 3007} abi=armeabi-v7a
11-11 02:59:00.676  4562  4562 W ResourcesManager: Asset path '/system/framework/com.android.media.remotedisplay.jar' does not exist or contains no resources.
11-11 02:59:00.676  4562  4562 W ResourcesManager: Asset path '/system/framework/com.android.location.provider.jar' does not exist or contains no resources.
11-11 02:59:00.882  4562  4562 W ActivityThread: ClassLoader.loadClass: The class loader returned by Thread.getContextClassLoader() may fail for processes that host multiple applications. You should explicitly specify a context class loader. For example: Thread.setContextClassLoader(getClass().getClassLoader());
11-11 02:59:01.475   734  1239 W ActivityManager: Unable to start service Intent { act=local_action cmp=com.google.android.gms/.car.InCallService2 } U=0: not found
11-11 02:59:01.662   734   838 V BackupManagerService: restoreAtInstall pkg=org.totschnig.myexpenses token=1 restoreSet=0
11-11 02:59:01.663   734   838 V BackupManagerService: Finishing install immediately
11-11 02:59:01.703   734  2913 I ActivityManager: Start proc com.google.android.partnersetup for broadcast com.google.android.partnersetup/.RlzPingBroadcastReceiver: pid=4600 uid=10013 gids={50013, 9997, 3003} abi=armeabi-v7a
11-11 02:59:01.705   734   734 D BackupManagerService: Received broadcast Intent { act=android.intent.action.PACKAGE_ADDED dat=package:org.totschnig.myexpenses flg=0x4000010 (has extras) }
11-11 02:59:01.955   734  1182 I ActivityManager: Start proc com.android.musicfx for broadcast com.android.musicfx/.Compatibility$Receiver: pid=4634 uid=10015 gids={50015, 9997, 3003, 3002} abi=armeabi-v7a
11-11 02:59:02.123   734  1225 I ActivityManager: Killing 3899:com.android.cellbroadcastreceiver/u0a3 (adj 15): empty #17
11-11 02:59:02.167   734  2773 W libprocessgroup: failed to open /acct/uid_10003/pid_3899/cgroup.procs: No such file or directory
11-11 02:59:02.412  4481  4497 D DefContainer: Copying /data/local/tmp/instrumentation.apk to base.apk
11-11 02:59:02.464   734   838 D PackageManager: Renaming /data/app/vmdl447748937.tmp to /data/app/testdroid.appcrawler.testcrawler-1
11-11 02:59:02.575   734  2773 W ActivityManager: getRecentTasks: caller 10016 is using old GET_TASKS but privileged; allowing
11-11 02:59:02.640  3835  3835 W ResourcesManager: Asset path '/system/framework/com.android.media.remotedisplay.jar' does not exist or contains no resources.
11-11 02:59:02.640  3835  3835 W ResourcesManager: Asset path '/system/framework/com.android.location.provider.jar' does not exist or contains no resources.
11-11 02:59:02.797  3835  3835 W ResourcesManager: Asset path '/system/framework/com.google.android.maps.jar' does not exist or contains no resources.
11-11 02:59:03.323   734   827 W ProcessCpuTracker: Skipping unknown process pid 4703
11-11 02:59:03.478   734   838 V BackupManagerService: restoreAtInstall pkg=testdroid.appcrawler.testcrawler token=2 restoreSet=0
11-11 02:59:03.478   734   838 V BackupManagerService: Finishing install immediately
11-11 02:59:03.523   734   734 W ResourcesManager: Asset path '/system/framework/com.google.widevine.software.drm.jar' does not exist or contains no resources.
11-11 02:59:03.557   734   734 W ResourcesManager: Asset path '/system/framework/com.google.android.maps.jar' does not exist or contains no resources.
11-11 02:59:03.563   734   734 D BackupManagerService: Received broadcast Intent { act=android.intent.action.PACKAGE_ADDED dat=package:testdroid.appcrawler.testcrawler flg=0x4000010 (has extras) }
11-11 02:59:03.571   734   734 W BackupManagerService: Removing schedule queue dupe of testdroid.appcrawler.testcrawler
11-11 02:59:04.829   734  1358 I ActivityManager: Force stopping org.totschnig.myexpenses appid=10082 user=0: start instr
11-11 02:59:04.857   734  1358 I ActivityManager: Start proc org.totschnig.myexpenses for added application org.totschnig.myexpenses: pid=4810 uid=10082 gids={50082, 9997, 3003, 1028, 1015} abi=armeabi-v7a
11-11 02:59:05.137   734  1239 I ActivityManager: START u0 {act=android.intent.action.MAIN cat=[android.intent.category.LAUNCHER] flg=0x10200000 cmp=org.totschnig.myexpenses/.activity.SplashActivity} from uid 10082 on display 0
11-11 02:59:05.324   734  1181 I ActivityManager: Killing 3643:com.domobile.applock/u0a84 (adj 5): kill background
11-11 02:59:05.344   734   875 D WifiService: Client connection lost with reason: 4
11-11 02:59:05.455   734  1181 W ActivityManager: Scheduling restart of crashed service com.domobile.applock/.service.LockService in 1000ms
11-11 02:59:05.456   734  1358 W ActivityManager: Spurious death for ProcessRecord{dfcfa75 3643:com.domobile.applock/u0a84}, curProc for 3643: null
11-11 02:59:05.542   734   862 I ActivityManager: Start proc com.domobile.applock for service com.domobile.applock/.service.LockService: pid=4846 uid=10084 gids={50084, 9997, 3003, 1028, 1015, 3002, 3001} abi=armeabi-v7a
11-11 02:59:05.789  4846  4883 W ResourcesManager: Asset path '/system/framework/com.android.media.remotedisplay.jar' does not exist or contains no resources.
11-11 02:59:05.789  4846  4883 W ResourcesManager: Asset path '/system/framework/com.android.location.provider.jar' does not exist or contains no resources.
11-11 02:59:05.890   734   875 D WifiService: New client listening to asynchronous messages
11-11 02:59:05.941   734  2913 I ActivityManager: Start proc com.bitbar.testdroid.monitor:screenshot for service com.bitbar.testdroid.monitor/.ScreenshotService: pid=4898 uid=10096 gids={50096, 9997, 3003, 1028, 1015, 3002, 3001} abi=armeabi-v7a
11-11 02:59:05.997   734  2773 I ActivityManager: Start proc com.bitbar.testdroid.monitor:metadata for service com.bitbar.testdroid.monitor/.MetadataService: pid=4917 uid=10096 gids={50096, 9997, 3003, 1028, 1015, 3002, 3001} abi=armeabi-v7a
11-11 02:59:06.182   734  3959 I ActivityManager: Killing 3924:com.google.android.gms.ui/u0a8 (adj 15): empty #17
11-11 02:59:06.205   734  2913 W libprocessgroup: failed to open /acct/uid_10008/pid_3924/cgroup.procs: No such file or directory
11-11 02:59:06.513   734  3959 W ActivityManager: Unbind failed: could not find connection for android.os.BinderProxy@2daeee85
11-11 02:59:06.516   734  2913 I ActivityManager: Killing 3953:com.google.android.apps.maps/u0a58 (adj 15): empty #17
11-11 02:59:06.557   734  1182 D ConnectivityService: ConnectivityService NetworkRequestInfo binderDied(NetworkRequest [ id=7, legacyType=-1, [ Capabilities: INTERNET&NOT_RESTRICTED&TRUSTED] ], android.os.BinderProxy@644da)
11-11 02:59:06.558   734   876 D ConnectivityService: releasing NetworkRequest NetworkRequest [ id=7, legacyType=-1, [ Capabilities: INTERNET&NOT_RESTRICTED&TRUSTED] ]
11-11 02:59:06.559   734   876 E ConnectivityService: RemoteException caught trying to send a callback msg for NetworkRequest [ id=7, legacyType=-1, [ Capabilities: INTERNET&NOT_RESTRICTED&TRUSTED] ]
11-11 02:59:06.573   734  1182 W libprocessgroup: failed to open /acct/uid_10058/pid_3953/cgroup.procs: No such file or directory
11-11 02:59:12.469   734  1182 I ActivityManager: Killing 4032:com.google.android.videos/u0a78 (adj 15): empty #17
11-11 02:59:12.497   734  2773 W libprocessgroup: failed to open /acct/uid_10078/pid_4032/cgroup.procs: No such file or directory
11-11 02:59:13.761   734   827 W ProcessCpuTracker: Skipping unknown process pid 5049
11-11 02:59:13.762   734   827 W ProcessCpuTracker: Skipping unknown process pid 5052
11-11 02:59:13.762   734   827 W ProcessCpuTracker: Skipping unknown process pid 5053
11-11 02:59:13.763   734   827 W ProcessCpuTracker: Skipping unknown process pid 5056
11-11 02:59:15.199   734  1358 I ActivityManager: Killing 3102:com.google.android.deskclock/u0a38 (adj 15): empty #17
11-11 02:59:15.254   734  1266 W libprocessgroup: failed to open /acct/uid_10038/pid_3102/cgroup.procs: No such file or directory
11-11 02:59:16.060   734  1821 W ActivityManager: getTasks: caller 10082 does not hold GET_TASKS; limiting output
11-11 02:59:16.101   734   734 W ResourcesManager: Asset path '/system/framework/com.google.widevine.software.drm.jar' does not exist or contains no resources.
11-11 02:59:16.110   734   734 W ResourcesManager: Asset path '/system/framework/com.google.android.maps.jar' does not exist or contains no resources.
11-11 02:59:16.111   734   734 D BackupManagerService: Received broadcast Intent { act=android.intent.action.PACKAGE_CHANGED dat=package:com.domobile.applock flg=0x4000010 (has extras) }
11-11 02:59:54.560   734   827 W ProcessCpuTracker: Skipping unknown process pid 5386
11-11 03:00:05.437   734   862 W ActivityManager: Unable to start service Intent { act=com.google.android.gms.drive.ApiService.RESET_AFTER_BOOT flg=0x4 cmp=com.google.android.gms/.drive.api.ApiService (has extras) } U=0: not found
11-11 03:03:45.097   734  2773 D WifiService: acquireWifiLockLocked: WifiLock{NlpWifiLock type=2 binder=android.os.BinderProxy@4ce845b}
11-11 03:03:45.869   734  1225 D WifiService: releaseWifiLockLocked: WifiLock{NlpWifiLock type=2 binder=android.os.BinderProxy@4ce845b}
11-11 03:03:59.388   734   827 W ProcessCpuTracker: Skipping unknown process pid 7215
--------- beginning of main
11-11 03:04:13.328  4810  4840 D AppCrawler: Button [] - clickable: true - visible: false  - enabled: true   cannot be clicked
11-11 03:04:13.328  4810  4840 D AppCrawler: View [p] - clickable: true - visible: false  - enabled: true   cannot be clicked
11-11 03:04:13.328  4810  4840 D AppCrawler: View [ActionMenuItemView] - clickable: true - visible: false  - enabled: true   cannot be clicked
11-11 03:04:13.328  4810  4840 D AppCrawler: Button [Next] - clickable: true - visible: false  - enabled: true   cannot be clicked
11-11 03:04:13.328  4810  4840 D AppCrawler: Button [Get started] - clickable: true - visible: false  - enabled: true   cannot be clicked
11-11 03:04:13.328  4810  4840 D AppCrawler: Button [] - clickable: true - visible: false  - enabled: true   cannot be clicked
11-11 03:04:13.328  4810  4840 D AppCrawler: View [z] - clickable: true - visible: false  - enabled: true   cannot be clicked
11-11 03:04:13.328  4810  4840 D AppCrawler: Button [Next] - clickable: true - visible: false  - enabled: true   cannot be clicked
11-11 03:04:13.328  4810  4840 D AppCrawler: Button [Get started] - clickable: true - visible: false  - enabled: true   cannot be clicked
11-11 03:04:13.328  4810  4840 D AppCrawler: View [m] - clickable: true - visible: false  - enabled: true   cannot be clicked
11-11 03:04:13.329  4810  4840 D AppCrawler: Button [] - clickable: true - visible: false  - enabled: true   cannot be clicked
11-11 03:04:13.329  4810  4840 D AppCrawler: View [AmountEditText] - clickable: true - visible: false  - enabled: true   cannot be clicked
11-11 03:04:13.329  4810  4840 D AppCrawler: View [p] - clickable: true - visible: false  - enabled: true   cannot be clicked
11-11 03:04:13.329  4810  4840 D AppCrawler: View [w] - clickable: true - visible: false  - enabled: true   cannot be clicked
11-11 03:04:13.329  4810  4840 D AppCrawler: Button [More Options] - clickable: true - visible: false  - enabled: true   cannot be clicked
11-11 03:04:13.329  4810  4840 D AppCrawler: View [m] - clickable: true - visible: false  - enabled: true   cannot be clicked
11-11 03:04:13.329  4810  4840 D AppCrawler: View [w] - clickable: true - visible: false  - enabled: true   cannot be clicked
11-11 03:04:13.329  4810  4840 D AppCrawler: Button [] - clickable: true - visible: false  - enabled: true   cannot be clicked
11-11 03:04:13.329  4810  4840 D AppCrawler: View [p] - clickable: true - visible: false  - enabled: true   cannot be clicked
11-11 03:04:13.329  4810  4840 D AppCrawler: View [ActionMenuItemView] - clickable: true - visible: false  - enabled: true   cannot be clicked
11-11 03:04:13.329  4810  4840 D AppCrawler: Button [Next] - clickable: true - visible: false  - enabled: true   cannot be clicked
11-11 03:04:13.329  4810  4840 D AppCrawler: Button [Get started] - clickable: true - visible: false  - enabled: true   cannot be clicked
11-11 03:04:13.329  4810  4840 D AppCrawler: Button [] - clickable: true - visible: false  - enabled: true   cannot be clicked
11-11 03:04:13.329  4810  4840 D AppCrawler: View [z] - clickable: true - visible: false  - enabled: true   cannot be clicked
11-11 03:04:13.329  4810  4840 D AppCrawler: Button [Next] - clickable: true - visible: false  - enabled: true   cannot be clicked
11-11 03:04:13.329  4810  4840 D AppCrawler: Button [Get started] - clickable: true - visible: false  - enabled: true   cannot be clicked
11-11 03:04:13.329  4810  4840 D AppCrawler: View [m] - clickable: true - visible: false  - enabled: true   cannot be clicked
11-11 03:04:13.329  4810  4840 D AppCrawler: Button [] - clickable: true - visible: false  - enabled: true   cannot be clicked
11-11 03:04:13.329  4810  4840 D AppCrawler: View [AmountEditText] - clickable: true - visible: false  - enabled: true   cannot be clicked
11-11 03:04:13.329  4810  4840 D AppCrawler: View [p] - clickable: true - visible: false  - enabled: true   cannot be clicked
11-11 03:04:13.329  4810  4840 D AppCrawler: View [w] - clickable: true - visible: false  - enabled: true   cannot be clicked
11-11 03:04:13.329  4810  4840 D AppCrawler: Button [More Options] - clickable: true - visible: false  - enabled: true   cannot be clicked
11-11 03:04:13.329  4810  4840 D AppCrawler: View [m] - clickable: true - visible: false  - enabled: true   cannot be clicked
11-11 03:04:13.330  4810  4840 D AppCrawler: View [w] - clickable: true - visible: false  - enabled: true   cannot be clicked
11-11 03:04:13.330  4810  4840 D AppCrawler: Button [] - clickable: true - visible: false  - enabled: true   cannot be clicked
11-11 03:04:13.330  4810  4840 D AppCrawler: View [p] - clickable: true - visible: false  - enabled: true   cannot be clicked
11-11 03:04:13.330  4810  4840 D AppCrawler: View [ActionMenuItemView] - clickable: true - visible: false  - enabled: true   cannot be clicked
11-11 03:04:13.330  4810  4840 D AppCrawler: Button [Next] - clickable: true - visible: false  - enabled: true   cannot be clicked
11-11 03:04:13.330  4810  4840 D AppCrawler: Button [Get started] - clickable: true - visible: false  - enabled: true   cannot be clicked
11-11 03:04:13.330  4810  4840 D AppCrawler: Button [] - clickable: true - visible: false  - enabled: true   cannot be clicked
11-11 03:04:13.330  4810  4840 D AppCrawler: View [z] - clickable: true - visible: false  - enabled: true   cannot be clicked
11-11 03:04:13.330  4810  4840 D AppCrawler: Button [Next] - clickable: true - visible: false  - enabled: true   cannot be clicked
11-11 03:04:13.330  4810  4840 D AppCrawler: Button [Get started] - clickable: true - visible: false  - enabled: true   cannot be clicked
11-11 03:04:13.330  4810  4840 D AppCrawler: View [m] - clickable: true - visible: false  - enabled: true   cannot be clicked
11-11 03:04:13.330  4810  4840 D AppCrawler: Button [] - clickable: true - visible: false  - enabled: true   cannot be clicked
11-11 03:04:13.330  4810  4840 D AppCrawler: View [AmountEditText] - clickable: true - visible: false  - enabled: true   cannot be clicked
11-11 03:04:13.330  4810  4840 D AppCrawler: View [p] - clickable: true - visible: false  - enabled: true   cannot be clicked
11-11 03:04:13.330  4810  4840 D AppCrawler: View [w] - clickable: true - visible: false  - enabled: true   cannot be clicked
11-11 03:04:13.330  4810  4840 D AppCrawler: Button [More Options] - clickable: true - visible: false  - enabled: true   cannot be clicked
11-11 03:04:13.330  4810  4840 D AppCrawler: View [m] - clickable: true - visible: false  - enabled: true   cannot be clicked
11-11 03:04:13.330  4810  4840 D AppCrawler: View [w] - clickable: true - visible: false  - enabled: true   cannot be clicked
11-11 03:04:13.330  4810  4840 D AppCrawler: Button [] - clickable: true - visible: false  - enabled: true   cannot be clicked
11-11 03:04:13.330  4810  4840 D AppCrawler: View [p] - clickable: true - visible: false  - enabled: true   cannot be clicked
11-11 03:04:13.330  4810  4840 D AppCrawler: View [ActionMenuItemView] - clickable: true - visible: false  - enabled: true   cannot be clicked
11-11 03:04:13.330  4810  4840 D AppCrawler: Button [Next] - clickable: true - visible: false  - enabled: true   cannot be clicked
11-11 03:04:13.330  4810  4840 D AppCrawler: Button [Get started] - clickable: true - visible: false  - enabled: true   cannot be clicked
11-11 03:04:13.331  4810  4840 D AppCrawler: Button [] - clickable: true - visible: false  - enabled: true   cannot be clicked
11-11 03:04:13.331  4810  4840 D AppCrawler: View [z] - clickable: true - visible: false  - enabled: true   cannot be clicked
11-11 03:04:13.331  4810  4840 D AppCrawler: Button [Next] - clickable: true - visible: false  - enabled: true   cannot be clicked
11-11 03:04:13.331  4810  4840 D AppCrawler: Button [Get started] - clickable: true - visible: false  - enabled: true   cannot be clicked
11-11 03:04:13.331  4810  4840 D AppCrawler: View [m] - clickable: true - visible: false  - enabled: true   cannot be clicked
11-11 03:04:13.331  4810  4840 D AppCrawler: Button [] - clickable: true - visible: false  - enabled: true   cannot be clicked
11-11 03:04:13.331  4810  4840 D AppCrawler: View [AmountEditText] - clickable: true - visible: false  - enabled: true   cannot be clicked
11-11 03:04:13.331  4810  4840 D AppCrawler: View [p] - clickable: true - visible: false  - enabled: true   cannot be clicked
11-11 03:04:13.331  4810  4840 D AppCrawler: View [w] - clickable: true - visible: false  - enabled: true   cannot be clicked
11-11 03:04:13.331  4810  4840 D AppCrawler: Button [More Options] - clickable: true - visible: false  - enabled: true   cannot be clicked
11-11 03:04:13.331  4810  4840 D AppCrawler: View [m] - clickable: true - visible: false  - enabled: true   cannot be clicked
11-11 03:04:13.331  4810  4840 D AppCrawler: View [w] - clickable: true - visible: false  - enabled: true   cannot be clicked
11-11 03:04:13.331  4810  4840 D AppCrawler: Button [] - clickable: true - visible: false  - enabled: true   cannot be clicked
11-11 03:04:13.331  4810  4840 D AppCrawler: View [p] - clickable: true - visible: false  - enabled: true   cannot be clicked
11-11 03:04:13.331  4810  4840 D AppCrawler: View [ActionMenuItemView] - clickable: true - visible: false  - enabled: true   cannot be clicked
11-11 03:04:13.331  4810  4840 D AppCrawler: Button [Next] - clickable: true - visible: false  - enabled: true   cannot be clicked
11-11 03:04:13.331  4810  4840 D AppCrawler: Button [Get started] - clickable: true - visible: false  - enabled: true   cannot be clicked
11-11 03:04:13.331  4810  4840 D AppCrawler: Button [] - clickable: true - visible: false  - enabled: true   cannot be clicked
11-11 03:04:13.331  4810  4840 D AppCrawler: View [z] - clickable: true - visible: false  - enabled: true   cannot be clicked
11-11 03:04:13.331  4810  4840 D AppCrawler: Button [Next] - clickable: true - visible: false  - enabled: true   cannot be clicked
11-11 03:04:13.331  4810  4840 D AppCrawler: Button [Get started] - clickable: true - visible: false  - enabled: true   cannot be clicked
11-11 03:04:13.331  4810  4840 D AppCrawler: View [m] - clickable: true - visible: false  - enabled: true   cannot be clicked
11-11 03:04:13.331  4810  4840 D AppCrawler: Button [] - clickable: true - visible: false  - enabled: true   cannot be clicked
11-11 03:04:13.332  4810  4840 D AppCrawler: View [AmountEditText] - clickable: true - visible: false  - enabled: true   cannot be clicked
11-11 03:04:13.332  4810  4840 D AppCrawler: View [p] - clickable: true - visible: false  - enabled: true   cannot be clicked
11-11 03:04:13.332  4810  4840 D AppCrawler: View [w] - clickable: true - visible: false  - enabled: true   cannot be clicked
11-11 03:04:13.332  4810  4840 D AppCrawler: Button [More Options] - clickable: true - visible: false  - enabled: true   cannot be clicked
11-11 03:04:13.332  4810  4840 D AppCrawler: View [m] - clickable: true - visible: false  - enabled: true   cannot be clicked
11-11 03:04:13.332  4810  4840 D AppCrawler: View [w] - clickable: true - visible: false  - enabled: true   cannot be clicked
11-11 03:04:13.332  4810  4840 D AppCrawler: Button [] - clickable: true - visible: false  - enabled: true   cannot be clicked
11-11 03:04:13.332  4810  4840 D AppCrawler: View [p] - clickable: true - visible: false  - enabled: true   cannot be clicked
11-11 03:04:13.332  4810  4840 D AppCrawler: View [ActionMenuItemView] - clickable: true - visible: false  - enabled: true   cannot be clicked
11-11 03:04:13.332  4810  4840 D AppCrawler: Button [Next] - clickable: true - visible: false  - enabled: true   cannot be clicked
11-11 03:04:13.332  4810  4840 D AppCrawler: Button [Get started] - clickable: true - visible: false  - enabled: true   cannot be clicked
11-11 03:04:13.332  4810  4840 D AppCrawler: Button [] - clickable: true - visible: false  - enabled: true   cannot be clicked
11-11 03:04:13.332  4810  4840 D AppCrawler: View [z] - clickable: true - visible: false  - enabled: true   cannot be clicked
11-11 03:04:13.332  4810  4840 D AppCrawler: Button [Next] - clickable: true - visible: false  - enabled: true   cannot be clicked
11-11 03:04:13.332  4810  4840 D AppCrawler: Button [Get started] - clickable: true - visible: false  - enabled: true   cannot be clicked
11-11 03:04:13.332  4810  4840 D AppCrawler: View [m] - clickable: true - visible: false  - enabled: true   cannot be clicked
11-11 03:04:13.332  4810  4840 D AppCrawler: Button [] - clickable: true - visible: false  - enabled: true   cannot be clicked
11-11 03:04:13.332  4810  4840 D AppCrawler: View [AmountEditText] - clickable: true - visible: false  - enabled: true   cannot be clicked
11-11 03:04:13.332  4810  4840 D AppCrawler: View [p] - clickable: true - visible: false  - enabled: true   cannot be clicked
11-11 03:04:13.332  4810  4840 D AppCrawler: View [w] - clickable: true - visible: false  - enabled: true   cannot be clicked
11-11 03:04:13.332  4810  4840 D AppCrawler: Button [More Options] - clickable: true - visible: false  - enabled: true   cannot be clicked
11-11 03:04:13.332  4810  4840 D AppCrawler: View [m] - clickable: true - visible: false  - enabled: true   cannot be clicked
11-11 03:04:13.332  4810  4840 D AppCrawler: View [w] - clickable: true - visible: false  - enabled: true   cannot be clicked
11-11 03:04:13.332  4810  4840 D AppCrawler: Button [] - clickable: true - visible: false  - enabled: true   cannot be clicked
11-11 03:04:13.333  4810  4840 D AppCrawler: View [p] - clickable: true - visible: false  - enabled: true   cannot be clicked
11-11 03:04:13.333  4810  4840 D AppCrawler: View [ActionMenuItemView] - clickable: true - visible: false  - enabled: true   cannot be clicked
11-11 03:04:13.333  4810  4840 D AppCrawler: Button [Next] - clickable: true - visible: false  - enabled: true   cannot be clicked
11-11 03:04:13.333  4810  4840 D AppCrawler: Button [Get started] - clickable: true - visible: false  - enabled: true   cannot be clicked
11-11 03:04:13.333  4810  4840 D AppCrawler: Button [] - clickable: true - visible: false  - enabled: true   cannot be clicked
11-11 03:04:13.333  4810  4840 D AppCrawler: View [z] - clickable: true - visible: false  - enabled: true   cannot be clicked
11-11 03:04:13.333  4810  4840 D AppCrawler: Button [Next] - clickable: true - visible: false  - enabled: true   cannot be clicked
11-11 03:04:13.333  4810  4840 D AppCrawler: Button [Get started] - clickable: true - visible: false  - enabled: true   cannot be clicked
11-11 03:04:13.333  4810  4840 D AppCrawler: View [m] - clickable: true - visible: false  - enabled: true   cannot be clicked
11-11 03:04:13.333  4810  4840 D AppCrawler: Button [] - clickable: true - visible: false  - enabled: true   cannot be clicked
11-11 03:04:13.333  4810  4840 D AppCrawler: View [AmountEditText] - clickable: true - visible: false  - enabled: true   cannot be clicked
11-11 03:04:13.333  4810  4840 D AppCrawler: View [p] - clickable: true - visible: false  - enabled: true   cannot be clicked
11-11 03:04:13.333  4810  4840 D AppCrawler: View [w] - clickable: true - visible: false  - enabled: true   cannot be clicked
11-11 03:04:13.333  4810  4840 D AppCrawler: Button [More Options] - clickable: true - visible: false  - enabled: true   cannot be clicked
11-11 03:04:13.333  4810  4840 D AppCrawler: View [m] - clickable: true - visible: false  - enabled: true   cannot be clicked
11-11 03:04:13.333  4810  4840 D AppCrawler: View [w] - clickable: true - visible: false  - enabled: true   cannot be clicked
11-11 03:04:13.333  4810  4840 D AppCrawler: Button [] - clickable: true - visible: false  - enabled: true   cannot be clicked
11-11 03:04:13.333  4810  4840 D AppCrawler: View [p] - clickable: true - visible: false  - enabled: true   cannot be clicked
11-11 03:04:13.333  4810  4840 D AppCrawler: View [ActionMenuItemView] - clickable: true - visible: false  - enabled: true   cannot be clicked
11-11 03:04:13.333  4810  4840 D AppCrawler: Button [Next] - clickable: true - visible: false  - enabled: true   cannot be clicked
11-11 03:04:13.333  4810  4840 D AppCrawler: Button [Get started] - clickable: true - visible: false  - enabled: true   cannot be clicked
11-11 03:04:13.333  4810  4840 D AppCrawler: Button [] - clickable: true - visible: false  - enabled: true   cannot be clicked
11-11 03:04:13.333  4810  4840 D AppCrawler: View [z] - clickable: true - visible: false  - enabled: true   cannot be clicked
11-11 03:04:13.333  4810  4840 D AppCrawler: Button [Next] - clickable: true - visible: false  - enabled: true   cannot be clicked
11-11 03:04:13.334  4810  4840 D AppCrawler: Button [Get started] - clickable: true - visible: false  - enabled: true   cannot be clicked
11-11 03:04:13.334  4810  4840 D AppCrawler: View [m] - clickable: true - visible: false  - enabled: true   cannot be clicked
11-11 03:04:13.334  4810  4840 D AppCrawler: Button [] - clickable: true - visible: false  - enabled: true   cannot be clicked
11-11 03:04:13.334  4810  4840 D AppCrawler: View [AmountEditText] - clickable: true - visible: false  - enabled: true   cannot be clicked
11-11 03:04:13.334  4810  4840 D AppCrawler: View [p] - clickable: true - visible: false  - enabled: true   cannot be clicked
11-11 03:04:13.334  4810  4840 D AppCrawler: View [w] - clickable: true - visible: false  - enabled: true   cannot be clicked
11-11 03:04:13.334  4810  4840 D AppCrawler: Button [More Options] - clickable: true - visible: false  - enabled: true   cannot be clicked
11-11 03:04:13.334  4810  4840 D AppCrawler: View [m] - clickable: true - visible: false  - enabled: true   cannot be clicked
11-11 03:04:13.334  4810  4840 D AppCrawler: View [w] - clickable: true - visible: false  - enabled: true   cannot be clicked
11-11 03:04:13.334  4810  4840 D AppCrawler: Button [] - clickable: true - visible: false  - enabled: true   cannot be clicked
11-11 03:04:13.334  4810  4840 D AppCrawler: View [p] - clickable: true - visible: false  - enabled: true   cannot be clicked
11-11 03:04:13.334  4810  4840 D AppCrawler: View [ActionMenuItemView] - clickable: true - visible: false  - enabled: true   cannot be clicked
11-11 03:04:13.334  4810  4840 D AppCrawler: Button [Next] - clickable: true - visible: false  - enabled: true   cannot be clicked
11-11 03:04:13.334  4810  4840 D AppCrawler: Button [Get started] - clickable: true - visible: false  - enabled: true   cannot be clicked
11-11 03:04:13.334  4810  4840 D AppCrawler: Button [] - clickable: true - visible: false  - enabled: true   cannot be clicked
11-11 03:04:13.334  4810  4840 D AppCrawler: View [z] - clickable: true - visible: false  - enabled: true   cannot be clicked
11-11 03:04:13.334  4810  4840 D AppCrawler: Button [Next] - clickable: true - visible: false  - enabled: true   cannot be clicked
11-11 03:04:13.334  4810  4840 D AppCrawler: Button [Get started] - clickable: true - visible: false  - enabled: true   cannot be clicked
11-11 03:04:13.335  4810  4840 D AppCrawler: View [m] - clickable: true - visible: false  - enabled: true   cannot be clicked
11-11 03:04:13.335  4810  4840 D AppCrawler: Button [] - clickable: true - visible: false  - enabled: true   cannot be clicked
11-11 03:04:13.335  4810  4840 D AppCrawler: View [AmountEditText] - clickable: true - visible: false  - enabled: true   cannot be clicked
11-11 03:04:13.335  4810  4840 D AppCrawler: View [p] - clickable: true - visible: false  - enabled: true   cannot be clicked
11-11 03:04:13.335  4810  4840 D AppCrawler: View [w] - clickable: true - visible: false  - enabled: true   cannot be clicked
11-11 03:04:13.335  4810  4840 D AppCrawler: Button [More Options] - clickable: true - visible: false  - enabled: true   cannot be clicked
11-11 03:04:13.335  4810  4840 D AppCrawler: View [m] - clickable: true - visible: false  - enabled: true   cannot be clicked
11-11 03:04:13.335  4810  4840 D AppCrawler: View [w] - clickable: true - visible: false  - enabled: true   cannot be clicked
11-11 03:04:13.335  4810  4840 D AppCrawler: Button [] - clickable: true - visible: false  - enabled: true   cannot be clicked
11-11 03:04:13.335  4810  4840 D AppCrawler: View [p] - clickable: true - visible: false  - enabled: true   cannot be clicked
11-11 03:04:13.335  4810  4840 D AppCrawler: View [ActionMenuItemView] - clickable: true - visible: false  - enabled: true   cannot be clicked
11-11 03:04:13.335  4810  4840 D AppCrawler: Button [Next] - clickable: true - visible: false  - enabled: true   cannot be clicked
11-11 03:04:13.335  4810  4840 D AppCrawler: Button [Get started] - clickable: true - visible: false  - enabled: true   cannot be clicked
11-11 03:04:13.335  4810  4840 D AppCrawler: Button [] - clickable: true - visible: false  - enabled: true   cannot be clicked
11-11 03:04:13.335  4810  4840 D AppCrawler: View [z] - clickable: true - visible: false  - enabled: true   cannot be clicked
11-11 03:04:13.335  4810  4840 D AppCrawler: Button [Next] - clickable: true - visible: false  - enabled: true   cannot be clicked
11-11 03:04:13.335  4810  4840 D AppCrawler: Button [Get started] - clickable: true - visible: false  - enabled: true   cannot be clicked
11-11 03:04:13.335  4810  4840 D AppCrawler: View [m] - clickable: true - visible: false  - enabled: true   cannot be clicked
11-11 03:04:13.335  4810  4840 D AppCrawler: Button [] - clickable: true - visible: false  - enabled: true   cannot be clicked
11-11 03:04:13.335  4810  4840 D AppCrawler: View [AmountEditText] - clickable: true - visible: false  - enabled: true   cannot be clicked
11-11 03:04:13.335  4810  4840 D AppCrawler: View [p] - clickable: true - visible: false  - enabled: true   cannot be clicked
11-11 03:04:13.335  4810  4840 D AppCrawler: View [w] - clickable: true - visible: false  - enabled: true   cannot be clicked
11-11 03:04:13.335  4810  4840 D AppCrawler: Button [More Options] - clickable: true - visible: false  - enabled: true   cannot be clicked
11-11 03:04:13.335  4810  4840 D AppCrawler: View [m] - clickable: true - visible: false  - enabled: true   cannot be clicked
11-11 03:04:13.336  4810  4840 D AppCrawler: View [w] - clickable: true - visible: false  - enabled: true   cannot be clicked
11-11 03:04:13.336  4810  4840 D AppCrawler: Button [] - clickable: true - visible: false  - enabled: true   cannot be clicked
11-11 03:04:13.336  4810  4840 D AppCrawler: View [p] - clickable: true - visible: false  - enabled: true   cannot be clicked
11-11 03:04:13.336  4810  4840 D AppCrawler: View [ActionMenuItemView] - clickable: true - visible: false  - enabled: true   cannot be clicked
11-11 03:04:13.336  4810  4840 D AppCrawler: Button [Next] - clickable: true - visible: false  - enabled: true   cannot be clicked
11-11 03:04:13.336  4810  4840 D AppCrawler: Button [Get started] - clickable: true - visible: false  - enabled: true   cannot be clicked
11-11 03:04:13.336  4810  4840 D AppCrawler: Button [] - clickable: true - visible: false  - enabled: true   cannot be clicked
11-11 03:04:13.336  4810  4840 D AppCrawler: View [z] - clickable: true - visible: false  - enabled: true   cannot be clicked
11-11 03:04:13.336  4810  4840 D AppCrawler: Button [Next] - clickable: true - visible: false  - enabled: true   cannot be clicked
11-11 03:04:13.336  4810  4840 D AppCrawler: Button [Get started] - clickable: true - visible: false  - enabled: true   cannot be clicked
11-11 03:04:13.336  4810  4840 D AppCrawler: View [m] - clickable: true - visible: false  - enabled: true   cannot be clicked
11-11 03:04:13.336  4810  4840 D AppCrawler: Button [] - clickable: true - visible: false  - enabled: true   cannot be clicked
11-11 03:04:13.336  4810  4840 D AppCrawler: View [AmountEditText] - clickable: true - visible: false  - enabled: true   cannot be clicked
11-11 03:04:13.336  4810  4840 D AppCrawler: View [p] - clickable: true - visible: false  - enabled: true   cannot be clicked
11-11 03:04:13.336  4810  4840 D AppCrawler: View [w] - clickable: true - visible: false  - enabled: true   cannot be clicked
11-11 03:04:13.336  4810  4840 D AppCrawler: Button [More Options] - clickable: true - visible: false  - enabled: true   cannot be clicked
11-11 03:04:13.336  4810  4840 D AppCrawler: View [m] - clickable: true - visible: false  - enabled: true   cannot be clicked
11-11 03:04:13.336  4810  4840 D AppCrawler: View [w] - clickable: true - visible: false  - enabled: true   cannot be clicked
11-11 03:04:13.336  4810  4840 D AppCrawler: Button [] - clickable: true - visible: false  - enabled: true   cannot be clicked
11-11 03:04:13.336  4810  4840 D AppCrawler: View [p] - clickable: true - visible: false  - enabled: true   cannot be clicked
11-11 03:04:13.336  4810  4840 D AppCrawler: View [ActionMenuItemView] - clickable: true - visible: false  - enabled: true   cannot be clicked
11-11 03:04:13.336  4810  4840 D AppCrawler: Button [Next] - clickable: true - visible: false  - enabled: true   cannot be clicked
11-11 03:04:13.336  4810  4840 D AppCrawler: Button [Get started] - clickable: true - visible: false  - enabled: true   cannot be clicked
11-11 03:04:13.336  4810  4840 D AppCrawler: Button [] - clickable: true - visible: false  - enabled: true   cannot be clicked
11-11 03:04:13.337  4810  4840 D AppCrawler: View [z] - clickable: true - visible: false  - enabled: true   cannot be clicked
11-11 03:04:13.337  4810  4840 D AppCrawler: Button [Next] - clickable: true - visible: false  - enabled: true   cannot be clicked
11-11 03:04:13.337  4810  4840 D AppCrawler: Button [Get started] - clickable: true - visible: false  - enabled: true   cannot be clicked
11-11 03:04:13.337  4810  4840 D AppCrawler: View [m] - clickable: true - visible: false  - enabled: true   cannot be clicked
11-11 03:04:13.337  4810  4840 D AppCrawler: Button [] - clickable: true - visible: false  - enabled: true   cannot be clicked
11-11 03:04:13.337  4810  4840 D AppCrawler: View [AmountEditText] - clickable: true - visible: false  - enabled: true   cannot be clicked
11-11 03:04:13.337  4810  4840 D AppCrawler: View [p] - clickable: true - visible: false  - enabled: true   cannot be clicked
11-11 03:04:13.337  4810  4840 D AppCrawler: View [w] - clickable: true - visible: false  - enabled: true   cannot be clicked
11-11 03:04:13.337  4810  4840 D AppCrawler: Button [More Options] - clickable: true - visible: false  - enabled: true   cannot be clicked
11-11 03:04:13.337  4810  4840 D AppCrawler: View [m] - clickable: true - visible: false  - enabled: true   cannot be clicked
11-11 03:04:13.337  4810  4840 D AppCrawler: View [w] - clickable: true - visible: false  - enabled: true   cannot be clicked
11-11 03:04:13.337  4810  4840 D AppCrawler: Button [] - clickable: true - visible: false  - enabled: true   cannot be clicked
11-11 03:04:13.337  4810  4840 D AppCrawler: View [p] - clickable: true - visible: false  - enabled: true   cannot be clicked
11-11 03:04:13.337  4810  4840 D AppCrawler: View [ActionMenuItemView] - clickable: true - visible: false  - enabled: true   cannot be clicked
11-11 03:04:13.337  4810  4840 D AppCrawler: Button [Next] - clickable: true - visible: false  - enabled: true   cannot be clicked
11-11 03:04:13.337  4810  4840 D AppCrawler: Button [Get started] - clickable: true - visible: false  - enabled: true   cannot be clicked
11-11 03:04:13.337  4810  4840 D AppCrawler: Button [] - clickable: true - visible: false  - enabled: true   cannot be clicked
11-11 03:04:13.337  4810  4840 D AppCrawler: View [z] - clickable: true - visible: false  - enabled: true   cannot be clicked
11-11 03:04:13.337  4810  4840 D AppCrawler: Button [Next] - clickable: true - visible: false  - enabled: true   cannot be clicked
11-11 03:04:13.337  4810  4840 D AppCrawler: Button [Get started] - clickable: true - visible: false  - enabled: true   cannot be clicked
11-11 03:04:13.337  4810  4840 D AppCrawler: View [m] - clickable: true - visible: false  - enabled: true   cannot be clicked
11-11 03:04:13.337  4810  4840 D AppCrawler: Button [] - clickable: true - visible: false  - enabled: true   cannot be clicked
11-11 03:04:13.337  4810  4840 D AppCrawler: View [AmountEditText] - clickable: true - visible: false  - enabled: true   cannot be clicked
11-11 03:04:13.337  4810  4840 D AppCrawler: View [p] - clickable: true - visible: false  - enabled: true   cannot be clicked
11-11 03:04:13.338  4810  4840 D AppCrawler: View [w] - clickable: true - visible: false  - enabled: true   cannot be clicked
11-11 03:04:13.338  4810  4840 D AppCrawler: Button [More Options] - clickable: true - visible: false  - enabled: true   cannot be clicked
11-11 03:04:13.338  4810  4840 D AppCrawler: View [m] - clickable: true - visible: false  - enabled: true   cannot be clicked
11-11 03:04:13.338  4810  4840 D AppCrawler: View [w] - clickable: true - visible: false  - enabled: true   cannot be clicked
11-11 03:04:13.338  4810  4840 D AppCrawler: Button [] - clickable: true - visible: false  - enabled: true   cannot be clicked
11-11 03:04:13.338  4810  4840 D AppCrawler: View [p] - clickable: true - visible: false  - enabled: true   cannot be clicked
11-11 03:04:13.338  4810  4840 D AppCrawler: View [ActionMenuItemView] - clickable: true - visible: false  - enabled: true   cannot be clicked
11-11 03:04:13.338  4810  4840 D AppCrawler: Button [Next] - clickable: true - visible: false  - enabled: true   cannot be clicked
11-11 03:04:13.338  4810  4840 D AppCrawler: Button [Get started] - clickable: true - visible: false  - enabled: true   cannot be clicked
11-11 03:04:13.338  4810  4840 D AppCrawler: Button [] - clickable: true - visible: false  - enabled: true   cannot be clicked
11-11 03:04:13.338  4810  4840 D AppCrawler: View [z] - clickable: true - visible: false  - enabled: true   cannot be clicked
11-11 03:04:13.338  4810  4840 D AppCrawler: Button [Next] - clickable: true - visible: false  - enabled: true   cannot be clicked
11-11 03:04:13.338  4810  4840 D AppCrawler: Button [Get started] - clickable: true - visible: false  - enabled: true   cannot be clicked
11-11 03:04:13.338  4810  4840 D AppCrawler: View [m] - clickable: true - visible: false  - enabled: true   cannot be clicked
11-11 03:04:13.338  4810  4840 D AppCrawler: Button [] - clickable: true - visible: false  - enabled: true   cannot be clicked
11-11 03:04:13.338  4810  4840 D AppCrawler: View [AmountEditText] - clickable: true - visible: false  - enabled: true   cannot be clicked
11-11 03:04:13.338  4810  4840 D AppCrawler: View [p] - clickable: true - visible: false  - enabled: true   cannot be clicked
11-11 03:04:13.338  4810  4840 D AppCrawler: View [w] - clickable: true - visible: false  - enabled: true   cannot be clicked
11-11 03:04:13.338  4810  4840 D AppCrawler: Button [More Options] - clickable: true - visible: false  - enabled: true   cannot be clicked
11-11 03:04:13.338  4810  4840 D AppCrawler: View [m] - clickable: true - visible: false  - enabled: true   cannot be clicked
11-11 03:04:13.338  4810  4840 D AppCrawler: View [w] - clickable: true - visible: false  - enabled: true   cannot be clicked
