11-11 02:58:08.896   734   734 I SystemServer: Vibrator Service
11-11 02:58:08.900   734   734 I SystemServer: Consumer IR Service
11-11 02:58:08.901   734   734 I SystemServiceManager: Starting com.android.server.AlarmManagerService
11-11 02:58:08.908   734   734 I SystemServer: Init Watchdog
11-11 02:58:08.909   734   734 I SystemServer: Input Manager
11-11 02:58:08.910   734   734 I InputManager: Initializing input manager, mUseDevInputEventForAudioJack=true
11-11 02:58:08.912   734   734 I SystemServer: Window Manager
11-11 02:58:08.940   734   832 I WindowManager: No existing display settings /data/system/display_settings.xml; starting empty
11-11 02:58:08.983   734   734 I InputManager: Starting input manager
11-11 02:58:08.986   734   734 I SystemServer: Bluetooth Manager Service
11-11 02:58:09.003   734   734 I SystemServer: Input Method Service
11-11 02:58:09.011   734   734 W InputMethodManagerService: Couldn't create dir.: /data/system/inputmethod
11-11 02:58:09.061   734   734 I SystemServer: Accessibility Manager
11-11 02:58:09.069   734   734 I ActivityManager: Config changes=1df8 {1.0 ?mcc?mnc en_US ldltr sw360dp w360dp h640dp 480dpi nrml long port ?uimode ?night -touch -keyb/v/h -nav/h s.2}
11-11 02:58:09.089   734   734 I ActivityManager: Config changes=508 {1.0 ?mcc?mnc en_US ldltr sw360dp w360dp h567dp 480dpi nrml port ?uimode ?night finger -keyb/v/h -nav/h s.3}
11-11 02:58:09.092   734   734 I SystemServer: Mount Service
11-11 02:58:09.097   734   734 D MountService: got storage path: null description: Internal storage primary: false removable: false emulated: true mtpReserve: 100 allowMassStorage: false maxFileSize: 0
11-11 02:58:09.099   734   734 D MountService: addVolumeLocked() StorageVolume:
11-11 02:58:09.099   734   734 D MountService:     mStorageId=65537 mPath=/storage/emulated/0 mDescriptionId=17040782 
11-11 02:58:09.099   734   734 D MountService:     mPrimary=true mRemovable=false mEmulated=true mMtpReserveSpace=100 
11-11 02:58:09.099   734   734 D MountService:     mAllowMassStorage=false mMaxFileSize=0 mOwner=UserHandle{0} mUuid=null 
11-11 02:58:09.099   734   734 D MountService:     mUserLabel=null mState=null 
11-11 02:58:09.104   734   734 I SystemServer: LockSettingsService
11-11 02:58:09.105   734   826 I UsageStatsService: User[0] Rollover scheduled @ 2017-11-12 01:00:00(1510444800000)
11-11 02:58:09.109   734   734 I SystemServiceManager: Starting com.android.server.devicepolicy.DevicePolicyManagerService$Lifecycle
11-11 02:58:09.120   734   869 W PackageManager: Unknown permission android.permission.WRITE_SYNC_STATS in package com.google.android.apps.docs.editors.docs
11-11 02:58:09.120   734   869 W PackageManager: Not granting permission com.google.android.gm.permission.READ_GMAIL to package com.google.android.apps.docs.editors.docs (protectionLevel=2 flags=0x5bbec5)
11-11 02:58:09.120   734   869 W PackageManager: Not granting permission com.google.android.googleapps.permission.GOOGLE_AUTH.ALL_SERVICES to package com.google.android.apps.docs.editors.docs (protectionLevel=2 flags=0x5bbec5)
11-11 02:58:09.120   734   869 W PackageManager: Unknown permission com.android.launcher.permission.READ_SETTINGS in package com.google.android.launcher
11-11 02:58:09.120   734   869 W PackageManager: Unknown permission com.android.launcher.permission.WRITE_SETTINGS in package com.google.android.launcher
11-11 02:58:09.120   734   869 W PackageManager: Unknown permission com.google.android.voicesearch.SHORTCUTS_ACCESS in package com.google.android.googlequicksearchbox
11-11 02:58:09.120   734   869 W PackageManager: Unknown permission com.google.android.voicesearch.ACCESS_SETTINGS in package com.google.android.googlequicksearchbox
11-11 02:58:09.120   734   869 W PackageManager: Unknown permission com.android.browser.permission.PRELOAD in package com.google.android.googlequicksearchbox
11-11 02:58:09.120   734   869 W PackageManager: Unknown permission com.google.googlenav.friend.permission.OPT_IN in package com.google.android.googlequicksearchbox
11-11 02:58:09.120   734   869 W PackageManager: Not granting permission android.permission.CALL_PRIVILEGED to package com.google.android.googlequicksearchbox (protectionLevel=18 flags=0x40dbbec5)
11-11 02:58:09.120   734   869 W PackageManager: Not granting permission android.permission.REAL_GET_TASKS to package com.google.android.googlequicksearchbox (protectionLevel=18 flags=0x40dbbec5)
11-11 02:58:09.120   734   869 W PackageManager: Unknown permission com.google.android.apps.googlevoice.permission.AUTO_SEND in package com.google.android.googlequicksearchbox
11-11 02:58:09.120   734   869 W PackageManager: Unknown permission com.android.chrome.PRERENDER_URL in package com.google.android.googlequicksearchbox
11-11 02:58:09.120   734   869 W PackageManager: Unknown permission android.permission.USE_FINGERPRINT in package com.google.android.googlequicksearchbox
11-11 02:58:09.120   734   869 W PackageManager: Unknown permission com.google.android.permission.PROVIDE_BACKGROUND in package com.google.android.apps.fitness
11-11 02:58:09.120   734   869 W PackageManager: Unknown permission com.chrome.permission.DEVICE_EXTRAS in package com.android.chrome
11-11 02:58:09.120   734   869 W PackageManager: Unknown permission com.sec.enterprise.knox.MDM_CONTENT_PROVIDER in package com.android.chrome
11-11 02:58:09.121   734   869 W PackageManager: Unknown permission com.android.launcher.permission.READ_SETTINGS in package com.google.android.onetimeinitializer
11-11 02:58:09.121   734   869 W PackageManager: Unknown permission com.android.launcher.permission.WRITE_SETTINGS in package com.google.android.onetimeinitializer
11-11 02:58:09.121   734   869 W PackageManager: Unknown permission com.android.gallery3d.permission.GALLERY_PROVIDER in package com.android.bluetooth
11-11 02:58:09.121   734   869 W PackageManager: Unknown permission android.permission.MMS_SEND_OUTBOX_MSG in package com.android.bluetooth
11-11 02:58:09.121   734   869 W PackageManager: Unknown permission com.sprint.internal.permission.SYSTEMPROPERTIES in package com.redbend.vdmc
11-11 02:58:09.121   734   869 W PackageManager: Unknown permission com.sprint.internal.permission.SYSTEMPROPERTIES_WRITE in package com.redbend.vdmc
11-11 02:58:09.121   734   869 W PackageManager: Unknown permission com.sprint.internal.permission.CONNECTIONMANAGER in package com.redbend.vdmc
11-11 02:58:09.121   734   869 W PackageManager: Unknown permission com.sprint.internal.permission.PLATFORM in package com.redbend.vdmc
11-11 02:58:09.121   734   869 W PackageManager: Unknown permission com.google.android.ims.providers.ACCESS_DATA in package com.google.android.apps.messaging
11-11 02:58:09.121   734   869 W PackageManager: Unknown permission com.google.android.ims.LOG_ACCESS in package com.google.android.apps.messaging
11-11 02:58:09.121   734   869 W PackageManager: Unknown permission com.google.android.setupwizard.READ_DEVICE_ORIGIN in package com.google.android.apps.messaging
11-11 02:58:09.121   734   869 W PackageManager: Unknown permission com.google.android.setupwizard.READ_DEVICE_ORIGIN_FIRST_PARTY in package com.google.android.apps.messaging
11-11 02:58:09.121   734   869 W PackageManager: Unknown permission com.sec.android.provider.badge.permission.READ in package com.google.android.apps.messaging
11-11 02:58:09.121   734   869 W PackageManager: Unknown permission com.sec.android.provider.badge.permission.WRITE in package com.google.android.apps.messaging
11-11 02:58:09.121   734   869 W PackageManager: Unknown permission com.htc.launcher.permission.READ_SETTINGS in package com.google.android.apps.messaging
11-11 02:58:09.121   734   869 W PackageManager: Unknown permission com.htc.launcher.permission.UPDATE_SHORTCUT in package com.google.android.apps.messaging
11-11 02:58:09.121   734   869 W PackageManager: Unknown permission com.sonyericsson.home.permission.BROADCAST_BADGE in package com.google.android.apps.messaging
11-11 02:58:09.121   734   869 W PackageManager: Unknown permission com.sonymobile.home.permission.PROVIDER_INSERT_BADGE in package com.google.android.apps.messaging
11-11 02:58:09.121   734   869 W PackageManager: Unknown permission com.anddoes.launcher.permission.UPDATE_COUNT in package com.google.android.apps.messaging
11-11 02:58:09.121   734   869 W PackageManager: Unknown permission com.majeur.launcher.permission.UPDATE_BADGE in package com.google.android.apps.messaging
11-11 02:58:09.121   734   869 W PackageManager: Unknown permission com.huawei.android.launcher.permission.CHANGE_BADGE in package com.google.android.apps.messaging
11-11 02:58:09.121   734   869 W PackageManager: Unknown permission com.huawei.android.launcher.permission.READ_SETTINGS in package com.google.android.apps.messaging
11-11 02:58:09.121   734   869 W PackageManager: Unknown permission com.huawei.android.launcher.permission.WRITE_SETTINGS in package com.google.android.apps.messaging
11-11 02:58:09.121   734   869 W PackageManager: Unknown permission android.permission.READ_APP_BADGE in package com.google.android.apps.messaging
11-11 02:58:09.121   734   869 W PackageManager: Unknown permission com.oppo.launcher.permission.READ_SETTINGS in package com.google.android.apps.messaging
11-11 02:58:09.121   734   869 W PackageManager: Unknown permission com.oppo.launcher.permission.WRITE_SETTINGS in package com.google.android.apps.messaging
11-11 02:58:09.121   734   869 W PackageManager: Unknown permission android.permission.WRITE_SYNC_STATS in package com.google.android.apps.docs.editors.sheets
11-11 02:58:09.121   734   869 W PackageManager: Not granting permission com.google.android.gm.permission.READ_GMAIL to package com.google.android.apps.docs.editors.sheets (protectionLevel=2 flags=0x5bbec5)
11-11 02:58:09.121   734   869 W PackageManager: Not granting permission com.google.android.googleapps.permission.GOOGLE_AUTH.ALL_SERVICES to package com.google.android.apps.docs.editors.sheets (protectionLevel=2 flags=0x5bbec5)
11-11 02:58:09.122   734   869 W PackageManager: Not granting permission android.permission.READ_LOGS to package com.domobile.applock (protectionLevel=50 flags=0x183e04)
11-11 02:58:09.122   734   869 W PackageManager: Not granting permission android.permission.MOUNT_UNMOUNT_FILESYSTEMS to package com.domobile.applock (protectionLevel=18 flags=0x183e04)
11-11 02:58:09.122   734   869 W PackageManager: Not granting permission android.permission.INSTALL_PACKAGES to package com.domobile.applock (protectionLevel=18 flags=0x183e04)
11-11 02:58:09.122   734   869 W PackageManager: Not granting permission android.permission.DELETE_PACKAGES to package com.domobile.applock (protectionLevel=18 flags=0x183e04)
11-11 02:58:09.122   734   869 W PackageManager: Unknown permission com.domobile.applock.PERMISSON_MANAGE_OVERLAY in package com.domobile.applock
11-11 02:58:09.122   734   869 W PackageManager: Unknown permission android.permission.USE_FINGERPRINT in package com.domobile.applock
11-11 02:58:09.122   734   869 W PackageManager: Unknown permission com.google.android.gm.exchange.BIND in package com.google.android.gm
11-11 02:58:09.122   734   869 W PackageManager: Unknown permission com.android.email.partnerprovider.PARTNER_PROVIDER in package com.google.android.gm
11-11 02:58:09.122   734   869 W PackageManager: Unknown permission android.permission.NFC_UNLOCK in package com.android.nfc
11-11 02:58:09.122   734   869 W PackageManager: Unknown permission com.android.smspush.WAPPUSH_MANAGER_BIND in package com.android.phone
11-11 02:58:09.122   734   869 W PackageManager: Unknown permission com.google.googlenav.friend.permission.OPT_IN in package com.google.android.apps.plus
11-11 02:58:09.122   734   869 W PackageManager: Not granting permission android.permission.REAL_GET_TASKS to package com.android.vending (protectionLevel=18 flags=0x404abec5)
11-11 02:58:09.122   734   869 W PackageManager: Not granting permission android.permission.SEND_DOWNLOAD_COMPLETED_INTENTS to package com.android.vending (protectionLevel=2 flags=0x404abec5)
11-11 02:58:09.122   734   869 W PackageManager: Unknown permission android.permission.SEND_SMS_NO_CONFIRMATION in package com.android.vending
11-11 02:58:09.122   734   869 W PackageManager: Unknown permission android.permission.USE_FINGERPRINT in package com.android.vending
11-11 02:58:09.122   734   869 W PackageManager: Unknown permission android.permission.GET_ACCOUNTS_PRIVILEGED in package com.android.vending
11-11 02:58:09.122   734   869 W PackageManager: Unknown permission android.permission.INSTALL_GRANT_RUNTIME_PERMISSIONS in package com.android.vending
11-11 02:58:09.122   734   869 W PackageManager: Unknown permission android.permission.GRANT_RUNTIME_PERMISSIONS in package com.android.vending
11-11 02:58:09.122   734   869 W PackageManager: Unknown permission android.permission.REVOKE_RUNTIME_PERMISSIONS in package com.android.vending
11-11 02:58:09.122   734   869 W PackageManager: Unknown permission android.permission.CHANGE_DEVICE_IDLE_TEMP_WHITELIST in package com.android.vending
11-11 02:58:09.122   734   869 W PackageManager: Not granting permission android.permission.BATTERY_STATS to package com.android.vending (protectionLevel=50 flags=0x404abec5)
11-11 02:58:09.122   734   869 W PackageManager: Not granting permission android.permission.BACKUP to package com.android.vending (protectionLevel=18 flags=0x404abec5)
11-11 02:58:09.123   734   869 W PackageManager: Not granting permission android.permission.CONNECTIVITY_INTERNAL to package com.android.vending (protectionLevel=18 flags=0x404abec5)
11-11 02:58:09.123   734   869 W PackageManager: Not granting permission android.permission.DUMP to package com.android.vending (protectionLevel=50 flags=0x404abec5)
11-11 02:58:09.123   734   869 W PackageManager: Not granting permission android.permission.UPDATE_DEVICE_STATS to package com.android.vending (protectionLevel=18 flags=0x404abec5)
11-11 02:58:09.123   734   869 W PackageManager: Not granting permission android.permission.SET_PREFERRED_APPLICATIONS to package com.android.vending (protectionLevel=2 flags=0x404abec5)
11-11 02:58:09.123   734   869 W PackageManager: Unknown permission android.permission.ACCESS_INSTANT_APPS in package com.android.vending
11-11 02:58:09.123   734   869 W PackageManager: Unknown permission com.google.android.partnersetup.permission.WRITE_APP_PROVIDER in package com.android.vending
11-11 02:58:09.123   734   869 W PackageManager: Not granting permission android.permission.GET_APP_OPS_STATS to package com.android.vending (protectionLevel=50 flags=0x404abec5)
11-11 02:58:09.123   734   869 W PackageManager: Unknown permission android.permission.ALLOCATE_AGGRESSIVE in package com.android.vending
11-11 02:58:09.123   734   869 W PackageManager: Unknown permission com.sec.android.provider.badge.permission.READ in package com.android.vending
11-11 02:58:09.123   734   869 W PackageManager: Unknown permission com.sec.android.provider.badge.permission.WRITE in package com.android.vending
11-11 02:58:09.123   734   869 W PackageManager: Unknown permission com.htc.launcher.permission.READ_SETTINGS in package com.android.vending
11-11 02:58:09.123   734   869 W PackageManager: Unknown permission com.htc.launcher.permission.UPDATE_SHORTCUT in package com.android.vending
11-11 02:58:09.123   734   869 W PackageManager: Unknown permission com.sonyericsson.home.permission.BROADCAST_BADGE in package com.android.vending
11-11 02:58:09.123   734   869 W PackageManager: Unknown permission com.sonymobile.home.permission.PROVIDER_INSERT_BADGE in package com.android.vending
11-11 02:58:09.123   734   869 W PackageManager: Unknown permission com.anddoes.launcher.permission.UPDATE_COUNT in package com.android.vending
11-11 02:58:09.123   734   869 W PackageManager: Unknown permission com.majeur.launcher.permission.UPDATE_BADGE in package com.android.vending
11-11 02:58:09.123   734   869 W PackageManager: Unknown permission com.huawei.android.launcher.permission.CHANGE_BADGE in package com.android.vending
11-11 02:58:09.123   734   869 W PackageManager: Unknown permission com.huawei.android.launcher.permission.READ_SETTINGS in package com.android.vending
11-11 02:58:09.123   734   869 W PackageManager: Unknown permission com.huawei.android.launcher.permission.WRITE_SETTINGS in package com.android.vending
11-11 02:58:09.123   734   869 W PackageManager: Unknown permission android.permission.READ_APP_BADGE in package com.android.vending
11-11 02:58:09.123   734   869 W PackageManager: Unknown permission com.oppo.launcher.permission.READ_SETTINGS in package com.android.vending
11-11 02:58:09.123   734   869 W PackageManager: Unknown permission com.oppo.launcher.permission.WRITE_SETTINGS in package com.android.vending
11-11 02:58:09.123   734   869 W PackageManager: Unknown permission android.Manifest.permission.SUBSTITUTE_NOTIFICATION_APP_NAME in package com.android.vending
11-11 02:58:09.123   734   869 W PackageManager: Not granting permission android.permission.MANAGE_DOCUMENTS to package com.google.android.youtube (protectionLevel=2 flags=0x5bbec5)
11-11 02:58:09.123   734   869 W PackageManager: Unknown permission com.sec.android.provider.badge.permission.READ in package com.google.android.youtube
11-11 02:58:09.123   734   869 W PackageManager: Unknown permission com.sec.android.provider.badge.permission.WRITE in package com.google.android.youtube
11-11 02:58:09.123   734   869 W PackageManager: Unknown permission com.htc.launcher.permission.READ_SETTINGS in package com.google.android.youtube
11-11 02:58:09.123   734   869 W PackageManager: Unknown permission com.htc.launcher.permission.UPDATE_SHORTCUT in package com.google.android.youtube
11-11 02:58:09.123   734   869 W PackageManager: Unknown permission com.sonyericsson.home.permission.BROADCAST_BADGE in package com.google.android.youtube
11-11 02:58:09.123   734   869 W PackageManager: Unknown permission com.sonymobile.home.permission.PROVIDER_INSERT_BADGE in package com.google.android.youtube
11-11 02:58:09.123   734   869 W PackageManager: Unknown permission com.samsung.android.providers.context.permission.WRITE_USE_APP_FEATURE_SURVEY in package com.google.android.music
11-11 02:58:09.123   734   869 W PackageManager: Not granting permission android.permission.READ_FRAME_BUFFER to package com.vmlite.vncserver (protectionLevel=18 flags=0xbe44)
11-11 02:58:09.124   734   869 W PackageManager: Not granting permission android.permission.INJECT_EVENTS to package com.vmlite.vncserver (protectionLevel=2 flags=0xbe44)
11-11 02:58:09.124   734   869 W PackageManager: Unknown permission android.permission.ACCESS_SUPERUSER in package com.vmlite.vncserver
11-11 02:58:09.124   734   869 W PackageManager: Not granting permission android.permission.INTERACT_ACROSS_USERS_FULL to package com.vmlite.vncserver (protectionLevel=2 flags=0xbe44)
11-11 02:58:09.124   734   869 W PackageManager: Not granting permission android.permission.WRITE_SECURE_SETTINGS to package com.google.android.apps.enterprise.dmagent (protectionLevel=50 flags=0x83e05)
11-11 02:58:09.124   734   869 W PackageManager: Not granting permission android.permission.CONNECTIVITY_INTERNAL to package com.google.android.apps.enterprise.dmagent (protectionLevel=18 flags=0x83e05)
11-11 02:58:09.124   734   869 W PackageManager: Not granting permission android.permission.MANAGE_USB to package com.google.android.apps.enterprise.dmagent (protectionLevel=18 flags=0x83e05)
11-11 02:58:09.124   734   869 W PackageManager: Not granting permission android.permission.CHANGE_COMPONENT_ENABLED_STATE to package com.google.android.apps.enterprise.dmagent (protectionLevel=18 flags=0x83e05)
11-11 02:58:09.124   734   869 W PackageManager: Not granting permission android.permission.MANAGE_CA_CERTIFICATES to package com.google.android.apps.enterprise.dmagent (protectionLevel=18 flags=0x83e05)
11-11 02:58:09.124   734   869 W PackageManager: Not granting permission android.permission.MANAGE_USERS to package com.google.android.apps.enterprise.dmagent (protectionLevel=18 flags=0x83e05)
11-11 02:58:09.124   734   869 W PackageManager: Unknown permission com.felicanetworks.mfc.permission.MFC_ACCESS in package com.google.android.apps.walletnfcrel
11-11 02:58:09.124   734   869 W PackageManager: Unknown permission com.android.launcher.permission.READ_SETTINGS in package com.android.settings
11-11 02:58:09.124   734   869 W PackageManager: Unknown permission com.android.launcher.permission.WRITE_SETTINGS in package com.android.settings
11-11 02:58:09.124   734   869 W PackageManager: Not granting permission android.permission.BATTERY_STATS to package com.bitbar.testdroid.monitor (protectionLevel=50 flags=0x8be46)
11-11 02:58:09.124   734   869 W PackageManager: Unknown permission android.permission.READ_OWNER_DATA in package com.google.android.setupwizard
11-11 02:58:09.124   734   869 W PackageManager: Unknown permission android.permission.WRITE_OWNER_DATA in package com.google.android.setupwizard
11-11 02:58:09.124   734   869 W PackageManager: Unknown permission com.google.android.gm.exchange.BIND in package com.google.android.calendar
11-11 02:58:09.124   734   869 W PackageManager: Unknown permission android.permission.GET_ACCOUNTS_PRIVILEGED in package com.google.android.contacts
11-11 02:58:09.125   734   869 W PackageManager: Unknown permission android.permission.OBSERVE_GRANT_REVOKE_PERMISSIONS in package com.google.android.gms
11-11 02:58:09.125   734   869 W PackageManager: Unknown permission android.permission.MANAGE_SOUND_TRIGGER in package com.google.android.gms
11-11 02:58:09.125   734   869 W PackageManager: Unknown permission android.permission.DISPATCH_PROVISIONING_MESSAGE in package com.google.android.gms
11-11 02:58:09.125   734   869 W PackageManager: Not granting permission android.permission.READ_PRIVILEGED_PHONE_STATE to package com.google.android.gms (protectionLevel=18 flags=0xc0483ec5)
11-11 02:58:09.125   734   869 W PackageManager: Unknown permission android.permission.CONNECTIVITY_USE_RESTRICTED_NETWORKS in package com.google.android.gms
11-11 02:58:09.125   734   869 W PackageManager: Unknown permission android.permission.USE_FINGERPRINT in package com.google.android.gms
11-11 02:58:09.125   734   869 W PackageManager: Unknown permission android.permission.SEND_SMS_NO_CONFIRMATION in package com.google.android.gms
11-11 02:58:09.125   734   869 W PackageManager: Not granting permission android.permission.BIND_NOTIFICATION_LISTENER_SERVICE to package com.google.android.gms (protectionLevel=2 flags=0xc0483ec5)
11-11 02:58:09.125   734   869 W PackageManager: Unknown permission android.permission.TETHER_PRIVILEGED in package com.google.android.gms
11-11 02:58:09.125   734   869 W PackageManager: Unknown permission android.permission.READ_OEM_UNLOCK_STATE in package com.google.android.gms
11-11 02:58:09.125   734   869 W PackageManager: Unknown permission android.permission.OVERRIDE_WIFI_CONFIG in package com.google.android.gms
11-11 02:58:09.125   734   869 W PackageManager: Not granting permission android.permission.MODIFY_AUDIO_ROUTING to package com.google.android.gms (protectionLevel=18 flags=0xc0483ec5)
11-11 02:58:09.125   734   869 W PackageManager: Unknown permission com.google.android.permission.ACCESSIBILITY_SCAN_SERVICE in package com.google.android.gms
11-11 02:58:09.125   734   869 W PackageManager: Not granting permission android.permission.START_TASKS_FROM_RECENTS to package com.google.android.gms (protectionLevel=18 flags=0xc0483ec5)
11-11 02:58:09.125   734   869 W PackageManager: Not granting permission android.permission.MANAGE_ACTIVITY_STACKS to package com.google.android.gms (protectionLevel=18 flags=0xc0483ec5)
11-11 02:58:09.125   734   869 W PackageManager: Unknown permission android.permission.ACTIVITY_EMBEDDING in package com.google.android.gms
11-11 02:58:09.125   734   869 W PackageManager: Unknown permission android.permission.PROVIDE_RESOLVER_RANKER_SERVICE in package com.google.android.gms
11-11 02:58:09.125   734   869 W PackageManager: Unknown permission com.google.android.wearable.READ_SETTINGS in package com.google.android.gms
11-11 02:58:09.125   734   869 W PackageManager: Unknown permission android.permission.INTENT_FILTER_VERIFICATION_AGENT in package com.google.android.gms
11-11 02:58:09.125   734   869 W PackageManager: Unknown permission android.permission.LOCAL_MAC_ADDRESS in package com.google.android.gms
11-11 02:58:09.125   734   869 W PackageManager: Unknown permission android.permission.CHANGE_DEVICE_IDLE_TEMP_WHITELIST in package com.google.android.gms
11-11 02:58:09.125   734   869 W PackageManager: Unknown permission android.permission.SUBSTITUTE_NOTIFICATION_APP_NAME in package com.google.android.gms
11-11 02:58:09.125   734   869 W PackageManager: Unknown permission android.permission.MANAGE_SUBSCRIPTION_PLANS in package com.google.android.gms
11-11 02:58:09.125   734   869 W PackageManager: Unknown permission android.permission.REGISTER_CALL_PROVIDER in package com.google.android.gms
11-11 02:58:09.125   734   869 W PackageManager: Unknown permission android.permission.NOTIFY_PENDING_SYSTEM_UPDATE in package com.google.android.gms
11-11 02:58:09.125   734   869 W PackageManager: Not granting permission com.android.voicemail.permission.READ_VOICEMAIL to package com.google.android.gms (protectionLevel=18 flags=0xc0483ec5)
11-11 02:58:09.126   734   869 W PackageManager: Unknown permission android.permission.WRITE_SYNC_STATS in package com.google.android.apps.docs.editors.slides
11-11 02:58:09.126   734   869 W PackageManager: Not granting permission com.google.android.gm.permission.READ_GMAIL to package com.google.android.apps.docs.editors.slides (protectionLevel=2 flags=0x5bbec5)
11-11 02:58:09.126   734   869 W PackageManager: Not granting permission com.google.android.googleapps.permission.GOOGLE_AUTH.ALL_SERVICES to package com.google.android.apps.docs.editors.slides (protectionLevel=2 flags=0x5bbec5)
11-11 02:58:09.126   734   869 W PackageManager: Not granting permission android.permission.BIND_WALLPAPER to package com.google.android.GoogleCamera (protectionLevel=18 flags=0x583cc5)
11-11 02:58:09.126   734   869 W PackageManager: Unknown permission android.permission.WRITE_SYNC_STATS in package com.google.android.apps.docs
11-11 02:58:09.126   734   869 W PackageManager: Unknown permission com.sprint.internal.permission.SYSTEMPROPERTIES in package com.lge.SprintHiddenMenu
11-11 02:58:09.126   734   869 W PackageManager: Unknown permission com.sprint.internal.permission.SYSTEMPROPERTIES_WRITE in package com.lge.SprintHiddenMenu
11-11 02:58:09.126   734   869 W PackageManager: Unknown permission com.sprint.internal.permission.CONNECTIONMANAGER in package com.lge.SprintHiddenMenu
11-11 02:58:09.126   734   869 W PackageManager: Unknown permission com.sprint.internal.permission.PLATFORM in package com.lge.SprintHiddenMenu
11-11 02:58:09.126   734   869 W PackageManager: Unknown permission com.sprint.internal.permission.OMADM in package com.lge.SprintHiddenMenu
11-11 02:58:09.126   734   869 W PackageManager: Unknown permission android.permission.FACTORY in package com.lge.SprintHiddenMenu
11-11 02:58:09.126   734   869 W PackageManager: Unknown permission com.lge.permission.LGHIDDEN in package com.lge.SprintHiddenMenu
11-11 02:58:09.126   734   869 W PackageManager: Unknown permission android.permission.MMS_PUSH in package com.lge.SprintHiddenMenu
11-11 02:58:09.126   734   869 W PackageManager: Unknown permission com.android.launcher.permission.PRELOAD_WORKSPACE in package com.google.android.partnersetup
11-11 02:58:09.126   734   869 W PackageManager: Not granting permission android.permission.CONTROL_KEYGUARD to package com.google.android.gsf.login (protectionLevel=2 flags=0x4048be45)
11-11 02:58:09.126   734   869 W PackageManager: Unknown permission com.android.vending.billing.IBillingAccountService.BIND2 in package com.google.android.gsf.login
11-11 02:58:09.127   734   734 I SystemServer: Status Bar
11-11 02:58:09.130   734   734 I SystemServer: Clipboard Service
11-11 02:58:09.136   734   734 I SystemServer: NetworkManagement Service
11-11 02:58:09.145   734   734 I SystemServer: Text Service Manager Service
11-11 02:58:09.200   734   734 I SystemServer: Network Score Service
11-11 02:58:09.202   734   734 I SystemServer: NetworkStats Service
11-11 02:58:09.216   734   734 I SystemServer: NetworkPolicy Service
11-11 02:58:09.230   734   734 I SystemServiceManager: Starting com.android.server.wifi.p2p.WifiP2pService
11-11 02:58:09.266   734   734 I SystemServiceManager: Starting com.android.server.wifi.WifiService
11-11 02:58:09.427   734   734 I SystemServiceManager: Starting com.android.server.wifi.WifiScanningService
11-11 02:58:09.428   734   734 I SystemServiceManager: Starting com.android.server.wifi.RttService
11-11 02:58:09.430   734   734 I SystemServiceManager: Starting com.android.server.ethernet.EthernetService
11-11 02:58:09.436   734   734 I SystemServer: Connectivity Service
11-11 02:58:09.441   734   734 D ConnectivityService: ConnectivityService starting up
11-11 02:58:09.445   734   734 D ConnectivityService: wifiOnly=false
11-11 02:58:09.445   734   734 E ConnectivityService: Ignoring protectedNetwork 15
11-11 02:58:09.456   734   734 I SystemServer: Network Service Discovery Service
11-11 02:58:09.460   734   734 D NsdService: Network service discovery enabled true
11-11 02:58:09.463   734   734 I SystemServer: UpdateLock Service
11-11 02:58:09.515   734   734 I SystemServiceManager: Starting com.android.server.notification.NotificationManagerService
11-11 02:58:09.540   734   734 I SystemServiceManager: Starting com.android.server.storage.DeviceStorageMonitorService
11-11 02:58:09.544   734   734 I SystemServer: Location Manager
11-11 02:58:09.549   734   734 I SystemServer: Country Detector
11-11 02:58:09.552   734   734 I SystemServer: Search Service
11-11 02:58:09.554   734   734 I SystemServer: DropBox Service
11-11 02:58:09.555   734   734 I SystemServer: Wallpaper Service
11-11 02:58:09.560   734   734 I SystemServer: Audio Service
11-11 02:58:10.630   734   734 I SystemServiceManager: Starting com.android.server.DockObserver
11-11 02:58:10.630   734   734 W DockObserver: This kernel does not have dock station support
11-11 02:58:10.631   734   734 I SystemServer: Wired Accessory Manager
11-11 02:58:10.633   734   734 I SystemServiceManager: Starting com.android.server.usb.UsbService$Lifecycle
11-11 02:58:10.643   734   734 I SystemServer: Serial Service
11-11 02:58:10.644   734   734 I SystemServiceManager: Starting com.android.server.twilight.TwilightService
11-11 02:58:10.648   734   734 I SystemServiceManager: Starting com.android.server.UiModeManagerService
11-11 02:58:10.651   734   734 I SystemServiceManager: Starting com.android.server.job.JobSchedulerService
11-11 02:58:10.658   734   734 D JobStore: job-info
11-11 02:58:10.660   734   734 I SystemServiceManager: Starting com.android.server.backup.BackupManagerService$Lifecycle
11-11 02:58:10.786   734   734 D BackupManagerService: Now staging backup of com.android.providers.userdictionary
11-11 02:58:10.811   734   734 D BackupManagerService: Now staging backup of com.google.android.apps.docs.editors.docs
11-11 02:58:10.888   734   734 D BackupManagerService: Now staging backup of com.google.android.apps.cloudprint
11-11 02:58:10.890   734   734 D BackupManagerService: Now staging backup of com.google.android.googlequicksearchbox
11-11 02:58:10.893   734   734 D BackupManagerService: Now staging backup of com.google.android.apps.fitness
11-11 02:58:10.895   734   734 D BackupManagerService: Now staging backup of com.android.chrome
11-11 02:58:10.898   734   734 D BackupManagerService: Now staging backup of com.google.android.play.games
11-11 02:58:10.902   734   734 D BackupManagerService: Now staging backup of com.google.android.marvin.talkback
11-11 02:58:10.905   734   734 D BackupManagerService: Now staging backup of com.google.android.inputmethod.latin
11-11 02:58:10.913   734   734 D BackupManagerService: Now staging backup of com.google.android.apps.photos
11-11 02:58:10.915   734   734 D BackupManagerService: Now staging backup of com.google.android.apps.maps
11-11 02:58:10.918   734   734 D BackupManagerService: Now staging backup of com.google.android.apps.messaging
11-11 02:58:10.921   734   734 D BackupManagerService: Now staging backup of com.google.android.apps.docs.editors.sheets
11-11 02:58:10.924   734   734 D BackupManagerService: Now staging backup of com.google.android.gm
11-11 02:58:10.927   734   734 D BackupManagerService: Now staging backup of com.android.nfc
11-11 02:58:10.929   734   734 D BackupManagerService: Now staging backup of com.google.android.apps.plus
11-11 02:58:10.932   734   734 D BackupManagerService: Now staging backup of com.android.vending
11-11 02:58:10.935   734   734 D BackupManagerService: Now staging backup of android
11-11 02:58:10.937   734   734 D BackupManagerService: Now staging backup of com.google.android.youtube
11-11 02:58:10.940   734   734 D BackupManagerService: Now staging backup of com.google.android.music
11-11 02:58:10.949   734   734 D BackupManagerService: Now staging backup of com.google.android.apps.walletnfcrel
11-11 02:58:10.951   734   734 D BackupManagerService: Now staging backup of com.google.android.talk
11-11 02:58:10.954   734   734 D BackupManagerService: Now staging backup of com.android.sharedstoragebackup
11-11 02:58:10.957   734   734 D BackupManagerService: Now staging backup of com.google.android.deskclock
11-11 02:58:10.959   734   734 D BackupManagerService: Now staging backup of com.google.android.apps.magazines
11-11 02:58:10.962   734   734 D BackupManagerService: Now staging backup of com.google.android.apps.genie.geniewidget
11-11 02:58:10.964   734   734 D BackupManagerService: Now staging backup of com.google.android.calendar
11-11 02:58:10.967   734   734 D BackupManagerService: Now staging backup of com.google.android.contacts
11-11 02:58:10.969   734   734 D BackupManagerService: Now staging backup of com.google.android.dialer
11-11 02:58:10.972   734   734 D BackupManagerService: Now staging backup of com.google.android.videos
11-11 02:58:10.975   734   734 D BackupManagerService: Now staging backup of com.android.providers.settings
11-11 02:58:10.983   734   734 D BackupManagerService: Now staging backup of com.google.android.keep
11-11 02:58:10.986   734   734 D BackupManagerService: Now staging backup of com.google.android.apps.docs.editors.slides
11-11 02:58:10.989   734   734 D BackupManagerService: Now staging backup of com.google.android.apps.docs
11-11 02:58:10.991   734   734 D BackupManagerService: Now staging backup of com.google.android.apps.books
11-11 02:58:10.994   734   734 V BackupManagerService: Starting with transport com.google.android.gms/.backup.BackupTransportService
11-11 02:58:10.994   734   734 V BackupManagerService: Found transports: 2
11-11 02:58:10.994   734   734 I BackupManagerService: Binding to transport host ComponentInfo{android/com.android.internal.backup.LocalTransportService}
11-11 02:58:10.997   734   734 I BackupManagerService: Binding to transport host ComponentInfo{com.google.android.gms/com.google.android.gms.backup.BackupTransportService}
11-11 02:58:10.998   734   734 I BackupManagerService: Found stale backup journal, scheduling
11-11 02:58:11.004   734   734 I SystemServiceManager: Starting com.android.server.appwidget.AppWidgetService
11-11 02:58:11.011   734   734 I SystemServiceManager: Starting com.android.server.voiceinteraction.VoiceInteractionManagerService
11-11 02:58:11.015   734   734 W SoundTriggerHelper: listModules status=0, # of modules=0
11-11 02:58:11.016   734   734 I SystemServer: DiskStats Service
11-11 02:58:11.017   734   734 I SystemServer: SamplingProfiler Service
11-11 02:58:11.027   734   734 I SystemServer: NetworkTimeUpdateService
11-11 02:58:11.028   734   734 I SystemServer: CommonTimeManagementService
11-11 02:58:11.031   734   734 I SystemServer: CertBlacklister
11-11 02:58:11.033   734   734 I SystemServiceManager: Starting com.android.server.dreams.DreamManagerService
11-11 02:58:11.038   734   734 I SystemServer: Assets Atlas Service
11-11 02:58:11.043   734   734 I SystemServiceManager: Starting com.android.server.print.PrintManagerService
11-11 02:58:11.047   734   734 I SystemServiceManager: Starting com.android.server.restrictions.RestrictionsManagerService
11-11 02:58:11.048   734   734 I SystemServiceManager: Starting com.android.server.media.MediaSessionService
11-11 02:58:11.055   734   734 I SystemServer: Media Router Service
11-11 02:58:11.058   734   734 I SystemServiceManager: Starting com.android.server.trust.TrustManagerService
11-11 02:58:11.068   734   734 I SystemServiceManager: Starting com.android.server.fingerprint.FingerprintService
11-11 02:58:11.070   734   734 I SystemServer: BackgroundDexOptService
11-11 02:58:11.072   734   734 I SystemServiceManager: Starting com.android.server.pm.LauncherAppsService
11-11 02:58:11.074   734   734 I SystemServiceManager: Starting com.android.server.media.projection.MediaProjectionManagerService
11-11 02:58:11.090   734   734 I SystemServiceManager: Starting com.android.server.MmsServiceBroker
11-11 02:58:11.103   734   734 I SystemServiceManager: Starting phase 480
11-11 02:58:11.118   734   734 I SystemServiceManager: Starting phase 500
11-11 02:58:11.118   734   734 I WifiService: WifiService starting up with Wi-Fi enabled
11-11 02:58:11.119   734   734 D WifiService: setWifiEnabled: true pid=734, uid=1000
11-11 02:58:11.120   734   734 E WifiService: Invoking mWifiStateMachine.setWifiEnabled
11-11 02:58:11.140   734   875 D WifiService: New client listening to asynchronous messages
11-11 02:58:11.147   734   734 D WifiScanningService: New client, channel: null messenger: null
11-11 02:58:11.163   734   876 D ConnectivityService: Got NetworkFactory Messenger for Ethernet
11-11 02:58:11.170   734   734 I ActivityManager: Config changes=200 {1.0 ?mcc?mnc en_US ldltr sw360dp w360dp h567dp 480dpi nrml port finger -keyb/v/h -nav/h s.4}
11-11 02:58:11.200   734   832 I DisplayManagerService: Display device changed: DisplayDeviceInfo{"Built-in Screen": 1080 x 1920, 60.0 fps, supportedRefreshRates [60.0], density 480, 442.451 x 443.345 dpi, appVsyncOff 7500000, presDeadline 12666667, touch INTERNAL, rotation 0, type BUILT_IN, state ON, FLAG_DEFAULT_DISPLAY, FLAG_ROTATES_WITH_CONTENT, FLAG_SECURE, FLAG_SUPPORTS_PROTECTED_BUFFERS}
11-11 02:58:11.211   734   734 I AppOps  : Pruning old package media/1013: new uid=-1
11-11 02:58:11.211   734   734 I ActivityManager: System now ready
11-11 02:58:11.213   734   734 I SystemServer: Making services ready
11-11 02:58:11.213   734   734 I SystemServiceManager: Starting phase 550
11-11 02:58:11.216   734   734 I SystemServer: WebViewFactory preparation
11-11 02:58:11.251   734   734 I ActivityManager: Start proc WebViewLoader-armeabi-v7a [android.webkit.WebViewFactory$RelroFileCreator] for : pid=907 uid=1037 gids={} abi=armeabi-v7a
11-11 02:58:11.288   734   734 I ActivityManager: Start proc com.android.systemui for service com.android.systemui/.SystemUIService: pid=913 uid=10020 gids={50020, 9997, 1028, 1015, 1035, 3002, 3001, 3006} abi=armeabi-v7a
11-11 02:58:11.289   734   867 W MountService: Duplicate state transition (mounted -> mounted) for /storage/emulated/0
11-11 02:58:11.290   734   734 D NetworkManagementService: enabling bandwidth control
11-11 02:58:11.325   734   827 I ActivityManager: Start proc android.process.media for broadcast com.android.providers.media/.MtpReceiver: pid=932 uid=10006 gids={50006, 9997, 2001, 3003, 1028, 1015, 3007, 1023, 1024} abi=armeabi-v7a
11-11 02:58:11.484   734   749 V FingerprintService: startListening(android.service.fingerprint.IFingerprintServiceReceiver$Stub$Proxy@16623cc4)
11-11 02:58:11.694   734   734 I SystemServiceManager: Starting phase 600
11-11 02:58:11.696   734   734 D ConditionProviders: onServiceAdded ManagedServiceInfo[component=ComponentInfo{android/com.android.server.notification.CountdownConditionProvider},userid=0,isSystem=true,targetSdkVersion=21,connection=null,service=android.service.notification.ConditionProviderService$Provider@2ed786aa]
11-11 02:58:11.696   734   734 D ConditionProviders: onServiceAdded ManagedServiceInfo[component=ComponentInfo{android/com.android.server.notification.DowntimeConditionProvider},userid=0,isSystem=true,targetSdkVersion=21,connection=null,service=android.service.notification.ConditionProviderService$Provider@2e48529b]
11-11 02:58:11.708   734   734 I BackupManagerService: Backup enabled => true
11-11 02:58:11.738   734   734 I ActivityManager: Start proc com.google.android.googlequicksearchbox:interactor for service com.google.android.googlequicksearchbox/com.google.android.voiceinteraction.GsaVoiceInteractionService: pid=1056 uid=10022 gids={50022, 9997, 3003, 3001, 1028, 3002, 1015, 1005} abi=armeabi-v7a
11-11 02:58:11.741   734   734 E InputMethodManagerService: Ignoring setImeWindowStatus due to an invalid token. uid:1000 token:null
11-11 02:58:11.787   734   734 I ActivityManager: Start proc com.google.android.inputmethod.latin for service com.google.android.inputmethod.latin/com.android.inputmethod.latin.LatinIME: pid=1078 uid=10056 gids={50056, 9997, 3003} abi=armeabi-v7a
11-11 02:58:11.787   734   734 V InputMethodManagerService: Adding window token: android.os.Binder@29011861
11-11 02:58:11.880   734   734 E LocationManagerService: Hardware Activity-Recognition not supported.
11-11 02:58:11.893   734   734 I MmsServiceBroker: Connecting to MmsService
11-11 02:58:11.900   734   734 W ContextImpl: Calling a method in the system process without a qualified user: android.app.ContextImpl.bindService:1750 com.android.server.MmsServiceBroker.tryConnecting:134 com.android.server.MmsServiceBroker.systemRunning:121 com.android.server.SystemServer$2.run:1180 com.android.server.am.ActivityManagerService.systemReady:11326 
11-11 02:58:11.930   734   734 I ActivityManager: Start proc com.android.phone for service com.android.mms.service/.MmsService: pid=1120 uid=1001 gids={41001, 9997, 3003, 2001, 1028, 1015, 3002, 3001} abi=armeabi-v7a
11-11 02:58:11.965   734   734 I ActivityManager: Start proc com.redbend.vdmc for added application com.redbend.vdmc: pid=1136 uid=1001 gids={41001, 9997, 3003, 2001, 1028, 1015, 3002, 3001} abi=armeabi-v7a
11-11 02:58:12.005   734   734 I ActivityManager: Start proc com.android.server.telecom for added application com.android.server.telecom: pid=1150 uid=1001 gids={41001, 9997, 3003, 2001, 1028, 1015, 3002, 3001} abi=armeabi-v7a
11-11 02:58:12.059   734   734 I ActivityManager: Start proc com.android.nfc for added application com.android.nfc: pid=1187 uid=1027 gids={41027, 9997, 3002, 3001, 1028, 1015, 3003} abi=armeabi-v7a
11-11 02:58:12.090   734   734 I ActivityManager: Start proc com.android.phone for added application com.android.phone: pid=1211 uid=1001 gids={41001, 9997, 3003, 2001, 1028, 1015, 3002, 3001} abi=armeabi-v7a
11-11 02:58:12.092   734   734 I ActivityManager: START u0 {act=android.intent.action.MAIN cat=[android.intent.category.HOME] flg=0x10000000 cmp=com.google.android.googlequicksearchbox/com.google.android.launcher.GEL} from uid 0 on display 0
11-11 02:58:12.134   734   734 I ActivityManager: Start proc com.google.android.googlequicksearchbox for activity com.google.android.googlequicksearchbox/com.google.android.launcher.GEL: pid=1230 uid=10022 gids={50022, 9997, 3003, 3001, 1028, 3002, 1015, 1005} abi=armeabi-v7a
11-11 02:58:12.137   734   734 V ActivityManager: Display changed displayId=0
11-11 02:58:12.140   734  1068 W ActivityManager: No pending application record for pid 1120 (IApplicationThread android.app.ApplicationThreadProxy@21eabb45); dropping process
11-11 02:58:12.161  1136  1136 W ResourcesManager: Asset path '/system/framework/qcrilhook.jar' does not exist or contains no resources.
11-11 02:58:12.197   734   826 I ActivityManager: Start proc com.android.printspooler for service com.android.printspooler/.model.PrintSpoolerService: pid=1257 uid=10073 gids={50073, 9997} abi=armeabi-v7a
11-11 02:58:12.204   734   734 V ActivityManager: Display changed displayId=0
11-11 02:58:12.226   734   734 W InputMethodManagerService: Focus gain on non-focused client android.view.inputmethod.InputMethodManager$1@1de14b0f (uid=1000 pid=734)
11-11 02:58:12.226   734   734 V ActivityManager: Display changed displayId=0
11-11 02:58:12.232   734   734 I ValidateNoPeople: skipping global notification
11-11 02:58:12.234   734   734 I ValidateNoPeople: skipping global notification
11-11 02:58:12.238   734   734 V WiredAccessoryManager: notifyWiredAccessoryChanged: when=0 bits= mask=54
11-11 02:58:12.238   734   734 V WiredAccessoryManager: newName=h2w newState=0 headsetState=0 prev headsetState=0
11-11 02:58:12.238   734   734 V WiredAccessoryManager: init()
11-11 02:58:12.285   734   734 W ResourcesManager: Asset path '/system/framework/com.google.android.maps.jar' does not exist or contains no resources.
11-11 02:58:12.336   734  1182 I ActivityManager: Start proc android.process.acore for content provider com.android.providers.contacts/.CallLogProvider: pid=1290 uid=10004 gids={50004, 9997} abi=armeabi-v7a
11-11 02:58:12.674   734  1266 I StatusBarManagerService: registerStatusBar bar=com.android.internal.statusbar.IStatusBar$Stub$Proxy@36a33d0a
11-11 02:58:12.716   734   734 V BackupManagerService: Connected to transport ComponentInfo{android/com.android.internal.backup.LocalTransportService}
11-11 02:58:12.716   734   734 V BackupManagerService: Registering transport android/com.android.internal.backup.LocalTransportService::android/com.android.internal.backup.LocalTransport = android.app.backup.BackupTransport$TransportImpl@d04f257
11-11 02:58:12.717   734   734 V ActivityManager: Display changed displayId=0
11-11 02:58:12.749   734   734 I ActivityManager: Start proc com.google.android.gms.persistent for broadcast com.google.android.gms/com.google.android.location.internal.NlpNetworkProviderSettingsUpdateReceiver: pid=1381 uid=10008 gids={50008, 9997, 2001, 3003, 1007, 3006, 1028, 1015, 3002, 3001, 1005, 3007} abi=armeabi-v7a
11-11 02:58:12.753   734   734 I MmsServiceBroker: MmsService connected
11-11 02:58:12.837  1381  1381 W ResourcesManager: Asset path '/system/framework/com.android.media.remotedisplay.jar' does not exist or contains no resources.
11-11 02:58:12.838  1381  1381 W ResourcesManager: Asset path '/system/framework/com.android.location.provider.jar' does not exist or contains no resources.
11-11 02:58:13.212   913   913 W ResourcesManager: Asset path '/system/framework/com.google.android.dialer.support.jar' does not exist or contains no resources.
11-11 02:58:13.226   913   913 W ResourcesManager: Asset path '/system/framework/com.google.android.camera2.jar' does not exist or contains no resources.
11-11 02:58:13.362   734   884 I ActivityManager: Start proc com.google.process.gapps for content provider com.google.android.gsf/.gservices.GservicesProvider: pid=1431 uid=10008 gids={50008, 9997, 2001, 3003, 1007, 3006, 1028, 1015, 3002, 3001, 1005, 3007} abi=armeabi-v7a
11-11 02:58:13.427   734  1182 I ActivityManager: Start proc com.google.android.googlequicksearchbox:search for service com.google.android.googlequicksearchbox/com.google.android.hotword.service.HotwordService: pid=1448 uid=10022 gids={50022, 9997, 3003, 3001, 1028, 3002, 1015, 1005} abi=armeabi-v7a
11-11 02:58:13.444   734   875 D WifiService: New client listening to asynchronous messages
11-11 02:58:13.519   734  1182 D ConnectivityService: listenForNetwork for NetworkRequest [ id=2, legacyType=-1, [] ]
11-11 02:58:14.064   734   874 D ConnectivityService: registerNetworkAgent NetworkAgentInfo{ ni{[type: WIFI[], state: CONNECTING/CONNECTING, reason: (unspecified), extra: "DMZ0", roaming: false, failover: false, isAvailable: true, isConnectedToProvisioningNetwork: false]}  network{null}  lp{{LinkAddresses: []  Routes: [] DnsAddresses: [] Domains: null MTU: 0 TcpBufferSizes: 524288,1048576,2097152,262144,524288,1048576}}  nc{[ Transports: WIFI Capabilities: INTERNET&NOT_RESTRICTED&TRUSTED&NOT_VPN LinkUpBandwidth>=1048576Kbps LinkDnBandwidth>=1048576Kbps]}  Score{20} validated{false} created{false} explicitlySelected{false} }
11-11 02:58:14.064   734   876 D ConnectivityService: NetworkAgentInfo [WIFI () - 100] EVENT_NETWORK_INFO_CHANGED, going from null to CONNECTING
11-11 02:58:14.080   734   876 D ConnectivityService: updateNetworkScore for NetworkAgentInfo [WIFI () - 100] to 60
11-11 02:58:14.356  1381  1381 W ActivityThread: ClassLoader.loadClass: The class loader returned by Thread.getContextClassLoader() may fail for processes that host multiple applications. You should explicitly specify a context class loader. For example: Thread.setContextClassLoader(getClass().getClassLoader());
11-11 02:58:14.375   734   827 W KeyguardServiceDelegate: onScreenTurnedOn(): no keyguard service!
11-11 02:58:14.381   734   875 D WifiService: New client listening to asynchronous messages
11-11 02:58:14.568   913   913 V KeyguardTouchDelegate: Connected to keyguard
11-11 02:58:14.570  1056  1056 W KeyphraseEnrollmentInfo: Enrollment application doesn't support keyphrases
11-11 02:58:14.867   734  1358 I ActivityManager: Start proc com.google.android.gms for content provider com.google.android.gms/.chimera.container.GmsModuleProvider: pid=1585 uid=10008 gids={50008, 9997, 2001, 3003, 1007, 3006, 1028, 1015, 3002, 3001, 1005, 3007} abi=armeabi-v7a
11-11 02:58:14.945  1585  1585 W ResourcesManager: Asset path '/system/framework/com.android.media.remotedisplay.jar' does not exist or contains no resources.
