10-11 19:42:35.981: I/Exchange(5486): RestartPingTask
10-11 19:42:36.006: W/Search.SearchUrlHelper(4885): Auth token not ready, no auth header set.
10-11 19:42:36.022: I/Exchange(5486): RestartPingsTask did not start any pings.
10-11 19:42:36.022: I/Exchange(5486): PSS stopIfIdle
10-11 19:42:36.022: I/Exchange(5486): PSS has no active accounts; stopping service.
10-11 19:42:36.023: I/Exchange(5486): onDestroy
10-11 19:42:36.044: E/GCoreUlr(2346): Create new device tag of -155581168 after device reboot.
10-11 19:42:35.973: I/main(5643): type=1400 audit(0.0:169): avc: denied { write } for name="trace_marker" dev="tracefs" ino=22 scontext=u:r:zygote:s0 tcontext=u:object_r:unlabeled:s0 tclass=file permissive=1
10-11 19:42:36.075: W/ActivityManager(1719): Unable to start service Intent { act=com.google.android.gms.playlog.service.START pkg=com.google.android.gms } U=0: not found
10-11 19:42:36.075: W/ActivityManager(1719): Unbind failed: could not find connection for android.os.BinderProxy@3bb83ef
10-11 19:42:36.075: E/GmsClient(5508): unable to connect to service: com.google.android.gms.playlog.service.START
10-11 19:42:36.075: W/AnalyticsLogBase(5508): PlayLogger.onLoggerFailedConnection
10-11 19:42:35.973: I/main(5643): type=1400 audit(0.0:170): avc: denied { open } for path="/sys/kernel/debug/tracing/trace_marker" dev="tracefs" ino=22 scontext=u:r:zygote:s0 tcontext=u:object_r:unlabeled:s0 tclass=file permissive=1
10-11 19:42:36.113: I/ActivityManager(1719): Killing 4142:com.google.android.play.games/u0a65 (adj 15): empty #17
10-11 19:42:36.167: D/ActivityManager(1719): cleanUpApplicationRecord -- 4142
10-11 19:42:36.170: I/WVCdm(1347): CdmEngine::CloseSession
10-11 19:42:36.249: I/Auth(2346): [ReflectiveChannelBinder] Successfully bound channel!
10-11 19:42:36.250: I/ActivityManager(1719): Start proc 5674:com.google.android.apps.maps/u0a56 for broadcast com.google.android.apps.maps/com.google.android.apps.gmm.ulr.UlrSettingsReceiver
10-11 19:42:36.257: W/Conscrypt(2346): Could not set socket write timeout:
10-11 19:42:36.257: W/Conscrypt(2346):    java.lang.reflect.Method.invoke(Native Method)
10-11 19:42:36.257: W/Conscrypt(2346):    com.google.android.gms.org.conscrypt.Platform.setSocketWriteTimeout(:com.google.android.gms@11519470:13)
10-11 19:42:36.258: I/GoogleHttpClient(5525): GMS http client unavailable, use old client
10-11 19:42:36.261: W/Conscrypt(2346): Could not set socket write timeout:
10-11 19:42:36.261: W/Conscrypt(2346):    java.lang.reflect.Method.invoke(Native Method)
10-11 19:42:36.261: W/Conscrypt(2346):    com.google.android.gms.org.conscrypt.Platform.setSocketWriteTimeout(:com.google.android.gms@11519470:13)
10-11 19:42:36.287: W/Conscrypt(2346): Could not set socket write timeout:
10-11 19:42:36.287: W/Conscrypt(2346):    java.lang.reflect.Method.invoke(Native Method)
10-11 19:42:36.287: W/Conscrypt(2346):    com.google.android.gms.org.conscrypt.Platform.setSocketWriteTimeout(:com.google.android.gms@11519470:13)
10-11 19:42:36.293: W/Conscrypt(2346): Could not set socket write timeout:
10-11 19:42:36.293: W/Conscrypt(2346):    java.lang.reflect.Method.invoke(Native Method)
10-11 19:42:36.293: W/Conscrypt(2346):    com.google.android.gms.org.conscrypt.Platform.setSocketWriteTimeout(:com.google.android.gms@11519470:13)
10-11 19:42:36.213: I/main(1350): type=1400 audit(0.0:171): avc: denied { getattr } for path="/sys/kernel/debug/tracing/trace_marker" dev="tracefs" ino=22 scontext=u:r:zygote:s0 tcontext=u:object_r:unlabeled:s0 tclass=file permissive=1
10-11 19:42:36.319: I/GceRil(1343): Received request 19
10-11 19:42:36.319: I/GceRil(1343): Reporting signal strength: GW=29 CDMA=-75 EVDO=-137 LTE=7
10-11 19:42:36.327: W/Conscrypt(2346): Could not set socket write timeout:
10-11 19:42:36.328: W/Conscrypt(2346):    java.lang.reflect.Method.invoke(Native Method)
10-11 19:42:36.328: W/Conscrypt(2346):    com.google.android.gms.org.conscrypt.Platform.setSocketWriteTimeout(:com.google.android.gms@11519470:13)
10-11 19:42:36.334: W/Conscrypt(2346): Could not set socket write timeout:
10-11 19:42:36.335: W/Conscrypt(2346):    java.lang.reflect.Method.invoke(Native Method)
10-11 19:42:36.335: W/Conscrypt(2346):    com.google.android.gms.org.conscrypt.Platform.setSocketWriteTimeout(:com.google.android.gms@11519470:13)
10-11 19:42:36.345: W/Auth(2346): [GetToken] GetToken failed with status code: INVALID_SCOPE
10-11 19:42:36.346: W/Search.LoginHelper(4885): Google auth exception for scope: oauth2:https://www.googleapis.com/auth/googlenow
10-11 19:42:36.346: W/Search.LoginHelper(4885): com.google.android.gms.auth.a: INVALID_SCOPE
10-11 19:42:36.346: W/Search.LoginHelper(4885): 	at com.google.android.gms.auth.b.a(Unknown Source)
10-11 19:42:36.346: W/Search.LoginHelper(4885): 	at com.google.android.gms.auth.b.b(Unknown Source)
10-11 19:42:36.346: W/Search.LoginHelper(4885): 	at com.google.android.gms.auth.b.a(Unknown Source)
10-11 19:42:36.346: W/Search.LoginHelper(4885): 	at com.google.android.apps.gsa.search.core.google.c.m.a(GoogleAuthAdapterImpl.java:29)
10-11 19:42:36.346: W/Search.LoginHelper(4885): 	at com.google.android.apps.gsa.search.core.google.c.k.a(FallingBackGoogleAuthAdapter.java:93)
10-11 19:42:36.346: W/Search.LoginHelper(4885): 	at com.google.android.apps.gsa.search.core.google.c.g.a(CachingGoogleAuthAdapter.java:72)
10-11 19:42:36.346: W/Search.LoginHelper(4885): 	at com.google.android.apps.gsa.search.core.google.c.n.b(LoginHelper.java:829)
10-11 19:42:36.346: W/Search.LoginHelper(4885): 	at com.google.android.apps.gsa.search.core.google.c.n$5.Pe(LoginHelper.java:715)
10-11 19:42:36.346: W/Search.LoginHelper(4885): 	at com.google.android.apps.gsa.search.core.google.c.n$5.call(LoginHelper.java:712)
10-11 19:42:36.346: W/Search.LoginHelper(4885): 	at java.util.concurrent.FutureTask.run(FutureTask.java:237)
10-11 19:42:36.346: W/Search.LoginHelper(4885): 	at java.util.concurrent.Executors$RunnableAdapter.call(Executors.java:423)
10-11 19:42:36.346: W/Search.LoginHelper(4885): 	at java.util.concurrent.FutureTask.run(FutureTask.java:237)
10-11 19:42:36.346: W/Search.LoginHelper(4885): 	at java.util.concurrent.ThreadPoolExecutor.runWorker(ThreadPoolExecutor.java:1113)
10-11 19:42:36.346: W/Search.LoginHelper(4885): 	at java.util.concurrent.ThreadPoolExecutor$Worker.run(ThreadPoolExecutor.java:588)
10-11 19:42:36.346: W/Search.LoginHelper(4885): 	at java.lang.Thread.run(Thread.java:818)
10-11 19:42:36.346: W/Search.LoginHelper(4885): 	at com.google.android.apps.gsa.shared.util.concurrent.a.q$1.run(GsaThreadFactory.java:99)
10-11 19:42:36.346: E/VelvetNetworkClient(4885): Failed to get auth token
10-11 19:42:36.346: W/NowOptInSettings(4885): Failed to fetch default configuration
10-11 19:42:36.378: W/System(5674): ClassLoader referenced unknown path: /system/app/Maps/lib/x86
10-11 19:42:36.421: W/Auth(2346): [GetToken] GetToken failed with status code: INVALID_SCOPE
10-11 19:42:36.421: W/Search.LoginHelper(4885): Google auth exception for scope: oauth2:https://www.google.com/accounts/OAuthLogin
10-11 19:42:36.421: W/Search.LoginHelper(4885): com.google.android.gms.auth.a: INVALID_SCOPE
10-11 19:42:36.421: W/Search.LoginHelper(4885): 	at com.google.android.gms.auth.b.a(Unknown Source)
10-11 19:42:36.421: W/Search.LoginHelper(4885): 	at com.google.android.gms.auth.b.b(Unknown Source)
10-11 19:42:36.421: W/Search.LoginHelper(4885): 	at com.google.android.gms.auth.b.a(Unknown Source)
10-11 19:42:36.421: W/Search.LoginHelper(4885): 	at com.google.android.apps.gsa.search.core.google.c.m.a(GoogleAuthAdapterImpl.java:29)
10-11 19:42:36.421: W/Search.LoginHelper(4885): 	at com.google.android.apps.gsa.search.core.google.c.k.a(FallingBackGoogleAuthAdapter.java:93)
10-11 19:42:36.421: W/Search.LoginHelper(4885): 	at com.google.android.apps.gsa.search.core.google.c.g.a(CachingGoogleAuthAdapter.java:72)
10-11 19:42:36.421: W/Search.LoginHelper(4885): 	at com.google.android.apps.gsa.search.core.google.c.n.b(LoginHelper.java:829)
10-11 19:42:36.421: W/Search.LoginHelper(4885): 	at com.google.android.apps.gsa.search.core.google.c.n$5.Pe(LoginHelper.java:715)
10-11 19:42:36.421: W/Search.LoginHelper(4885): 	at com.google.android.apps.gsa.search.core.google.c.n$5.call(LoginHelper.java:712)
10-11 19:42:36.421: W/Search.LoginHelper(4885): 	at java.util.concurrent.FutureTask.run(FutureTask.java:237)
10-11 19:42:36.421: W/Search.LoginHelper(4885): 	at java.util.concurrent.Executors$RunnableAdapter.call(Executors.java:423)
10-11 19:42:36.421: W/Search.LoginHelper(4885): 	at java.util.concurrent.FutureTask.run(FutureTask.java:237)
10-11 19:42:36.421: W/Search.LoginHelper(4885): 	at java.util.concurrent.ThreadPoolExecutor.runWorker(ThreadPoolExecutor.java:1113)
10-11 19:42:36.421: W/Search.LoginHelper(4885): 	at java.util.concurrent.ThreadPoolExecutor$Worker.run(ThreadPoolExecutor.java:588)
10-11 19:42:36.421: W/Search.LoginHelper(4885): 	at java.lang.Thread.run(Thread.java:818)
10-11 19:42:36.421: W/Search.LoginHelper(4885): 	at com.google.android.apps.gsa.shared.util.concurrent.a.q$1.run(GsaThreadFactory.java:99)
10-11 19:42:36.423: W/Auth(2346): [GetToken] GetToken failed with status code: INVALID_SCOPE
10-11 19:42:36.423: W/Search.LoginHelper(4885): Google auth exception for scope: oauth2:https://www.googleapis.com/auth/googlenow
10-11 19:42:36.423: W/Search.LoginHelper(4885): com.google.android.gms.auth.a: INVALID_SCOPE
10-11 19:42:36.423: W/Search.LoginHelper(4885): 	at com.google.android.gms.auth.b.a(Unknown Source)
10-11 19:42:36.423: W/Search.LoginHelper(4885): 	at com.google.android.gms.auth.b.b(Unknown Source)
10-11 19:42:36.423: W/Search.LoginHelper(4885): 	at com.google.android.gms.auth.b.a(Unknown Source)
10-11 19:42:36.423: W/Search.LoginHelper(4885): 	at com.google.android.apps.gsa.search.core.google.c.m.a(GoogleAuthAdapterImpl.java:29)
10-11 19:42:36.423: W/Search.LoginHelper(4885): 	at com.google.android.apps.gsa.search.core.google.c.k.a(FallingBackGoogleAuthAdapter.java:93)
10-11 19:42:36.423: W/Search.LoginHelper(4885): 	at com.google.android.apps.gsa.search.core.google.c.g.a(CachingGoogleAuthAdapter.java:72)
10-11 19:42:36.423: W/Search.LoginHelper(4885): 	at com.google.android.apps.gsa.search.core.google.c.n.b(LoginHelper.java:829)
10-11 19:42:36.423: W/Search.LoginHelper(4885): 	at com.google.android.apps.gsa.search.core.google.c.n$5.Pe(LoginHelper.java:715)
10-11 19:42:36.423: W/Search.LoginHelper(4885): 	at com.google.android.apps.gsa.search.core.google.c.n$5.call(LoginHelper.java:712)
10-11 19:42:36.423: W/Search.LoginHelper(4885): 	at java.util.concurrent.FutureTask.run(FutureTask.java:237)
10-11 19:42:36.423: W/Search.LoginHelper(4885): 	at java.util.concurrent.Executors$RunnableAdapter.call(Executors.java:423)
10-11 19:42:36.423: W/Search.LoginHelper(4885): 	at java.util.concurrent.FutureTask.run(FutureTask.java:237)
10-11 19:42:36.423: W/Search.LoginHelper(4885): 	at java.util.concurrent.ThreadPoolExecutor.runWorker(ThreadPoolExecutor.java:1113)
10-11 19:42:36.423: W/Search.LoginHelper(4885): 	at java.util.concurrent.ThreadPoolExecutor$Worker.run(ThreadPoolExecutor.java:588)
10-11 19:42:36.423: W/Search.LoginHelper(4885): 	at java.lang.Thread.run(Thread.java:818)
10-11 19:42:36.423: W/Search.LoginHelper(4885): 	at com.google.android.apps.gsa.shared.util.concurrent.a.q$1.run(GsaThreadFactory.java:99)
10-11 19:42:36.423: E/VelvetNetworkClient(4885): Failed to get auth token
10-11 19:42:36.445: D/Finsky(4847): [1] DailyHygiene.onStartCommand: Beginning daily hygiene
10-11 19:42:36.485: W/Search.OAuthCookieFetch(4885): Failed to retrieve OAuth token and / or GAIA ID
10-11 19:42:36.486: W/ErrorReporter(4885): reportError [type: 477, code: 1441793]: null
10-11 19:42:36.486: W/RefreshDomainCookieTask(4885): OAuth cookie refresh failed. Falling back to WebView.
10-11 19:42:36.496: D/StrictMode(5674): StrictMode policy violation; ~duration=104 ms: android.os.StrictMode$StrictModeDiskReadViolation: policy=65567 violation=2
10-11 19:42:36.496: D/StrictMode(5674): 	at android.os.StrictMode$AndroidBlockGuardPolicy.onReadFromDisk(StrictMode.java:1263)
10-11 19:42:36.496: D/StrictMode(5674): 	at libcore.io.BlockGuardOs.access(BlockGuardOs.java:67)
10-11 19:42:36.496: D/StrictMode(5674): 	at java.io.File.doAccess(File.java:281)
10-11 19:42:36.496: D/StrictMode(5674): 	at java.io.File.exists(File.java:361)
10-11 19:42:36.496: D/StrictMode(5674): 	at android.app.ContextImpl.createFilesDirLocked(ContextImpl.java:418)
10-11 19:42:36.496: D/StrictMode(5674): 	at android.app.ContextImpl.getFilesDir(ContextImpl.java:441)
10-11 19:42:36.496: D/StrictMode(5674): 	at android.app.ContextImpl.openFileInput(ContextImpl.java:383)
10-11 19:42:36.496: D/StrictMode(5674): 	at android.content.ContextWrapper.openFileInput(ContextWrapper.java:177)
10-11 19:42:36.496: D/StrictMode(5674): 	at com.google.android.apps.gmm.shared.i.h.a(PG:250)
10-11 19:42:36.496: D/StrictMode(5674): 	at com.google.android.apps.gmm.map.m.q.a(PG:8693)
10-11 19:42:36.496: D/StrictMode(5674): 	at com.google.android.apps.gmm.shared.f.a.a(PG:48)
10-11 19:42:36.496: D/StrictMode(5674): 	at com.google.android.apps.gmm.map.m.e.a(PG:1531)
10-11 19:42:36.496: D/StrictMode(5674): 	at com.google.android.apps.gmm.base.app.a.a(PG:244)
10-11 19:42:36.496: D/StrictMode(5674): 	at com.google.android.apps.gmm.base.app.a.a(PG:2265)
10-11 19:42:36.496: D/StrictMode(5674): 	at com.google.android.apps.gmm.base.app.GoogleMapsApplication.a(PG:206)
10-11 19:42:36.496: D/StrictMode(5674): 	at com.google.android.apps.gmm.base.app.GoogleMapsApplication.onCreate(PG:174)
10-11 19:42:36.496: D/StrictMode(5674): 	at android.app.Instrumentation.callApplicationOnCreate(Instrumentation.java:1013)
10-11 19:42:36.496: D/StrictMode(5674): 	at android.app.ActivityThread.handleBindApplication(ActivityThread.java:4707)
10-11 19:42:36.496: D/StrictMode(5674): 	at android.app.ActivityThread.-wrap1(ActivityThread.java)
10-11 19:42:36.496: D/StrictMode(5674): 	at android.app.ActivityThread$H.handleMessage(ActivityThread.java:1405)
10-11 19:42:36.496: D/StrictMode(5674): 	at android.os.Handler.dispatchMessage(Handler.java:102)
10-11 19:42:36.496: D/StrictMode(5674): 	at android.os.Looper.loop(Looper.java:148)
10-11 19:42:36.496: D/StrictMode(5674): 	at android.app.ActivityThread.main(ActivityThread.java:5417)
10-11 19:42:36.496: D/StrictMode(5674): 	at java.lang.reflect.Method.invoke(Native Method)
10-11 19:42:36.496: D/StrictMode(5674): 	at com.android.internal.os.ZygoteInit$MethodAndArgsCaller.run(ZygoteInit.java:726)
10-11 19:42:36.496: D/StrictMode(5674): 	at com.android.internal.os.ZygoteInit.main(ZygoteInit.java:616)
10-11 19:42:36.496: D/StrictMode(5674): StrictMode policy violation; ~duration=103 ms: android.os.StrictMode$StrictModeDiskReadViolation: policy=65567 violation=2
10-11 19:42:36.496: D/StrictMode(5674): 	at android.os.StrictMode$AndroidBlockGuardPolicy.onReadFromDisk(StrictMode.java:1263)
10-11 19:42:36.496: D/StrictMode(5674): 	at libcore.io.BlockGuardOs.open(BlockGuardOs.java:182)
10-11 19:42:36.496: D/StrictMode(5674): 	at libcore.io.IoBridge.open(IoBridge.java:438)
10-11 19:42:36.496: D/StrictMode(5674): 	at java.io.FileInputStream.<init>(FileInputStream.java:76)
10-11 19:42:36.496: D/StrictMode(5674): 	at android.app.ContextImpl.openFileInput(ContextImpl.java:384)
10-11 19:42:36.496: D/StrictMode(5674): 	at android.content.ContextWrapper.openFileInput(ContextWrapper.java:177)
10-11 19:42:36.496: D/StrictMode(5674): 	at com.google.android.apps.gmm.shared.i.h.a(PG:250)
10-11 19:42:36.496: D/StrictMode(5674): 	at com.google.android.apps.gmm.map.m.q.a(PG:8693)
10-11 19:42:36.496: D/StrictMode(5674): 	at com.google.android.apps.gmm.shared.f.a.a(PG:48)
10-11 19:42:36.496: D/StrictMode(5674): 	at com.google.android.apps.gmm.map.m.e.a(PG:1531)
10-11 19:42:36.496: D/StrictMode(5674): 	at com.google.android.apps.gmm.base.app.a.a(PG:244)
10-11 19:42:36.496: D/StrictMode(5674): 	at com.google.android.apps.gmm.base.app.a.a(PG:2265)
10-11 19:42:36.496: D/StrictMode(5674): 	at com.google.android.apps.gmm.base.app.GoogleMapsApplication.a(PG:206)
10-11 19:42:36.496: D/StrictMode(5674): 	at com.google.android.apps.gmm.base.app.GoogleMapsApplication.onCreate(PG:174)
10-11 19:42:36.496: D/StrictMode(5674): 	at android.app.Instrumentation.callApplicationOnCreate(Instrumentation.java:1013)
10-11 19:42:36.496: D/StrictMode(5674): 	at android.app.ActivityThread.handleBindApplication(ActivityThread.java:4707)
10-11 19:42:36.496: D/StrictMode(5674): 	at android.app.ActivityThread.-wrap1(ActivityThread.java)
10-11 19:42:36.496: D/StrictMode(5674): 	at android.app.ActivityThread$H.handleMessage(ActivityThread.java:1405)
10-11 19:42:36.496: D/StrictMode(5674): 	at android.os.Handler.dispatchMessage(Handler.java:102)
10-11 19:42:36.496: D/StrictMode(5674): 	at android.os.Looper.loop(Looper.java:148)
10-11 19:42:36.496: D/StrictMode(5674): 	at android.app.ActivityThread.main(ActivityThread.java:5417)
10-11 19:42:36.496: D/StrictMode(5674): 	at java.lang.reflect.Method.invoke(Native Method)
10-11 19:42:36.496: D/StrictMode(5674): 	at com.android.internal.os.ZygoteInit$MethodAndArgsCaller.run(ZygoteInit.java:726)
10-11 19:42:36.496: D/StrictMode(5674): 	at com.android.internal.os.ZygoteInit.main(ZygoteInit.java:616)
10-11 19:42:36.496: D/StrictMode(5674): StrictMode policy violation; ~duration=103 ms: android.os.StrictMode$StrictModeDiskReadViolation: policy=65567 violation=2
10-11 19:42:36.496: D/StrictMode(5674): 	at android.os.StrictMode$AndroidBlockGuardPolicy.onReadFromDisk(StrictMode.java:1263)
10-11 19:42:36.496: D/StrictMode(5674): 	at libcore.io.BlockGuardOs.fstat(BlockGuardOs.java:132)
10-11 19:42:36.496: D/StrictMode(5674): 	at libcore.io.IoBridge.open(IoBridge.java:441)
10-11 19:42:36.496: D/StrictMode(5674): 	at java.io.FileInputStream.<init>(FileInputStream.java:76)
10-11 19:42:36.496: D/StrictMode(5674): 	at android.app.ContextImpl.openFileInput(ContextImpl.java:384)
10-11 19:42:36.496: D/StrictMode(5674): 	at android.content.ContextWrapper.openFileInput(ContextWrapper.java:177)
10-11 19:42:36.496: D/StrictMode(5674): 	at com.google.android.apps.gmm.shared.i.h.a(PG:250)
10-11 19:42:36.496: D/StrictMode(5674): 	at com.google.android.apps.gmm.map.m.q.a(PG:8693)
10-11 19:42:36.496: D/StrictMode(5674): 	at com.google.android.apps.gmm.shared.f.a.a(PG:48)
10-11 19:42:36.496: D/StrictMode(5674): 	at com.google.android.apps.gmm.map.m.e.a(PG:1531)
10-11 19:42:36.496: D/StrictMode(5674): 	at com.google.android.apps.gmm.base.app.a.a(PG:244)
10-11 19:42:36.496: D/StrictMode(5674): 	at com.google.android.apps.gmm.base.app.a.a(PG:2265)
10-11 19:42:36.496: D/StrictMode(5674): 	at com.google.android.apps.gmm.base.app.GoogleMapsApplication.a(PG:206)
10-11 19:42:36.496: D/StrictMode(5674): 	at com.google.android.apps.gmm.base.app.GoogleMapsApplication.onCreate(PG:174)
10-11 19:42:36.496: D/StrictMode(5674): 	at android.app.Instrumentation.callApplicationOnCreate(Instrumentation.java:1013)
10-11 19:42:36.496: D/StrictMode(5674): 	at android.app.ActivityThread.handleBindApplication(ActivityThread.java:4707)
10-11 19:42:36.496: D/StrictMode(5674): 	at android.app.ActivityThread.-wrap1(ActivityThread.java)
10-11 19:42:36.496: D/StrictMode(5674): 	at android.app.ActivityThread$H.handleMessage(ActivityThread.java:1405)
10-11 19:42:36.496: D/StrictMode(5674): 	at android.os.Handler.dispatchMessage(Handler.java:102)
10-11 19:42:36.496: D/StrictMode(5674): 	at android.os.Looper.loop(Looper.java:148)
10-11 19:42:36.496: D/StrictMode(5674): 	at android.app.ActivityThread.main(ActivityThread.java:5417)
10-11 19:42:36.496: D/StrictMode(5674): 	at java.lang.reflect.Method.invoke(Native Method)
10-11 19:42:36.496: D/StrictMode(5674): 	at com.android.internal.os.ZygoteInit$MethodAndArgsCaller.run(ZygoteInit.java:726)
10-11 19:42:36.496: D/StrictMode(5674): 	at com.android.internal.os.ZygoteInit.main(ZygoteInit.java:616)
10-11 19:42:36.496: D/StrictMode(5674): StrictMode policy violation; ~duration=102 ms: android.os.StrictMode$StrictModeDiskReadViolation: policy=65567 violation=2
10-11 19:42:36.496: D/StrictMode(5674): 	at android.os.StrictMode$AndroidBlockGuardPolicy.onReadFromDisk(StrictMode.java:1263)
10-11 19:42:36.496: D/StrictMode(5674): 	at libcore.io.BlockGuardOs.read(BlockGuardOs.java:229)
10-11 19:42:36.496: D/StrictMode(5674): 	at libcore.io.IoBridge.read(IoBridge.java:468)
10-11 19:42:36.496: D/StrictMode(5674): 	at java.io.FileInputStream.read(FileInputStream.java:177)
10-11 19:42:36.496: D/StrictMode(5674): 	at java.io.BufferedInputStream.read(BufferedInputStream.java:290)
10-11 19:42:36.496: D/StrictMode(5674): 	at java.io.DataInputStream.read(DataInputStream.java:63)
10-11 19:42:36.496: D/StrictMode(5674): 	at com.google.r.k.d(PG:1187)
10-11 19:42:36.496: D/StrictMode(5674): 	at com.google.r.k.a(PG:2107)
10-11 19:42:36.496: D/StrictMode(5674): 	at com.google.w.a.a.do.<init>(PG:23)
10-11 19:42:36.496: D/StrictMode(5674): 	at com.google.w.a.a.do.a(PG:405)
10-11 19:42:36.496: D/StrictMode(5674): 	at com.google.r.v.a(PG:1161)
10-11 19:42:36.496: D/StrictMode(5674): 	at com.google.r.y.a(PG:2188)
10-11 19:42:36.496: D/StrictMode(5674): 	at com.google.r.e.b(PG:170)
10-11 19:42:36.496: D/StrictMode(5674): 	at com.google.r.e.b(PG:15188)
10-11 19:42:36.496: D/StrictMode(5674): 	at com.google.android.apps.gmm.shared.i.h.a(PG:251)
10-11 19:42:36.496: D/StrictMode(5674): 	at com.google.android.apps.gmm.map.m.q.a(PG:8693)
10-11 19:42:36.496: D/StrictMode(5674): 	at com.google.android.apps.gmm.shared.f.a.a(PG:48)
10-11 19:42:36.496: D/StrictMode(5674): 	at com.google.android.apps.gmm.map.m.e.a(PG:1531)
10-11 19:42:36.496: D/StrictMode(5674): 	at com.google.android.apps.gmm.base.app.a.a(PG:244)
10-11 19:42:36.496: D/StrictMode(5674): 	at com.google.android.apps.gmm.base.app.a.a(PG:2265)
10-11 19:42:36.496: D/StrictMode(5674): 	at com.google.android.apps.gmm.base.app.GoogleMapsApplication.a(PG:206)
10-11 19:42:36.496: D/StrictMode(5674): 	at com.google.android.apps.gmm.base.app.GoogleMapsApplication.onCreate(PG:174)
10-11 19:42:36.496: D/StrictMode(5674): 	at android.app.Instrumentation.callApplicationOnCreate(Instrumentation.java:1013)
10-11 19:42:36.496: D/StrictMode(5674): 	at android.app.ActivityThread.handleBindApplication(ActivityThread.java:4707)
10-11 19:42:36.496: D/StrictMode(5674): 	at android.app.ActivityThread.-wrap1(ActivityThread.java)
10-11 19:42:36.496: D/StrictMode(5674): 	at android.app.ActivityThread$H.handleMessage(ActivityThread.java:1405)
10-11 19:42:36.496: D/StrictMode(5674): 	at android.os.Handler.dispatchMessage(Handler.java:102)
10-11 19:42:36.496: D/StrictMode(5674): 	at android.os.Looper.loop(Looper.java:148)
10-11 19:42:36.496: D/StrictMode(5674): 	at android.app.ActivityThread.main(ActivityThread.java:5417)
10-11 19:42:36.496: D/StrictMode(5674): 	at java.lang.reflect.Method.invoke(Native Method)
10-11 19:42:36.496: D/StrictMode(5674): 	at com.android.internal.os.ZygoteInit$MethodAndArgsCaller.run(ZygoteInit.java:726)
10-11 19:42:36.496: D/StrictMode(5674): 	at com.android.internal.os.ZygoteInit.main(ZygoteInit.java:616)
10-11 19:42:36.496: D/StrictMode(5674): StrictMode policy violation; ~duration=102 ms: android.os.StrictMode$StrictModeDiskReadViolation: policy=65567 violation=2
10-11 19:42:36.496: D/StrictMode(5674): 	at android.os.StrictMode$AndroidBlockGuardPolicy.onReadFromDisk(StrictMode.java:1263)
10-11 19:42:36.496: D/StrictMode(5674): 	at libcore.io.BlockGuardOs.read(BlockGuardOs.java:229)
10-11 19:42:36.496: D/StrictMode(5674): 	at libcore.io.IoBridge.read(IoBridge.java:468)
10-11 19:42:36.496: D/StrictMode(5674): 	at java.io.FileInputStream.read(FileInputStream.java:177)
10-11 19:42:36.496: D/StrictMode(5674): 	at java.io.BufferedInputStream.read(BufferedInputStream.java:290)
10-11 19:42:36.496: D/StrictMode(5674): 	at java.io.DataInputStream.read(DataInputStream.java:63)
10-11 19:42:36.496: D/StrictMode(5674): 	at com.google.r.k.d(PG:1187)
10-11 19:42:36.496: D/StrictMode(5674): 	at com.google.r.k.c(PG:18147)
10-11 19:42:36.496: D/StrictMode(5674): 	at com.google.r.k.d(PG:583)
10-11 19:42:36.496: D/StrictMode(5674): 	at com.google.w.a.a.do.<init>(PG:40)
10-11 19:42:36.496: D/StrictMode(5674): 	at com.google.w.a.a.do.a(PG:405)
10-11 19:42:36.496: D/StrictMode(5674): 	at com.google.r.v.a(PG:1161)
10-11 19:42:36.496: D/StrictMode(5674): 	at com.google.r.y.a(PG:2188)
10-11 19:42:36.496: D/StrictMode(5674): 	at com.google.r.e.b(PG:170)
10-11 19:42:36.496: D/StrictMode(5674): 	at com.google.r.e.b(PG:15188)
10-11 19:42:36.496: D/StrictMode(5674): 	at com.google.android.apps.gmm.shared.i.h.a(PG:251)
10-11 19:42:36.496: D/StrictMode(5674): 	at com.google.android.apps.gmm.map.m.q.a(PG:8693)
10-11 19:42:36.496: D/StrictMode(5674): 	at com.google.android.apps.gmm.shared.f.a.a(PG:48)
10-11 19:42:36.496: D/StrictMode(5674): 	at com.google.android.apps.gmm.map.m.e.a(PG:1531)
10-11 19:42:36.496: D/StrictMode(5674): 	at com.google.android.apps.gmm.base.app.a.a(PG:244)
10-11 19:42:36.496: D/StrictMode(5674): 	at com.google.android.apps.gmm.base.app.a.a(PG:2265)
10-11 19:42:36.496: D/StrictMode(5674): 	at com.google.android.apps.gmm.base.app.GoogleMapsApplication.a(PG:206)
10-11 19:42:36.496: D/StrictMode(5674): 	at com.google.android.apps.gmm.base.app.GoogleMapsApplication.onCreate(PG:174)
10-11 19:42:36.496: D/StrictMode(5674): 	at android.app.Instrumentation.callApplicationOnCreate(Instrumentation.java:1013)
10-11 19:42:36.496: D/StrictMode(5674): 	at android.app.ActivityThread.handleBindApplication(ActivityThread.java:4707)
10-11 19:42:36.496: D/StrictMode(5674): 	at android.app.ActivityThread.-wrap1(ActivityThread.java)
10-11 19:42:36.496: D/StrictMode(5674): 	at android.app.ActivityThread$H.handleMessage(ActivityThread.java:1405)
10-11 19:42:36.496: D/StrictMode(5674): 	at android.os.Handler.dispatchMessage(Handler.java:102)
10-11 19:42:36.496: D/StrictMode(5674): 	at android.os.Looper.loop(Looper.java:148)
10-11 19:42:36.496: D/StrictMode(5674): 	at android.app.ActivityThread.main(ActivityThread.java:5417)
10-11 19:42:36.496: D/StrictMode(5674): 	at java.lang.reflect.Method.invoke(Native Method)
10-11 19:42:36.496: D/StrictMode(5674): 	at com.android.internal.os.ZygoteInit$MethodAndArgsCaller.run(ZygoteInit.java:726)
10-11 19:42:36.496: D/StrictMode(5674): 	at com.android.internal.os.ZygoteInit.main(ZygoteInit.java:616)
10-11 19:42:36.496: D/StrictMode(5674): StrictMode policy violation; ~duration=97 ms: android.os.StrictMode$StrictModeDiskReadViolation: policy=65567 violation=2
10-11 19:42:36.496: D/StrictMode(5674): 	at android.os.StrictMode$AndroidBlockGuardPolicy.onReadFromDisk(StrictMode.java:1263)
10-11 19:42:36.496: D/StrictMode(5674): 	at libcore.io.BlockGuardOs.access(BlockGuardOs.java:67)
10-11 19:42:36.496: D/StrictMode(5674): 	at java.io.File.doAccess(File.java:281)
10-11 19:42:36.496: D/StrictMode(5674): 	at java.io.File.exists(File.java:361)
10-11 19:42:36.496: D/StrictMode(5674): 	at android.app.ContextImpl.createFilesDirLocked(ContextImpl.java:418)
10-11 19:42:36.496: D/StrictMode(5674): 	at android.app.ContextImpl.getFilesDir(ContextImpl.java:441)
10-11 19:42:36.496: D/StrictMode(5674): 	at android.app.ContextImpl.getFileStreamPath(ContextImpl.java:549)
10-11 19:42:36.496: D/StrictMode(5674): 	at android.content.ContextWrapper.getFileStreamPath(ContextWrapper.java:193)
10-11 19:42:36.496: D/StrictMode(5674): 	at com.google.android.apps.gmm.map.m.q.a(PG:8701)
10-11 19:42:36.496: D/StrictMode(5674): 	at com.google.android.apps.gmm.shared.f.a.a(PG:48)
10-11 19:42:36.496: D/StrictMode(5674): 	at com.google.android.apps.gmm.map.m.e.a(PG:1531)
10-11 19:42:36.496: D/StrictMode(5674): 	at com.google.android.apps.gmm.base.app.a.a(PG:244)
10-11 19:42:36.496: D/StrictMode(5674): 	at com.google.android.apps.gmm.base.app.a.a(PG:2265)
10-11 19:42:36.496: D/StrictMode(5674): 	at com.google.android.apps.gmm.base.app.GoogleMapsApplication.a(PG:206)
10-11 19:42:36.496: D/StrictMode(5674): 	at com.google.android.apps.gmm.base.app.GoogleMapsApplication.onCreate(PG:174)
10-11 19:42:36.496: D/StrictMode(5674): 	at android.app.Instrumentation.callApplicationOnCreate(Instrumentation.java:1013)
10-11 19:42:36.496: D/StrictMode(5674): 	at android.app.ActivityThread.handleBindApplication(ActivityThread.java:4707)
10-11 19:42:36.496: D/StrictMode(5674): 	at android.app.ActivityThread.-wrap1(ActivityThread.java)
10-11 19:42:36.496: D/StrictMode(5674): 	at android.app.ActivityThread$H.handleMessage(ActivityThread.java:1405)
10-11 19:42:36.496: D/StrictMode(5674): 	at android.os.Handler.dispatchMessage(Handler.java:102)
10-11 19:42:36.496: D/StrictMode(5674): 	at android.os.Looper.loop(Looper.java:148)
10-11 19:42:36.496: D/StrictMode(5674): 	at android.app.ActivityThread.main(ActivityThread.java:5417)
10-11 19:42:36.496: D/StrictMode(5674): 	at java.lang.reflect.Method.invoke(Native Method)
10-11 19:42:36.496: D/StrictMode(5674): 	at com.android.internal.os.ZygoteInit$MethodAndArgsCaller.run(ZygoteInit.java:726)
10-11 19:42:36.496: D/StrictMode(5674): 	at com.android.internal.os.ZygoteInit.main(ZygoteInit.java:616)
10-11 19:42:36.496: D/StrictMode(5674): StrictMode policy violation; ~duration=97 ms: android.os.StrictMode$StrictModeDiskReadViolation: policy=65567 violation=2
10-11 19:42:36.496: D/StrictMode(5674): 	at android.os.StrictMode$AndroidBlockGuardPolicy.onReadFromDisk(StrictMode.java:1263)
10-11 19:42:36.496: D/StrictMode(5674): 	at libcore.io.BlockGuardOs.access(BlockGuardOs.java:67)
10-11 19:42:36.496: D/StrictMode(5674): 	at java.io.File.doAccess(File.java:281)
10-11 19:42:36.496: D/StrictMode(5674): 	at java.io.File.exists(File.java:361)
10-11 19:42:36.496: D/StrictMode(5674): 	at com.google.android.apps.gmm.map.m.q.a(PG:8703)
10-11 19:42:36.496: D/StrictMode(5674): 	at com.google.android.apps.gmm.shared.f.a.a(PG:48)
10-11 19:42:36.496: D/StrictMode(5674): 	at com.google.android.apps.gmm.map.m.e.a(PG:1531)
10-11 19:42:36.496: D/StrictMode(5674): 	at com.google.android.apps.gmm.base.app.a.a(PG:244)
10-11 19:42:36.496: D/StrictMode(5674): 	at com.google.android.apps.gmm.base.app.a.a(PG:2265)
10-11 19:42:36.496: D/StrictMode(5674): 	at com.google.android.apps.gmm.base.app.GoogleMapsApplication.a(PG:206)
10-11 19:42:36.496: D/StrictMode(5674): 	at com.google.android.apps.gmm.base.app.GoogleMapsApplication.onCreate(PG:174)
10-11 19:42:36.496: D/StrictMode(5674): 	at android.app.Instrumentation.callApplicationOnCreate(Instrumentation.java:1013)
10-11 19:42:36.496: D/StrictMode(5674): 	at android.app.ActivityThread.handleBindApplication(ActivityThread.java:4707)
10-11 19:42:36.496: D/StrictMode(5674): 	at android.app.ActivityThread.-wrap1(ActivityThread.java)
10-11 19:42:36.496: D/StrictMode(5674): 	at android.app.ActivityThread$H.handleMessage(ActivityThread.java:1405)
10-11 19:42:36.496: D/StrictMode(5674): 	at android.os.Handler.dispatchMessage(Handler.java:102)
10-11 19:42:36.496: D/StrictMode(5674): 	at android.os.Looper.loop(Looper.java:148)
10-11 19:42:36.496: D/StrictMode(5674): 	at android.app.ActivityThread.main(ActivityThread.java:5417)
10-11 19:42:36.496: D/StrictMode(5674): 	at java.lang.reflect.Method.invoke(Native Method)
10-11 19:42:36.496: D/StrictMode(5674): 	at com.android.internal.os.ZygoteInit$MethodAndArgsCaller.run(ZygoteInit.java:726)
10-11 19:42:36.496: D/StrictMode(5674): 	at com.android.internal.os.ZygoteInit.main(ZygoteInit.java:616)
10-11 19:42:36.567: I/Remoter(1330): Saved screenshot to '/data/screenshots/__pmv__-0078.jpg'
10-11 19:42:36.571: I/Auth(2346): [BroadcastManager] Broadcasting account services changed.
10-11 19:42:36.603: I/ActivityManager(1719): Start proc 5713:com.google.android.apps.photos/u0a64 for broadcast com.google.android.apps.photos/com.google.android.libraries.social.account.refresh.receiver.AccountsChangedReceiver
10-11 19:42:36.619: V/WebViewChromiumFactoryProvider(4885): Binding Chromium to main looper Looper (main, tid 1) {b0b98e5}
10-11 19:42:36.619: I/cr_LibraryLoader(4885): Expected native library version number "53.0.2785.124", actual native library version number "53.0.2785.124"
10-11 19:42:36.626: W/ActivityThread(5674): ClassLoader.loadClass: The class loader returned by Thread.getContextClassLoader() may fail for processes that host multiple applications. You should explicitly specify a context class loader. For example: Thread.setContextClassLoader(getClass().getClassLoader());
10-11 19:42:36.685: W/Conscrypt(2346): Could not set socket write timeout:
10-11 19:42:36.685: W/Conscrypt(2346):    java.lang.reflect.Method.invoke(Native Method)
10-11 19:42:36.685: W/Conscrypt(2346):    com.google.android.gms.org.conscrypt.Platform.setSocketWriteTimeout(:com.google.android.gms@11519470:13)
10-11 19:42:36.688: W/System(5713): ClassLoader referenced unknown path: /system/app/Photos/lib/x86
10-11 19:42:36.727: W/Auth(2346): [GetToken] GetToken failed with status code: INVALID_SCOPE
10-11 19:42:36.735: W/Conscrypt(2346): Could not set socket write timeout:
10-11 19:42:36.735: W/Conscrypt(2346):    java.lang.reflect.Method.invoke(Native Method)
10-11 19:42:36.735: W/Conscrypt(2346):    com.google.android.gms.org.conscrypt.Platform.setSocketWriteTimeout(:com.google.android.gms@11519470:13)
10-11 19:42:36.748: W/GLSUser(2346): [AppCertManager] IOException while requesting key: 
10-11 19:42:36.748: W/GLSUser(2346): java.io.IOException: Invalid device key response.
10-11 19:42:36.748: W/GLSUser(2346): 	at ewg.a(:com.google.android.gms@11519470:11)
10-11 19:42:36.748: W/GLSUser(2346): 	at ewg.a(:com.google.android.gms@11519470:63)
10-11 19:42:36.748: W/GLSUser(2346): 	at ewg.a(:com.google.android.gms@11519470:20)
10-11 19:42:36.748: W/GLSUser(2346): 	at ewe.a(:com.google.android.gms@11519470:4)
10-11 19:42:36.748: W/GLSUser(2346): 	at ewb.a(:com.google.android.gms@11519470:2)
10-11 19:42:36.748: W/GLSUser(2346): 	at evz.a(:com.google.android.gms@11519470:10)
10-11 19:42:36.748: W/GLSUser(2346): 	at evz.a(:com.google.android.gms@11519470:24)
10-11 19:42:36.748: W/GLSUser(2346): 	at mgg.d(:com.google.android.gms@11519470:3)
10-11 19:42:36.748: W/GLSUser(2346): 	at ciz.a(:com.google.android.gms@11519470:31)
10-11 19:42:36.748: W/GLSUser(2346): 	at cei.run(:com.google.android.gms@11519470:2)
10-11 19:42:36.748: W/GLSUser(2346): 	at ceg.handleMessage(:com.google.android.gms@11519470:3)
10-11 19:42:36.748: W/GLSUser(2346): 	at mme.run(:com.google.android.gms@11519470:6)
10-11 19:42:36.748: W/GLSUser(2346): 	at mmo.run(:com.google.android.gms@11519470:25)
10-11 19:42:36.748: W/GLSUser(2346): 	at java.util.concurrent.ThreadPoolExecutor.runWorker(ThreadPoolExecutor.java:1113)
10-11 19:42:36.748: W/GLSUser(2346): 	at java.util.concurrent.ThreadPoolExecutor$Worker.run(ThreadPoolExecutor.java:588)
10-11 19:42:36.748: W/GLSUser(2346): 	at mrv.run(:com.google.android.gms@11519470)
10-11 19:42:36.748: W/GLSUser(2346): 	at java.lang.Thread.run(Thread.java:818)
10-11 19:42:36.749: W/GLSUser(2346): [DeviceKeyStore] Cannot load key: Device key file not found.
10-11 19:42:36.750: E/ctxmgr(2346): [BaseServerTask]Server task (FetchAclSet) got error statusCode=-1.
10-11 19:42:36.750: E/ctxmgr(2346): com.android.volley.VolleyError: Unable to obtain auth token - is the device online?
10-11 19:42:36.750: E/ctxmgr(2346): 	at ciz.a(:com.google.android.gms@11519470:39)
10-11 19:42:36.750: E/ctxmgr(2346): 	at cei.run(:com.google.android.gms@11519470:2)
10-11 19:42:36.750: E/ctxmgr(2346): 	at ceg.handleMessage(:com.google.android.gms@11519470:3)
10-11 19:42:36.750: E/ctxmgr(2346): 	at mme.run(:com.google.android.gms@11519470:6)
10-11 19:42:36.750: E/ctxmgr(2346): 	at mmo.run(:com.google.android.gms@11519470:25)
10-11 19:42:36.750: E/ctxmgr(2346): 	at java.util.concurrent.ThreadPoolExecutor.runWorker(ThreadPoolExecutor.java:1113)
10-11 19:42:36.750: E/ctxmgr(2346): 	at java.util.concurrent.ThreadPoolExecutor$Worker.run(ThreadPoolExecutor.java:588)
10-11 19:42:36.750: E/ctxmgr(2346): 	at mrv.run(:com.google.android.gms@11519470)
10-11 19:42:36.750: E/ctxmgr(2346): 	at java.lang.Thread.run(Thread.java:818)
10-11 19:42:36.753: W/ctxmgr(2346): [WorkManager]Long workInfo: pkg=com.google.android.gms, lbl=NetworkManager#getAcl, start=2017-10-11 19:42:35.389-0400, stop=2017-10-11 19:42:36.750-0400, durtn=1361ms
10-11 19:42:36.761: W/UdcContextManagerHelper(2346): Empty context buffer. Thus might mean that the context is not synced down.
10-11 19:42:36.761: E/ctxmgr(2346): [AccountAclCallback]Failed Acl fetch: network status=-1
10-11 19:42:36.761: W/UploadOptInStatusOp(2346): Empty context model while retrieving upload opt-in status!
10-11 19:42:36.788: I/chromium(4885): [INFO:library_loader_hooks.cc(151)] Chromium logging enabled: level = 0, default verbosity = 0
10-11 19:42:36.815: I/CalendarProvider2(5585): Sending notification intent: Intent { act=android.intent.action.PROVIDER_CHANGED dat=content://com.android.calendar flg=0x20000000 }
10-11 19:42:36.815: W/ContentResolver(5585): Failed to get type for: content://com.android.calendar (Unknown URL content://com.android.calendar)
10-11 19:42:36.816: I/ActivityManager(1719): Killing 3372:com.google.android.youtube/u0a74 (adj 15): empty #17
10-11 19:42:36.820: W/Auth(2346): [GetToken] GetToken failed with status code: INVALID_SCOPE
10-11 19:42:36.820: W/Search.LoginHelper(4885): Google auth exception for scope: oauth2:https://www.googleapis.com/auth/googlenow
10-11 19:42:36.820: W/Search.LoginHelper(4885): com.google.android.gms.auth.a: INVALID_SCOPE
10-11 19:42:36.820: W/Search.LoginHelper(4885): 	at com.google.android.gms.auth.b.a(Unknown Source)
10-11 19:42:36.820: W/Search.LoginHelper(4885): 	at com.google.android.gms.auth.b.b(Unknown Source)
10-11 19:42:36.820: W/Search.LoginHelper(4885): 	at com.google.android.gms.auth.b.a(Unknown Source)
10-11 19:42:36.820: W/Search.LoginHelper(4885): 	at com.google.android.apps.gsa.search.core.google.c.m.a(GoogleAuthAdapterImpl.java:29)
10-11 19:42:36.820: W/Search.LoginHelper(4885): 	at com.google.android.apps.gsa.search.core.google.c.k.a(FallingBackGoogleAuthAdapter.java:93)
10-11 19:42:36.820: W/Search.LoginHelper(4885): 	at com.google.android.apps.gsa.search.core.google.c.g.a(CachingGoogleAuthAdapter.java:72)
10-11 19:42:36.820: W/Search.LoginHelper(4885): 	at com.google.android.apps.gsa.search.core.google.c.n.b(LoginHelper.java:829)
10-11 19:42:36.820: W/Search.LoginHelper(4885): 	at com.google.android.apps.gsa.search.core.google.c.n$5.Pe(LoginHelper.java:715)
10-11 19:42:36.820: W/Search.LoginHelper(4885): 	at com.google.android.apps.gsa.search.core.google.c.n$5.call(LoginHelper.java:712)
10-11 19:42:36.820: W/Search.LoginHelper(4885): 	at java.util.concurrent.FutureTask.run(FutureTask.java:237)
10-11 19:42:36.820: W/Search.LoginHelper(4885): 	at java.util.concurrent.Executors$RunnableAdapter.call(Executors.java:423)
10-11 19:42:36.820: W/Search.LoginHelper(4885): 	at java.util.concurrent.FutureTask.run(FutureTask.java:237)
10-11 19:42:36.820: W/Search.LoginHelper(4885): 	at java.util.concurrent.ThreadPoolExecutor.runWorker(ThreadPoolExecutor.java:1113)
10-11 19:42:36.820: W/Search.LoginHelper(4885): 	at java.util.concurrent.ThreadPoolExecutor$Worker.run(ThreadPoolExecutor.java:588)
10-11 19:42:36.820: W/Search.LoginHelper(4885): 	at java.lang.Thread.run(Thread.java:818)
10-11 19:42:36.820: W/Search.LoginHelper(4885): 	at com.google.android.apps.gsa.shared.util.concurrent.a.q$1.run(GsaThreadFactory.java:99)
10-11 19:42:36.830: E/HttpOperation(3260): [contacts/getselfinfo] Unexpected exception
10-11 19:42:36.830: E/HttpOperation(3260): java.io.IOException: Cannot obtain authentication token
10-11 19:42:36.830: E/HttpOperation(3260): 	at gqg.a(SourceFile:82)
10-11 19:42:36.830: E/HttpOperation(3260): 	at gpr.o(SourceFile:406)
10-11 19:42:36.830: E/HttpOperation(3260): 	at gpm.a(SourceFile:1379)
10-11 19:42:36.830: E/HttpOperation(3260): 	at gkm.call(SourceFile:1299)
10-11 19:42:36.830: E/HttpOperation(3260): 	at java.util.concurrent.FutureTask.run(FutureTask.java:237)
10-11 19:42:36.830: E/HttpOperation(3260): 	at java.util.concurrent.ThreadPoolExecutor.runWorker(ThreadPoolExecutor.java:1113)
10-11 19:42:36.830: E/HttpOperation(3260): 	at java.util.concurrent.ThreadPoolExecutor$Worker.run(ThreadPoolExecutor.java:588)
10-11 19:42:36.830: E/HttpOperation(3260): 	at java.lang.Thread.run(Thread.java:818)
10-11 19:42:36.830: E/HttpOperation(3260): Caused by: android.accounts.AuthenticatorException: Cannot get Oauth2 token from GMS
10-11 19:42:36.830: E/HttpOperation(3260): 	at fkx.a(SourceFile:27)
10-11 19:42:36.830: E/HttpOperation(3260): 	at gqe.a(SourceFile:3086)
10-11 19:42:36.830: E/HttpOperation(3260): 	at gqe.a(SourceFile:1125)
10-11 19:42:36.830: E/HttpOperation(3260): 	at gqg.a(SourceFile:77)
10-11 19:42:36.830: E/HttpOperation(3260): 	... 7 more
10-11 19:42:36.830: E/HttpOperation(3260): Caused by: efo: INVALID_SCOPE
10-11 19:42:36.830: E/HttpOperation(3260): 	at efp.a(Unknown Source)
10-11 19:42:36.830: E/HttpOperation(3260): 	at efp.a(Unknown Source)
10-11 19:42:36.830: E/HttpOperation(3260): 	at efp.b(Unknown Source)
10-11 19:42:36.830: E/HttpOperation(3260): 	at efp.b(Unknown Source)
10-11 19:42:36.830: E/HttpOperation(3260): 	at fkx.a(SourceFile:24)
10-11 19:42:36.830: E/HttpOperation(3260): 	... 10 more
10-11 19:42:36.831: E/LoginManager(3260): Account update failed
10-11 19:42:36.831: E/LoginManager(3260): java.io.IOException: Rpc failed
10-11 19:42:36.831: E/LoginManager(3260): 	at gki.a(SourceFile:3529)
10-11 19:42:36.831: E/LoginManager(3260): 	at gkm.call(SourceFile:1300)
10-11 19:42:36.831: E/LoginManager(3260): 	at java.util.concurrent.FutureTask.run(FutureTask.java:237)
10-11 19:42:36.831: E/LoginManager(3260): 	at java.util.concurrent.ThreadPoolExecutor.runWorker(ThreadPoolExecutor.java:1113)
10-11 19:42:36.831: E/LoginManager(3260): 	at java.util.concurrent.ThreadPoolExecutor$Worker.run(ThreadPoolExecutor.java:588)
10-11 19:42:36.831: E/LoginManager(3260): 	at java.lang.Thread.run(Thread.java:818)
10-11 19:42:36.831: E/LoginManager(3260): Caused by: java.io.IOException: Cannot obtain authentication token
10-11 19:42:36.831: E/LoginManager(3260): 	at gqg.a(SourceFile:82)
10-11 19:42:36.831: E/LoginManager(3260): 	at gpr.o(SourceFile:406)
10-11 19:42:36.831: E/LoginManager(3260): 	at gpm.a(SourceFile:1379)
10-11 19:42:36.831: E/LoginManager(3260): 	at gkm.call(SourceFile:1299)
10-11 19:42:36.831: E/LoginManager(3260): 	... 4 more
10-11 19:42:36.831: E/LoginManager(3260): Caused by: android.accounts.AuthenticatorException: Cannot get Oauth2 token from GMS
10-11 19:42:36.831: E/LoginManager(3260): 	at fkx.a(SourceFile:27)
10-11 19:42:36.831: E/LoginManager(3260): 	at gqe.a(SourceFile:3086)
10-11 19:42:36.831: E/LoginManager(3260): 	at gqe.a(SourceFile:1125)
10-11 19:42:36.831: E/LoginManager(3260): 	at gqg.a(SourceFile:77)
10-11 19:42:36.831: E/LoginManager(3260): 	... 7 more
10-11 19:42:36.831: E/LoginManager(3260): Caused by: efo: INVALID_SCOPE
10-11 19:42:36.831: E/LoginManager(3260): 	at efp.a(Unknown Source)
10-11 19:42:36.831: E/LoginManager(3260): 	at efp.a(Unknown Source)
10-11 19:42:36.831: E/LoginManager(3260): 	at efp.b(Unknown Source)
10-11 19:42:36.831: E/LoginManager(3260): 	at efp.b(Unknown Source)
10-11 19:42:36.831: E/LoginManager(3260): 	at fkx.a(SourceFile:24)
10-11 19:42:36.831: E/LoginManager(3260): 	... 10 more
10-11 19:42:36.832: I/Babel(3260): BAM created 0
10-11 19:42:36.837: I/Babel(3260): BAM#account updated: 0
10-11 19:42:36.837: I/Babel(3260): BAM, cleanup: 0
10-11 19:42:36.875: D/ActivityManager(1719): cleanUpApplicationRecord -- 3372
10-11 19:42:36.876: I/Exchange(5486): Accounts changed - requesting FolderSync for unsynced accounts
10-11 19:42:36.904: I/GmailIS(5520): Receive LOGIN_ACCOUNTS_CHANGED intent: Intent { act=android.accounts.LOGIN_ACCOUNTS_CHANGED flg=0x4000010 cmp=com.google.android.gm/.GmailIntentService }
10-11 19:42:36.905: I/Gmail(5520): System accounts updated.
10-11 19:42:36.931: W/Auth(2346): [GetToken] GetToken failed with status code: INVALID_SCOPE
10-11 19:42:36.932: W/Search.LoginHelper(4885): Google auth exception for scope: oauth2:https://www.googleapis.com/auth/googlenow
10-11 19:42:36.932: W/Search.LoginHelper(4885): com.google.android.gms.auth.a: INVALID_SCOPE
10-11 19:42:36.932: W/Search.LoginHelper(4885): 	at com.google.android.gms.auth.b.a(Unknown Source)
10-11 19:42:36.932: W/Search.LoginHelper(4885): 	at com.google.android.gms.auth.b.b(Unknown Source)
10-11 19:42:36.932: W/Search.LoginHelper(4885): 	at com.google.android.gms.auth.b.a(Unknown Source)
10-11 19:42:36.932: W/Search.LoginHelper(4885): 	at com.google.android.apps.gsa.search.core.google.c.m.a(GoogleAuthAdapterImpl.java:29)
10-11 19:42:36.932: W/Search.LoginHelper(4885): 	at com.google.android.apps.gsa.search.core.google.c.k.a(FallingBackGoogleAuthAdapter.java:93)
10-11 19:42:36.932: W/Search.LoginHelper(4885): 	at com.google.android.apps.gsa.search.core.google.c.g.a(CachingGoogleAuthAdapter.java:72)
10-11 19:42:36.932: W/Search.LoginHelper(4885): 	at com.google.android.apps.gsa.search.core.google.c.n.b(LoginHelper.java:829)
10-11 19:42:36.932: W/Search.LoginHelper(4885): 	at com.google.android.apps.gsa.search.core.google.c.n$5.Pe(LoginHelper.java:715)
10-11 19:42:36.932: W/Search.LoginHelper(4885): 	at com.google.android.apps.gsa.search.core.google.c.n$5.call(LoginHelper.java:712)
10-11 19:42:36.932: W/Search.LoginHelper(4885): 	at java.util.concurrent.FutureTask.run(FutureTask.java:237)
10-11 19:42:36.932: W/Search.LoginHelper(4885): 	at java.util.concurrent.Executors$RunnableAdapter.call(Executors.java:423)
10-11 19:42:36.932: W/Search.LoginHelper(4885): 	at java.util.concurrent.FutureTask.run(FutureTask.java:237)
10-11 19:42:36.932: W/Search.LoginHelper(4885): 	at java.util.concurrent.ThreadPoolExecutor.runWorker(ThreadPoolExecutor.java:1113)
10-11 19:42:36.932: W/Search.LoginHelper(4885): 	at java.util.concurrent.ThreadPoolExecutor$Worker.run(ThreadPoolExecutor.java:588)
10-11 19:42:36.932: W/Search.LoginHelper(4885): 	at java.lang.Thread.run(Thread.java:818)
10-11 19:42:36.932: W/Search.LoginHelper(4885): 	at com.google.android.apps.gsa.shared.util.concurrent.a.q$1.run(GsaThreadFactory.java:99)
10-11 19:42:36.937: I/Babel(3260): Account update: 0 logged off
10-11 19:42:36.938: I/Babel(3260): deleted: false for 0
10-11 19:42:36.938: I/Babel_StickerModule(3260): Account change update: 0
10-11 19:42:36.938: W/Babel_StickerModule(3260): Null account update.
10-11 19:42:36.939: I/Babel(3260): Account not valid for babel. Skip device registration.
10-11 19:42:36.941: I/ActivityManager(1719): Start proc 5748:com.google.android.videos/u0a71 for broadcast com.google.android.videos/.accounts.AccountsChangedService$AccountsChangedReceiver
10-11 19:42:36.945: I/cr_BrowserStartup(4885): Initializing chromium process, singleProcess=true
10-11 19:42:36.947: I/Exchange(5486): EasService.onCreate
10-11 19:42:36.953: I/Gmail(5520): getAccountsCursor
10-11 19:42:36.955: I/Exchange(5486): RestartPingTask
10-11 19:42:36.963: I/GceMetadataClient(3205): Received updated metadata.
10-11 19:42:36.965: I/Exchange(5486): RestartPingsTask did not start any pings.
10-11 19:42:36.965: I/Exchange(5486): PSS stopIfIdle
10-11 19:42:36.965: I/Exchange(5486): PSS has no active accounts; stopping service.
10-11 19:42:36.965: I/Exchange(5486): onDestroy
10-11 19:42:36.982: I/NotifActionUtils(5520): resendNotifications account: null, folder: null
10-11 19:42:36.984: I/NotifUtils(5520): resendNotifications cancelExisting: false, account: null, folder: null
10-11 19:42:36.985: I/ActivityManager(1719): Killing 4200:com.google.android.deskclock/u0a67 (adj 15): empty #17
10-11 19:42:37.032: I/GceRil(1343): Received request 19
10-11 19:42:37.032: I/GceRil(1343): Reporting signal strength: GW=29 CDMA=-75 EVDO=-136 LTE=8
10-11 19:42:37.032: D/HeadsetPhoneState(2666): sendDeviceStateChanged. mService=1 mSignal=4 mRoam=0 mBatteryCharge=4
10-11 19:42:37.037: D/ActivityManager(1719): cleanUpApplicationRecord -- 4200
10-11 19:42:37.065: W/System(5748): ClassLoader referenced unknown path: /system/app/Videos/lib/x86
10-11 19:42:37.146: D/Finsky(4847): [1] GetTocHelper$3.onResponse: Server requests device config token
10-11 19:42:37.242: I/ActivityManager(1719): Killing 4891:android.process.media/u0a7 (adj 15): empty #17
10-11 19:42:37.283: D/ActivityManager(1719): cleanUpApplicationRecord -- 4891
10-11 19:42:37.637: I/Remoter(1330): Saved screenshot to '/data/screenshots/__pmv__-0079.jpg'
10-11 19:42:37.715: D/Finsky(4847): [1] GcmRegistrationIdHelper.getRegistrationId: Start requesting GCM Reg Id
10-11 19:42:37.715: D/GCMRegistrar(4847): resetting backoff for com.android.vending
10-11 19:42:37.740: V/GCMRegistrar(4847): Registering app com.android.vending of senders 932144863878
10-11 19:42:37.753: W/GCM(2346): Register request missing messenger
10-11 19:42:37.756: W/Conscrypt(2346): Could not set socket write timeout:
10-11 19:42:37.756: W/Conscrypt(2346):    java.lang.reflect.Method.invoke(Native Method)
10-11 19:42:37.756: W/Conscrypt(2346):    com.google.android.gms.org.conscrypt.Platform.setSocketWriteTimeout(:com.google.android.gms@11519470:13)
10-11 19:42:37.765: W/Conscrypt(2346): Could not set socket write timeout:
10-11 19:42:37.765: W/Conscrypt(2346):    java.lang.reflect.Method.invoke(Native Method)
10-11 19:42:37.765: W/Conscrypt(2346):    com.google.android.gms.org.conscrypt.Platform.setSocketWriteTimeout(:com.google.android.gms@11519470:13)
10-11 19:42:38.220: D/AndroidRuntime(5781): >>>>>> START com.android.internal.os.RuntimeInit uid 0 <<<<<<
10-11 19:42:38.221: D/AndroidRuntime(5781): CheckJNI is OFF
10-11 19:42:38.236: D/ICU(5781): No timezone override file found: /data/misc/zoneinfo/current/icu/icu_tzdata.dat
10-11 19:42:38.236: D/ICU(5781): [ 10-11 19:42:38.241  5781: 5781 W/         ]
10-11 19:42:38.236: D/ICU(5781): Failed to bind-mount /system/lib/x86/cpuinfo as /proc/cpuinfo: No such file or directory
