10-11 19:42:40.914: D/SyncManager(1719): failed sync operation QRJUJJNYU6ORDHFE7PZXPED3E4-00@cloudtestlabaccounts.com u0 (com.google), com.google.android.location.reporting, SERVER, currentRunTime 26932554, reason: AutoSync, SyncResult: stats [ numAuthExceptions: 1]
10-11 19:42:40.919: D/Finsky(4847): [1] SelfUpdateScheduler.checkForSelfUpdate: Skipping DFE self-update check as there is an update already queued.
10-11 19:42:40.920: I/MS_RegisterService(2465): RegisterService intent:Intent { act=com.google.android.gms.matchstick.register_intent_google_account_change cat=[targeted_intent_op_prefix:com.google.android.libraries.matchstick.net.SilentRegisterIntentOperation] cmp=com.google.android.gms/.chimera.GmsIntentOperationService } isPeriodic:false
10-11 19:42:40.922: D/Finsky(4847): [1] VerifyInstalledPackagesReceiver.onReceive: Skipping verification because verify apps is not enabled
10-11 19:42:40.929: V/NativeCrypto(2346): Read error: ssl=0xa9cf60c0: I/O error during system call, Connection reset by peer
10-11 19:42:40.930: V/NativeCrypto(2346): SSL shutdown failed: ssl=0xa9cf60c0: I/O error during system call, Broken pipe
10-11 19:42:40.931: D/ConnectivityService(1719): reportNetworkConnectivity(100, false) by 10010
10-11 19:42:40.931: D/NetworkMonitor/NetworkAgentInfo [MOBILE (LTE) - 100](1719): Forcing reevaluation for UID 10010
10-11 19:42:40.938: I/MS_PhoneUtils(2465): Phone type: 1
10-11 19:42:40.939: I/GAV2(5486): Thread[GAThread,5,main]: No campaign data found.
10-11 19:42:40.951: D/NetworkMonitor/NetworkAgentInfo [MOBILE (LTE) - 100](1719): Checking http://connectivitycheck.gstatic.com/generate_204 on epc.tmobile.com, connectivitycheck.gstatic.com=173.194.210.94
10-11 19:42:40.952: W/Auth(2346): [GetToken] GetToken failed with status code: INVALID_SCOPE
10-11 19:42:40.952: I/Ads(2465): Immediate DSID task failed. Scheduling one-off
10-11 19:42:40.955: I/MS_RegisterService(2465): Doing full registration.
10-11 19:42:40.955: D/NetworkMonitor/NetworkAgentInfo [MOBILE (LTE) - 100](1719): isCaptivePortal: ret=204 headers={null=[HTTP/1.1 204 No Content], Content-Length=[0], Date=[Wed, 11 Oct 2017 23:42:40 GMT], X-Android-Received-Millis=[1507765360955], X-Android-Response-Source=[NETWORK 204], X-Android-Selected-Protocol=[http/1.1], X-Android-Sent-Millis=[1507765360954]}
10-11 19:42:40.955: D/ConnectivityService(1719): setProvNotificationVisibleIntent null visible=false networkType=MOBILE extraInfo=null highPriority=false
10-11 19:42:40.955: D/ConnectivityService(1719): NetworkAgentInfo [MOBILE (LTE) - 100] validation  passed
10-11 19:42:40.963: D/Finsky(4847): [326] FlushLogsService.onHandleIntent: Flushing event logs for [DNQrLbYvUkaiOzQr8ozPGw1BGec]
10-11 19:42:41.014: D/SyncManager(1719): not retrying sync operation because the error is a hard error: QRJUJJNYU6ORDHFE7PZXPED3E4-00@cloudtestlabaccounts.com u0 (com.google), com.google.android.location.reporting, SERVER, currentRunTime 26965850, reason: AutoSync
10-11 19:42:41.019: I/VideoCapabilities(4885): Unsupported profile 4 for video/mp4v-es
10-11 19:42:41.110: I/WVCdm(1347): CdmEngine::OpenSession
10-11 19:42:41.110: I/WVCdm(1347): Level3 Library Jun 15 2015 14:09:10
10-11 19:42:41.111: W/WVCdm(1347): Could not read /data/mediadrm/IDM1013/ay64.dat2: No such file or directory
10-11 19:42:41.111: W/WVCdm(1347): Could not load liboemcrypto.so. Falling back to L3.  dlopen failed: library "liboemcrypto.so" not found
10-11 19:42:41.117: I/WVCdm(1347): CdmEngine::QueryKeyControlInfo
10-11 19:42:41.126: I/MagicTether(2346): [HostValidator] InvalidHost. MobileData: true, Tethering: false, whitelist: false, ble: true
10-11 19:42:41.133: W/WVCdm(1347): BufferReader::Read<T> : Failure during parse: Not enough bytes (4)
10-11 19:42:41.133: W/WVCdm(1347): CdmEngine::ExtractWidevinePssh: Unable to read atom size.
10-11 19:42:41.133: I/WVCdm(1347): CdmEngine::GenerateKeyRequest
10-11 19:42:41.133: D/WVCdm(1347): PrepareKeyRequest: nonce=2219432990
10-11 19:42:41.142: I/LoadedApk(6098): No resource references to update in package FFFFFFFFFFFFFFFFFFFFFF
10-11 19:42:41.160: I/qtaguid(4847): Failed write_ctrl(u 35) res=-1 errno=22
10-11 19:42:41.160: I/qtaguid(4847): Untagging socket 35 failed errno=-22
10-11 19:42:41.160: W/NetworkManagementSocketTagger(4847): untagSocket(35) failed with errno -22
10-11 19:42:41.221: I/IcingInternalCorpora(2465): EventIndexer: starting incremental update
10-11 19:42:41.221: I/IcingInternalCorpora(2465): EventIndexer: 0 added, 0 removed, 0 changed, 0 unchanged, 0 errors.
10-11 19:42:41.221: I/IcingInternalCorpora(2465): EventIndexer: finished after 0 ms.
10-11 19:42:41.224: D/Finsky(4847): [1] WearSupportService.startHygiene: disabled
10-11 19:42:41.225: D/Finsky(4847): [1] DailyHygiene.access$600: Logging device features
10-11 19:42:41.237: D/Finsky(4847): [1] VerifyInstalledPackagesReceiver.onReceive: Skipping verification because verify apps is not enabled
10-11 19:42:41.244: I/art(1719): Background partial concurrent mark sweep GC freed 39261(2MB) AllocSpace objects, 11(636KB) LOS objects, 33% free, 20MB/30MB, paused 536us total 121.280ms
10-11 19:42:41.273: W/linker(6098): /data/app/com.google.android.gms-1/lib/x86/libconscrypt_gmscore_jni.so: unused DT entry: type 0x1d arg 0x91
10-11 19:42:41.274: W/Auth(2346): [GetToken] GetToken failed with status code: INVALID_SCOPE
10-11 19:42:41.274: E/Ads(2465): [JAMS] Failed to get OAuth token: dzf: INVALID_SCOPE
10-11 19:42:41.276: V/NativeCrypto(6098): Registering com/google/android/gms/org/conscrypt/NativeCrypto's 259 native methods...
10-11 19:42:41.297: I/art(6098): Rejecting re-init on previously-failed class java.lang.Class<com.google.android.gms.org.conscrypt.OpenSSLExtendedSessionImpl>
10-11 19:42:41.297: I/art(6098): Rejecting re-init on previously-failed class java.lang.Class<com.google.android.gms.org.conscrypt.OpenSSLExtendedSessionImpl>
10-11 19:42:41.297: I/art(6098): Rejecting re-init on previously-failed class java.lang.Class<com.google.android.gms.org.conscrypt.OpenSSLExtendedSessionImpl>
10-11 19:42:41.306: W/cr_BindingManager(4885): Cannot call determinedVisibility() - never saw a connection for the pid: 4885
10-11 19:42:41.342: I/ProviderInstaller(6098): Installed default security provider GmsCore_OpenSSL
10-11 19:42:41.387: I/Remoter(1330): Saved screenshot to '/data/screenshots/__pmv__-0082.jpg'
10-11 19:42:41.503: I/MagicTether(6098): [HostValidator] InvalidHost. MobileData: true, Tethering: false, whitelist: false, ble: true
10-11 19:42:41.645: W/Auth(2346): [GetToken] GetToken failed with status code: INVALID_SCOPE
10-11 19:42:41.646: E/MS_NetworkUtils(2465): GoogleAuthException getting authtoken for: QRJUJJNYU6ORDHFE7PZXPED3E4-00@cloudtestlabaccounts.com message:
10-11 19:42:41.646: E/MS_NetworkUtils(2465): dzf: INVALID_SCOPE
10-11 19:42:41.646: E/MS_NetworkUtils(2465): 	at dzj.a(:com.google.android.gms@11519470:16)
10-11 19:42:41.646: E/MS_NetworkUtils(2465): 	at dzi.a(:com.google.android.gms@11519470:2)
10-11 19:42:41.646: E/MS_NetworkUtils(2465): 	at dzi.e(:com.google.android.gms@11519470:6)
10-11 19:42:41.646: E/MS_NetworkUtils(2465): 	at dzi.d(:com.google.android.gms@11519470:1)
10-11 19:42:41.646: E/MS_NetworkUtils(2465): 	at dzi.b(:com.google.android.gms@11519470:1)
10-11 19:42:41.646: E/MS_NetworkUtils(2465): 	at dzg.a(:com.google.android.gms@11519470:1)
10-11 19:42:41.646: E/MS_NetworkUtils(2465): 	at albh.a(:com.google.android.gms@11519470:28)
10-11 19:42:41.646: E/MS_NetworkUtils(2465): 	at com.google.android.libraries.matchstick.net.SilentRegisterIntentOperation.a(:com.google.android.gms@11519470:214)
10-11 19:42:41.646: E/MS_NetworkUtils(2465): 	at com.google.android.libraries.matchstick.net.SilentRegisterIntentOperation.onHandleIntent(:com.google.android.gms@11519470:291)
10-11 19:42:41.646: E/MS_NetworkUtils(2465): 	at com.google.android.chimera.IntentOperation.onHandleIntent(:com.google.android.gms@11519470:2)
10-11 19:42:41.646: E/MS_NetworkUtils(2465): 	at bwh.run(:com.google.android.gms@11519470:10)
10-11 19:42:41.646: E/MS_NetworkUtils(2465): 	at bwe.run(:com.google.android.gms@11519470:14)
10-11 19:42:41.646: E/MS_NetworkUtils(2465): 	at java.util.concurrent.ThreadPoolExecutor.runWorker(ThreadPoolExecutor.java:1113)
10-11 19:42:41.646: E/MS_NetworkUtils(2465): 	at java.util.concurrent.ThreadPoolExecutor$Worker.run(ThreadPoolExecutor.java:588)
10-11 19:42:41.646: E/MS_NetworkUtils(2465): 	at java.lang.Thread.run(Thread.java:818)
10-11 19:42:41.652: W/GLSUser(2346): [DeviceKeyStore] Cannot load key: Device key file not found.
10-11 19:42:41.652: W/GLSUser(2346): [DeviceKeyStore] Cannot load key: Device key file not found.
10-11 19:42:41.663: I/System.out(2465): Error inflating SSL session: error:100000a0:SSL routines:OPENSSL_internal:INVALID_SSL_SESSION
10-11 19:42:41.664: W/Conscrypt(2465): Could not set socket write timeout:
10-11 19:42:41.664: W/Conscrypt(2465):    java.lang.reflect.Method.invoke(Native Method)
10-11 19:42:41.664: W/Conscrypt(2465):    com.google.android.gms.org.conscrypt.Platform.setSocketWriteTimeout(:com.google.android.gms@11519470:13)
10-11 19:42:41.693: W/Conscrypt(2465): Could not set socket write timeout:
10-11 19:42:41.693: W/Conscrypt(2465):    java.lang.reflect.Method.invoke(Native Method)
10-11 19:42:41.693: W/Conscrypt(2465):    com.google.android.gms.org.conscrypt.Platform.setSocketWriteTimeout(:com.google.android.gms@11519470:13)
10-11 19:42:41.703: W/cr_ScreenOrientation(4885): Removing an inexistent observer!
10-11 19:42:41.705: D/ConnectivityService(1719): releasing NetworkRequest NetworkRequest [ id=5, legacyType=-1, [ Capabilities: INTERNET&NOT_RESTRICTED&TRUSTED] ]
10-11 19:42:41.706: I/ActivityManager(1719): Killing 5253:com.google.android.apps.fitness/u0a40 (adj 15): empty #17
10-11 19:42:41.748: I/WVCdm(1347): CdmEngine::CloseSession
10-11 19:42:41.748: I/WVCdm(1347): CdmEngine::OpenSession
10-11 19:42:41.748: I/WVCdm(1347): Level3 Library Jun 15 2015 14:09:10
10-11 19:42:41.749: W/WVCdm(1347): Could not read /data/mediadrm/IDM1013/ay64.dat2: No such file or directory
10-11 19:42:41.749: W/WVCdm(1347): Could not load liboemcrypto.so. Falling back to L3.  dlopen failed: library "liboemcrypto.so" not found
10-11 19:42:41.750: I/WVCdm(1347): CdmEngine::QueryKeyControlInfo
10-11 19:42:41.751: W/WVCdm(1347): BufferReader::Read<T> : Failure during parse: Not enough bytes (4)
10-11 19:42:41.751: W/WVCdm(1347): CdmEngine::ExtractWidevinePssh: Unable to read atom size.
10-11 19:42:41.751: I/WVCdm(1347): CdmEngine::GenerateKeyRequest
10-11 19:42:41.751: D/WVCdm(1347): PrepareKeyRequest: nonce=2555242841
10-11 19:42:41.758: D/ActivityManager(1719): cleanUpApplicationRecord -- 5253
10-11 19:42:41.777: E/MS_RegisterService(2465): Exception during register request.
10-11 19:42:41.777: E/MS_RegisterService(2465): bafm: INVALID_ARGUMENT: Application credential header not valid. Please fix the client to pass a valid application credential header.
10-11 19:42:41.777: E/MS_RegisterService(2465): 	at bafi.c(:com.google.android.gms@11519470:3)
10-11 19:42:41.777: E/MS_RegisterService(2465): 	at mgv.a(:com.google.android.gms@11519470:66)
10-11 19:42:41.777: E/MS_RegisterService(2465): 	at com.google.android.libraries.matchstick.net.SilentRegisterIntentOperation.a(:com.google.android.gms@11519470:226)
10-11 19:42:41.777: E/MS_RegisterService(2465): 	at com.google.android.libraries.matchstick.net.SilentRegisterIntentOperation.onHandleIntent(:com.google.android.gms@11519470:291)
10-11 19:42:41.777: E/MS_RegisterService(2465): 	at com.google.android.chimera.IntentOperation.onHandleIntent(:com.google.android.gms@11519470:2)
10-11 19:42:41.777: E/MS_RegisterService(2465): 	at bwh.run(:com.google.android.gms@11519470:10)
10-11 19:42:41.777: E/MS_RegisterService(2465): 	at bwe.run(:com.google.android.gms@11519470:14)
10-11 19:42:41.777: E/MS_RegisterService(2465): 	at java.util.concurrent.ThreadPoolExecutor.runWorker(ThreadPoolExecutor.java:1113)
10-11 19:42:41.777: E/MS_RegisterService(2465): 	at java.util.concurrent.ThreadPoolExecutor$Worker.run(ThreadPoolExecutor.java:588)
10-11 19:42:41.777: E/MS_RegisterService(2465): 	at java.lang.Thread.run(Thread.java:818)
10-11 19:42:41.905: I/ActivityManager(1719): Killing 5390:com.google.android.apps.auth.test.support/u0a79 (adj 15): empty #17
10-11 19:42:41.916: I/WVCdm(1347): CdmEngine::OpenSession
10-11 19:42:41.918: I/WVCdm(1347): CdmEngine::QueryKeyControlInfo
10-11 19:42:41.918: I/WVCdm(1347): CdmEngine::CloseSession
10-11 19:42:41.919: W/WVCdm(1347): BufferReader::Read<T> : Failure during parse: Not enough bytes (4)
10-11 19:42:41.919: W/WVCdm(1347): CdmEngine::ExtractWidevinePssh: Unable to read atom size.
10-11 19:42:41.919: I/WVCdm(1347): CdmEngine::GenerateKeyRequest
10-11 19:42:41.919: D/WVCdm(1347): PrepareKeyRequest: nonce=1257373951
10-11 19:42:41.974: D/ActivityManager(1719): cleanUpApplicationRecord -- 5390
10-11 19:42:42.116: I/WVCdm(1347): CdmEngine::CloseSession
10-11 19:42:42.053: I/Binder_1(5411): type=1400 audit(0.0:177): avc: denied { read } for name="/" dev="tmpfs" ino=1754 scontext=u:r:untrusted_app:s0:c512,c768 tcontext=u:object_r:device:s0 tclass=dir permissive=1
10-11 19:42:42.053: I/Binder_1(5411): type=1400 audit(0.0:178): avc: denied { open } for path="/dev" dev="tmpfs" ino=1754 scontext=u:r:untrusted_app:s0:c512,c768 tcontext=u:object_r:device:s0 tclass=dir permissive=1
10-11 19:42:42.212: I/GoogleURLConnFactory(2346): Using platform SSLCertificateSocketFactory
10-11 19:42:42.347: D/DownloadManager(5968): [20] Finished with status SUCCESS
10-11 19:42:42.351: D/Finsky(4847): [1] DownloadQueueImpl.notifyProgress: com.android.vending: onProgress 17661732/17661732 Status: 200.
10-11 19:42:42.353: I/ActivityManager(1719): Killing 5451:com.google.android.apps.gcs/u0a9 (adj 15): empty #17
10-11 19:42:42.403: D/ActivityManager(1719): cleanUpApplicationRecord -- 5451
10-11 19:42:42.405: D/Finsky(4847): [1] DownloadBroadcastReceiver.onReceive: Intent received at DownloadBroadcastReceiver
10-11 19:42:42.425: D/Finsky(4847): [1] DownloadImpl.setState: com.android.vending from 2 to 3.
10-11 19:42:42.425: D/Finsky(4847): [1] DownloadQueueImpl.onComplete: com.android.vending: onComplete
10-11 19:42:42.425: D/Finsky(4847): [1] DownloadQueueImpl.remove: Download com.android.vending removed from DownloadQueue
10-11 19:42:42.425: D/Finsky(4847): [1] SelfUpdateScheduler.onComplete: Self-update ready to be installed, waiting for market to close.
10-11 19:42:42.488: I/Remoter(1330): Saved screenshot to '/data/screenshots/__pmv__-0083.jpg'
10-11 19:42:42.593: W/Auth(2346): [GetToken] GetToken failed with status code: INVALID_SCOPE
10-11 19:42:42.593: E/HeterodyneSyncer(2346): Failed to get auth token: INVALID_SCOPE
10-11 19:42:42.593: E/HeterodyneSyncer(2346): dzf: INVALID_SCOPE
10-11 19:42:42.593: E/HeterodyneSyncer(2346): 	at dzj.a(:com.google.android.gms@11519470:16)
10-11 19:42:42.593: E/HeterodyneSyncer(2346): 	at dzi.a(:com.google.android.gms@11519470:2)
10-11 19:42:42.593: E/HeterodyneSyncer(2346): 	at dzi.e(:com.google.android.gms@11519470:6)
10-11 19:42:42.593: E/HeterodyneSyncer(2346): 	at dzg.f(:com.google.android.gms@11519470:3)
10-11 19:42:42.593: E/HeterodyneSyncer(2346): 	at dzg.a(:com.google.android.gms@11519470:4)
10-11 19:42:42.593: E/HeterodyneSyncer(2346): 	at dzg.a(:com.google.android.gms@11519470:7)
10-11 19:42:42.593: E/HeterodyneSyncer(2346): 	at aazh.a(:com.google.android.gms@11519470:30)
10-11 19:42:42.593: E/HeterodyneSyncer(2346): 	at aazj.a(:com.google.android.gms@11519470:26)
10-11 19:42:42.593: E/HeterodyneSyncer(2346): 	at aazj.a(:com.google.android.gms@11519470:158)
10-11 19:42:42.593: E/HeterodyneSyncer(2346): 	at aazj.a(:com.google.android.gms@11519470:282)
10-11 19:42:42.593: E/HeterodyneSyncer(2346): 	at com.google.android.gms.phenotype.sync.HeterodyneSyncTaskChimeraService.a(:com.google.android.gms@11519470:40)
10-11 19:42:42.593: E/HeterodyneSyncer(2346): 	at com.google.android.gms.phenotype.sync.HeterodyneSyncTaskChimeraService.a(:com.google.android.gms@11519470:19)
10-11 19:42:42.593: E/HeterodyneSyncer(2346): 	at ssv.run(:com.google.android.gms@11519470:1)
10-11 19:42:42.593: E/HeterodyneSyncer(2346): 	at java.util.concurrent.ThreadPoolExecutor.runWorker(ThreadPoolExecutor.java:1113)
10-11 19:42:42.593: E/HeterodyneSyncer(2346): 	at java.util.concurrent.ThreadPoolExecutor$Worker.run(ThreadPoolExecutor.java:588)
10-11 19:42:42.593: E/HeterodyneSyncer(2346): 	at java.lang.Thread.run(Thread.java:818)
10-11 19:42:42.689: I/CheckinUtil(2465): Classify the device as Phone.
10-11 19:42:42.732: W/System(2465): Ignoring header Cookie because its value was null.
10-11 19:42:42.732: I/ProcessCheckinRequest(2465): set cookie as: null
10-11 19:42:42.742: W/Conscrypt(2465): Could not set socket write timeout:
10-11 19:42:42.742: W/Conscrypt(2465):    java.lang.reflect.Method.invoke(Native Method)
10-11 19:42:42.742: W/Conscrypt(2465):    com.google.android.gms.org.conscrypt.Platform.setSocketWriteTimeout(:com.google.android.gms@11519470:13)
10-11 19:42:42.743: W/Conscrypt(2465): Could not set socket write timeout:
10-11 19:42:42.743: W/Conscrypt(2465):    java.lang.reflect.Method.invoke(Native Method)
10-11 19:42:42.743: W/Conscrypt(2465):    com.google.android.gms.org.conscrypt.Platform.setSocketWriteTimeout(:com.google.android.gms@11519470:13)
10-11 19:42:42.765: I/ProcessCheckinRequest(2465): REQUEST: b: "12345678902468"
10-11 19:42:42.765: I/ProcessCheckinRequest(2465): c: "020000000000"
10-11 19:42:42.765: I/ProcessCheckinRequest(2465): d: "wifi"
10-11 19:42:42.765: I/ProcessCheckinRequest(2465): g: 4027609706144920429
10-11 19:42:42.765: I/ProcessCheckinRequest(2465): h: 2938676646712947721
10-11 19:42:42.765: I/ProcessCheckinRequest(2465): i: "1-6400939b27412f103468f1c41440b022ca62ba86"
10-11 19:42:42.765: I/ProcessCheckinRequest(2465): j: "en_US"
10-11 19:42:42.765: I/ProcessCheckinRequest(2465): k <
10-11 19:42:42.765: I/ProcessCheckinRequest(2465):   a <
10-11 19:42:42.765: I/ProcessCheckinRequest(2465):     a: "generic/gce_x86_phone/gce_x86:6.0.1/MOB31Q.MZG52/3751182:userdebug/test-keys"
10-11 19:42:42.765: I/ProcessCheckinRequest(2465):     b: "AVD_R1.0.0"
10-11 19:42:42.765: I/ProcessCheckinRequest(2465):     c: "unknown"
10-11 19:42:42.765: I/ProcessCheckinRequest(2465):     d: "gce_x86"
10-11 19:42:42.765: I/ProcessCheckinRequest(2465):     e: "generic"
10-11 19:42:42.765: I/ProcessCheckinRequest(2465):     f: "unknown"
10-11 19:42:42.765: I/ProcessCheckinRequest(2465):     g: 1487676091
10-11 19:42:42.765: I/ProcessCheckinRequest(2465):     h: 11519470
10-11 19:42:42.765: I/ProcessCheckinRequest(2465):     i: 23
10-11 19:42:42.765: I/ProcessCheckinRequest(2465):     j: "gce_x86"
10-11 19:42:42.765: I/ProcessCheckinRequest(2465):     k: "GCE x86 phone"
10-11 19:42:42.765: I/ProcessCheckinRequest(2465):     l: "unknown"
10-11 19:42:42.765: I/ProcessCheckinRequest(2465):     m: "gce_x86_phone"
10-11 19:42:42.765: I/ProcessCheckinRequest(2465):     n: false
10-11 19:42:42.765: I/ProcessCheckinRequest(2465):     o <
10-11 19:42:42.765: I/ProcessCheckinRequest(2465):       a: 2
10-11 19:42:42.765: I/ProcessCheckinRequest(2465):       b: "ms-unknown"
10-11 19:42:42.765: I/ProcessCheckinRequest(2465):     >
10-11 19:42:42.765: I/ProcessCheckinRequest(2465):     o <
10-11 19:42:42.765: I/ProcessCheckinRequest(2465):       a: 1
10-11 19:42:42.765: I/ProcessCheckinRequest(2465):       b: "unknown"
10-11 19:42:42.765: I/ProcessCheckinRequest(2465):     >
10-11 19:42:42.765: I/ProcessCheckinRequest(2465):     o <
10-11 19:42:42.765: I/ProcessCheckinRequest(2465):       a: 4
10-11 19:42:42.765: I/ProcessCheckinRequest(2465):       b: "gmm-unknown"
10-11 19:42:42.765: I/ProcessCheckinRequest(2465):     >
10-11 19:42:42.765: I/ProcessCheckinRequest(2465):     o <
10-11 19:42:42.765: I/ProcessCheckinRequest(2465):       a: 5
10-11 19:42:42.765: I/ProcessCheckinRequest(2465):       b: "mvapp-unknown"
10-11 19:42:42.765: I/ProcessCheckinRequest(2465):     >
10-11 19:42:42.765: I/ProcessCheckinRequest(2465):     o <
10-11 19:42:42.765: I/ProcessCheckinRequest(2465):       a: 6
10-11 19:42:42.765: I/ProcessCheckinRequest(2465):       b: "am-unknown"
10-11 19:42:42.765: I/ProcessCheckinRequest(2465):     >
10-11 19:42:42.765: I/ProcessCheckinRequest(2465):     o <
10-11 19:42:42.765: I/ProcessCheckinRequest(2465):       a: 9
10-11 19:42:42.765: I/ProcessCheckinRequest(2465):       b: "ms-unknown"
10-11 19:42:42.765: I/ProcessCheckinRequest(2465):     >
10-11 19:42:42.765: I/ProcessCheckinRequest(2465):     q: "2016-12-05"
10-11 19:42:42.765: I/ProcessCheckinRequest(2465):   >
10-11 19:42:42.765: I/ProcessCheckinRequest(2465):   b: 1507738501247
10-11 19:42:42.765: I/ProcessCheckinRequest(2465):   e: "310260"
10-11 19:42:42.765: I/ProcessCheckinRequest(2465):   f: "310260"
10-11 19:42:42.765: I/ProcessCheckinRequest(2465):   g: "MOBILE:LTE:"
10-11 19:42:42.765: I/ProcessCheckinRequest(2465):   h: true
10-11 19:42:42.765: I/ProcessCheckinRequest(2465):   i: 0
10-11 19:42:42.765: I/ProcessCheckinRequest(2465):   j: 2
10-11 19:42:42.765: I/ProcessCheckinRequest(2465):   k <
10-11 19:42:42.765: I/ProcessCheckinRequest(2465):     a: 4
10-11 19:42:42.765: I/ProcessCheckinRequest(2465):     b: 1
10-11 19:42:42.765: I/ProcessCheckinRequest(2465):     c: "unspecified"
10-11 19:42:42.765: I/ProcessCheckinRequest(2465):     d: ""
10-11 19:42:42.765: I/ProcessCheckinRequest(2465):     e: false
10-11 19:42:42.765: I/ProcessCheckinRequest(2465):   >
10-11 19:42:42.765: I/ProcessCheckinRequest(2465):   l <
10-11 19:42:42.765: I/ProcessCheckinRequest(2465):     a: "310260"
10-11 19:42:42.765: I/ProcessCheckinRequest(2465):     b: "Android Virtual Operator"
10-11 19:42:42.765: I/ProcessCheckinRequest(2465):     c: "0"
10-11 19:42:42.765: I/ProcessCheckinRequest(2465):     d: 0
10-11 19:42:42.765: I/ProcessCheckinRequest(2465):     d: 1
10-11 19:42:42.765: I/ProcessCheckinRequest(2465):     d: 2
10-11 19:42:42.765: I/ProcessCheckinRequest(2465):     e: "310260123400000"
10-11 19:42:42.765: I/ProcessCheckinRequest(2465):     g: "\244\240"
10-11 19:42:42.765: I/ProcessCheckinRequest(2465):   >
10-11 19:42:42.765: I/ProcessCheckinRequest(2465): >
10-11 19:42:42.765: I/ProcessCheckinRequest(2465): l: "[QRJUJJNYU6ORDHFE7PZXPED3E4-00@cloudtestlabaccounts.com]"
10-11 19:42:42.765: I/ProcessCheckinRequest(2465): m: "America/New_York"
10-11 19:42:42.765: I/ProcessCheckinRequest(2465): n: 3010746529745930223
10-11 19:42:42.765: I/ProcessCheckinRequest(2465): o: 3
10-11 19:42:42.765: I/ProcessCheckinRequest(2465): p: "71Q6Rn2DDZl1zPDVaaeEHItd+Yg="
10-11 19:42:42.765: I/ProcessCheckinRequest(2465): q <
10-11 19:42:42.765: I/ProcessCheckinRequest(2465):   a: 3
10-11 19:42:42.765: I/ProcessCheckinRequest(2465):   b: 2
10-11 19:42:42.765: I/ProcessCheckinRequest(2465):   c: 1
10-11 19:42:42.765: I/ProcessCheckinRequest(2465):   d: 2
10-11 19:42:42.765: I/ProcessCheckinRequest(2465):   e: true
10-11 19:42:42.765: I/ProcessCheckinRequest(2465):   f: false
10-11 19:42:42.765: I/ProcessCheckinRequest(2465):   g: 420
10-11 19:42:42.765: I/ProcessCheckinRequest(2465):   h: 1080
10-11 19:42:42.765: I/ProcessCheckinRequest(2465):   i: 1794
10-11 19:42:42.765: I/ProcessCheckinRequest(2465):   j: 131072
10-11 19:42:42.765: I/ProcessCheckinRequest(2465):   k: "android.test.runner"
10-11 19:42:42.765: I/ProcessCheckinRequest(2465):   k: "com.android.future.usb.accessory"
10-11 19:42:42.765: I/ProcessCheckinRequest(2465):   k: "com.android.location.provider"
10-11 19:42:42.765: I/ProcessCheckinRequest(2465):   k: "com.android.media.remotedisplay"
10-11 19:42:42.765: I/ProcessCheckinRequest(2465):   k: "com.android.mediadrm.signer"
10-11 19:42:42.765: I/ProcessCheckinRequest(2465):   k: "com.google.android.camera2"
10-11 19:42:42.765: I/ProcessCheckinRequest(2465):   k: "com.google.android.dialer.support"
10-11 19:42:42.765: I/ProcessCheckinRequest(2465):   k: "com.google.android.gms"
10-11 19:42:42.765: I/ProcessCheckinRequest(2465):   k: "com.google.android.maps"
10-11 19:42:42.765: I/ProcessCheckinRequest(2465):   k: "com.google.android.media.effects"
10-11 19:42:42.765: I/ProcessCheckinRequest(2465):   k: "javax.obex"
10-11 19:42:42.765: I/ProcessCheckinRequest(2465):   k: "org.apache.http.legacy"
10-11 19:42:42.765: I/ProcessCheckinRequest(2465):   l: "android.hardware.audio.output"
10-11 19:42:42.765: I/ProcessCheckinRequest(2465):   l: "android.hardware.bluetooth"
10-11 19:42:42.765: I/ProcessCheckinRequest(2465):   l: "android.hardware.bluetooth_le"
10-11 19:42:42.765: I/ProcessCheckinRequest(2465):   l: "android.hardware.camera"
10-11 19:42:42.765: I/ProcessCheckinRequest(2465):   l: "android.hardware.camera.any"
10-11 19:42:42.765: I/ProcessCheckinRequest(2465):   l: "android.hardware.camera.autofocus"
10-11 19:42:42.765: I/ProcessCheckinRequest(2465):   l: "android.hardware.camera.flash"
10-11 19:42:42.765: I/ProcessCheckinRequest(2465):   l: "android.hardware.camera.front"
10-11 19:42:42.765: I/ProcessCheckinRequest(2465):   l: "android.hardware.ethernet"
10-11 19:42:42.765: I/ProcessCheckinRequest(2465):   l: "android.hardware.faketouch"
10-11 19:42:42.765: I/ProcessCheckinRequest(2465):   l: "android.hardware.location"
10-11 19:42:42.765: I/ProcessCheckinRequest(2465):   l: "android.hardware.location.gps"
10-11 19:42:42.765: I/ProcessCheckinRequest(2465):   l: "android.hardware.location.network"
10-11 19:42:42.765: I/ProcessCheckinRequest(2465):   l: "android.hardware.microphone"
10-11 19:42:42.765: I/ProcessCheckinRequest(2465):   l: "android.hardware.screen.landscape"
10-11 19:42:42.765: I/ProcessCheckinRequest(2465):   l: "android.hardware.screen.portrait"
10-11 19:42:42.765: I/ProcessCheckinRequest(2465):   l: "android.hardware.sensor.accelerometer"
10-11 19:42:42.765: I/ProcessCheckinRequest(2465):   l: "android.hardware.sensor.barometer"
10-11 19:42:42.765: I/ProcessCheckinRequest(2465):   l: "android.hardware.sensor.compass"
10-11 19:42:42.765: I/ProcessCheckinRequest(2465):   l: "android.hardware.sensor.light"
10-11 19:42:42.765: I/ProcessCheckinRequest(2465):   l: "android.hardware.sensor.proximity"
10-11 19:42:42.765: I/ProcessCheckinRequest(2465):   l: "android.hardware.telephony"
10-11 19:42:42.765: I/ProcessCheckinRequest(2465):   l: "android.hardware.telephony.gsm"
10-11 19:42:42.765: I/ProcessCheckinRequest(2465):   l: "android.hardware.touchscreen"
10-11 19:42:42.765: I/ProcessCheckinRequest(2465):   l: "android.hardware.usb.accessory"
10-11 19:42:42.765: I/ProcessCheckinRequest(2465):   l: "android.hardware.wifi"
10-11 19:42:42.765: I/ProcessCheckinRequest(2465):   l: "android.software.app_widgets"
10-11 19:42:42.765: I/ProcessCheckinRequest(2465):   l: "android.software.backup"
10-11 19:42:42.765: I/ProcessCheckinRequest(2465):   l: "android.software.connectionservice"
10-11 19:42:42.765: I/ProcessCheckinRequest(2465):   l: "android.software.device_admin"
10-11 19:42:42.765: I/ProcessCheckinRequest(2465):   l: "android.software.home_screen"
10-11 19:42:42.765: I/ProcessCheckinRequest(2465):   l: "android.software.input_methods"
10-11 19:42:42.765: I/ProcessCheckinRequest(2465):   l: "android.software.live_wallpaper"
10-11 19:42:42.765: I/ProcessCheckinRequest(2465):   l: "android.software.managed_users"
10-11 19:42:42.765: I/ProcessCheckinRequest(2465):   l: "android.software.print"
10-11 19:42:42.765: I/ProcessCheckinRequest(2465):   l: "android.software.voice_recognizers"
10-11 19:42:42.765: I/ProcessCheckinRequest(2465):   l: "android.software.webview"
10-11 19:42:42.765: I/ProcessCheckinRequest(2465):   l: "com.google.android.feature.EXCHANGE_6_2"
10-11 19:42:42.765: I/ProcessCheckinRequest(2465):   l: "com.google.android.feature.GOOGLE_BUILD"
10-11 19:42:42.765: I/ProcessCheckinRequest(2465):   l: "com.google.android.feature.GOOGLE_EXPERIENCE"
10-11 19:42:42.765: I/ProcessCheckinRequest(2465):   m <
10-11 19:42:42.765: I/ProcessCheckinRequest(2465):     a: "android.hardware.audio.output"
10-11 19:42:42.765: I/ProcessCheckinRequest(2465):     b: 0
10-11 19:42:42.765: I/ProcessCheckinRequest(2465):   >
10-11 19:42:42.765: I/ProcessCheckinRequest(2465):   m <
10-11 19:42:42.765: I/ProcessCheckinRequest(2465):     a: "android.hardware.bluetooth"
10-11 19:42:42.765: I/ProcessCheckinRequest(2465):     b: 0
10-11 19:42:42.765: I/ProcessCheckinRequest(2465):   >
10-11 19:42:42.765: I/ProcessCheckinRequest(2465):   m <
10-11 19:42:42.765: I/ProcessCheckinRequest(2465):     a: "android.hardware.bluetooth_le"
10-11 19:42:42.765: I/ProcessCheckinRequest(2465):     b: 0
10-11 19:42:42.765: I/ProcessCheckinRequest(2465):   >
10-11 19:42:42.765: I/ProcessCheckinRequest(2465):   m <
10-11 19:42:42.765: I/ProcessCheckinRequest(2465):     a: "android.hardware.camera"
10-11 19:42:42.765: I/ProcessCheckinRequest(2465):     b: 0
10-11 19:42:42.765: I/ProcessCheckinRequest(2465):   >
10-11 19:42:42.765: I/ProcessCheckinRequest(2465):   m <
10-11 19:42:42.765: I/ProcessCheckinRequest(2465):     a: "android.hardware.camera.any"
10-11 19:42:42.765: I/ProcessCheckinRequest(2465):     b: 0
10-11 19:42:42.765: I/ProcessCheckinRequest(2465):   >
10-11 19:42:42.765: I/ProcessCheckinRequest(2465):   m <
10-11 19:42:42.765: I/ProcessCheckinRequest(2465):     a: "android.hardware.camera.autofocus"
10-11 19:42:42.765: I/ProcessCheckinRequest(2465):     b: 0
10-11 19:42:42.765: I/ProcessCheckinRequest(2465):   >
10-11 19:42:42.765: I/ProcessCheckinRequest(2465):   m <
10-11 19:42:42.765: I/ProcessCheckinRequest(2465):     a: "android.hardware.camera.flash"
10-11 19:42:42.765: I/ProcessCheckinRequest(2465):     b: 0
10-11 19:42:42.765: I/ProcessCheckinRequest(2465):   >
10-11 19:42:42.765: I/ProcessCheckinRequest(2465):   m <
10-11 19:42:42.765: I/ProcessCheckinRequest(2465):     a: "android.hardware.camera.front"
10-11 19:42:42.765: I/ProcessCheckinRequest(2465):     b: 0
10-11 19:42:42.765: I/ProcessCheckinRequest(2465):   >
10-11 19:42:42.765: I/ProcessCheckinRequest(2465):   m <
10-11 19:42:42.765: I/ProcessCheckinRequest(2465):     a: "android.hardware.ethernet"
10-11 19:42:42.765: I/ProcessCheckinRequest(2465):     b: 0
10-11 19:42:42.765: I/ProcessCheckinRequest(2465):   >
10-11 19:42:42.765: I/ProcessCheckinRequest(2465):   m <
10-11 19:42:42.765: I/ProcessCheckinRequest(2465):     a: "android.hardware.faketouch"
10-11 19:42:42.765: I/ProcessCheckinRequest(2465):     b: 0
10-11 19:42:42.765: I/ProcessCheckinRequest(2465):   >
10-11 19:42:42.765: I/ProcessCheckinRequest(2465):   m <
10-11 19:42:42.765: I/ProcessCheckinRequest(2465):     a: "android.hardware.location"
10-11 19:42:42.765: I/ProcessCheckinRequest(2465):     b: 0
10-11 19:42:42.765: I/ProcessCheckinRequest(2465):   >
10-11 19:42:42.765: I/ProcessCheckinRequest(2465):   m <
10-11 19:42:42.765: I/ProcessCheckinRequest(2465):     a: "android.hardware.location.gps"
10-11 19:42:42.765: I/ProcessCheckinRequest(2465):     b: 0
10-11 19:42:42.765: I/ProcessCheckinRequest(2465):   >
10-11 19:42:42.765: I/ProcessCheckinRequest(2465):   m <
10-11 19:42:42.765: I/ProcessCheckinRequest(2465):     a: "android.hardware.location.network"
10-11 19:42:42.765: I/ProcessCheckinRequest(2465):     b: 0
10-11 19:42:42.765: I/ProcessCheckinRequest(2465):   >
10-11 19:42:42.765: I/ProcessCheckinRequest(2465):   m <
10-11 19:42:42.765: I/ProcessCheckinRequest(2465):     a: "android.hardware.microphone"
10-11 19:42:42.765: I/ProcessCheckinRequest(2465):     b: 0
10-11 19:42:42.765: I/ProcessCheckinRequest(2465):   >
10-11 19:42:42.765: I/ProcessCheckinRequest(2465):   m <
10-11 19:42:42.765: I/ProcessCheckinRequest(2465):     a
10-11 19:42:42.827: I/PackageManager.DexOptimizer(1719): Running dexopt (dex2oat) on: /data/app/vmdl1420560827.tmp/base.apk pkg=org.runnerup isa=x86 vmSafeMode=false debuggable=false oatDir = /data/app/vmdl1420560827.tmp/oat bootComplete=true
10-11 19:42:42.843: I/dex2oat(6182): Starting dex2oat.
10-11 19:42:42.843: E/cutils-trace(6182): Error opening trace file: Permission denied (13)
10-11 19:42:42.875: W/Auth(2346): [GetToken] GetToken failed with status code: INVALID_SCOPE
10-11 19:42:42.875: E/HeterodyneSyncer(2346): Failed to get auth token: INVALID_SCOPE
10-11 19:42:42.875: E/HeterodyneSyncer(2346): dzf: INVALID_SCOPE
10-11 19:42:42.875: E/HeterodyneSyncer(2346): 	at dzj.a(:com.google.android.gms@11519470:16)
10-11 19:42:42.875: E/HeterodyneSyncer(2346): 	at dzi.a(:com.google.android.gms@11519470:2)
10-11 19:42:42.875: E/HeterodyneSyncer(2346): 	at dzi.e(:com.google.android.gms@11519470:6)
10-11 19:42:42.875: E/HeterodyneSyncer(2346): 	at dzg.f(:com.google.android.gms@11519470:3)
10-11 19:42:42.875: E/HeterodyneSyncer(2346): 	at dzg.a(:com.google.android.gms@11519470:4)
10-11 19:42:42.875: E/HeterodyneSyncer(2346): 	at dzg.a(:com.google.android.gms@11519470:7)
10-11 19:42:42.875: E/HeterodyneSyncer(2346): 	at aazh.a(:com.google.android.gms@11519470:30)
10-11 19:42:42.875: E/HeterodyneSyncer(2346): 	at aazj.a(:com.google.android.gms@11519470:27)
10-11 19:42:42.875: E/HeterodyneSyncer(2346): 	at aazj.a(:com.google.android.gms@11519470:158)
10-11 19:42:42.875: E/HeterodyneSyncer(2346): 	at aazj.a(:com.google.android.gms@11519470:284)
10-11 19:42:42.875: E/HeterodyneSyncer(2346): 	at com.google.android.gms.phenotype.sync.HeterodyneSyncTaskChimeraService.a(:com.google.android.gms@11519470:40)
10-11 19:42:42.875: E/HeterodyneSyncer(2346): 	at com.google.android.gms.phenotype.sync.HeterodyneSyncTaskChimeraService.a(:com.google.android.gms@11519470:19)
10-11 19:42:42.875: E/HeterodyneSyncer(2346): 	at ssv.run(:com.google.android.gms@11519470:1)
10-11 19:42:42.875: E/HeterodyneSyncer(2346): 	at java.util.concurrent.ThreadPoolExecutor.runWorker(ThreadPoolExecutor.java:1113)
10-11 19:42:42.875: E/HeterodyneSyncer(2346): 	at java.util.concurrent.ThreadPoolExecutor$Worker.run(ThreadPoolExecutor.java:588)
10-11 19:42:42.875: E/HeterodyneSyncer(2346): 	at java.lang.Thread.run(Thread.java:818)
10-11 19:42:42.893: W/HeterodyneSyncer(2346): Server returned 401... invalidating auth token
10-11 19:42:42.929: I/NetRec(2346): [446] ConfigChangedIntentOperation.onHandleIntent: Handling a Phenotype update
10-11 19:42:42.929: I/NetRec(2346): [446] yjf.b: onConfigChanged()
10-11 19:42:42.947: I/NetRec(2346): [446] yjf.b: Cancelling all NetRec GCM tasks
10-11 19:42:42.950: I/NetRec(2346): [454] ClearDatabaseService.onHandleIntent: Clearing score cache
10-11 19:42:42.957: I/CheckinResponseProcess(2465): From server: 1481 gservices [full]
10-11 19:42:42.978: I/PTCommittedOperation(2346): Receive new configuration for com.google.android.gms.people
10-11 19:42:42.980: W/OcrModelUpStIntentOp(2465): Invalid action: com.google.android.gms.phenotype.COMMITTED
10-11 19:42:43.061: I/NetRec(2346): [454] ConfigChangedIntentOperation.onHandleIntent: Handling a Phenotype update
10-11 19:42:43.061: I/NetRec(2346): [454] yjf.b: onConfigChanged()
10-11 19:42:43.069: I/NetRec(2346): [454] yjf.b: Cancelling all NetRec GCM tasks
10-11 19:42:43.078: I/NetRec(2346): [446] ClearDatabaseService.onHandleIntent: Clearing score cache
10-11 19:42:43.084: W/OcrModelUpStIntentOp(2465): Invalid action: com.google.android.gms.phenotype.COMMITTED
10-11 19:42:43.087: I/PTCommittedOperation(2346): Receive new configuration for com.google.android.gms.devicedoctor
10-11 19:42:43.087: I/PTCommittedOperation(2346): Running Fixer Framework for com.google.android.gms.devicedoctor
10-11 19:42:43.096: I/NetRec(2346): [447] ConfigChangedIntentOperation.onHandleIntent: Handling a Phenotype update
10-11 19:42:43.096: I/NetRec(2346): [447] yjf.b: onConfigChanged()
10-11 19:42:43.102: I/GservicesProvider(2329): main update completed
10-11 19:42:43.110: I/Telecom(1719): PhoneAccountRegistrar: SimCallManager queried, returning: null
10-11 19:42:43.113: I/Babel_telephony(3260): TeleModule.updateConnectionManagerRegistration, registration preference changed from false to false
10-11 19:42:43.113: W/Babel(3260): BAM#gBA: invalid account id: -1
10-11 19:42:43.113: W/Babel(3260): BAM#gBA: invalid account id: -1
10-11 19:42:43.113: I/Babel_telephony(3260): TeleModule.updateIncomingCallRegistration, preferred account for incoming calls changed from: null to null
10-11 19:42:43.122: I/CheckinRequestBuilder(2465): Checkin reason type: 4 attempt count: 1
10-11 19:42:43.127: E/ActivityThread(2465): Failed to find provider info for com.google.android.wearable.settings
10-11 19:42:43.134: I/NetRec(2346): [447] yjf.b: Cancelling all NetRec GCM tasks
10-11 19:42:43.140: I/NetRec(2346): [447] ConfigChangedIntentOperation.onHandleIntent: Handling a Phenotype update
10-11 19:42:43.140: I/NetRec(2346): [447] yjf.b: onConfigChanged()
10-11 19:42:43.143: I/NetRec(2346): [447] yjf.b: Cancelling all NetRec GCM tasks
10-11 19:42:43.154: I/NetRec(2346): [447] ClearDatabaseService.onHandleIntent: Clearing score cache
10-11 19:42:43.161: I/NetRec(2346): [447] ClearDatabaseService.onHandleIntent: Clearing score cache
10-11 19:42:43.203: I/ActivityManager(1719): Start proc 6186:com.google.android.configupdater/u0a4 for broadcast com.google.android.configupdater/.CertPin.CertPinUpdateRequestReceiver
10-11 19:42:43.205: I/PTCommittedOperation(2346): Receive new configuration for com.google.android.gms.icing
10-11 19:42:43.284: W/ConfigurationChimeraProvider(2346): Got null configs for com.google.android.gms.nearby
10-11 19:42:43.316: W/System(6186): ClassLoader referenced unknown path: /system/priv-app/ConfigUpdater/lib/x86
10-11 19:42:43.339: E/ConfigUpdater(6186): Received malformed URL while handling Gservices.CHANGED_ACTION intent_firewall: null null
10-11 19:42:43.341: I/NetRec(2346): [448] ConfigChangedIntentOperation.onHandleIntent: Handling a Phenotype update
10-11 19:42:43.341: I/NetRec(2346): [448] yjf.b: onConfigChanged()
10-11 19:42:43.345: W/OcrModelUpStIntentOp(2465): Invalid action: com.google.android.gms.phenotype.COMMITTED
10-11 19:42:43.355: E/ConfigUpdater(6186): Received malformed URL while handling Gservices.CHANGED_ACTION apn_db: null null
10-11 19:42:43.363: E/ConfigUpdater(6186): Received malformed URL while handling Gservices.CHANGED_ACTION tzdata: null null
10-11 19:42:43.365: I/NetRec(2346): [448] yjf.b: Cancelling all NetRec GCM tasks
10-11 19:42:43.366: E/ConfigUpdater(6186): Received malformed URL while handling Gservices.CHANGED_ACTION selinux: null null
10-11 19:42:43.366: I/NetRec(2346): [453] ClearDatabaseService.onHandleIntent: Clearing score cache
10-11 19:42:43.368: E/ConfigUpdater(6186): Received malformed URL while handling Gservices.CHANGED_ACTION carrier_provisioning_urls: null null
10-11 19:42:43.378: I/ActivityManager(1719): Start proc 6216:com.google.android.apps.gcs/u0a9 for broadcast com.google.android.apps.gcs/.receiver.GservicesChangedReceiver
10-11 19:42:43.379: W/dex2oat(6182): Before Android 4.1, method int android.support.v7.widget.ListViewCompat.lookForSelectablePosition(int, boolean) would have incorrectly overridden the package-private method in android.widget.ListView
10-11 19:42:43.379: I/ActivityManager(1719): Killing 4807:com.google.android.partnersetup/u0a16 (adj 15): empty #17
10-11 19:42:43.383: I/HeterodyneSyncScheduler(2346): Scheduling adaptive one off task with window [14400, 604800] in seconds
10-11 19:42:43.436: D/ActivityManager(1719): cleanUpApplicationRecord -- 4807
10-11 19:42:43.462: W/Auth(2346): [GetToken] GetToken failed with status code: INVALID_SCOPE
10-11 19:42:43.464: E/CheckinRequestBuilder(2465): Unrecoverable authentication exception: INVALID_SCOPE
10-11 19:42:43.464: E/CheckinRequestBuilder(2465): dzf: INVALID_SCOPE
10-11 19:42:43.464: E/CheckinRequestBuilder(2465): 	at dzj.a(:com.google.android.gms@11519470:16)
10-11 19:42:43.464: E/CheckinRequestBuilder(2465): 	at dzi.a(:com.google.android.gms@11519470:2)
10-11 19:42:43.464: E/CheckinRequestBuilder(2465): 	at dzi.e(:com.google.android.gms@11519470:6)
10-11 19:42:43.464: E/CheckinRequestBuilder(2465): 	at dzg.f(:com.google.android.gms@11519470:3)
10-11 19:42:43.464: E/CheckinRequestBuilder(2465): 	at dzg.a(:com.google.android.gms@11519470:4)
10-11 19:42:43.464: E/CheckinRequestBuilder(2465): 	at kbi.a(:com.google.android.gms@11519470:203)
10-11 19:42:43.464: E/CheckinRequestBuilder(2465): 	at kci.a(:com.google.android.gms@11519470:17)
10-11 19:42:43.464: E/CheckinRequestBuilder(2465): 	at kci.a(:com.google.android.gms@11519470:181)
10-11 19:42:43.464: E/CheckinRequestBuilder(2465): 	at com.google.android.gms.checkin.CheckinChimeraService.a(:com.google.android.gms@11519470:148)
10-11 19:42:43.464: E/CheckinRequestBuilder(2465): 	at kbe.run(:com.google.android.gms@11519470:2)
10-11 19:42:43.464: E/CheckinRequestBuilder(2465): 	at mmo.run(:com.google.android.gms@11519470:25)
10-11 19:42:43.464: E/CheckinRequestBuilder(2465): 	at java.util.concurrent.ThreadPoolExecutor.runWorker(ThreadPoolExecutor.java:1113)
10-11 19:42:43.464: E/CheckinRequestBuilder(2465): 	at java.util.concurrent.ThreadPoolExecutor$Worker.run(ThreadPoolExecutor.java:588)
10-11 19:42:43.464: E/CheckinRequestBuilder(2465): 	at mrv.run(:com.google.android.gms@11519470)
10-11 19:42:43.464: E/CheckinRequestBuilder(2465): 	at java.lang.Thread.run(Thread.java:818)
10-11 19:42:43.478: W/dex2oat(6182): Before Android 4.1, method android.graphics.PorterDuffColorFilter android.support.graphics.drawable.VectorDrawableCompat.updateTintFilter(android.graphics.PorterDuffColorFilter, android.content.res.ColorStateList, android.graphics.PorterDuff$Mode) would have incorrectly overridden the package-private method in android.graphics.drawable.Drawable
10-11 19:42:43.479: I/CheckinUtil(2465): Classify the device as Phone.
10-11 19:42:43.518: I/NetRec(2346): [448] ConfigChangedIntentOperation.onHandleIntent: Handling a Phenotype update
10-11 19:42:43.518: I/NetRec(2346): [448] yjf.b: onConfigChanged()
10-11 19:42:43.523: I/NetRec(2346): [448] yjf.b: Cancelling all NetRec GCM tasks
10-11 19:42:43.524: I/NetRec(2346): [454] ClearDatabaseService.onHandleIntent: Clearing score cache
10-11 19:42:43.536: W/System(6216): ClassLoader referenced unknown path: /system/priv-app/GCS/lib/x86
10-11 19:42:43.548: I/NetRec(2346): [448] ConfigChangedIntentOperation.onHandleIntent: Handling a Phenotype update
10-11 19:42:43.548: I/NetRec(2346): [448] yjf.b: onConfigChanged()
10-11 19:42:43.552: I/NetRec(2346): [453] ClearDatabaseService.onHandleIntent: Clearing score cache
10-11 19:42:43.563: I/NetRec(2346): [448] yjf.b: Cancelling all NetRec GCM tasks
10-11 19:42:43.583: W/ClientExperimentManager(6216): [1] d.a: com.google.android.apps.gcs does not have permission com.google.android.apps.gcs.WRITE_EXPERIMENTS; disabling overrides
10-11 19:42:43.608: W/InstanceID/Rpc(6216): Found 10010
10-11 19:42:43.493: I/remoter(1330): type=1400 audit(0.0:179): avc: denied { create } for name="__pmv__-0084.jpg" scontext=u:r:gcelogwrapper:s0 tcontext=u:object_r:system_data_file:s0 tclass=file permissive=1
10-11 19:42:43.493: I/remoter(1330): type=1400 audit(0.0:180): avc: denied { write open } for path="/data/screenshots/__pmv__-0084.jpg" dev="loop6" ino=172117 scontext=u:r:gcelogwrapper:s0 tcontext=u:object_r:system_data_file:s0 tclass=file permissive=1
10-11 19:42:43.650: I/ActivityManager(1719): Start proc 6243:com.google.android.partnersetup/u0a16 for broadcast com.google.android.partnersetup/.GservicesChangedReceiver
10-11 19:42:43.651: I/ActivityManager(1719): Killing 5643:com.android.chrome/u0a36 (adj 15): empty #17
10-11 19:42:43.651: E/ProcessCheckinRequest(2465): CheckinNowTaskTag : Checkin Succeeded: https://android.clients.google.com/checkin (request #1): 
10-11 19:42:43.658: I/Remoter(1330): Saved screenshot to '/data/screenshots/__pmv__-0084.jpg'
10-11 19:42:43.653: I/remoter(1330): type=1400 audit(0.0:181): avc: denied { setattr } for name="__pmv__-0084.jpg" dev="loop6" ino=172117 scontext=u:r:gcelogwrapper:s0 tcontext=u:object_r:system_data_file:s0 tclass=file permissive=1
10-11 19:42:43.696: D/ActivityManager(1719): cleanUpApplicationRecord -- 5643
10-11 19:42:43.699: I/NetRec(2346): [448] ConfigChangedIntentOperation.onHandleIntent: Handling a Phenotype update
10-11 19:42:43.699: I/NetRec(2346): [448] yjf.b: onConfigChanged()
10-11 19:42:43.705: I/NetRec(2346): [454] ClearDatabaseService.onHandleIntent: Clearing score cache
10-11 19:42:43.705: I/NetRec(2346): [448] yjf.b: Cancelling all NetRec GCM tasks
10-11 19:42:43.727: I/NetRec(2346): [446] ConfigChangedIntentOperation.onHandleIntent: Handling a Phenotype update
10-11 19:42:43.727: I/NetRec(2346): [446] yjf.b: onConfigChanged()
10-11 19:42:43.732: I/NetRec(2346): [446] yjf.b: Cancelling all NetRec GCM tasks
10-11 19:42:43.734: I/NetRec(2346): [454] ClearDatabaseService.onHandleIntent: Clearing score cache
10-11 19:42:43.746: W/System(6243): ClassLoader referenced unknown path: /system/priv-app/GooglePartnerSetup/lib/x86
10-11 19:42:43.762: I/NetRec(2346): [446] ConfigChangedIntentOperation.onHandleIntent: Handling a Phenotype update
10-11 19:42:43.762: I/NetRec(2346): [446] yjf.b: onConfigChanged()
10-11 19:42:43.784: I/GservicesUpdateTask(4885): Updating Gservices keys
10-11 19:42:43.815: I/NetRec(2346): [446] yjf.b: Cancelling all NetRec GCM tasks
10-11 19:42:43.832: I/NetRec(2346): [453] ClearDatabaseService.onHandleIntent: Clearing score cache
10-11 19:42:43.832: I/GeofencerStateMachine(2346): sendQueryLocationOptIn
10-11 19:42:43.832: I/GeofencerStateMachine(2346): sendQueryLocationOptIn
10-11 19:42:43.833: I/GeofencerStateMachine(2346): Network location disabled.
10-11 19:42:43.837: E/ChimeraProxyRslvr(2465): Failed to instantiate com.google.android.gms.checkin.CheckinChimeraService$Receiver: java.lang.ClassNotFoundException: Didn't find class "com.google.android.gms.checkin.CheckinChimeraService$Receiver" on path: DexPathList[[zip file "/system/framework/com.android.location.provider.jar", zip file "/system/framework/com.android.media.remotedisplay.jar", zip file "/data/app/com.google.android.gms-1/base.apk"],nativeLibraryDirectories=[/data/app/com.google.android.gms-1/lib/x86, /data/app/com.google.android.gms-1/base.apk!/lib/x86, /vendor/lib, /system/lib]]
10-11 19:42:43.837: E/ChimeraRcvrProxy(2465): com.google.android.gms.checkin.CheckinServiceReceiver dropping broadcast com.google.gservices.intent.action.GSERVICES_CHANGED
10-11 19:42:43.854: I/GeofencerStateMachine(2346): sendQueryLocationOptIn
10-11 19:42:43.865: I/GeofencerStateMachine(2346): sendQueryLocationOptIn
10-11 19:42:43.866: I/GeofencerStateMachine(2346): sendQueryLocationOptIn
10-11 19:42:43.872: I/GeofencerStateMachine(2346): sendQueryLocationOptIn
10-11 19:42:43.882: I/GeofencerStateMachine(2346): sendQueryLocationOptIn
10-11 19:42:43.937: I/NetRec(2346): [446] ConfigChangedIntentOperation.onHandleIntent: Handling a Phenotype update
10-11 19:42:43.937: I/NetRec(2346): [446] yjf.b: onConfigChanged()
10-11 19:42:43.939: I/ActivityManager(1719): Killing 5525:com.google.process.gapps/u0a43 (adj 15): empty #17
10-11 19:42:44.008: D/ActivityManager(1719): cleanUpApplicationRecord -- 5525
10-11 19:42:44.009: I/NetRec(2346): [446] yjf.b: Cancelling all NetRec GCM tasks
10-11 19:42:44.035: V/EmulatedCamera_Factory(1347): getCameraInfo: id = 0
10-11 19:42:44.035: V/EmulatedCamera_Camera(1347): getCameraInfo
10-11 19:42:44.035: V/EmulatedCamera_BaseCamera(1347): getCameraInfo
10-11 19:42:44.036: I/OcrModelUpStIntentOp(2465): Updating ocr activity enabled=true (phenotypeFlag=true, lowRamDevice=false, prereqCheck=true)
10-11 19:42:44.050: I/NetRec(2346): [446] ConfigChangedIntentOperation.onHandleIntent: Handling a Phenotype update
10-11 19:42:44.050: I/NetRec(2346): [446] yjf.b: onConfigChanged()
10-11 19:42:44.058: I/NetRec(2346): [446] yjf.b: Cancelling all NetRec GCM tasks
10-11 19:42:44.083: I/NetRec(2346): [446] ConfigChangedIntentOperation.onHandleIntent: Handling a Phenotype update
10-11 19:42:44.083: I/NetRec(2346): [446] yjf.b: onConfigChanged()
10-11 19:42:44.103: I/NetRec(2346): [446] yjf.b: Cancelling all NetRec GCM tasks
10-11 19:42:44.104: I/NetRec(2346): [454] ClearDatabaseService.onHandleIntent: Clearing score cache
10-11 19:42:44.107: E/ConfigFileUtils(2465): Failed to read config file: /data/data/com.google.android.gms/app_chimera/current_modulesets.pb: open failed: ENOENT (No such file or directory)
10-11 19:42:44.114: I/NetRec(2346): [453] ClearDatabaseService.onHandleIntent: Clearing score cache
10-11 19:42:44.115: I/NetRec(2346): [453] ConfigChangedIntentOperation.onHandleIntent: Handling a Phenotype update
10-11 19:42:44.115: I/NetRec(2346): [453] yjf.b: onConfigChanged()
10-11 19:42:44.116: W/ConfigurationChimeraProvider(2346): Got null configs for com.google.android.gms.chromesync
10-11 19:42:44.118: I/NetRec(2346): [453] yjf.b: Cancelling all NetRec GCM tasks
10-11 19:42:44.120: I/GCoreUlr(2346): Starting service, intent=Intent { act=com.google.android.location.reporting.ACTION_UPDATE_WORLD cmp=com.google.android.gms/com.google.android.location.reporting.service.DispatchingService (has extras) }, extras=Bundle[{receiverAction=com.google.gservices.intent.action.GSERVICES_CHANGED}]
10-11 19:42:44.122: I/NetRec(2346): [448] ConfigChangedIntentOperation.onHandleIntent: Handling an overridden GServices change
10-11 19:42:44.122: I/NetRec(2346): [448] yjf.b: onConfigChanged()
10-11 19:42:44.126: I/NetRec(2346): [448] yjf.b: Cancelling all NetRec GCM tasks
10-11 19:42:44.134: I/NetRec(2346): [472] ClearDatabaseService.onHandleIntent: Clearing score cache
10-11 19:42:44.137: W/ActivityManager(1719): Unable to start service Intent { cmp=com.google.android.gms/.analytics.service.RefreshEnabledStateService } U=0: not found
10-11 19:42:44.151: I/NetRec(2346): [472] ClearDatabaseService.onHandleIntent: Clearing score cache
10-11 19:42:44.156: I/OcrModelUpStIntentOp(2465): Downloading text recognizer
10-11 19:42:44.182: I/GCM(2346): Ack for not saved message 3
10-11 19:42:44.182: I/GCM(2346): Ack for not saved message 4
10-11 19:42:44.208: W/ConfigurationChimeraProvider(2346): Got null configs for com.google.android.gms.ads
