10-11 19:42:27.177: D/ICU(5219): No timezone override file found: /data/misc/zoneinfo/current/icu/icu_tzdata.dat
10-11 19:42:27.177: D/ICU(5219): [ 10-11 19:42:27.182  5219: 5219 W/         ]
10-11 19:42:27.177: D/ICU(5219): Failed to bind-mount /system/lib/x86/cpuinfo as /proc/cpuinfo: No such file or directory
10-11 19:42:27.188: E/memtrack(5219): Couldn't load memtrack module (No such file or directory)
10-11 19:42:27.188: E/android.os.Debug(5219): failed to load memtrack module: -2
10-11 19:42:27.189: I/Radio-JNI(5219): register_android_hardware_Radio DONE
10-11 19:42:27.196: D/AndroidRuntime(5219): Calling main entry com.android.commands.pm.Pm
10-11 19:42:27.199: D/DefContainer(4789): Copying /data/local/tmp/com.google.android.apps.mtaas.stubapp.apk to base.apk
10-11 19:42:27.200: I/PackageParser(1719): com.google.android.apps.mtaas.stubapp: compat added android.permission.WRITE_EXTERNAL_STORAGE android.permission.READ_PHONE_STATE
10-11 19:42:27.205: I/PackageManager.DexOptimizer(1719): Running dexopt (dex2oat) on: /data/app/vmdl1465739752.tmp/base.apk pkg=com.google.android.apps.mtaas.stubapp isa=x86 vmSafeMode=false debuggable=false oatDir = /data/app/vmdl1465739752.tmp/oat bootComplete=true
10-11 19:42:27.213: I/dex2oat(5227): Starting dex2oat.
10-11 19:42:27.213: E/cutils-trace(5227): Error opening trace file: Permission denied (13)
10-11 19:42:27.217: I/dex2oat(5227): dex2oat took 4.677ms (threads: 2) arena alloc=6KB java alloc=16KB native alloc=795KB free=740KB
10-11 19:42:27.240: V/BackupManagerService(1719): restoreAtInstall pkg=com.google.android.apps.mtaas.stubapp token=8 restoreSet=0
10-11 19:42:27.240: V/BackupManagerService(1719): Finishing install immediately
10-11 19:42:27.243: W/Settings(1719): Setting install_non_market_apps has moved from android.provider.Settings.Global to android.provider.Settings.Secure, returning read-only value.
10-11 19:42:27.243: I/art(1719): Starting a blocking GC Explicit
10-11 19:42:27.257: I/art(1719): Explicit concurrent mark sweep GC freed 38075(2MB) AllocSpace objects, 7(140KB) LOS objects, 33% free, 19MB/28MB, paused 219us total 14.089ms
10-11 19:42:27.259: I/art(5219): System.exit called, status: 0
10-11 19:42:27.259: I/AndroidRuntime(5219): VM exiting with result code 0.
10-11 19:42:27.262: D/BluetoothMapAppObserver(2666): onReceive
10-11 19:42:27.262: D/BluetoothMapAppObserver(2666): The installed package is: com.google.android.apps.mtaas.stubapp
10-11 19:42:27.262: D/BluetoothMapAppObserver(2666): Found 0 application(s) with intent android.bluetooth.action.BLUETOOTH_MAP_PROVIDER
10-11 19:42:27.262: D/BluetoothMapAppObserver(2666): Found 0 application(s) with intent android.bluetooth.action.BLUETOOTH_MAP_IM_PROVIDER
10-11 19:42:27.263: I/InputReader(1719): Reconfiguring input devices.  changes=0x00000010
10-11 19:42:27.264: D/CarrierServiceBindHelper(2064): Receive action: android.intent.action.PACKAGE_ADDED
10-11 19:42:27.265: D/CarrierServiceBindHelper(2064): mHandler: 3
10-11 19:42:27.265: D/CarrierConfigLoader(2064): mHandler: 9 phoneId: 0
10-11 19:42:27.275: D/Finsky(4847): [1] ExternalReferrer.access$200: Package state data is missing for com.google.android.apps.mtaas.stubapp
10-11 19:42:27.279: I/UpdateIcingCorporaServi(4885): Updating corpora: APPS=com.google.android.apps.mtaas.stubapp, CONTACTS=MAYBE
10-11 19:42:27.288: I/UpdateIcingCorporaServi(4885): UpdateCorporaTask done [took 9 ms] updated apps [took 9 ms] 
10-11 19:42:27.302: I/FontsPackageChangeOp(2465): Package com.google.android.apps.mtaas.stubapp has no metadata
10-11 19:42:27.304: I/Icing(2465): IndexChimeraService.getServiceInterface callingPackage=com.google.android.gms componentName=AppsCorpus serviceId=32
10-11 19:42:27.304: I/Icing(2465): IndexChimeraService.getServiceInterface callingPackage=com.google.android.gms componentName=AppsCorpus serviceId=36
10-11 19:42:27.313: D/Wear_Controller(2465): Received broadcast action=android.intent.action.PACKAGE_ADDED and uri=com.google.android.apps.mtaas.stubapp
10-11 19:42:27.318: I/Icing(2465): Usage reports 0 indexed 0 rejected 0 imm upload false
10-11 19:42:27.321: I/Icing(2465): Usage reports 0 indexed 0 rejected 0 imm upload false
10-11 19:42:27.390: I/Remoter(1330): Saved screenshot to '/data/screenshots/__pmv__-0070.jpg'
10-11 19:42:27.516: D/AndroidRuntime(5243): >>>>>> START com.android.internal.os.RuntimeInit uid 0 <<<<<<
10-11 19:42:27.517: D/AndroidRuntime(5243): CheckJNI is OFF
10-11 19:42:27.529: D/ICU(5243): No timezone override file found: /data/misc/zoneinfo/current/icu/icu_tzdata.dat
10-11 19:42:27.529: D/ICU(5243): [ 10-11 19:42:27.532  5243: 5243 W/         ]
10-11 19:42:27.529: D/ICU(5243): Failed to bind-mount /system/lib/x86/cpuinfo as /proc/cpuinfo: No such file or directory
10-11 19:42:27.539: E/memtrack(5243): Couldn't load memtrack module (No such file or directory)
10-11 19:42:27.539: E/android.os.Debug(5243): failed to load memtrack module: -2
10-11 19:42:27.540: I/Radio-JNI(5243): register_android_hardware_Radio DONE
10-11 19:42:27.546: D/AndroidRuntime(5243): Calling main entry com.android.commands.input.Input
10-11 19:42:27.546: I/Input(5243): injectKeyEvent: KeyEvent { action=ACTION_DOWN, keyCode=KEYCODE_MENU, scanCode=0, metaState=0, flags=0x0, repeatCount=0, eventTime=26919723, downTime=26919723, deviceId=-1, source=0x101 }
10-11 19:42:27.548: I/Input(5243): injectKeyEvent: KeyEvent { action=ACTION_UP, keyCode=KEYCODE_MENU, scanCode=0, metaState=0, flags=0x0, repeatCount=0, eventTime=26919723, downTime=26919723, deviceId=-1, source=0x101 }
10-11 19:42:27.550: D/AndroidRuntime(5243): Shutting down VM
10-11 19:42:27.584: W/AudioTrack(1806): AUDIO_OUTPUT_FLAG_FAST denied by client; transfer 4, track 44100 Hz, output 48000 Hz
10-11 19:42:27.604: D/PhoneStatusBar(1806): disable: < expand icons* alerts system_info* back HOME RECENT clock SEARCH quick_settings >
10-11 19:42:27.620: I/ActivityManager(1719): Start proc 5253:com.google.android.apps.fitness/u0a40 for broadcast com.google.android.apps.fitness/.widget.TodayStatusWidgetProvider
10-11 19:42:27.643: I/Binder_D(1719): type=1400 audit(0.0:146): avc: denied { ioctl } for path="socket:[80466]" dev="sockfs" ino=80466 ioctlcmd=7704 scontext=u:r:system_server:s0 tcontext=u:r:system_server:s0 tclass=unix_stream_socket permissive=1
10-11 19:42:27.654: D/AudioFlinger(1347): mixer(0xb4400000) throttle end: throttle time(11)
10-11 19:42:27.745: I/Icing(2465): Indexing 204CE89B405466DFDE20CC795393B566DAAC1583 from com.google.android.gms
10-11 19:42:27.745: I/Icing(2465): Indexing done 204CE89B405466DFDE20CC795393B566DAAC1583
10-11 19:42:27.746: D/PhoneStatusBar(1806): disable: < expand icons alerts system_info back HOME RECENT clock SEARCH quick_settings >
10-11 19:42:27.643: I/Binder_D(1719): type=1400 audit(0.0:147): avc: denied { ioctl } for path="socket:[80466]" dev="sockfs" ino=80466 ioctlcmd=7704 scontext=u:r:system_server:s0 tcontext=u:r:system_server:s0 tclass=unix_stream_socket permissive=1
10-11 19:42:27.643: I/Binder_7(1719): type=1400 audit(0.0:148): avc: denied { ioctl } for path="socket:[80465]" dev="sockfs" ino=80465 ioctlcmd=7704 scontext=u:r:system_server:s0 tcontext=u:r:system_server:s0 tclass=unix_stream_socket permissive=1
10-11 19:42:27.643: I/Binder_7(1719): type=1400 audit(0.0:149): avc: denied { ioctl } for path="socket:[80465]" dev="sockfs" ino=80465 ioctlcmd=7704 scontext=u:r:system_server:s0 tcontext=u:r:system_server:s0 tclass=unix_stream_socket permissive=1
10-11 19:42:27.886: W/System(5253): ClassLoader referenced unknown path: /system/app/FitnessPrebuilt/lib/x86
10-11 19:42:28.085: I/Authzen(2465): [DeviceStateSyncManager] Device state updated successfully
10-11 19:42:28.174: I/CastDatabase(2465): Opening the database
10-11 19:42:28.254: I/SQLiteCastDBHelper(2465): Creating cast database
10-11 19:42:28.323: I/Icing(2465): Indexing 204CE89B405466DFDE20CC795393B566DAAC1583 from com.google.android.gms
10-11 19:42:28.350: I/SQLiteCastStore(2465): 0 CastNetworkInfo instances loaded, 0 CastDeviceInfo instances loaded, 0 paired guest mode devices loaded.
10-11 19:42:28.395: I/Icing(2465): Indexing done 204CE89B405466DFDE20CC795393B566DAAC1583
10-11 19:42:28.572: I/Remoter(1330): Saved screenshot to '/data/screenshots/__pmv__-0071.jpg'
10-11 19:42:28.652: I/GceGrallocRegionRegistry(1338): Mapped gralloc-1338.24 hnd=0xb1e77200 fd=16 base=0xb2df6000 format=RGBA_8888(0x1) width=1080 height=126
10-11 19:42:28.652: I/GceGrallocRegionRegistry(1338): Mapped gralloc-1338.25 hnd=0xb1e77500 fd=21 base=0xb2d6c000 format=RGBA_8888(0x1) width=1080 height=126
10-11 19:42:28.652: I/GceGrallocRegionRegistry(1338): Mapped gralloc-1338.26 hnd=0xb1e77540 fd=22 base=0xb2ce2000 format=RGBA_8888(0x1) width=1080 height=126
10-11 19:42:28.652: D/PhoneStatusBar(1806): disable: < expand icons alerts system_info back home* recent* clock search* quick_settings >
10-11 19:42:28.653: I/Choreographer(1806): Skipped 53 frames!  The application may be doing too much work on its main thread.
10-11 19:42:28.657: I/GceGrallocRegionRegistry(1806): Mapped gralloc-1338.26 hnd=0xb3f4af80 fd=54 base=0x9eff7000 format=RGBA_8888(0x1) width=1080 height=126
10-11 19:42:28.786: I/GceGrallocRegionRegistry(1806): Unmapped gralloc-1338.21 hnd=0x9f998ac0 fd=50 base=0x9a0c6000
10-11 19:42:28.787: I/GceGrallocRegionRegistry(1806): Unmapped gralloc-1338.22 hnd=0x9e443c00 fd=49 base=0x998cc000
10-11 19:42:28.787: I/GceGrallocRegionRegistry(1806): Unmapped gralloc-1338.23 hnd=0x9e443680 fd=51 base=0x990d2000
10-11 19:42:28.787: I/GceGrallocRegionRegistry(1338): Unmapped gralloc-1338.21 hnd=0xb1e77080 fd=26 base=0xb1646000
10-11 19:42:28.794: I/GceGrallocRegionRegistry(1338): Unmapped gralloc-1338.22 hnd=0xb1e771c0 fd=14 base=0xad51e000
10-11 19:42:28.806: I/GceGrallocRegionRegistry(1338): Mapped gralloc-1338.27 hnd=0xb1e77580 fd=14 base=0xb2c9c000 format=RGBA_8888(0x1) width=1080 height=63
10-11 19:42:28.806: I/GceGrallocRegionRegistry(1806): Mapped gralloc-1338.27 hnd=0x9bb60ac0 fd=50 base=0x9efb1000 format=RGBA_8888(0x1) width=1080 height=63
10-11 19:42:28.653: I/RenderThread(1806): type=1400 audit(0.0:150): avc: denied { read } for path=2F6465762F6173686D656D2F6772616C6C6F632D313333382E3236202864656C6574656429 dev="tmpfs" ino=80558 scontext=u:r:platform_app:s0:c512,c768 tcontext=u:object_r:surfaceflinger_tmpfs:s0 tclass=file permissive=1
10-11 19:42:28.844: I/GceGrallocRegionRegistry(1338): Mapped gralloc-1338.28 hnd=0xb1e771c0 fd=26 base=0xb2c56000 format=RGBA_8888(0x1) width=1080 height=63
10-11 19:42:28.853: I/GceGrallocRegionRegistry(1806): Mapped gralloc-1338.28 hnd=0x9d444140 fd=51 base=0x9ef6b000 format=RGBA_8888(0x1) width=1080 height=63
10-11 19:42:28.873: D/AndroidRuntime(5270): >>>>>> START com.android.internal.os.RuntimeInit uid 0 <<<<<<
10-11 19:42:28.876: D/AndroidRuntime(5270): CheckJNI is OFF
10-11 19:42:28.890: I/GceGrallocRegionRegistry(1338): Unmapped gralloc-1338.23 hnd=0xb1e778c0 fd=27 base=0xabd06000
10-11 19:42:28.945: I/CastSocket(2465): 23 >= 18. Adding new CastClientAuthKeyManager.
10-11 19:42:28.991: D/ICU(5270): No timezone override file found: /data/misc/zoneinfo/current/icu/icu_tzdata.dat
10-11 19:42:29.003: I/DiscoveryManager(2465): WifiGuestModeDeviceScanner enabled.
10-11 19:42:29.003: I/DiscoveryManager(2465): [ 10-11 19:42:29.076  5270: 5270 W/         ]
10-11 19:42:29.003: I/DiscoveryManager(2465): Failed to bind-mount /system/lib/x86/cpuinfo as /proc/cpuinfo: No such file or directory
10-11 19:42:29.084: I/MediaRouter(2465): Found default route: MediaRouter.RouteInfo{ uniqueId=android/abd:DEFAULT_ROUTE, name=Phone, description=null, iconUri=null, enabled=true, connecting=false, connectionState=0, canDisconnect=false, playbackType=0, playbackStream=3, deviceType=0, volumeHandling=1, volume=11, volumeMax=15, presentationDisplayId=-1, extras=null, settingsIntent=null, providerPackageName=android }
10-11 19:42:29.091: E/memtrack(5270): Couldn't load memtrack module (No such file or directory)
10-11 19:42:29.091: E/android.os.Debug(5270): failed to load memtrack module: -2
10-11 19:42:29.092: I/Radio-JNI(5270): register_android_hardware_Radio DONE
10-11 19:42:29.121: I/GceGrallocRegionRegistry(1806): Mapped gralloc-1338.25 hnd=0x9cd8ec80 fd=52 base=0x9bd37000 format=RGBA_8888(0x1) width=1080 height=126
10-11 19:42:29.125: I/GceGrallocRegionRegistry(1806): Mapped gralloc-1338.24 hnd=0x9cd8ecc0 fd=55 base=0x9b171000 format=RGBA_8888(0x1) width=1080 height=126
10-11 19:42:29.150: D/AndroidRuntime(5270): Calling main entry com.android.commands.pm.Pm
10-11 19:42:29.153: I/art(5270): System.exit called, status: 0
10-11 19:42:29.153: I/AndroidRuntime(5270): VM exiting with result code 0.
10-11 19:42:29.563: D/AndroidRuntime(5285): >>>>>> START com.android.internal.os.RuntimeInit uid 0 <<<<<<
10-11 19:42:29.565: D/AndroidRuntime(5285): CheckJNI is OFF
10-11 19:42:29.580: D/ICU(5285): No timezone override file found: /data/misc/zoneinfo/current/icu/icu_tzdata.dat
10-11 19:42:29.580: D/ICU(5285): [ 10-11 19:42:29.630  5285: 5285 W/         ]
10-11 19:42:29.580: D/ICU(5285): Failed to bind-mount /system/lib/x86/cpuinfo as /proc/cpuinfo: No such file or directory
10-11 19:42:29.642: E/memtrack(5285): Couldn't load memtrack module (No such file or directory)
10-11 19:42:29.642: E/android.os.Debug(5285): failed to load memtrack module: -2
10-11 19:42:29.644: I/Radio-JNI(5285): register_android_hardware_Radio DONE
10-11 19:42:29.654: D/AndroidRuntime(5285): Calling main entry com.android.commands.am.Am
10-11 19:42:29.656: I/ActivityManager(1719): Force stopping com.google.android.apps.mtaas.tools appid=10076 user=0: start instr
10-11 19:42:29.667: I/ActivityManager(1719): Start proc 5292:com.google.android.apps.mtaas.tools/u0a76 for added application com.google.android.apps.mtaas.tools
10-11 19:42:29.694: I/Remoter(1330): Saved screenshot to '/data/screenshots/__pmv__-0072.jpg'
10-11 19:42:29.742: W/System(5292): ClassLoader referenced unknown path: /data/app/com.google.android.apps.mtaas.tools-1/lib/x86
10-11 19:42:29.742: W/System(5292): ClassLoader referenced unknown path: /data/app/com.google.android.apps.mtaas.tools-1/lib/x86
10-11 19:42:29.745: D/ChangeLocale(5292): Instrumentation completed successfully
10-11 19:42:29.745: D/AndroidRuntime(5285): Shutting down VM
10-11 19:42:29.745: I/ActivityManager(1719): Force stopping com.google.android.apps.mtaas.tools appid=10076 user=0: finished inst
10-11 19:42:29.745: I/ActivityManager(1719): Killing 5292:com.google.android.apps.mtaas.tools/u0a76 (adj 0): stop com.google.android.apps.mtaas.tools
10-11 19:42:29.802: D/ActivityManager(1719): cleanUpApplicationRecord -- 5292
10-11 19:42:29.802: W/ActivityManager(1719): Spurious death for ProcessRecord{edc1f97 0:com.google.android.apps.mtaas.tools/u0a76}, curProc for 5292: null
10-11 19:42:30.222: D/AndroidRuntime(5312): >>>>>> START com.android.internal.os.RuntimeInit uid 0 <<<<<<
10-11 19:42:30.223: D/AndroidRuntime(5312): CheckJNI is OFF
10-11 19:42:30.235: D/ICU(5312): No timezone override file found: /data/misc/zoneinfo/current/icu/icu_tzdata.dat
10-11 19:42:30.235: D/ICU(5312): [ 10-11 19:42:30.239  5312: 5312 W/         ]
10-11 19:42:30.235: D/ICU(5312): Failed to bind-mount /system/lib/x86/cpuinfo as /proc/cpuinfo: No such file or directory
10-11 19:42:30.246: E/memtrack(5312): Couldn't load memtrack module (No such file or directory)
10-11 19:42:30.246: E/android.os.Debug(5312): failed to load memtrack module: -2
10-11 19:42:30.246: I/Radio-JNI(5312): register_android_hardware_Radio DONE
10-11 19:42:30.253: D/AndroidRuntime(5312): Calling main entry com.android.commands.settings.SettingsCmd
10-11 19:42:30.256: D/AndroidRuntime(5312): Shutting down VM
10-11 19:42:30.723: D/AndroidRuntime(5324): >>>>>> START com.android.internal.os.RuntimeInit uid 0 <<<<<<
10-11 19:42:30.725: D/AndroidRuntime(5324): CheckJNI is OFF
10-11 19:42:30.741: D/ICU(5324): No timezone override file found: /data/misc/zoneinfo/current/icu/icu_tzdata.dat
10-11 19:42:30.741: D/ICU(5324): [ 10-11 19:42:30.745  5324: 5324 W/         ]
10-11 19:42:30.741: D/ICU(5324): Failed to bind-mount /system/lib/x86/cpuinfo as /proc/cpuinfo: No such file or directory
10-11 19:42:30.753: E/memtrack(5324): Couldn't load memtrack module (No such file or directory)
10-11 19:42:30.753: E/android.os.Debug(5324): failed to load memtrack module: -2
10-11 19:42:30.755: I/Radio-JNI(5324): register_android_hardware_Radio DONE
10-11 19:42:30.765: D/AndroidRuntime(5324): Calling main entry com.android.commands.settings.SettingsCmd
10-11 19:42:30.767: D/AndroidRuntime(5324): Shutting down VM
10-11 19:42:30.780: I/Remoter(1330): Saved screenshot to '/data/screenshots/__pmv__-0073.jpg'
10-11 19:42:31.214: D/AndroidRuntime(5336): >>>>>> START com.android.internal.os.RuntimeInit uid 0 <<<<<<
10-11 19:42:31.215: D/AndroidRuntime(5336): CheckJNI is OFF
10-11 19:42:31.227: D/ICU(5336): No timezone override file found: /data/misc/zoneinfo/current/icu/icu_tzdata.dat
10-11 19:42:31.227: D/ICU(5336): [ 10-11 19:42:31.231  5336: 5336 W/         ]
10-11 19:42:31.227: D/ICU(5336): Failed to bind-mount /system/lib/x86/cpuinfo as /proc/cpuinfo: No such file or directory
10-11 19:42:31.237: E/memtrack(5336): Couldn't load memtrack module (No such file or directory)
10-11 19:42:31.237: E/android.os.Debug(5336): failed to load memtrack module: -2
10-11 19:42:31.238: I/Radio-JNI(5336): register_android_hardware_Radio DONE
10-11 19:42:31.245: D/AndroidRuntime(5336): Calling main entry com.android.commands.am.Am
10-11 19:42:31.246: I/ActivityManager(1719): START u0 {flg=0x10000000 cmp=com.google.android.apps.mtaas.backdrop/.BackdropActivity} from uid 0 on display 0
10-11 19:42:31.254: D/AndroidRuntime(5336): Shutting down VM
10-11 19:42:31.280: I/ActivityManager(1719): Start proc 5344:com.google.android.apps.mtaas.backdrop/u0a78 for activity com.google.android.apps.mtaas.backdrop/.BackdropActivity
10-11 19:42:31.341: I/GceGrallocRegionRegistry(1338): Mapped gralloc-1338.29 hnd=0xb1e77940 fd=27 base=0xb16bd000 format=RGBA_8888(0x1) width=1080 height=1794
10-11 19:42:31.341: I/GceGrallocRegionRegistry(1719): Mapped gralloc-1338.29 hnd=0x976f5300 fd=179 base=0x90be0000 format=RGBA_8888(0x1) width=1080 height=1794
10-11 19:42:31.333: I/android.display(1719): type=1400 audit(0.0:151): avc: denied { read } for path=2F6465762F6173686D656D2F6772616C6C6F632D313333382E3239202864656C6574656429 dev="tmpfs" ino=80807 scontext=u:r:system_server:s0 tcontext=u:object_r:surfaceflinger_tmpfs:s0 tclass=file permissive=1
10-11 19:42:31.427: I/GceGrallocRegionRegistry(2085): Unmapped gralloc-1338.18 hnd=0x9d102f00 fd=32 base=0x9a945000
10-11 19:42:31.428: I/GceGrallocRegionRegistry(2085): Unmapped gralloc-1338.19 hnd=0x9d102d40 fd=30 base=0x9b4c7000
10-11 19:42:31.428: I/GceGrallocRegionRegistry(2085): Unmapped gralloc-1338.20 hnd=0x9d102b40 fd=28 base=0x9bcc1000
10-11 19:42:31.429: I/GceGrallocRegionRegistry(1338): Unmapped gralloc-1338.18 hnd=0xb1e77680 fd=32 base=0xaf506000
10-11 19:42:31.431: I/GceGrallocRegionRegistry(1338): Unmapped gralloc-1338.19 hnd=0xb1e776c0 fd=35 base=0xaed0c000
10-11 19:42:31.458: W/System(5344): ClassLoader referenced unknown path: /data/app/com.google.android.apps.mtaas.backdrop-1/lib/x86
10-11 19:42:31.520: I/GceGrallocRegionRegistry(1338): Mapped gralloc-1338.30 hnd=0xb1e779c0 fd=28 base=0xb2c10000 format=RGBA_8888(0x1) width=1080 height=63
10-11 19:42:31.523: I/GceGrallocRegionRegistry(1806): Mapped gralloc-1338.30 hnd=0x9cd8ee00 fd=57 base=0x9ef25000 format=RGBA_8888(0x1) width=1080 height=63
10-11 19:42:31.541: D/NotificationSQLiteLog(1719): Pruned event entries: 0
10-11 19:42:31.552: I/BackdropActivity(5344): android_id: 4027609706144920429
10-11 19:42:31.603: D/OpenGLRenderer(5344): Use EGL_SWAP_BEHAVIOR_PRESERVED: true
10-11 19:42:31.605: I/GceGrallocRegionRegistry(5344): Mapped gralloc-1338.5 hnd=0xa9d2e380 fd=23 base=0x9fd95000 format=RGBA_8888(0x1) width=832 height=2048
10-11 19:42:31.553: I/Binder_3(1338): type=1400 audit(0.0:152): avc: denied { ioctl } for path="socket:[80831]" dev="sockfs" ino=80831 ioctlcmd=7704 scontext=u:r:surfaceflinger:s0 tcontext=u:r:surfaceflinger:s0 tclass=unix_stream_socket permissive=1
10-11 19:42:31.553: I/Binder_3(1338): type=1400 audit(0.0:153): avc: denied { ioctl } for path="socket:[80831]" dev="sockfs" ino=80831 ioctlcmd=7704 scontext=u:r:surfaceflinger:s0 tcontext=u:r:surfaceflinger:s0 tclass=unix_stream_socket permissive=1
10-11 19:42:31.603: I/Binder_2(1338): type=1400 audit(0.0:154): avc: denied { ioctl } for path="socket:[80838]" dev="sockfs" ino=80838 ioctlcmd=7704 scontext=u:r:surfaceflinger:s0 tcontext=u:r:surfaceflinger:s0 tclass=unix_stream_socket permissive=1
10-11 19:42:31.603: I/Binder_2(1338): type=1400 audit(0.0:155): avc: denied { ioctl } for path="socket:[80838]" dev="sockfs" ino=80838 ioctlcmd=7704 scontext=u:r:surfaceflinger:s0 tcontext=u:r:surfaceflinger:s0 tclass=unix_stream_socket permissive=1
10-11 19:42:31.603: I/.mtaas.backdrop(5344): type=1400 audit(0.0:156): avc: denied { read } for path=2F6465762F6173686D656D2F6772616C6C6F632D313333382E35202864656C6574656429 dev="tmpfs" ino=9311 scontext=u:r:untrusted_app:s0:c512,c768 tcontext=u:object_r:surfaceflinger_tmpfs:s0 tclass=file permissive=1
10-11 19:42:31.603: I/Binder_F(1719): type=1400 audit(0.0:157): avc: denied { ioctl } for path="socket:[80842]" dev="sockfs" ino=80842 ioctlcmd=7704 scontext=u:r:system_server:s0 tcontext=u:r:system_server:s0 tclass=unix_stream_socket permissive=1
10-11 19:42:31.603: I/Binder_F(1719): type=1400 audit(0.0:158): avc: denied { ioctl } for path="socket:[80842]" dev="sockfs" ino=80842 ioctlcmd=7704 scontext=u:r:system_server:s0 tcontext=u:r:system_server:s0 tclass=unix_stream_socket permissive=1
10-11 19:42:31.774: I/OpenGLRenderer(5344): Initialized EGL, version 1.4
10-11 19:42:31.778: I/GceGrallocRegionRegistry(1338): Mapped gralloc-1338.31 hnd=0xb1e776c0 fd=29 base=0xaf57d000 format=RGBA_8888(0x1) width=1080 height=1794
10-11 19:42:31.778: I/GceGrallocRegionRegistry(1338): Mapped gralloc-1338.32 hnd=0xb1e77000 fd=32 base=0xaedfa000 format=RGBA_8888(0x1) width=1080 height=1794
10-11 19:42:31.778: I/GceGrallocRegionRegistry(1338): Mapped gralloc-1338.33 hnd=0xb1e77680 fd=35 base=0xad595000 format=RGBA_8888(0x1) width=1080 height=1794
10-11 19:42:32.139: I/Remoter(1330): Saved screenshot to '/data/screenshots/__pmv__-0074.jpg'
10-11 19:42:32.212: I/GceGrallocRegionRegistry(1338): Unmapped gralloc-1338.20 hnd=0xb1e777c0 fd=36 base=0xae512000
10-11 19:42:32.551: I/GceGrallocRegionRegistry(5344): Mapped gralloc-1338.33 hnd=0x9fb37040 fd=24 base=0x9d3fd000 format=RGBA_8888(0x1) width=1080 height=1794
10-11 19:42:32.571: I/ActivityManager(1719): Displayed com.google.android.apps.mtaas.backdrop/.BackdropActivity: +1s318ms
10-11 19:42:32.573: I/Keyboard.Facilitator(2050): onFinishInput()
10-11 19:42:32.610: I/GceGrallocRegionRegistry(5344): Mapped gralloc-1338.32 hnd=0x9fb370c0 fd=26 base=0x9cc7a000 format=RGBA_8888(0x1) width=1080 height=1794
10-11 19:42:32.563: I/Binder_9(1719): type=1400 audit(0.0:159): avc: denied { ioctl } for path="socket:[81664]" dev="sockfs" ino=81664 ioctlcmd=7704 scontext=u:r:system_server:s0 tcontext=u:r:system_server:s0 tclass=unix_stream_socket permissive=1
10-11 19:42:32.563: I/Binder_9(1719): type=1400 audit(0.0:160): avc: denied { ioctl } for path="socket:[81664]" dev="sockfs" ino=81664 ioctlcmd=7704 scontext=u:r:system_server:s0 tcontext=u:r:system_server:s0 tclass=unix_stream_socket permissive=1
10-11 19:42:32.563: I/Binder_3(1719): type=1400 audit(0.0:161): avc: denied { ioctl } for path="socket:[81663]" dev="sockfs" ino=81663 ioctlcmd=7704 scontext=u:r:system_server:s0 tcontext=u:r:system_server:s0 tclass=unix_stream_socket permissive=1
10-11 19:42:32.563: I/Binder_3(1719): type=1400 audit(0.0:162): avc: denied { ioctl } for path="socket:[81663]" dev="sockfs" ino=81663 ioctlcmd=7704 scontext=u:r:system_server:s0 tcontext=u:r:system_server:s0 tclass=unix_stream_socket permissive=1
10-11 19:42:32.879: I/GceGrallocRegionRegistry(1719): Unmapped gralloc-1338.29 hnd=0x976f5300 fd=179 base=0x90be0000
10-11 19:42:32.902: I/GceGrallocRegionRegistry(5344): Mapped gralloc-1338.31 hnd=0x9fb372c0 fd=27 base=0x9c4f7000 format=RGBA_8888(0x1) width=1080 height=1794
10-11 19:42:32.911: I/GceGrallocRegionRegistry(1338): Unmapped gralloc-1338.29 hnd=0xb1e77940 fd=27 base=0xb16bd000
10-11 19:42:33.189: I/Remoter(1330): Saved screenshot to '/data/screenshots/__pmv__-0075.jpg'
10-11 19:42:33.878: D/AndroidRuntime(5367): >>>>>> START com.android.internal.os.RuntimeInit uid 0 <<<<<<
10-11 19:42:33.879: D/AndroidRuntime(5367): CheckJNI is OFF
10-11 19:42:33.915: D/ICU(5367): No timezone override file found: /data/misc/zoneinfo/current/icu/icu_tzdata.dat
10-11 19:42:33.915: D/ICU(5367): [ 10-11 19:42:33.919  5367: 5367 W/         ]
10-11 19:42:33.915: D/ICU(5367): Failed to bind-mount /system/lib/x86/cpuinfo as /proc/cpuinfo: No such file or directory
10-11 19:42:33.926: E/memtrack(5367): Couldn't load memtrack module (No such file or directory)
10-11 19:42:33.926: E/android.os.Debug(5367): failed to load memtrack module: -2
10-11 19:42:33.927: I/Radio-JNI(5367): register_android_hardware_Radio DONE
10-11 19:42:33.933: D/AndroidRuntime(5367): Calling main entry com.android.commands.am.Am
10-11 19:42:33.935: I/ActivityManager(1719): Force stopping com.google.android.apps.mtaas.loginutil appid=10077 user=0: start instr
10-11 19:42:33.946: I/ActivityManager(1719): Start proc 5375:com.google.android.apps.mtaas.loginutil/u0a77 for added application com.google.android.apps.mtaas.loginutil
10-11 19:42:34.021: W/System(5375): ClassLoader referenced unknown path: /data/app/com.google.android.apps.mtaas.loginutil-1/lib/x86
10-11 19:42:34.021: W/System(5375): ClassLoader referenced unknown path: /data/app/com.google.android.apps.mtaas.loginutil-1/lib/x86
10-11 19:42:34.030: D/LoginUtil(5375): Connected to Internet
10-11 19:42:34.032: D/LoginUtil(5375): Adding Account {name=QRJUJJNYU6ORDHFE7PZXPED3E4-00@cloudtestlabaccounts.com, type=com.google}
10-11 19:42:34.042: I/ActivityManager(1719): Start proc 5390:com.google.android.apps.auth.test.support/u0a79 for service com.google.android.apps.auth.test.support/.services.AccountService
10-11 19:42:34.115: W/System(5390): ClassLoader referenced unknown path: /data/app/com.google.android.apps.auth.test.support-1/lib/x86
10-11 19:42:34.116: E/ActivityThread(5390): Failed to find provider info for com.google.android.apps.common.testing.services.storage.testargs
10-11 19:42:34.116: W/AuthService(5390): [TestArgsHelper] Error when calling AndroidTestUtil.getTestArgs(). Note that this behavior might be expected.
10-11 19:42:34.120: I/AuthService(5390): [AddAccountOperation] Call GmsCore API.
10-11 19:42:34.124: I/GoogleURLConnFactory(2346): Using platform SSLCertificateSocketFactory
10-11 19:42:34.125: E/BaseAppContext(2346): Tried to stop global GMSCore RequestQueue. This is likely unintended, so ignoring.
10-11 19:42:34.132: I/Auth(2346): [ReflectiveChannelBinder] Successfully bound channel!
10-11 19:42:34.143: I/ActivityManager(1719): Start proc 5411:com.google.android.gms.unstable/u0a10 for service com.google.android.gms/.droidguard.DroidGuardService
10-11 19:42:34.237: I/LoadedApk(5411): No resource references to update in package FFFFFFFFFFFFFFFFFFFFFF
10-11 19:42:34.254: I/Remoter(1330): Saved screenshot to '/data/screenshots/__pmv__-0076.jpg'
10-11 19:42:34.256: W/linker(5411): /data/app/com.google.android.gms-1/lib/x86/libconscrypt_gmscore_jni.so: unused DT entry: type 0x1d arg 0x91
10-11 19:42:34.258: V/NativeCrypto(5411): Registering com/google/android/gms/org/conscrypt/NativeCrypto's 259 native methods...
10-11 19:42:34.264: I/art(5411): Rejecting re-init on previously-failed class java.lang.Class<com.google.android.gms.org.conscrypt.OpenSSLExtendedSessionImpl>
10-11 19:42:34.264: I/art(5411): Rejecting re-init on previously-failed class java.lang.Class<com.google.android.gms.org.conscrypt.OpenSSLExtendedSessionImpl>
10-11 19:42:34.264: I/art(5411): Rejecting re-init on previously-failed class java.lang.Class<com.google.android.gms.org.conscrypt.OpenSSLExtendedSessionImpl>
10-11 19:42:34.269: I/ProviderInstaller(5411): Installed default security provider GmsCore_OpenSSL
10-11 19:42:34.350: D/WVCdm(1347): Instantiating CDM.
10-11 19:42:34.350: I/WVCdm(1347): CdmEngine::OpenSession
10-11 19:42:34.350: I/WVCdm(1347): Level3 Library Jun 15 2015 14:09:10
10-11 19:42:34.350: W/WVCdm(1347): Could not read /data/mediadrm/IDM1013/ay64.dat2: No such file or directory
10-11 19:42:34.351: W/WVCdm(1347): Could not load liboemcrypto.so. Falling back to L3.  dlopen failed: library "liboemcrypto.so" not found
10-11 19:42:34.352: I/WVCdm(1347): CdmEngine::QueryKeyControlInfo
10-11 19:42:34.352: W/WVCdm(1347): BufferReader::Read<T> : Failure during parse: Not enough bytes (4)
10-11 19:42:34.352: W/WVCdm(1347): CdmEngine::ExtractWidevinePssh: Unable to read atom size.
10-11 19:42:34.352: I/WVCdm(1347): CdmEngine::GenerateKeyRequest
10-11 19:42:34.352: D/WVCdm(1347): PrepareKeyRequest: nonce=2594462487
10-11 19:42:34.412: I/DynamiteModule(5411): Considering local module com.google.android.gms.googlecertificates:4 and remote module com.google.android.gms.googlecertificates:4
10-11 19:42:34.412: I/DynamiteModule(5411): Selected local version of com.google.android.gms.googlecertificates
10-11 19:42:34.433: I/WVCdm(1347): CdmEngine::CloseSession
10-11 19:42:34.463: I/Binder_1(5411): type=1400 audit(0.0:163): avc: denied { getattr } for name="/" dev="tracefs" ino=1 scontext=u:r:untrusted_app:s0:c512,c768 tcontext=u:object_r:unlabeled:s0 tclass=filesystem permissive=1
10-11 19:42:34.566: I/dex2oat(5437): /system/bin/dex2oat --dex-file=/data/user/0/com.google.android.gms/app_fb/f.apk --oat-file=/data/user/0/com.google.android.gms/app_fb/f.dex
10-11 19:42:34.566: E/cutils-trace(5437): Error opening trace file: Permission denied (13)
10-11 19:42:34.543: I/Binder_1(5411): type=1400 audit(0.0:164): avc: denied { search } for name="1350" dev="proc" ino=6148 scontext=u:r:untrusted_app:s0:c512,c768 tcontext=u:r:zygote:s0 tclass=dir permissive=1
10-11 19:42:34.585: I/dex2oat(5437): dex2oat took 19.460ms (threads: 2) arena alloc=56KB java alloc=35KB native alloc=1083KB free=964KB
10-11 19:42:34.543: I/Binder_1(5411): type=1400 audit(0.0:165): avc: denied { read } for name="stat" dev="proc" ino=8300 scontext=u:r:untrusted_app:s0:c512,c768 tcontext=u:r:zygote:s0 tclass=file permissive=1
10-11 19:42:34.588: W/System(5411): ClassLoader referenced unknown path: 
10-11 19:42:34.543: I/Binder_1(5411): type=1400 audit(0.0:166): avc: denied { open } for path="/proc/1350/stat" dev="proc" ino=8300 scontext=u:r:untrusted_app:s0:c512,c768 tcontext=u:r:zygote:s0 tclass=file permissive=1
10-11 19:42:34.984: W/Conscrypt(2346): Could not set socket write timeout:
10-11 19:42:34.984: W/Conscrypt(2346):    java.lang.reflect.Method.invoke(Native Method)
10-11 19:42:34.984: W/Conscrypt(2346):    com.google.android.gms.org.conscrypt.Platform.setSocketWriteTimeout(:com.google.android.gms@11519470:13)
10-11 19:42:34.986: W/Conscrypt(2346): Could not set socket write timeout:
10-11 19:42:34.986: W/Conscrypt(2346):    java.lang.reflect.Method.invoke(Native Method)
10-11 19:42:34.986: W/Conscrypt(2346):    com.google.android.gms.org.conscrypt.Platform.setSocketWriteTimeout(:com.google.android.gms@11519470:13)
10-11 19:42:35.071: I/EventLogChimeraService(2465): Aggregate from 1507763717659 (log), 1507763717659 (data)
10-11 19:42:35.080: I/GoogleURLConnFactory(2346): Using platform SSLCertificateSocketFactory
10-11 19:42:35.101: I/GoogleURLConnFactory(2346): Using platform SSLCertificateSocketFactory
10-11 19:42:35.110: I/MetadataService(1330): Processed 0 update/creates for instance/attributes/
10-11 19:42:35.110: I/MetadataService(1330): Processed 0 update/creates for project/attributes/
10-11 19:42:35.103: I/gce.meta.proxy(976): type=1400 audit(0.0:167): avc: denied { create } for scontext=u:r:kernel:s0 tcontext=u:r:kernel:s0 tclass=tcp_socket permissive=1
10-11 19:42:35.103: I/gce.meta.proxy(976): type=1400 audit(0.0:168): avc: denied { name_connect } for dest=80 scontext=u:r:kernel:s0 tcontext=u:object_r:port:s0 tclass=tcp_socket permissive=1
10-11 19:42:35.150: I/AccountManagerService(1719): the accounts changed, sending broadcast of android.accounts.LOGIN_ACCOUNTS_CHANGED
10-11 19:42:35.150: I/Backup(2346): [GmsBackupAccountManager] Backup account not found in gmscore.
10-11 19:42:35.154: I/ContactsProvider(1982): Accounts changed
10-11 19:42:35.154: I/AccountManagerService(1719): the accounts changed, sending broadcast of android.accounts.LOGIN_ACCOUNTS_CHANGED
10-11 19:42:35.161: I/ActivityManager(1719): Start proc 5451:com.google.android.apps.gcs/u0a9 for broadcast com.google.android.apps.gcs/.receiver.AccountsChangedReceiver
10-11 19:42:35.167: I/iu.SyncManager(2465): account change detect - update database
10-11 19:42:35.167: I/iu.SyncManager(2465): account change detect - update database
10-11 19:42:35.167: I/iu.SyncManager(2465): SYNC; picasa accounts
10-11 19:42:35.168: I/iu.SyncManager(2465): SYNC; picasa accounts
10-11 19:42:35.170: I/Icing(2465): updateResources: need to parse tut{com.google.android.gms}
10-11 19:42:35.178: I/ContactsProvider(1982): Accounts changed
10-11 19:42:35.180: I/Backup(2346): [GmsBackupAccountManager] Backup account not found in gmscore.
10-11 19:42:35.180: I/Auth(2346): [BroadcastManager] Broadcasting account services changed.
10-11 19:42:35.187: I/AuthService(5390): [AddAccountOperation] Succeeded.
10-11 19:42:35.272: W/System(5451): ClassLoader referenced unknown path: /system/priv-app/GCS/lib/x86
10-11 19:42:35.323: I/AuthService(5390): [AccountService] Execution time for add account with authorization code, options: Bundle[{}] is 1206 ms.
10-11 19:42:35.324: D/LoginUtil(5375): Instrumentation completed successfully
10-11 19:42:35.326: D/AndroidRuntime(5367): Shutting down VM
10-11 19:42:35.326: I/ActivityManager(1719): Force stopping com.google.android.apps.mtaas.loginutil appid=10077 user=0: finished inst
10-11 19:42:35.326: I/ActivityManager(1719): Killing 5375:com.google.android.apps.mtaas.loginutil/u0a77 (adj 0): stop com.google.android.apps.mtaas.loginutil
10-11 19:42:35.352: D/ContactDirectoryManager(1982): Found com.google.contacts.gal.provider
10-11 19:42:35.352: D/ContactDirectoryManager(1982): Found com.google.android.gm.exchange.directory.provider
10-11 19:42:35.359: I/Icing(2465): updateResources: need to parse tut{com.google.android.gms}
10-11 19:42:35.367: D/ActivityManager(1719): cleanUpApplicationRecord -- 5375
10-11 19:42:35.388: I/ActivityManager(1719): Start proc 5486:com.google.android.gm.exchange/u0a68 for content provider com.google.android.gm.exchange/com.android.exchange.provider.ExchangeDirectoryProvider
10-11 19:42:35.388: W/UdcContextManagerHelper(2346): Empty context buffer. Thus might mean that the context is not synced down.
10-11 19:42:35.389: W/UploadOptInStatusOp(2346): Empty context model while retrieving upload opt-in status!
10-11 19:42:35.405: I/Remoter(1330): Saved screenshot to '/data/screenshots/__pmv__-0077.jpg'
10-11 19:42:35.418: W/ClientExperimentManager(5451): [1] d.a: com.google.android.apps.gcs does not have permission com.google.android.apps.gcs.WRITE_EXPERIMENTS; disabling overrides
10-11 19:42:35.419: W/ActivityManager(1719): Unable to start service Intent { cmp=com.google.android.apps.gcs/.service.a } U=0: not found
10-11 19:42:35.429: D/Finsky(4847): [1] VpaService.startVpaForNewAccount: Setting start-downloads flag, which was cleared
10-11 19:42:35.433: D/Volley(4847): [308] DiskBasedCache.clear: Cache cleared.
10-11 19:42:35.433: D/Volley(4847): [301] DiskBasedCache.clear: Cache cleared.
10-11 19:42:35.436: E/ctxmgr(2346): [NetworkUtil]No active synchronizable contexts.
10-11 19:42:35.504: D/Finsky(4847): [1] Libraries$2.run: Loaded library for account: [DNQrLbYvUkaiOzQr8ozPGw1BGec]
10-11 19:42:35.504: D/Finsky(4847): [1] Libraries$2.run: Finished loading 1 libraries.
10-11 19:42:35.508: D/Finsky(4847): [1] UpdateWidgetsReceiver.onReceive: Updated 0 MarketWidgetProvider widgets (android.accounts.LOGIN_ACCOUNTS_CHANGED)
10-11 19:42:35.511: D/Finsky(4847): [1] UpdateWidgetsReceiver.onReceive: Updated 0 RecommendedWidgetProvider widgets (android.accounts.LOGIN_ACCOUNTS_CHANGED)
10-11 19:42:35.512: D/Finsky(4847): [1] UpdateWidgetsReceiver.onReceive: Updated 0 NowPlayingWidgetProvider widgets (android.accounts.LOGIN_ACCOUNTS_CHANGED)
10-11 19:42:35.525: W/System(5486): ClassLoader referenced unknown path: /system/app/PrebuiltExchange3Google/lib/x86
10-11 19:42:35.526: I/ActivityManager(1719): Start proc 5508:com.google.android.calendar/u0a32 for broadcast com.google.android.calendar/.timely.settings.RecentAndDefaultNotificationsFactoryImpl$AccountRemovedBroadcastReceiver
10-11 19:42:35.545: W/Auth(2346): [GetToken] GetToken failed with status code: INVALID_SCOPE
10-11 19:42:35.548: I/ActivityManager(1719): Start proc 5520:com.google.android.gm/u0a69 for content provider com.google.android.gm/com.android.email.provider.EmailProvider
10-11 19:42:35.559: I/ActivityManager(1719): Start proc 5525:com.google.process.gapps/u0a43 for content provider com.google.android.syncadapters.contacts/.GalProvider
10-11 19:42:35.562: I/NowOptInSettings(4885): onAccountChanged() : Account {name=QRJUJJNYU6ORDHFE7PZXPED3E4-00@cloudtestlabaccounts.com, type=com.google}
10-11 19:42:35.563: W/AuthSessionAuthenticato(2346): Auth related exception is being ignored: INVALID_SCOPE
10-11 19:42:35.567: W/GLSUser(2346): [DeviceKeyStore] Cannot load key: Device key file not found.
10-11 19:42:35.578: D/WVCdm(1347): Instantiating CDM.
10-11 19:42:35.584: I/WVCdm(1347): CdmEngine::OpenSession
10-11 19:42:35.584: I/WVCdm(1347): Level3 Library Jun 15 2015 14:09:10
10-11 19:42:35.585: W/WVCdm(1347): Could not read /data/mediadrm/IDM1013/ay64.dat2: No such file or directory
10-11 19:42:35.585: W/WVCdm(1347): Could not load liboemcrypto.so. Falling back to L3.  dlopen failed: library "liboemcrypto.so" not found
10-11 19:42:35.586: I/WVCdm(1347): CdmEngine::QueryKeyControlInfo
10-11 19:42:35.589: W/WVCdm(1347): BufferReader::Read<T> : Failure during parse: Not enough bytes (4)
10-11 19:42:35.589: W/WVCdm(1347): CdmEngine::ExtractWidevinePssh: Unable to read atom size.
10-11 19:42:35.589: I/WVCdm(1347): CdmEngine::GenerateKeyRequest
10-11 19:42:35.589: D/WVCdm(1347): PrepareKeyRequest: nonce=125742251
10-11 19:42:35.599: D/Finsky(4847): [1] VpaService$2.onPostExecute: No VPA stub found - stopping service
10-11 19:42:35.619: W/System(5508): ClassLoader referenced unknown path: /system/app/CalendarGooglePrebuilt/lib/x86
10-11 19:42:35.638: I/RlzPingService(4807): Setting next ping for 1507851755626
10-11 19:42:35.642: W/System(5520): ClassLoader referenced unknown path: /system/app/PrebuiltGmail/lib/x86
10-11 19:42:35.674: I/ActivityManager(1719): Start proc 5585:com.android.providers.calendar/u0a1 for content provider com.android.providers.calendar/.CalendarProvider2
10-11 19:42:35.675: W/System(5525): ClassLoader referenced unknown path: /system/app/GoogleContactsSyncAdapter/lib/x86
10-11 19:42:35.693: D/ActivityThread(5520): Loading provider com.google.android.gmail.provider;com.android.mail.notifier;com.google.android.gm.email.provider;com.google.android.gm.email.notifier: com.android.email.provider.EmailProvider
10-11 19:42:35.708: D/WifiService(1719): New client listening to asynchronous messages
10-11 19:42:35.712: I/WebViewFactory(4885): Loading com.google.android.webview version 53.0.2785.124 (code 278512410)
10-11 19:42:35.723: I/Gmail(5520): getAccountsCursor
10-11 19:42:35.723: W/ActivityManager(1719): Unable to start service Intent { act=com.google.android.gms.playlog.service.START pkg=com.google.android.gms } U=0: not found
10-11 19:42:35.723: W/ActivityManager(1719): Unbind failed: could not find connection for android.os.BinderProxy@bf02dc3
10-11 19:42:35.724: E/GmsClient(5508): unable to connect to service: com.google.android.gms.playlog.service.START
10-11 19:42:35.726: I/GoogleHttpClient(5525): GMS http client unavailable, use old client
10-11 19:42:35.750: W/System(4885): ClassLoader referenced unknown path: /system/app/WebViewGoogle/lib/x86
10-11 19:42:35.756: I/ContactDirectoryManager(1982): deleted 0 stale rows which don't have any relevant directory
10-11 19:42:35.757: I/ContactDirectoryManager(1982): Discovered 1 contact directories in 536ms
10-11 19:42:35.759: I/art(4885): Rejecting re-init on previously-failed class java.lang.Class<com.android.webview.chromium.ServiceWorkerControllerAdapter>
10-11 19:42:35.759: I/art(4885): Rejecting re-init on previously-failed class java.lang.Class<com.android.webview.chromium.ServiceWorkerControllerAdapter>
10-11 19:42:35.763: W/System(5585): ClassLoader referenced unknown path: /system/priv-app/CalendarProvider/lib/x86
10-11 19:42:35.773: I/art(4885): Rejecting re-init on previously-failed class java.lang.Class<com.android.webview.chromium.TokenBindingManagerAdapter>
10-11 19:42:35.773: I/art(4885): Rejecting re-init on previously-failed class java.lang.Class<com.android.webview.chromium.TokenBindingManagerAdapter>
10-11 19:42:35.777: I/CalendarProvider2(5585): Created com.android.providers.calendar.CalendarAlarmManager@8fab1e5(com.android.providers.calendar.CalendarProvider2@10fb4ba)
10-11 19:42:35.785: W/GAV2(5520): Thread[main,5,main]: Need to call initialize() and be in fallback mode to start dispatch.
10-11 19:42:35.808: W/Conscrypt(2346): Could not set socket write timeout:
10-11 19:42:35.808: W/Conscrypt(2346):    java.lang.reflect.Method.invoke(Native Method)
10-11 19:42:35.808: W/Conscrypt(2346):    com.google.android.gms.org.conscrypt.Platform.setSocketWriteTimeout(:com.google.android.gms@11519470:13)
10-11 19:42:35.811: W/Conscrypt(2346): Could not set socket write timeout:
10-11 19:42:35.811: W/Conscrypt(2346):    java.lang.reflect.Method.invoke(Native Method)
10-11 19:42:35.811: W/Conscrypt(2346):    com.google.android.gms.org.conscrypt.Platform.setSocketWriteTimeout(:com.google.android.gms@11519470:13)
10-11 19:42:35.813: I/Gmail(5520): getAccountsCursor
10-11 19:42:35.815: E/Gmail(5520): Error finding the version of the Email provider.....
10-11 19:42:35.815: E/Gmail(5520): android.content.pm.PackageManager$NameNotFoundException: com.google.android.email
10-11 19:42:35.815: E/Gmail(5520): 	at android.app.ApplicationPackageManager.getPackageInfo(ApplicationPackageManager.java:137)
10-11 19:42:35.815: E/Gmail(5520): 	at com.google.android.gm.EmailMigrationService.a(SourceFile:1280)
10-11 19:42:35.815: E/Gmail(5520): 	at com.google.android.gm.EmailMigrationService.onHandleIntent(SourceFile:219)
10-11 19:42:35.815: E/Gmail(5520): 	at android.app.IntentService$ServiceHandler.handleMessage(IntentService.java:66)
10-11 19:42:35.815: E/Gmail(5520): 	at android.os.Handler.dispatchMessage(Handler.java:102)
10-11 19:42:35.815: E/Gmail(5520): 	at android.os.Looper.loop(Looper.java:148)
10-11 19:42:35.815: E/Gmail(5520): 	at android.os.HandlerThread.run(HandlerThread.java:61)
10-11 19:42:35.815: W/EmailMigration(5520): We do not support migrating this version of the Email provider.
10-11 19:42:35.817: I/cr_LibraryLoader(4885): Time to load native libraries: 11 ms (timestamps 7983-7994)
10-11 19:42:35.818: I/cr_LibraryLoader(4885): Expected native library version number "53.0.2785.124", actual native library version number "53.0.2785.124"
10-11 19:42:35.831: W/Search.SearchUrlHelper(4885): Auth token not ready, no auth header set.
10-11 19:42:35.837: W/LocationOracleImpl(4885): Best location was null
10-11 19:42:35.850: I/Gmail(5520): getAccountsCursor
10-11 19:42:35.853: W/Auth(2346): [GetToken] GetToken failed with status code: INVALID_SCOPE
10-11 19:42:35.854: W/Search.LoginHelper(4885): Google auth exception for scope: oauth2:https://www.googleapis.com/auth/googlenow
10-11 19:42:35.854: W/Search.LoginHelper(4885): com.google.android.gms.auth.a: INVALID_SCOPE
10-11 19:42:35.854: W/Search.LoginHelper(4885): 	at com.google.android.gms.auth.b.a(Unknown Source)
10-11 19:42:35.854: W/Search.LoginHelper(4885): 	at com.google.android.gms.auth.b.b(Unknown Source)
10-11 19:42:35.854: W/Search.LoginHelper(4885): 	at com.google.android.gms.auth.b.a(Unknown Source)
10-11 19:42:35.854: W/Search.LoginHelper(4885): 	at com.google.android.apps.gsa.search.core.google.c.m.a(GoogleAuthAdapterImpl.java:29)
10-11 19:42:35.854: W/Search.LoginHelper(4885): 	at com.google.android.apps.gsa.search.core.google.c.k.a(FallingBackGoogleAuthAdapter.java:93)
10-11 19:42:35.854: W/Search.LoginHelper(4885): 	at com.google.android.apps.gsa.search.core.google.c.g.a(CachingGoogleAuthAdapter.java:72)
10-11 19:42:35.854: W/Search.LoginHelper(4885): 	at com.google.android.apps.gsa.search.core.google.c.n.b(LoginHelper.java:829)
10-11 19:42:35.854: W/Search.LoginHelper(4885): 	at com.google.android.apps.gsa.search.core.google.c.n$5.Pe(LoginHelper.java:715)
10-11 19:42:35.854: W/Search.LoginHelper(4885): 	at com.google.android.apps.gsa.search.core.google.c.n$5.call(LoginHelper.java:712)
10-11 19:42:35.854: W/Search.LoginHelper(4885): 	at java.util.concurrent.FutureTask.run(FutureTask.java:237)
10-11 19:42:35.854: W/Search.LoginHelper(4885): 	at java.util.concurrent.Executors$RunnableAdapter.call(Executors.java:423)
10-11 19:42:35.854: W/Search.LoginHelper(4885): 	at java.util.concurrent.FutureTask.run(FutureTask.java:237)
10-11 19:42:35.854: W/Search.LoginHelper(4885): 	at java.util.concurrent.ThreadPoolExecutor.runWorker(ThreadPoolExecutor.java:1113)
10-11 19:42:35.854: W/Search.LoginHelper(4885): 	at java.util.concurrent.ThreadPoolExecutor$Worker.run(ThreadPoolExecutor.java:588)
10-11 19:42:35.854: W/Search.LoginHelper(4885): 	at java.lang.Thread.run(Thread.java:818)
10-11 19:42:35.854: W/Search.LoginHelper(4885): 	at com.google.android.apps.gsa.shared.util.concurrent.a.q$1.run(GsaThreadFactory.java:99)
10-11 19:42:35.858: W/Conscrypt(2346): Could not set socket write timeout:
10-11 19:42:35.858: W/Conscrypt(2346):    java.lang.reflect.Method.invoke(Native Method)
10-11 19:42:35.858: W/Conscrypt(2346):    com.google.android.gms.org.conscrypt.Platform.setSocketWriteTimeout(:com.google.android.gms@11519470:13)
10-11 19:42:35.863: W/art(5520): Long monitor contention event with owner method=int android.content.res.AssetManager.loadResourceValue(int, short, android.util.TypedValue, boolean) from AssetManager.java:4294967294 waiters=0 for 119ms
10-11 19:42:35.866: W/AnalyticsLogBase(5508): PlayLogger.onLoggerFailedConnection
10-11 19:42:35.891: W/ActivityManager(1719): Unable to start service Intent { cmp=com.google.android.gm/com.android.email.service.AttachmentService } U=0: not found
10-11 19:42:35.897: I/Auth(2346): [GoogleAccountHistoryStore] creating database.
10-11 19:42:35.901: W/Conscrypt(2346): Could not set socket write timeout:
10-11 19:42:35.901: W/Conscrypt(2346):    java.lang.reflect.Method.invoke(Native Method)
10-11 19:42:35.901: W/Conscrypt(2346):    com.google.android.gms.org.conscrypt.Platform.setSocketWriteTimeout(:com.google.android.gms@11519470:13)
10-11 19:42:35.907: W/GAV2(5486): Thread[main,5,main]: Need to call initialize() and be in fallback mode to start dispatch.
10-11 19:42:35.930: W/Auth(2346): [GetToken] GetToken failed with status code: INVALID_SCOPE
10-11 19:42:35.932: W/Search.LoginHelper(4885): Google auth exception for scope: oauth2:https://www.googleapis.com/auth/googlenow
10-11 19:42:35.932: W/Search.LoginHelper(4885): com.google.android.gms.auth.a: INVALID_SCOPE
10-11 19:42:35.932: W/Search.LoginHelper(4885): 	at com.google.android.gms.auth.b.a(Unknown Source)
10-11 19:42:35.932: W/Search.LoginHelper(4885): 	at com.google.android.gms.auth.b.b(Unknown Source)
10-11 19:42:35.932: W/Search.LoginHelper(4885): 	at com.google.android.gms.auth.b.a(Unknown Source)
10-11 19:42:35.932: W/Search.LoginHelper(4885): 	at com.google.android.apps.gsa.search.core.google.c.m.a(GoogleAuthAdapterImpl.java:29)
10-11 19:42:35.932: W/Search.LoginHelper(4885): 	at com.google.android.apps.gsa.search.core.google.c.k.a(FallingBackGoogleAuthAdapter.java:93)
10-11 19:42:35.932: W/Search.LoginHelper(4885): 	at com.google.android.apps.gsa.search.core.google.c.g.a(CachingGoogleAuthAdapter.java:72)
10-11 19:42:35.932: W/Search.LoginHelper(4885): 	at com.google.android.apps.gsa.search.core.google.c.n.b(LoginHelper.java:829)
10-11 19:42:35.932: W/Search.LoginHelper(4885): 	at com.google.android.apps.gsa.search.core.google.c.n$5.Pe(LoginHelper.java:715)
10-11 19:42:35.932: W/Search.LoginHelper(4885): 	at com.google.android.apps.gsa.search.core.google.c.n$5.call(LoginHelper.java:712)
10-11 19:42:35.932: W/Search.LoginHelper(4885): 	at java.util.concurrent.FutureTask.run(FutureTask.java:237)
10-11 19:42:35.932: W/Search.LoginHelper(4885): 	at java.util.concurrent.Executors$RunnableAdapter.call(Executors.java:423)
10-11 19:42:35.932: W/Search.LoginHelper(4885): 	at java.util.concurrent.FutureTask.run(FutureTask.java:237)
10-11 19:42:35.932: W/Search.LoginHelper(4885): 	at java.util.concurrent.ThreadPoolExecutor.runWorker(ThreadPoolExecutor.java:1113)
10-11 19:42:35.932: W/Search.LoginHelper(4885): 	at java.util.concurrent.ThreadPoolExecutor$Worker.run(ThreadPoolExecutor.java:588)
10-11 19:42:35.932: W/Search.LoginHelper(4885): 	at java.lang.Thread.run(Thread.java:818)
10-11 19:42:35.932: W/Search.LoginHelper(4885): 	at com.google.android.apps.gsa.shared.util.concurrent.a.q$1.run(GsaThreadFactory.java:99)
10-11 19:42:35.934: I/Gmail(5520): Observing account changes for notifications
10-11 19:42:35.960: I/Exchange(5486): EasService.onCreate
10-11 19:42:35.973: I/ActivityManager(1719): Start proc 5643:com.android.chrome/u0a36 for broadcast com.android.chrome/org.chromium.chrome.browser.services.AccountsChangedReceiver
10-11 19:42:35.981: I/Auth(2346): [BroadcastManager] Broadcasting account services changed.
