10-11 19:43:30.706: W/ActivityManager(1719): 	at com.android.server.am.ActivityRecord.isInStackLocked(ActivityRecord.java:1121)
10-11 19:43:30.706: W/ActivityManager(1719): 	at com.android.server.am.ActivityRecord.getStackLocked(ActivityRecord.java:1126)
10-11 19:43:30.706: W/ActivityManager(1719): 	at com.android.server.am.ActivityManagerService.getActivityDisplayId(ActivityManagerService.java:8971)
10-11 19:43:30.706: W/ActivityManager(1719): 	at android.app.ActivityManagerNative.onTransact(ActivityManagerNative.java:2339)
10-11 19:43:30.706: W/ActivityManager(1719): 	at com.android.server.am.ActivityManagerService.onTransact(ActivityManagerService.java:2485)
10-11 19:43:30.706: W/ActivityManager(1719): 	at android.os.Binder.execTransact(Binder.java:453)
10-11 19:43:30.713: W/ActivityManager(1719): Bad activity token: android.os.BinderProxy@ae184f8
10-11 19:43:30.713: W/ActivityManager(1719): java.lang.ClassCastException: android.os.BinderProxy cannot be cast to com.android.server.am.ActivityRecord$Token
10-11 19:43:30.713: W/ActivityManager(1719): 	at com.android.server.am.ActivityRecord.forTokenLocked(ActivityRecord.java:424)
10-11 19:43:30.713: W/ActivityManager(1719): 	at com.android.server.am.ActivityRecord.isInStackLocked(ActivityRecord.java:1121)
10-11 19:43:30.713: W/ActivityManager(1719): 	at com.android.server.am.ActivityManagerService.setTaskDescription(ActivityManagerService.java:8629)
10-11 19:43:30.713: W/ActivityManager(1719): 	at android.app.ActivityManagerNative.onTransact(ActivityManagerNative.java:2411)
10-11 19:43:30.713: W/ActivityManager(1719): 	at com.android.server.am.ActivityManagerService.onTransact(ActivityManagerService.java:2485)
10-11 19:43:30.713: W/ActivityManager(1719): 	at android.os.Binder.execTransact(Binder.java:453)
10-11 19:43:30.713: D/LifecycleMonitor(7189): Lifecycle status change: org.runnerup.view.SettingsActivity@6be4e01 in: PRE_ON_CREATE
10-11 19:43:30.714: I/GceLights(1719): set_light: dev 0xaf374d90 state 0x9dc5c3e4
10-11 19:43:30.714: I/GceLights(1719): set_light: state value -12895429
10-11 19:43:30.731: I/Keyboard.Facilitator(2050): onFinishInput()
10-11 19:43:30.733: I/GceLights(1719): set_light: dev 0xaf374d90 state 0x9dc5c3e4
10-11 19:43:30.733: I/GceLights(1719): set_light: state value -12698050
10-11 19:43:30.747: I/GceLights(1719): set_light: dev 0xaf374d90 state 0x9dc5c3e4
10-11 19:43:30.747: I/GceLights(1719): set_light: state value -12500671
10-11 19:43:30.749: D/AudioFlinger(1347): mixer(0xb4400000) throttle end: throttle time(11)
10-11 19:43:30.764: I/GceLights(1719): set_light: dev 0xaf374d90 state 0x9dc5c3e4
10-11 19:43:30.764: I/GceLights(1719): set_light: state value -12237499
10-11 19:43:30.781: I/GceLights(1719): set_light: dev 0xaf374d90 state 0x9dc5c3e4
10-11 19:43:30.781: I/GceLights(1719): set_light: state value -12040120
10-11 19:43:30.811: W/ActivityManager(1719): Bad activity token: android.os.BinderProxy@ae184f8
10-11 19:43:30.811: W/ActivityManager(1719): java.lang.ClassCastException: android.os.BinderProxy cannot be cast to com.android.server.am.ActivityRecord$Token
10-11 19:43:30.811: W/ActivityManager(1719): 	at com.android.server.am.ActivityRecord.forTokenLocked(ActivityRecord.java:424)
10-11 19:43:30.811: W/ActivityManager(1719): 	at com.android.server.am.ActivityRecord.isInStackLocked(ActivityRecord.java:1121)
10-11 19:43:30.811: W/ActivityManager(1719): 	at com.android.server.am.ActivityManagerService.getActivityOptions(ActivityManagerService.java:11129)
10-11 19:43:30.811: W/ActivityManager(1719): 	at android.app.ActivityManagerNative.onTransact(ActivityManagerNative.java:1735)
10-11 19:43:30.811: W/ActivityManager(1719): 	at com.android.server.am.ActivityManagerService.onTransact(ActivityManagerService.java:2485)
10-11 19:43:30.811: W/ActivityManager(1719): 	at android.os.Binder.execTransact(Binder.java:453)
10-11 19:43:30.811: D/LifecycleMonitor(7189): Lifecycle status change: org.runnerup.view.SettingsActivity@6be4e01 in: CREATED
10-11 19:43:30.812: W/ActivityManager(1719): Bad activity token: android.os.BinderProxy@ae184f8
10-11 19:43:30.812: W/ActivityManager(1719): java.lang.ClassCastException: android.os.BinderProxy cannot be cast to com.android.server.am.ActivityRecord$Token
10-11 19:43:30.812: W/ActivityManager(1719): 	at com.android.server.am.ActivityRecord.forTokenLocked(ActivityRecord.java:424)
10-11 19:43:30.812: W/ActivityManager(1719): 	at com.android.server.am.ActivityRecord.isInStackLocked(ActivityRecord.java:1121)
10-11 19:43:30.812: W/ActivityManager(1719): 	at com.android.server.am.ActivityManagerService.getActivityOptions(ActivityManagerService.java:11129)
10-11 19:43:30.812: W/ActivityManager(1719): 	at android.app.ActivityManagerNative.onTransact(ActivityManagerNative.java:1735)
10-11 19:43:30.812: W/ActivityManager(1719): 	at com.android.server.am.ActivityManagerService.onTransact(ActivityManagerService.java:2485)
10-11 19:43:30.812: W/ActivityManager(1719): 	at android.os.Binder.execTransact(Binder.java:453)
10-11 19:43:30.812: D/LifecycleMonitor(7189): Lifecycle status change: org.runnerup.view.SettingsActivity@6be4e01 in: STARTED
10-11 19:43:30.812: D/LifecycleMonitor(7189): Lifecycle status change: org.runnerup.view.SettingsActivity@6be4e01 in: RESUMED
10-11 19:43:30.815: I/Keyboard.Facilitator(2050): onFinishInput()
10-11 19:43:30.831: I/GceLights(1719): set_light: dev 0xaf374d90 state 0x9dc5c3e4
10-11 19:43:30.831: I/GceLights(1719): set_light: state value -11579569
10-11 19:43:30.839: I/GceLights(1719): set_light: dev 0xaf374d90 state 0x9dc5c3e4
10-11 19:43:30.839: I/GceLights(1719): set_light: state value -11250604
10-11 19:43:30.723: I/Binder_10(1719): type=1400 audit(0.0:221): avc: denied { ioctl } for path="socket:[93344]" dev="sockfs" ino=93344 ioctlcmd=7704 scontext=u:r:system_server:s0 tcontext=u:r:system_server:s0 tclass=unix_stream_socket permissive=1
10-11 19:43:30.873: I/GceLights(1719): set_light: dev 0xaf374d90 state 0x9dc5c3e4
10-11 19:43:30.873: I/GceLights(1719): set_light: state value -11053225
10-11 19:43:30.883: I/GceLights(1719): set_light: dev 0xaf374d90 state 0x9dc5c3e4
10-11 19:43:30.883: I/GceLights(1719): set_light: state value -10790053
10-11 19:43:30.896: I/GceLights(1719): set_light: dev 0xaf374d90 state 0x9dc5c3e4
10-11 19:43:30.896: I/GceLights(1719): set_light: state value -10526881
10-11 19:43:30.913: I/GceLights(1719): set_light: dev 0xaf374d90 state 0x9dc5c3e4
10-11 19:43:30.913: I/GceLights(1719): set_light: state value -10329502
10-11 19:43:30.931: I/GceLights(1719): set_light: dev 0xaf374d90 state 0x9dc5c3e4
10-11 19:43:30.931: I/GceLights(1719): set_light: state value -10066330
10-11 19:43:30.946: I/Keyboard.Facilitator(2050): onFinishInput()
10-11 19:43:31.012: I/ViewInteraction(7189): Performing 'Extracts screen state.' action on view is a root view.
10-11 19:43:31.013: W/ResourceType(7189): No known package when getting name for resource number 0xffffffff
10-11 19:43:31.015: W/ResourceType(7189): No known package when getting name for resource number 0xffffffff
10-11 19:43:31.017: W/ResourceType(7189): No known package when getting name for resource number 0xffffffff
10-11 19:43:30.723: I/Binder_10(1719): type=1400 audit(0.0:222): avc: denied { ioctl } for path="socket:[93344]" dev="sockfs" ino=93344 ioctlcmd=7704 scontext=u:r:system_server:s0 tcontext=u:r:system_server:s0 tclass=unix_stream_socket permissive=1
10-11 19:43:31.027: W/ResourceType(7189): No known package when getting name for resource number 0xffffffff
10-11 19:43:31.027: W/ResourceType(7189): No known package when getting name for resource number 0xffffffff
10-11 19:43:31.051: W/ResourceType(7189): No known package when getting name for resource number 0xffffffff
10-11 19:43:31.051: W/ResourceType(7189): No known package when getting name for resource number 0xffffffff
10-11 19:43:31.052: W/ResourceType(7189): No known package when getting name for resource number 0xffffffff
10-11 19:43:30.813: I/Binder_B(1719): type=1400 audit(0.0:223): avc: denied { ioctl } for path="socket:[93344]" dev="sockfs" ino=93344 ioctlcmd=7704 scontext=u:r:system_server:s0 tcontext=u:r:system_server:s0 tclass=unix_stream_socket permissive=1
10-11 19:43:30.813: I/Binder_B(1719): type=1400 audit(0.0:224): avc: denied { ioctl } for path="socket:[93344]" dev="sockfs" ino=93344 ioctlcmd=7704 scontext=u:r:system_server:s0 tcontext=u:r:system_server:s0 tclass=unix_stream_socket permissive=1
10-11 19:43:30.943: I/Binder_3(1719): type=1400 audit(0.0:225): avc: denied { ioctl } for path="socket:[93344]" dev="sockfs" ino=93344 ioctlcmd=7704 scontext=u:r:system_server:s0 tcontext=u:r:system_server:s0 tclass=unix_stream_socket permissive=1
10-11 19:43:31.125: W/ResourceType(7189): No known package when getting name for resource number 0xffffffff
10-11 19:43:30.943: I/Binder_3(1719): type=1400 audit(0.0:226): avc: denied { ioctl } for path="socket:[93344]" dev="sockfs" ino=93344 ioctlcmd=7704 scontext=u:r:system_server:s0 tcontext=u:r:system_server:s0 tclass=unix_stream_socket permissive=1
10-11 19:43:31.155: W/ResourceType(7189): No known package when getting name for resource number 0xffffffff
10-11 19:43:31.156: W/ResourceType(7189): No known package when getting name for resource number 0xffffffff
10-11 19:43:31.157: W/ResourceType(7189): No known package when getting name for resource number 0xffffffff
10-11 19:43:31.163: W/ResourceType(7189): No known package when getting name for resource number 0xffffffff
10-11 19:43:31.175: W/ResourceType(7189): No known package when getting name for resource number 0xffffffff
10-11 19:43:31.176: W/ResourceType(7189): No known package when getting name for resource number 0xffffffff
10-11 19:43:31.177: W/ResourceType(7189): No known package when getting name for resource number 0xffffffff
10-11 19:43:31.181: W/ResourceType(7189): No known package when getting name for resource number 0xffffffff
10-11 19:43:31.186: W/ResourceType(7189): No known package when getting name for resource number 0xffffffff
10-11 19:43:31.189: W/ResourceType(7189): No known package when getting name for resource number 0xffffffff
10-11 19:43:31.192: W/ResourceType(7189): No known package when getting name for resource number 0xffffffff
10-11 19:43:31.193: W/ResourceType(7189): No known package when getting name for resource number 0xffffffff
10-11 19:43:31.195: W/ResourceType(7189): No known package when getting name for resource number 0xffffffff
10-11 19:43:31.196: W/ResourceType(7189): No known package when getting name for resource number 0xffffffff
10-11 19:43:31.207: W/ResourceType(7189): No known package when getting name for resource number 0xffffffff
10-11 19:43:31.208: W/ResourceType(7189): No known package when getting name for resource number 0xffffffff
10-11 19:43:31.208: W/ResourceType(7189): No known package when getting name for resource number 0xffffffff
10-11 19:43:31.211: W/ResourceType(7189): No known package when getting name for resource number 0xffffffff
10-11 19:43:31.214: W/ResourceType(7189): No known package when getting name for resource number 0xffffffff
10-11 19:43:31.215: W/ResourceType(7189): No known package when getting name for resource number 0xffffffff
10-11 19:43:31.229: I/GceGrallocRegionRegistry(1338): Mapped gralloc-1338.40 hnd=0xb6d0f400 fd=41 base=0xb1646000 format=RGBA_8888(0x1) width=1080 height=1920
10-11 19:43:31.230: I/GceGrallocRegionRegistry(7171): Mapped gralloc-1338.40 hnd=0xb3f3f340 fd=12 base=0xabc67000 format=RGBA_8888(0x1) width=1080 height=1920
10-11 19:43:31.230: I/GceGrallocRegionRegistry(1338): Unmapped gralloc-1338.40 hnd=0xb6d0f400 fd=41 base=0xb1646000
10-11 19:43:31.230: I/GceGrallocRegionRegistry(1338): Mapped gralloc-1338.40 hnd=0xb36e5700 fd=42 base=0xb1646000 format=RGBA_8888(0x1) width=1080 height=1920
10-11 19:43:31.289: I/GceGrallocRegionRegistry(7171): Unmapped gralloc-1338.40 hnd=0xb3f3f340 fd=12 base=0xabc67000
10-11 19:43:31.289: I/GceGrallocRegionRegistry(7171): Unmapped gralloc-1338.39 hnd=0xb3f3f200 fd=11 base=0xacd49000
10-11 19:43:31.296: I/System.out(7140): INFO: New Screen: Optional.of(ScreenNode {Id=2, PackageName=org.runnerup, ActivityName=Optional.of(org.runnerup.view.MainLayout)})
10-11 19:43:31.322: I/GceGrallocRegionRegistry(1338): Unmapped gralloc-1338.40 hnd=0xb36e5700 fd=42 base=0xb1646000
10-11 19:43:31.508: W/ResourceType(7189): No package identifier when getting name for resource number 0x00000001
10-11 19:43:31.510: W/ResourceType(7189): No package identifier when getting name for resource number 0x00000001
10-11 19:43:31.510: W/ResourceType(7189): No package identifier when getting name for resource number 0x00000001
10-11 19:43:31.510: W/ResourceType(7189): No package identifier when getting name for resource number 0x00000001
10-11 19:43:31.511: W/ResourceType(7189): No package identifier when getting name for resource number 0x00000001
10-11 19:43:31.511: W/ResourceType(7189): No package identifier when getting name for resource number 0x00000001
10-11 19:43:31.511: I/ViewInteraction(7189): Performing 'single click' action on view (with class name: is "android.widget.LinearLayout" and with id: 1 (resource name not found) and is a child at 7th index of the matching parent: (with class name: is "android.widget.ListView" and with id: android:id/list and is a child at 1th index of the matching parent: (with class name: is "android.widget.RelativeLayout" and with id: org.runnerup:id/relative_layout1 and is a child at 0th index of the matching parent: (with class name: is "android.widget.FrameLayout" and with id: android:id/content and is a child at 1th index of the matching parent: (with class name: is "android.widget.LinearLayout" and with id: 1 (resource name not found) and is a child at 0th index of the matching parent: (with class name: is "com.android.internal.policy.PhoneWindow$DecorView" and with id: 1 (resource name not found) and is a child at 1th index of the matching parent: (with class name: is "android.widget.FrameLayout" and with id: android:id/tabcontent and is a child at 1th index of the matching parent: (with class name: is "android.widget.LinearLayout" and with id: 1 (resource name not found) and is a child at 0th index of the matching parent: (with class name: is "android.widget.TabHost" and with id: android:id/tabhost and is a child at 0th index of the matching parent: (with class name: is "android.widget.FrameLayout" and with id: android:id/content and is a child at 1th index of the matching parent: (with class name: is "android.widget.LinearLayout" and with id: 1 (resource name not found) and is a child at 0th index of the matching parent: (with class name: is "com.android.internal.policy.PhoneWindow$DecorView" and with id: 1 (resource name not found) and is a root view.))))))))))))
10-11 19:43:31.731: I/Remoter(1330): Saved screenshot to '/data/screenshots/__pmv__-0128.jpg'
10-11 19:43:31.821: D/MonitoringInstr(7189): execStartActivity(context, ibinder, ibinder, activity, intent, int, bundle
10-11 19:43:31.821: I/ActivityManager(1719): START u0 {cmp=org.runnerup/.view.AudioCueSettingsActivity} from uid 10084 on display 0
10-11 19:43:31.865: D/AudioFlinger(1347): mixer(0xb4400000) throttle end: throttle time(1)
10-11 19:43:31.879: D/LifecycleMonitor(7189): Lifecycle status change: org.runnerup.view.SettingsActivity@6be4e01 in: PAUSED
10-11 19:43:31.880: D/LifecycleMonitor(7189): Lifecycle status change: org.runnerup.view.MainLayout@df4ca96 in: PAUSED
10-11 19:43:31.900: D/LifecycleMonitor(7189): Lifecycle status change: org.runnerup.view.AudioCueSettingsActivity@78bda36 in: PRE_ON_CREATE
10-11 19:43:31.927: D/LifecycleMonitor(7189): Lifecycle status change: org.runnerup.view.AudioCueSettingsActivity@78bda36 in: CREATED
10-11 19:43:31.927: D/LifecycleMonitor(7189): Lifecycle status change: org.runnerup.view.AudioCueSettingsActivity@78bda36 in: STARTED
10-11 19:43:31.927: D/LifecycleMonitor(7189): Lifecycle status change: org.runnerup.view.AudioCueSettingsActivity@78bda36 in: RESUMED
10-11 19:43:31.933: I/Binder_3(1719): type=1400 audit(0.0:227): avc: denied { ioctl } for path="socket:[94573]" dev="sockfs" ino=94573 ioctlcmd=7704 scontext=u:r:system_server:s0 tcontext=u:r:system_server:s0 tclass=unix_stream_socket permissive=1
10-11 19:43:32.005: I/decoder(7298): INFO: Opening data source "voices/en-us-x-sfg-phone-hmm/phonology.pb" (as: FILE) ...
10-11 19:43:31.933: I/Binder_3(1719): type=1400 audit(0.0:228): avc: denied { ioctl } for path="socket:[94573]" dev="sockfs" ino=94573 ioctlcmd=7704 scontext=u:r:system_server:s0 tcontext=u:r:system_server:s0 tclass=unix_stream_socket permissive=1
10-11 19:43:32.017: I/decoder(7298): INFO: Opening data source "voices/en-us-x-sfg-phone-hmm/engine_config_en_us_embedded.pb" (as: FILE) ...
10-11 19:43:32.017: I/decoder(7298): INFO: Opening data source "voices/en-us-x-sfg-phone-hmm/compressed_lexicon_en_us.blex" (as: FILE) ...
10-11 19:43:32.120: I/GceGrallocRegionRegistry(1338): Mapped gralloc-1338.41 hnd=0xb6d0f440 fd=27 base=0xb1646000 format=RGBA_8888(0x1) width=1080 height=1920
10-11 19:43:32.120: I/GceGrallocRegionRegistry(1338): Mapped gralloc-1338.42 hnd=0xb6d0f480 fd=40 base=0xad51e000 format=RGBA_8888(0x1) width=1080 height=1920
10-11 19:43:32.120: I/GceGrallocRegionRegistry(1338): Mapped gralloc-1338.43 hnd=0xb6d0f4c0 fd=41 base=0xabd06000 format=RGBA_8888(0x1) width=1080 height=1920
10-11 19:43:32.162: I/TextToSpeech(7189): Connected to ComponentInfo{com.google.android.tts/com.google.android.tts.service.GoogleTTSService}
10-11 19:43:32.208: I/TextToSpeech(7189): Set up connection to ComponentInfo{com.google.android.tts/com.google.android.tts.service.GoogleTTSService}
10-11 19:43:32.412: I/GceGrallocRegionRegistry(7189): Mapped gralloc-1338.43 hnd=0x99b5d140 fd=37 base=0x97e46000 format=RGBA_8888(0x1) width=1080 height=1920
10-11 19:43:32.430: I/decoder(7298): INFO: Opening data source "voices/en-us-x-sfg-phone-hmm/verbalize_android.far" (as: FILE) ...
10-11 19:43:32.430: I/decoder(7298): INFO: Loading FST archive from "voices/en-us-x-sfg-phone-hmm/verbalize_android.far" ...
10-11 19:43:32.707: I/decoder(7298): INFO: Opening data source "voices/en-us-x-sfg-phone-hmm/resolve_homographs_simple_us.pb" (as: FILE) ...
10-11 19:43:32.745: I/decoder(7298): INFO: Opening data source "voices/en-us-x-sfg-phone-hmm/roman_numeral_contexts.pb" (as: FILE) ...
10-11 19:43:32.745: I/decoder(7298): INFO: Opening data source "voices/en-us-x-sfg-phone-hmm/roman_numeral_android.far" (as: FILE) ...
10-11 19:43:32.745: I/decoder(7298): INFO: Loading FST archive from "voices/en-us-x-sfg-phone-hmm/roman_numeral_android.far" ...
10-11 19:43:32.793: I/decoder(7298): INFO: Opening data source "voices/en-us-x-sfg-phone-hmm/mapping_grammar_android.far" (as: FILE) ...
10-11 19:43:32.793: I/decoder(7298): INFO: Loading FST archive from "voices/en-us-x-sfg-phone-hmm/mapping_grammar_android.far" ...
10-11 19:43:32.873: I/decoder(7298): INFO: Opening data source "voices/en-us-x-sfg-phone-hmm/phonology.cfg" (as: FILE) ...
10-11 19:43:32.877: I/decoder(7298): INFO: Opening data source "voices/en-us-x-sfg-phone-hmm/compile_hmm_phoneme.cfg" (as: FILE) ...
10-11 19:43:32.879: I/decoder(7298): INFO: Opening data source "voices/en-us-x-sfg-phone-hmm/engine_hmm_22050_vocaine-embedded_mcep.cfg" (as: FILE) ...
10-11 19:43:32.881: I/decoder(7298): INFO: Opening data source "voices/en-us-x-sfg-phone-hmm/patts1_hmm_voice_en_us_sfg_android_22050_phoneme_mcep_swop_ap_msd_bin_8bit.voice" (as: FILE) ...
10-11 19:43:32.994: I/decoder(7298): ERROR: Attempt to seek beyond buffer end (by 2 bytes)!
10-11 19:43:33.010: I/Remoter(1330): Saved screenshot to '/data/screenshots/__pmv__-0129.jpg'
10-11 19:43:33.731: I/decoder(7298): INFO: Initializing hybrid synthesizer ...
10-11 19:43:33.753: I/decoder(7298): INFO: Opening data source "voices/en-us-x-sfg-phone-hmm/g2p_m3_syls0_stress0_en-US.fst" (as: FILE) ...
10-11 19:43:33.769: I/decoder(7298): INFO: Loading FST from "voices/en-us-x-sfg-phone-hmm/g2p_m3_syls0_stress0_en-US.fst" ...
10-11 19:43:33.775: I/CheckinCompat(6499): Done disabling old GoogleServicesFramework version
10-11 19:43:34.168: W/art(1719): Long monitor contention event with owner method=void com.android.server.wm.WindowAnimator$1.doFrame(long) from WindowAnimator.java:121 waiters=1 for 125ms
10-11 19:43:34.169: W/art(1719): Long monitor contention event with owner method=java.util.List com.android.server.am.ActivityManagerService.getAllStackInfos() from ActivityManagerService.java:9019 waiters=0 for 1.246s
10-11 19:43:34.169: W/art(1719): Long monitor contention event with owner method=java.util.List com.android.server.am.ActivityManagerService.getAllStackInfos() from ActivityManagerService.java:9019 waiters=1 for 788ms
10-11 19:43:34.171: I/ActivityManager(1719): Displayed org.runnerup/.view.AudioCueSettingsActivity: +2s291ms
10-11 19:43:34.171: I/Keyboard.Facilitator(2050): onFinishInput()
10-11 19:43:34.197: I/Choreographer(7189): Skipped 117 frames!  The application may be doing too much work on its main thread.
10-11 19:43:34.257: I/GceGrallocRegionRegistry(7189): Mapped gralloc-1338.42 hnd=0x9ac7eec0 fd=36 base=0x97606000 format=RGBA_8888(0x1) width=1080 height=1920
10-11 19:43:34.163: I/Binder_2(1719): type=1400 audit(0.0:229): avc: denied { ioctl } for path="socket:[93344]" dev="sockfs" ino=93344 ioctlcmd=7704 scontext=u:r:system_server:s0 tcontext=u:r:system_server:s0 tclass=unix_stream_socket permissive=1
10-11 19:43:34.163: I/Binder_2(1719): type=1400 audit(0.0:230): avc: denied { ioctl } for path="socket:[93344]" dev="sockfs" ino=93344 ioctlcmd=7704 scontext=u:r:system_server:s0 tcontext=u:r:system_server:s0 tclass=unix_stream_socket permissive=1
10-11 19:43:34.519: W/art(1719): Long monitor contention event with owner method=void com.android.server.wm.WindowAnimator$1.doFrame(long) from WindowAnimator.java:121 waiters=0 for 156ms
10-11 19:43:34.528: I/Remoter(1330): Saved screenshot to '/data/screenshots/__pmv__-0130.jpg'
10-11 19:43:34.614: I/decoder(7298): INFO: G2P FST loaded (57 graphemes and 41 phonemes).
10-11 19:43:34.689: I/decoder(7298): INFO: Opening data source "voices/en-us-x-sfg-phone-hmm/feats_android.far" (as: FILE) ...
10-11 19:43:34.689: I/decoder(7298): INFO: Loading FST archive from "voices/en-us-x-sfg-phone-hmm/feats_android.far" ...
10-11 19:43:34.689: I/decoder(7298): INFO: Opening data source "voices/en-us-x-sfg-phone-hmm/lseq_compact_model_farm32.pb" (as: FILE) ...
10-11 19:43:34.692: I/decoder(7298): INFO: Opening data source "voices/en-us-x-sfg-phone-hmm/rewrite_android.far" (as: FILE) ...
10-11 19:43:34.692: I/decoder(7298): INFO: Loading FST archive from "voices/en-us-x-sfg-phone-hmm/rewrite_android.far" ...
10-11 19:43:34.718: I/decoder(7298): INFO: Opening data source "voices/en-us-x-sfg-phone-hmm/tokenize_and_classify_embedded_android.far" (as: FILE) ...
10-11 19:43:34.718: I/decoder(7298): INFO: Loading FST archive from "voices/en-us-x-sfg-phone-hmm/tokenize_and_classify_embedded_android.far" ...
10-11 19:43:34.731: E/TrackerComponentCollection(7189): TTS onInit => RESULT_OK
10-11 19:43:34.731: E/TrackerComponentCollection(7189):  => runCallback()
10-11 19:43:34.731: E/org.runnerup.tracker.Tracker$1(7189): state.set(INITIALIZED)
10-11 19:43:34.731: E/TrackerComponentCollection(7189): Pressure onEnd => RESULT_OK
10-11 19:43:34.732: E/TrackerComponentCollection(7189): TTS onEnd => RESULT_OK
10-11 19:43:34.732: E/TrackerComponentCollection(7189): Elevation onEnd => RESULT_OK
10-11 19:43:34.732: E/TrackerComponentCollection(7189): GPS onEnd => RESULT_OK
10-11 19:43:34.732: E/TrackerComponentCollection(7189): Cadence onEnd => RESULT_OK
10-11 19:43:34.732: E/TrackerComponentCollection(7189): WEAR onEnd => RESULT_OK
10-11 19:43:34.732: E/ActivityThread(7189): Failed to find provider info for com.getpebble.android.provider.basalt
10-11 19:43:34.732: E/ActivityThread(7189): Failed to find provider info for com.getpebble.android.provider
10-11 19:43:34.732: E/TrackerComponentCollection(7189): PEBBLE onEnd => RESULT_OK
10-11 19:43:34.732: E/TrackerComponentCollection(7189): HRM onEnd => RESULT_OK
10-11 19:43:34.732: E/TrackerComponentCollection(7189): Receiver onEnd => RESULT_OK
10-11 19:43:34.732: E/TrackerComponentCollection(7189): Temperature onEnd => RESULT_OK
10-11 19:43:34.732: E/TrackerComponentCollection(7189):  => return directly
10-11 19:43:34.732: I/Choreographer(7189): Skipped 31 frames!  The application may be doing too much work on its main thread.
10-11 19:43:34.733: I/GceGrallocRegionRegistry(7189): Unmapped gralloc-1338.36 hnd=0xad94ec00 fd=32 base=0x99bc6000
10-11 19:43:34.733: I/GceGrallocRegionRegistry(7189): Unmapped gralloc-1338.37 hnd=0xad94ee40 fd=35 base=0x9a406000
10-11 19:43:34.734: I/GceGrallocRegionRegistry(7189): Unmapped gralloc-1338.38 hnd=0xa9fc9240 fd=33 base=0x9ac86000
10-11 19:43:34.734: I/GceGrallocRegionRegistry(1338): Unmapped gralloc-1338.37 hnd=0xb1605040 fd=38 base=0xaed0c000
10-11 19:43:34.736: I/GceGrallocRegionRegistry(1338): Unmapped gralloc-1338.38 hnd=0xb1605080 fd=39 base=0xae512000
10-11 19:43:34.783: I/GceGrallocRegionRegistry(7189): Mapped gralloc-1338.41 hnd=0x9a3cf740 fd=32 base=0x9ac86000 format=RGBA_8888(0x1) width=1080 height=1920
10-11 19:43:34.809: I/GceGrallocRegionRegistry(1338): Unmapped gralloc-1338.36 hnd=0xb1605000 fd=29 base=0xaf506000
10-11 19:43:35.008: D/LifecycleMonitor(7189): Lifecycle status change: org.runnerup.view.StartActivity@bba2473 in: STOPPED
10-11 19:43:35.008: D/LifecycleMonitor(7189): Lifecycle status change: org.runnerup.view.SettingsActivity@6be4e01 in: STOPPED
10-11 19:43:35.008: D/LifecycleMonitor(7189): Lifecycle status change: org.runnerup.view.MainLayout@df4ca96 in: STOPPED
10-11 19:43:35.065: W/CursorWrapperInner(5344): Cursor finalized without prior close()
10-11 19:43:35.066: I/ActivityManager(1719): Killing 5508:com.google.android.calendar/u0a32 (adj 15): empty #17
10-11 19:43:35.073: I/ViewInteraction(7189): Performing 'Extracts screen state.' action on view is a root view.
10-11 19:43:35.073: W/ResourceType(7189): No known package when getting name for resource number 0xffffffff
10-11 19:43:35.075: W/ResourceType(7189): No known package when getting name for resource number 0xffffffff
10-11 19:43:35.083: W/ResourceType(7189): No known package when getting name for resource number 0xffffffff
10-11 19:43:35.113: D/ActivityManager(1719): cleanUpApplicationRecord -- 5508
10-11 19:43:35.124: W/ResourceType(7189): No known package when getting name for resource number 0xffffffff
10-11 19:43:35.125: W/ResourceType(7189): No known package when getting name for resource number 0xffffffff
10-11 19:43:35.125: W/ResourceType(7189): No known package when getting name for resource number 0xffffffff
10-11 19:43:35.126: W/ResourceType(7189): No known package when getting name for resource number 0xffffffff
10-11 19:43:35.127: W/ResourceType(7189): No known package when getting name for resource number 0xffffffff
10-11 19:43:35.128: W/ResourceType(7189): No known package when getting name for resource number 0xffffffff
10-11 19:43:35.128: W/ResourceType(7189): No known package when getting name for resource number 0xffffffff
10-11 19:43:35.131: W/ResourceType(7189): No known package when getting name for resource number 0xffffffff
10-11 19:43:35.133: I/gce.meta.proxy(976): type=1400 audit(0.0:231): avc: denied { create } for scontext=u:r:kernel:s0 tcontext=u:r:kernel:s0 tclass=tcp_socket permissive=1
10-11 19:43:35.133: I/gce.meta.proxy(976): type=1400 audit(0.0:232): avc: denied { name_connect } for dest=80 scontext=u:r:kernel:s0 tcontext=u:object_r:port:s0 tclass=tcp_socket permissive=1
10-11 19:43:35.131: W/ResourceType(7189): No known package when getting name for resource number 0xffffffff
10-11 19:43:35.135: I/MetadataService(1330): Processed 0 update/creates for instance/attributes/
10-11 19:43:35.135: I/MetadataService(1330): Processed 0 update/creates for project/attributes/
10-11 19:43:35.159: I/decoder(7298): INFO: Opening data source "voices/en-us-x-sfg-phone-hmm/en_us.embedded.model.pb" (as: FILE) ...
10-11 19:43:35.173: W/ResourceType(7189): No known package when getting name for resource number 0xffffffff
10-11 19:43:35.174: W/ResourceType(7189): No known package when getting name for resource number 0xffffffff
10-11 19:43:35.176: W/ResourceType(7189): No known package when getting name for resource number 0xffffffff
10-11 19:43:35.177: W/ResourceType(7189): No known package when getting name for resource number 0xffffffff
10-11 19:43:35.179: W/ResourceType(7189): No known package when getting name for resource number 0xffffffff
10-11 19:43:35.180: W/ResourceType(7189): No known package when getting name for resource number 0xffffffff
10-11 19:43:35.182: W/ResourceType(7189): No known package when getting name for resource number 0xffffffff
10-11 19:43:35.183: W/ResourceType(7189): No known package when getting name for resource number 0xffffffff
10-11 19:43:35.184: W/ResourceType(7189): No known package when getting name for resource number 0xffffffff
10-11 19:43:35.184: W/ResourceType(7189): No known package when getting name for resource number 0xffffffff
10-11 19:43:35.200: I/GceGrallocRegionRegistry(1338): Mapped gralloc-1338.44 hnd=0xb1605040 fd=39 base=0xaf506000 format=RGBA_8888(0x1) width=1080 height=1920
10-11 19:43:35.200: I/GceGrallocRegionRegistry(7171): Mapped gralloc-1338.44 hnd=0xb3f3f3c0 fd=11 base=0xacd49000 format=RGBA_8888(0x1) width=1080 height=1920
10-11 19:43:35.200: I/GceGrallocRegionRegistry(1338): Unmapped gralloc-1338.44 hnd=0xb1605040 fd=39 base=0xaf506000
10-11 19:43:35.200: I/GceGrallocRegionRegistry(1338): Mapped gralloc-1338.44 hnd=0xb1605000 fd=42 base=0xaf506000 format=RGBA_8888(0x1) width=1080 height=1920
10-11 19:43:35.258: I/GceGrallocRegionRegistry(1338): Unmapped gralloc-1338.44 hnd=0xb1605000 fd=42 base=0xaf506000
10-11 19:43:35.295: I/System.out(7140): INFO: New Screen: Optional.of(ScreenNode {Id=3, PackageName=org.runnerup, ActivityName=Optional.of(org.runnerup.view.AudioCueSettingsActivity)})
10-11 19:43:35.708: I/Remoter(1330): Saved screenshot to '/data/screenshots/__pmv__-0131.jpg'
10-11 19:43:35.719: W/ResourceType(7189): No package identifier when getting name for resource number 0x00000001
10-11 19:43:35.720: W/ResourceType(7189): No package identifier when getting name for resource number 0x00000001
10-11 19:43:35.720: W/ResourceType(7189): No package identifier when getting name for resource number 0x00000001
10-11 19:43:35.720: I/ViewInteraction(7189): Performing 'single click' action on view (with class name: is "android.widget.LinearLayout" and with id: 1 (resource name not found) and is a child at 1th index of the matching parent: (with class name: is "android.widget.ListView" and with id: android:id/list and is a child at 1th index of the matching parent: (with class name: is "android.widget.RelativeLayout" and with id: org.runnerup:id/relative_layout1 and is a child at 0th index of the matching parent: (with class name: is "android.widget.FrameLayout" and with id: android:id/content and is a child at 1th index of the matching parent: (with class name: is "android.widget.LinearLayout" and with id: 1 (resource name not found) and is a child at 0th index of the matching parent: (with class name: is "com.android.internal.policy.PhoneWindow$DecorView" and with id: 1 (resource name not found) and is a root view.))))))
10-11 19:43:35.893: I/decoder(7298): INFO: Voice information: description: "Blaze-generated patts1_hmm_phone voice for en_us (speaker sfg; sample rate 22050; size android)"
10-11 19:43:35.893: I/decoder(7298): language: "en"
10-11 19:43:35.893: I/decoder(7298): region: "us"
10-11 19:43:35.893: I/decoder(7298): speaker: "sfg"
10-11 19:43:35.893: I/decoder(7298): gender: "female"
10-11 19:43:35.893: I/decoder(7298): quality: "normal"
10-11 19:43:35.893: I/decoder(7298): sample_rate: 22050
10-11 19:43:35.893: I/decoder(7298): server_voice_name: "sfg-phone-hmm"
10-11 19:43:35.897: I/decoder(7298): INFO: LinearLseqRanker: using FarmHash32
10-11 19:43:35.928: D/AudioFlinger(1347): mixer(0xb4400000) throttle end: throttle time(11)
10-11 19:43:35.933: W/art(7298): Long monitor contention event with owner method=boolean com.google.speech.tts.engine.AbstractTtsController.jniInit(long, java.lang.String, java.lang.String) from AbstractTtsController.java:4294967294 waiters=0 for 1.201s
10-11 19:43:36.095: I/ActivityManager(1719): Killing 6186:com.google.android.configupdater/u0a4 (adj 15): empty #17
10-11 19:43:36.145: D/ActivityManager(1719): cleanUpApplicationRecord -- 6186
10-11 19:43:36.328: I/GceRil(1343): Received request 19
10-11 19:43:36.328: I/GceRil(1343): Reporting signal strength: GW=28 CDMA=-74 EVDO=-135 LTE=7
10-11 19:43:36.794: I/ViewInteraction(7189): Performing 'Extracts screen state.' action on view is a root view.
10-11 19:43:36.794: W/ResourceType(7189): No known package when getting name for resource number 0xffffffff
10-11 19:43:36.796: W/ResourceType(7189): No known package when getting name for resource number 0xffffffff
10-11 19:43:36.807: W/ResourceType(7189): No known package when getting name for resource number 0xffffffff
10-11 19:43:36.818: W/ResourceType(7189): No known package when getting name for resource number 0xffffffff
10-11 19:43:36.820: W/ResourceType(7189): No known package when getting name for resource number 0xffffffff
10-11 19:43:36.821: W/ResourceType(7189): No known package when getting name for resource number 0xffffffff
10-11 19:43:36.823: W/ResourceType(7189): No known package when getting name for resource number 0xffffffff
10-11 19:43:36.824: W/ResourceType(7189): No known package when getting name for resource number 0xffffffff
10-11 19:43:36.851: W/ResourceType(7189): No known package when getting name for resource number 0xffffffff
10-11 19:43:36.852: W/ResourceType(7189): No known package when getting name for resource number 0xffffffff
10-11 19:43:36.855: W/ResourceType(7189): No known package when getting name for resource number 0xffffffff
10-11 19:43:36.856: W/ResourceType(7189): No known package when getting name for resource number 0xffffffff
10-11 19:43:36.860: W/ResourceType(7189): No known package when getting name for resource number 0xffffffff
10-11 19:43:36.861: W/ResourceType(7189): No known package when getting name for resource number 0xffffffff
10-11 19:43:36.864: W/ResourceType(7189): No known package when getting name for resource number 0xffffffff
10-11 19:43:36.869: W/ResourceType(7189): No known package when getting name for resource number 0xffffffff
10-11 19:43:36.871: W/ResourceType(7189): No known package when getting name for resource number 0xffffffff
10-11 19:43:36.872: W/ResourceType(7189): No known package when getting name for resource number 0xffffffff
10-11 19:43:36.874: W/ResourceType(7189): No known package when getting name for resource number 0xffffffff
10-11 19:43:36.879: W/ResourceType(7189): No known package when getting name for resource number 0xffffffff
10-11 19:43:36.880: W/ResourceType(7189): No known package when getting name for resource number 0xffffffff
10-11 19:43:36.881: W/ResourceType(7189): No known package when getting name for resource number 0xffffffff
10-11 19:43:36.894: I/GceGrallocRegionRegistry(1338): Mapped gralloc-1338.45 hnd=0xb6d0f3c0 fd=39 base=0xaf506000 format=RGBA_8888(0x1) width=1080 height=1920
10-11 19:43:36.894: I/GceGrallocRegionRegistry(7171): Mapped gralloc-1338.45 hnd=0xb3f3f480 fd=12 base=0xabc67000 format=RGBA_8888(0x1) width=1080 height=1920
10-11 19:43:36.894: I/GceGrallocRegionRegistry(1338): Unmapped gralloc-1338.45 hnd=0xb6d0f3c0 fd=39 base=0xaf506000
10-11 19:43:36.894: I/GceGrallocRegionRegistry(1338): Mapped gralloc-1338.45 hnd=0xb6d0f280 fd=42 base=0xaf506000 format=RGBA_8888(0x1) width=1080 height=1920
10-11 19:43:36.922: I/Remoter(1330): Saved screenshot to '/data/screenshots/__pmv__-0132.jpg'
10-11 19:43:36.960: I/GceGrallocRegionRegistry(7171): Unmapped gralloc-1338.44 hnd=0xb3f3f3c0 fd=11 base=0xacd49000
10-11 19:43:36.979: I/System.out(7140): INFO: Already Exists: Optional.of(ScreenNode {Id=3, PackageName=org.runnerup, ActivityName=Optional.of(org.runnerup.view.AudioCueSettingsActivity)})
10-11 19:43:36.993: I/GceMetadataClient(3205): Received updated metadata.
10-11 19:43:37.005: W/ResourceType(7189): No package identifier when getting name for resource number 0x00000001
10-11 19:43:37.005: W/ResourceType(7189): No package identifier when getting name for resource number 0x00000001
10-11 19:43:37.005: I/ViewInteraction(7189): Performing 'single click' action on view (with class name: is "android.widget.LinearLayout" and with id: org.runnerup:id/title_spinner and is a child at 0th index of the matching parent: (with class name: is "org.runnerup.widget.TitleSpinner" and with id: org.runnerup:id/settings_spinner and is a child at 0th index of the matching parent: (with class name: is "android.widget.RelativeLayout" and with id: org.runnerup:id/relative_layout1 and is a child at 0th index of the matching parent: (with class name: is "android.widget.FrameLayout" and with id: android:id/content and is a child at 1th index of the matching parent: (with class name: is "android.widget.LinearLayout" and with id: 1 (resource name not found) and is a child at 0th index of the matching parent: (with class name: is "com.android.internal.policy.PhoneWindow$DecorView" and with id: 1 (resource name not found) and is a root view.))))))
10-11 19:43:37.010: W/UdcContextManagerHelper(2346): Empty context buffer. Thus might mean that the context is not synced down.
10-11 19:43:37.010: W/UploadOptInStatusOp(2346): Empty context model while retrieving upload opt-in status!
10-11 19:43:37.024: I/art(7189): Background partial concurrent mark sweep GC freed 29244(1157KB) AllocSpace objects, 1(20KB) LOS objects, 40% free, 21MB/36MB, paused 13.145ms total 49.521ms
10-11 19:43:37.043: I/GceRil(1343): Received request 19
10-11 19:43:37.043: I/GceRil(1343): Reporting signal strength: GW=27 CDMA=-75 EVDO=-136 LTE=6
10-11 19:43:37.044: I/GceGrallocRegionRegistry(1338): Unmapped gralloc-1338.45 hnd=0xb6d0f280 fd=42 base=0xaf506000
10-11 19:43:37.108: D/AudioFlinger(1347): mixer(0xb4400000) throttle end: throttle time(1)
10-11 19:43:37.093: I/Binder_5(1719): type=1400 audit(0.0:233): avc: denied { ioctl } for path="socket:[94915]" dev="sockfs" ino=94915 ioctlcmd=7704 scontext=u:r:system_server:s0 tcontext=u:r:system_server:s0 tclass=unix_stream_socket permissive=1
10-11 19:43:37.122: I/Auth(2346): [ReflectiveChannelBinder] Successfully bound channel!
10-11 19:43:37.093: I/Binder_5(1719): type=1400 audit(0.0:234): avc: denied { ioctl } for path="socket:[94915]" dev="sockfs" ino=94915 ioctlcmd=7704 scontext=u:r:system_server:s0 tcontext=u:r:system_server:s0 tclass=unix_stream_socket permissive=1
10-11 19:43:37.163: I/GceGrallocRegionRegistry(1338): Mapped gralloc-1338.46 hnd=0xb1605080 fd=29 base=0xb2766000 format=RGBA_8888(0x1) width=1194 height=790
10-11 19:43:37.163: I/GceGrallocRegionRegistry(1338): Mapped gralloc-1338.47 hnd=0xb1e77a40 fd=38 base=0xaf955000 format=RGBA_8888(0x1) width=1194 height=790
10-11 19:43:37.163: I/GceGrallocRegionRegistry(1338): Mapped gralloc-1338.48 hnd=0xb1e77900 fd=39 base=0xaf5aa000 format=RGBA_8888(0x1) width=1194 height=790
10-11 19:43:37.168: D/AudioFlinger(1347): mixer(0xb4400000) throttle end: throttle time(4)
10-11 19:43:37.184: W/Conscrypt(2346): Could not set socket write timeout:
10-11 19:43:37.184: W/Conscrypt(2346):    java.lang.reflect.Method.invoke(Native Method)
10-11 19:43:37.184: W/Conscrypt(2346):    com.google.android.gms.org.conscrypt.Platform.setSocketWriteTimeout(:com.google.android.gms@11519470:13)
10-11 19:43:37.187: W/Conscrypt(2346): Could not set socket write timeout:
10-11 19:43:37.187: W/Conscrypt(2346):    java.lang.reflect.Method.invoke(Native Method)
10-11 19:43:37.187: W/Conscrypt(2346):    com.google.android.gms.org.conscrypt.Platform.setSocketWriteTimeout(:com.google.android.gms@11519470:13)
10-11 19:43:37.284: W/Auth(2346): [GetToken] GetToken failed with status code: INVALID_SCOPE
10-11 19:43:37.284: W/AuthSessionAuthenticato(2346): Auth related exception is being ignored: INVALID_SCOPE
10-11 19:43:37.297: W/GLSUser(2346): [DeviceKeyStore] Cannot load key: Device key file not found.
10-11 19:43:37.326: D/WVCdm(1347): Instantiating CDM.
10-11 19:43:37.327: I/WVCdm(1347): CdmEngine::OpenSession
10-11 19:43:37.327: I/WVCdm(1347): Level3 Library Jun 15 2015 14:09:10
10-11 19:43:37.327: W/WVCdm(1347): Could not read /data/mediadrm/IDM1013/ay64.dat2: No such file or directory
10-11 19:43:37.327: W/WVCdm(1347): Could not load liboemcrypto.so. Falling back to L3.  dlopen failed: library "liboemcrypto.so" not found
10-11 19:43:37.337: I/WVCdm(1347): CdmEngine::QueryKeyControlInfo
10-11 19:43:37.337: W/WVCdm(1347): BufferReader::Read<T> : Failure during parse: Not enough bytes (4)
10-11 19:43:37.337: W/WVCdm(1347): CdmEngine::ExtractWidevinePssh: Unable to read atom size.
10-11 19:43:37.337: I/WVCdm(1347): CdmEngine::GenerateKeyRequest
10-11 19:43:37.338: D/WVCdm(1347): PrepareKeyRequest: nonce=1065415925
10-11 19:43:37.356: I/Finsky(6602): [455] com.google.android.finsky.contentfilterui.m.a(8): Received content filters request from sharedUserId=com.google.uid.shared:10010
10-11 19:43:37.403: I/Binder_2(5411): type=1400 audit(0.0:235): avc: denied { getattr } for name="/" dev="tracefs" ino=1 scontext=u:r:untrusted_app:s0:c512,c768 tcontext=u:object_r:unlabeled:s0 tclass=filesystem permissive=1
10-11 19:43:37.444: W/Conscrypt(2346): Could not set socket write timeout:
10-11 19:43:37.445: W/Conscrypt(2346):    java.lang.reflect.Method.invoke(Native Method)
10-11 19:43:37.445: W/Conscrypt(2346):    com.google.android.gms.org.conscrypt.Platform.setSocketWriteTimeout(:com.google.android.gms@11519470:13)
10-11 19:43:37.484: W/Auth(2346): [GetToken] GetToken failed with status code: INVALID_SCOPE
10-11 19:43:37.484: W/GLSActivity(2346): dzf: INVALID_SCOPE
10-11 19:43:37.484: W/GLSActivity(2346): 	at dzj.a(:com.google.android.gms@11519470:16)
10-11 19:43:37.484: W/GLSActivity(2346): 	at dzi.a(:com.google.android.gms@11519470:2)
10-11 19:43:37.484: W/GLSActivity(2346): 	at dzi.e(:com.google.android.gms@11519470:6)
10-11 19:43:37.484: W/GLSActivity(2346): 	at dzh.a(:com.google.android.gms@11519470:1)
10-11 19:43:37.484: W/GLSActivity(2346): 	at eax.getAuthToken(:com.google.android.gms@11519470:7)
10-11 19:43:37.484: W/GLSActivity(2346): 	at android.accounts.AbstractAccountAuthenticator$Transport.getAuthToken(AbstractAccountAuthenticator.java:214)
10-11 19:43:37.484: W/GLSActivity(2346): 	at android.accounts.IAccountAuthenticator$Stub.onTransact(IAccountAuthenticator.java:113)
10-11 19:43:37.484: W/GLSActivity(2346): 	at android.os.Binder.transact(Binder.java:387)
10-11 19:43:37.484: W/GLSActivity(2346): 	at buy.onTransact(:com.google.android.gms@11519470:3)
10-11 19:43:37.484: W/GLSActivity(2346): 	at android.os.Binder.execTransact(Binder.java:453)
10-11 19:43:37.485: E/InstantApps(2346): getTokenWithNotification failed
10-11 19:43:37.485: E/InstantApps(2346): android.accounts.AuthenticatorException: INVALID_SCOPE
10-11 19:43:37.485: E/InstantApps(2346): 	at android.accounts.AccountManager.convertErrorToException(AccountManager.java:2143)
10-11 19:43:37.485: E/InstantApps(2346): 	at android.accounts.AccountManager.-wrap0(AccountManager.java)
10-11 19:43:37.485: E/InstantApps(2346): 	at android.accounts.AccountManager$AmsTask$Response.onError(AccountManager.java:1993)
10-11 19:43:37.485: E/InstantApps(2346): 	at android.accounts.IAccountManagerResponse$Stub.onTransact(IAccountManagerResponse.java:69)
10-11 19:43:37.485: E/InstantApps(2346): 	at android.os.Binder.execTransact(Binder.java:453)
10-11 19:43:37.485: E/InstantApps(2346): RouterBackendClient: updateUserPrefs failed
10-11 19:43:37.485: E/InstantApps(2346): vbh: getTokenWithNotification failed
10-11 19:43:37.485: E/InstantApps(2346): 	at vbg.a(:com.google.android.gms@11519470:7)
10-11 19:43:37.485: E/InstantApps(2346): 	at vay.b(:com.google.android.gms@11519470:13)
10-11 19:43:37.485: E/InstantApps(2346): 	at vay.a(:com.google.android.gms@11519470)
10-11 19:43:37.485: E/InstantApps(2346): 	at vbj.call(:com.google.android.gms@11519470:2)
10-11 19:43:37.485: E/InstantApps(2346): 	at java.util.concurrent.FutureTask.run(FutureTask.java:237)
10-11 19:43:37.485: E/InstantApps(2346): 	at mmo.run(:com.google.android.gms@11519470:25)
10-11 19:43:37.485: E/InstantApps(2346): 	at java.util.concurrent.ThreadPoolExecutor.runWorker(ThreadPoolExecutor.java:1113)
10-11 19:43:37.485: E/InstantApps(2346): 	at java.util.concurrent.ThreadPoolExecutor$Worker.run(ThreadPoolExecutor.java:588)
10-11 19:43:37.485: E/InstantApps(2346): 	at mrv.run(:com.google.android.gms@11519470)
10-11 19:43:37.485: E/InstantApps(2346): 	at java.lang.Thread.run(Thread.java:818)
10-11 19:43:37.485: E/InstantApps(2346): Caused by: android.accounts.AuthenticatorException: INVALID_SCOPE
10-11 19:43:37.485: E/InstantApps(2346): 	at android.accounts.AccountManager.convertErrorToException(AccountManager.java:2143)
10-11 19:43:37.485: E/InstantApps(2346): 	at android.accounts.AccountManager.-wrap0(AccountManager.java)
10-11 19:43:37.485: E/InstantApps(2346): 	at android.accounts.AccountManager$AmsTask$Response.onError(AccountManager.java:1993)
10-11 19:43:37.485: E/InstantApps(2346): 	at android.accounts.IAccountManagerResponse$Stub.onTransact(IAccountManagerResponse.java:69)
10-11 19:43:37.485: E/InstantApps(2346): 	at android.os.Binder.execTransact(Binder.java:453)
10-11 19:43:37.485: E/InstantApps(2346): UserPrefsUpdater: Failed updateUserPrefs: status=0
10-11 19:43:37.500: W/Conscrypt(2346): Could not set socket write timeout:
10-11 19:43:37.500: W/Conscrypt(2346):    java.lang.reflect.Method.invoke(Native Method)
10-11 19:43:37.500: W/Conscrypt(2346):    com.google.android.gms.org.conscrypt.Platform.setSocketWriteTimeout(:com.google.android.gms@11519470:13)
10-11 19:43:37.570: W/Auth(2346): [GetToken] GetToken failed with status code: INVALID_SCOPE
10-11 19:43:37.570: W/GLSActivity(2346): dzf: INVALID_SCOPE
10-11 19:43:37.570: W/GLSActivity(2346): 	at dzj.a(:com.google.android.gms@11519470:16)
10-11 19:43:37.570: W/GLSActivity(2346): 	at dzi.a(:com.google.android.gms@11519470:2)
10-11 19:43:37.570: W/GLSActivity(2346): 	at dzi.e(:com.google.android.gms@11519470:6)
10-11 19:43:37.570: W/GLSActivity(2346): 	at dzh.a(:com.google.android.gms@11519470:1)
10-11 19:43:37.570: W/GLSActivity(2346): 	at eax.getAuthToken(:com.google.android.gms@11519470:7)
10-11 19:43:37.570: W/GLSActivity(2346): 	at android.accounts.AbstractAccountAuthenticator$Transport.getAuthToken(AbstractAccountAuthenticator.java:214)
10-11 19:43:37.570: W/GLSActivity(2346): 	at android.accounts.IAccountAuthenticator$Stub.onTransact(IAccountAuthenticator.java:113)
10-11 19:43:37.570: W/GLSActivity(2346): 	at android.os.Binder.transact(Binder.java:387)
10-11 19:43:37.570: W/GLSActivity(2346): 	at buy.onTransact(:com.google.android.gms@11519470:3)
10-11 19:43:37.570: W/GLSActivity(2346): 	at android.os.Binder.execTransact(Binder.java:453)
10-11 19:43:37.571: E/InstantApps(2346): getTokenWithNotification failed
10-11 19:43:37.571: E/InstantApps(2346): android.accounts.AuthenticatorException: INVALID_SCOPE
10-11 19:43:37.571: E/InstantApps(2346): 	at android.accounts.AccountManager.convertErrorToException(AccountManager.java:2143)
10-11 19:43:37.571: E/InstantApps(2346): 	at android.accounts.AccountManager.-wrap0(AccountManager.java)
10-11 19:43:37.571: E/InstantApps(2346): 	at android.accounts.AccountManager$AmsTask$Response.onError(AccountManager.java:1993)
10-11 19:43:37.571: E/InstantApps(2346): 	at android.accounts.IAccountManagerResponse$Stub.onTransact(IAccountManagerResponse.java:69)
10-11 19:43:37.571: E/InstantApps(2346): 	at android.os.Binder.execTransact(Binder.java:453)
10-11 19:43:37.572: E/InstantApps(2346): DomainFilterImpl: Error while reading domain filter from WHAPI
10-11 19:43:37.572: E/InstantApps(2346): java.util.concurrent.ExecutionException: bafm: UNAUTHENTICATED
10-11 19:43:37.572: E/InstantApps(2346): 	at java.util.concurrent.FutureTask.report(FutureTask.java:94)
10-11 19:43:37.572: E/InstantApps(2346): 	at java.util.concurrent.FutureTask.get(FutureTask.java:164)
10-11 19:43:37.572: E/InstantApps(2346): 	at vbi.get(:com.google.android.gms@11519470:2)
10-11 19:43:37.572: E/InstantApps(2346): 	at vfo.a(:com.google.android.gms@11519470:7)
10-11 19:43:37.572: E/InstantApps(2346): 	at vfo.a(:com.google.android.gms@11519470:54)
10-11 19:43:37.572: E/InstantApps(2346): 	at vfo.a(:com.google.android.gms@11519470:120)
10-11 19:43:37.572: E/InstantApps(2346): 	at vfl.a(:com.google.android.gms@11519470:1)
10-11 19:43:37.572: E/InstantApps(2346): 	at com.google.android.gms.instantapps.routing.DomainFilterUpdateChimeraService.a(:com.google.android.gms@11519470:10)
10-11 19:43:37.572: E/InstantApps(2346): 	at ssv.run(:com.google.android.gms@11519470:1)
10-11 19:43:37.572: E/InstantApps(2346): 	at java.util.concurrent.ThreadPoolExecutor.runWorker(ThreadPoolExecutor.java:1113)
10-11 19:43:37.572: E/InstantApps(2346): 	at java.util.concurrent.ThreadPoolExecutor$Worker.run(ThreadPoolExecutor.java:588)
10-11 19:43:37.572: E/InstantApps(2346): 	at java.lang.Thread.run(Thread.java:818)
10-11 19:43:37.572: E/InstantApps(2346): Caused by: bafm: UNAUTHENTICATED
10-11 19:43:37.572: E/InstantApps(2346): 	at vaw.b(:com.google.android.gms@11519470:31)
10-11 19:43:37.572: E/InstantApps(2346): 	at vaw.a(:com.google.android.gms@11519470)
10-11 19:43:37.572: E/InstantApps(2346): 	at vbj.call(:com.google.android.gms@11519470:2)
10-11 19:43:37.572: E/InstantApps(2346): 	at java.util.concurrent.FutureTask.run(FutureTask.java:237)
10-11 19:43:37.572: E/InstantApps(2346): 	at mmo.run(:com.google.android.gms@11519470:25)
