11-05 09:33:45.887: I/PackageManager(1705):   Category: "android.intent.category.DEFAULT"
11-05 09:33:45.887: I/PackageManager(1705):   Scheme: "mmsto"
11-05 09:33:45.887: D/dalvikvm(1705): GC_EXPLICIT freed 1300K, 14% free 9233K/10700K, paused 0ms+2ms, total 52ms
11-05 09:33:45.887: D/dalvikvm(1705): WAIT_FOR_CONCURRENT_GC blocked 5ms
11-05 09:33:45.887: D/dalvikvm(1705): WAIT_FOR_CONCURRENT_GC blocked 4ms
11-05 09:33:45.887: D/AndroidRuntime(4702): Shutting down VM
11-05 09:33:45.887: I/PackageManager(1705): Adding preferred activity ComponentInfo{com.android.mms/com.android.mms.ui.ComposeMessageActivity} for user 0 :
11-05 09:33:45.887: I/ActivityManager(1705): Resuming delayed broadcast
11-05 09:33:45.897: D/dalvikvm(4702): GC_CONCURRENT freed 93K, 15% free 552K/648K, paused 1ms+0ms, total 1ms
11-05 09:33:45.897: I/PackageManager(1705):   Action: "android.intent.action.SENDTO"
11-05 09:33:45.897: I/PackageManager(1705):   Category: "android.intent.category.DEFAULT"
11-05 09:33:45.897: I/PackageManager(1705):   Scheme: "sms"
11-05 09:33:45.897: W/ResourceType(1705): Failure getting entry for 0x7f060000 (t=5 e=0) in package 0 (error -75)
11-05 09:33:45.897: I/PackageManager(1705): Adding preferred activity ComponentInfo{com.android.mms/com.android.mms.ui.ComposeMessageActivity} for user 0 :
11-05 09:33:45.907: D/dalvikvm(1861): GC_FOR_ALLOC freed 375K, 13% free 4159K/4756K, paused 3ms, total 3ms
11-05 09:33:45.907: D/dalvikvm(1861): GC_CONCURRENT freed <1K, 13% free 4164K/4756K, paused 1ms+0ms, total 4ms
11-05 09:33:45.907: I/PackageManager(1705):   Action: "android.intent.action.SENDTO"
11-05 09:33:45.907: I/PackageManager(1705):   Category: "android.intent.category.DEFAULT"
11-05 09:33:45.907: I/PackageManager(1705):   Scheme: "smsto"
11-05 09:33:45.907: I/Icing.InternalIcingCorporaProvider(4558): Updating corpora: A: com.google.android.apps.auth.test.support, C: MAYBE
11-05 09:33:45.907: I/ActivityManager(1705): Delay finish: com.google.android.googlequicksearchbox/com.google.android.search.core.summons.icing.InternalIcingCorporaProvider$CorporaChangedReceiver
11-05 09:33:45.907: I/PackageManager(1705): Adding preferred activity ComponentInfo{com.android.mms/com.android.mms.ui.ComposeMessageActivity} for user 0 :
11-05 09:33:45.917: I/PackageManager(1705):   Action: "android.intent.action.SENDTO"
11-05 09:33:45.917: I/PackageManager(1705):   Category: "android.intent.category.DEFAULT"
11-05 09:33:45.917: I/PackageManager(1705):   Scheme: "mms"
11-05 09:33:45.917: I/Icing.InternalIcingCorporaProvider(4558): UpdateCorporaTask done [took 8 ms] updated apps [took 8 ms] 
11-05 09:33:45.917: I/PackageManager(1705): Adding preferred activity ComponentInfo{com.android.mms/com.android.mms.ui.ComposeMessageActivity} for user 0 :
11-05 09:33:45.917: I/ActivityManager(1705): Resuming delayed broadcast
11-05 09:33:45.927: I/PackageManager(1705):   Action: "android.intent.action.SENDTO"
11-05 09:33:45.927: I/PackageManager(1705):   Category: "android.intent.category.DEFAULT"
11-05 09:33:45.927: I/PackageManager(1705):   Scheme: "mmsto"
11-05 09:33:45.927: I/PackageManager(1705): Adding preferred activity ComponentInfo{com.android.mms/com.android.mms.ui.ComposeMessageActivity} for user 0 :
11-05 09:33:45.927: D/dalvikvm(1861): GC_FOR_ALLOC freed 360K, 13% free 4158K/4764K, paused 3ms, total 3ms
11-05 09:33:45.937: D/Wear_Controller(2022): Received broadcast action=android.intent.action.PACKAGE_ADDED and uri=com.google.android.apps.auth.test.support
11-05 09:33:45.937: I/ActivityManager(1705): Delay finish: com.google.android.gms/.chimera.GmsIntentOperationService$PersistentTrustedReceiver
11-05 09:33:45.947: I/Icing(2022): IndexChimeraService.getServiceInterface callingPackage=com.google.android.gms componentName=AppsCorpus serviceId=32
11-05 09:33:45.947: I/Icing(2022): IndexChimeraService.getServiceInterface callingPackage=com.google.android.gms componentName=AppsCorpus serviceId=36
11-05 09:33:45.957: D/dalvikvm(1705): GC_FOR_ALLOC freed 1150K, 16% free 9002K/10700K, paused 11ms, total 11ms
11-05 09:33:45.957: I/dalvikvm-heap(1705): Grow heap (frag case) to 9.015MB for 144398-byte allocation
11-05 09:33:45.967: D/dalvikvm(1705): GC_FOR_ALLOC freed 7K, 16% free 9135K/10844K, paused 8ms, total 8ms
11-05 09:33:45.967: I/ActivityManager(1705): Resuming delayed broadcast
11-05 09:33:45.977: I/Icing(2022): Usage reports 0 indexed 0 rejected 0 imm upload false
11-05 09:33:45.977: I/ActivityManager(1705): Delay finish: com.google.android.gms/.stats.service.DropBoxEntryAddedReceiver
11-05 09:33:45.987: I/Icing(2022): Usage reports 0 indexed 0 rejected 0 imm upload false
11-05 09:33:45.997: I/ActivityManager(1705): Resuming delayed broadcast
11-05 09:33:46.087: I/Icing(2022): Indexing A75616D29BC546BBF9754AD9C3F0EA5D18DB1E9A from com.google.android.googlequicksearchbox
11-05 09:33:46.207: D/dalvikvm(2022): GC_EXPLICIT freed 2637K, 24% free 17222K/22432K, paused 1ms+2ms, total 125ms
11-05 09:33:46.227: I/Icing(2022): Indexing done A75616D29BC546BBF9754AD9C3F0EA5D18DB1E9A
11-05 09:33:46.227: I/Icing(2022): Indexing C7964761759975815F38BA30A7C6318FBC326FC4 from com.google.android.gms
11-05 09:33:46.227: I/Icing(2022): Indexing done C7964761759975815F38BA30A7C6318FBC326FC4
11-05 09:33:46.517: I/Remoter(1338): Saved screenshot to '/data/screenshots/__pmv__-0071.jpg'
11-05 09:33:46.567: D/AndroidRuntime(4742): >>>>>> AndroidRuntime START com.android.internal.os.RuntimeInit <<<<<<
11-05 09:33:46.567: W/linker(4742): libdvm.so has text relocations. This is wasting memory and is a security risk. Please fix.
11-05 09:33:46.567: D/AndroidRuntime(4742): CheckJNI is OFF
11-05 09:33:46.567: D/dalvikvm(4742): Trying to load lib libjavacore.so 0x0
11-05 09:33:46.567: D/dalvikvm(4742): Added shared lib libjavacore.so 0x0
11-05 09:33:46.567: D/dalvikvm(4742): Trying to load lib libnativehelper.so 0x0
11-05 09:33:46.567: D/dalvikvm(4742): Added shared lib libnativehelper.so 0x0
11-05 09:33:46.567: D/dalvikvm(4742): No JNI_OnLoad found in libnativehelper.so 0x0, skipping init
11-05 09:33:46.577: D/dalvikvm(4742): Note: class Landroid/app/ActivityManagerNative; has 179 unimplemented (abstract) methods
11-05 09:33:46.607: E/memtrack(4742): Couldn't load memtrack module (No such file or directory)
11-05 09:33:46.607: E/android.os.Debug(4742): failed to load memtrack module: -2
11-05 09:33:46.617: D/AndroidRuntime(4742): Calling main entry com.android.commands.pm.Pm
11-05 09:33:46.617: W/ActivityManager(1705): No content provider found for permission revoke: file:///data/local/tmp/com.google.android.apps.mtaas.testloop.apk
11-05 09:33:46.617: W/ActivityManager(1705): No content provider found for permission revoke: file:///data/local/tmp/com.google.android.apps.mtaas.testloop.apk
11-05 09:33:46.617: I/PackageManager(1705): Copying native libraries to /data/app-lib/vmdl1269182876
11-05 09:33:46.657: D/dalvikvm(1705): GC_FOR_ALLOC freed 1160K, 18% free 8931K/10844K, paused 9ms, total 9ms
11-05 09:33:46.667: I/PackageManager(1705): Running dexopt on: com.google.android.apps.mtaas.testloop
11-05 09:33:46.667: W/linker(4752): libdvm.so has text relocations. This is wasting memory and is a security risk. Please fix.
11-05 09:33:46.757: D/dalvikvm(4752): DexOpt: load 11ms, verify+opt 54ms, 1617956 bytes
11-05 09:33:46.767: I/ActivityManager(1705): Force stopping com.google.android.apps.mtaas.testloop appid=10070 user=-1: update pkg
11-05 09:33:46.797: I/InputReader(1705): Reconfiguring input devices.  changes=0x00000010
11-05 09:33:46.797: I/ActivityManager(1705): Delay finish: com.google.android.partnersetup/.RlzPingBroadcastReceiver
11-05 09:33:46.797: I/PackageManager(1705):   Action: "android.intent.action.SENDTO"
11-05 09:33:46.797: I/PackageManager(1705):   Category: "android.intent.category.DEFAULT"
11-05 09:33:46.797: I/PackageManager(1705):   Scheme: "sms"
11-05 09:33:46.797: I/PackageManager(1705): Adding preferred activity ComponentInfo{com.android.mms/com.android.mms.ui.ComposeMessageActivity} for user 0 :
11-05 09:33:46.807: D/Launcher.Model(1875): shortcutWasRestored is false for com.google.android.apps.mtaas.testloop/com.google.android.apps.mtaas.testloop.TestLoopActivity
11-05 09:33:46.807: D/Launcher.Workspace(1875): 11683562 - removeExtraEmptyScreen()
11-05 09:33:46.807: D/Launcher.Workspace(1875): 11683562 - convertFinalScreenToEmptyScreenIfNecessary()
11-05 09:33:46.817: I/ActivityManager(1705): Resuming delayed broadcast
11-05 09:33:46.817: W/ResourceType(1705): Failure getting entry for 0x7f060000 (t=5 e=0) in package 0 (error -75)
11-05 09:33:46.817: D/dalvikvm(4481): GC_CONCURRENT freed 336K, 11% free 3574K/4004K, paused 0ms+0ms, total 3ms
11-05 09:33:46.817: D/BackupManagerService(1705): Received broadcast Intent { act=android.intent.action.PACKAGE_ADDED dat=package:com.google.android.apps.mtaas.testloop flg=0x4000010 (has extras) }
11-05 09:33:46.817: V/BackupManagerService(1705): addPackageParticipantsLocked: #1
11-05 09:33:46.817: I/ActivityManager(1705): Delay finish: com.google.android.partnersetup/.AppInstalledReceiver
11-05 09:33:46.817: I/ActivityManager(1705): Resuming delayed broadcast
11-05 09:33:46.827: I/PackageManager(1705):   Action: "android.intent.action.SENDTO"
11-05 09:33:46.827: I/PackageManager(1705):   Category: "android.intent.category.DEFAULT"
11-05 09:33:46.827: I/PackageManager(1705):   Scheme: "smsto"
11-05 09:33:46.827: I/PackageManager(1705): Adding preferred activity ComponentInfo{com.android.mms/com.android.mms.ui.ComposeMessageActivity} for user 0 :
11-05 09:33:46.827: I/ActivityManager(1705): Delay finish: com.android.musicfx/.Compatibility$Receiver
11-05 09:33:46.827: I/PackageManager(1705):   Action: "android.intent.action.SENDTO"
11-05 09:33:46.827: I/PackageManager(1705):   Category: "android.intent.category.DEFAULT"
11-05 09:33:46.827: I/PackageManager(1705):   Scheme: "mms"
11-05 09:33:46.827: I/PackageManager(1705): Adding preferred activity ComponentInfo{com.android.mms/com.android.mms.ui.ComposeMessageActivity} for user 0 :
11-05 09:33:46.837: D/dalvikvm(1861): GC_FOR_ALLOC freed 377K, 13% free 4156K/4764K, paused 3ms, total 4ms
11-05 09:33:46.847: D/dalvikvm(1705): GC_EXPLICIT freed 1239K, 17% free 9053K/10844K, paused 2ms+1ms, total 40ms
11-05 09:33:46.847: D/AndroidRuntime(4742): Shutting down VM
11-05 09:33:46.847: D/dalvikvm(4742): GC_CONCURRENT freed 93K, 15% free 552K/648K, paused 0ms+0ms, total 0ms
11-05 09:33:46.847: D/dalvikvm(1705): WAIT_FOR_CONCURRENT_GC blocked 10ms
11-05 09:33:46.847: D/dalvikvm(1705): WAIT_FOR_CONCURRENT_GC blocked 10ms
11-05 09:33:46.847: D/dalvikvm(1705): WAIT_FOR_CONCURRENT_GC blocked 10ms
11-05 09:33:46.847: I/PackageManager(1705):   Action: "android.intent.action.SENDTO"
11-05 09:33:46.847: I/PackageManager(1705):   Category: "android.intent.category.DEFAULT"
11-05 09:33:46.847: I/PackageManager(1705):   Scheme: "mmsto"
11-05 09:33:46.847: I/ActivityManager(1705): Resuming delayed broadcast
11-05 09:33:46.847: I/PackageManager(1705): Adding preferred activity ComponentInfo{com.android.mms/com.android.mms.ui.ComposeMessageActivity} for user 0 :
11-05 09:33:46.857: D/dalvikvm(1705): WAIT_FOR_CONCURRENT_GC blocked 15ms
11-05 09:33:46.857: I/PackageManager(1705):   Action: "android.intent.action.SENDTO"
11-05 09:33:46.857: I/PackageManager(1705):   Category: "android.intent.category.DEFAULT"
11-05 09:33:46.857: I/PackageManager(1705):   Scheme: "sms"
11-05 09:33:46.857: I/PackageManager(1705): Adding preferred activity ComponentInfo{com.android.mms/com.android.mms.ui.ComposeMessageActivity} for user 0 :
11-05 09:33:46.867: I/PackageManager(1705):   Action: "android.intent.action.SENDTO"
11-05 09:33:46.867: I/PackageManager(1705):   Category: "android.intent.category.DEFAULT"
11-05 09:33:46.867: I/PackageManager(1705):   Scheme: "smsto"
11-05 09:33:46.867: I/PackageManager(1705): Adding preferred activity ComponentInfo{com.android.mms/com.android.mms.ui.ComposeMessageActivity} for user 0 :
11-05 09:33:46.867: I/Icing.InternalIcingCorporaProvider(4558): Updating corpora: A: com.google.android.apps.mtaas.testloop, C: MAYBE
11-05 09:33:46.867: I/ActivityManager(1705): Delay finish: com.google.android.googlequicksearchbox/com.google.android.search.core.summons.icing.InternalIcingCorporaProvider$CorporaChangedReceiver
11-05 09:33:46.887: D/dalvikvm(4558): GC_CONCURRENT freed 354K, 12% free 4042K/4568K, paused 1ms+0ms, total 10ms
11-05 09:33:46.887: I/Icing(2022): IndexChimeraService.getServiceInterface callingPackage=com.google.android.googlequicksearchbox componentName=null serviceId=21
11-05 09:33:46.887: D/dalvikvm(1861): GC_FOR_ALLOC freed 364K, 13% free 4154K/4764K, paused 15ms, total 15ms
11-05 09:33:46.887: I/PackageManager(1705):   Action: "android.intent.action.SENDTO"
11-05 09:33:46.887: I/PackageManager(1705):   Category: "android.intent.category.DEFAULT"
11-05 09:33:46.887: I/PackageManager(1705):   Scheme: "mms"
11-05 09:33:46.887: I/PackageManager(1705): Adding preferred activity ComponentInfo{com.android.mms/com.android.mms.ui.ComposeMessageActivity} for user 0 :
11-05 09:33:46.897: I/Icing(2022): Usage reports 0 indexed 0 rejected 0 imm upload true
11-05 09:33:46.897: I/PackageManager(1705):   Action: "android.intent.action.SENDTO"
11-05 09:33:46.897: I/PackageManager(1705):   Category: "android.intent.category.DEFAULT"
11-05 09:33:46.897: I/PackageManager(1705):   Scheme: "mmsto"
11-05 09:33:46.897: I/PackageManager(1705): Adding preferred activity ComponentInfo{com.android.mms/com.android.mms.ui.ComposeMessageActivity} for user 0 :
11-05 09:33:46.907: I/Icing.InternalIcingCorporaProvider(4558): UpdateCorporaTask done [took 33 ms] updated apps [took 33 ms] 
11-05 09:33:46.907: I/ActivityManager(1705): Resuming delayed broadcast
11-05 09:33:46.927: I/FontsPackageChangeOp(2022): Package com.google.android.apps.mtaas.testloop has no metadata
11-05 09:33:46.927: D/Wear_Controller(2022): Received broadcast action=android.intent.action.PACKAGE_ADDED and uri=com.google.android.apps.mtaas.testloop
11-05 09:33:46.977: I/Icing(2022): IndexChimeraService.getServiceInterface callingPackage=com.google.android.gms componentName=AppsCorpus serviceId=32
11-05 09:33:46.977: I/Icing(2022): IndexChimeraService.getServiceInterface callingPackage=com.google.android.gms componentName=AppsCorpus serviceId=36
11-05 09:33:46.977: I/Icing(2022): Usage reports 0 indexed 0 rejected 0 imm upload false
11-05 09:33:46.987: I/Icing(2022): Usage reports 0 indexed 0 rejected 0 imm upload false
11-05 09:33:46.997: I/Icing(2022): Indexing C7964761759975815F38BA30A7C6318FBC326FC4 from com.google.android.gms
11-05 09:33:47.097: I/Icing(2022): Indexing done C7964761759975815F38BA30A7C6318FBC326FC4
11-05 09:33:47.487: D/AndroidRuntime(4778): >>>>>> AndroidRuntime START com.android.internal.os.RuntimeInit <<<<<<
11-05 09:33:47.487: W/linker(4778): libdvm.so has text relocations. This is wasting memory and is a security risk. Please fix.
11-05 09:33:47.487: D/AndroidRuntime(4778): CheckJNI is OFF
11-05 09:33:47.487: D/dalvikvm(4778): Trying to load lib libjavacore.so 0x0
11-05 09:33:47.487: D/dalvikvm(4778): Added shared lib libjavacore.so 0x0
11-05 09:33:47.487: D/dalvikvm(4778): Trying to load lib libnativehelper.so 0x0
11-05 09:33:47.487: D/dalvikvm(4778): Added shared lib libnativehelper.so 0x0
11-05 09:33:47.487: D/dalvikvm(4778): No JNI_OnLoad found in libnativehelper.so 0x0, skipping init
11-05 09:33:47.497: D/dalvikvm(4778): Note: class Landroid/app/ActivityManagerNative; has 179 unimplemented (abstract) methods
11-05 09:33:47.527: E/memtrack(4778): Couldn't load memtrack module (No such file or directory)
11-05 09:33:47.527: E/android.os.Debug(4778): failed to load memtrack module: -2
11-05 09:33:47.547: D/AndroidRuntime(4778): Calling main entry com.android.commands.pm.Pm
11-05 09:33:47.547: W/ActivityManager(1705): No content provider found for permission revoke: file:///data/local/tmp/android.support.test.orchestrator.apk
11-05 09:33:47.547: W/ActivityManager(1705): No content provider found for permission revoke: file:///data/local/tmp/android.support.test.orchestrator.apk
11-05 09:33:47.547: I/PackageManager(1705): Copying native libraries to /data/app-lib/vmdl-1896117003
11-05 09:33:47.567: D/dalvikvm(1705): GC_CONCURRENT freed 1471K, 18% free 8904K/10844K, paused 0ms+1ms, total 13ms
11-05 09:33:47.577: I/PackageManager(1705): Running dexopt on: android.support.test.orchestrator
11-05 09:33:47.577: W/linker(4788): libdvm.so has text relocations. This is wasting memory and is a security risk. Please fix.
11-05 09:33:47.587: D/dalvikvm(4788): DexOpt: 'Ljunit/framework/Assert;' has an earlier definition; blocking out
11-05 09:33:47.607: D/dalvikvm(4788): DexOpt: 'Ljunit/framework/Test;' has an earlier definition; blocking out
11-05 09:33:47.607: D/dalvikvm(4788): DexOpt: 'Ljunit/extensions/TestDecorator;' has an earlier definition; blocking out
11-05 09:33:47.607: D/dalvikvm(4788): DexOpt: 'Ljunit/framework/AssertionFailedError;' has an earlier definition; blocking out
11-05 09:33:47.607: D/dalvikvm(4788): DexOpt: 'Ljunit/framework/ComparisonCompactor;' has an earlier definition; blocking out
11-05 09:33:47.607: D/dalvikvm(4788): DexOpt: 'Ljunit/framework/ComparisonFailure;' has an earlier definition; blocking out
11-05 09:33:47.607: D/dalvikvm(4788): DexOpt: 'Ljunit/framework/Protectable;' has an earlier definition; blocking out
11-05 09:33:47.607: D/dalvikvm(4788): DexOpt: 'Ljunit/framework/TestCase;' has an earlier definition; blocking out
11-05 09:33:47.607: D/dalvikvm(4788): DexOpt: 'Ljunit/framework/TestFailure;' has an earlier definition; blocking out
11-05 09:33:47.607: D/dalvikvm(4788): DexOpt: 'Ljunit/framework/TestListener;' has an earlier definition; blocking out
11-05 09:33:47.607: D/dalvikvm(4788): DexOpt: 'Ljunit/framework/TestResult$1;' has an earlier definition; blocking out
11-05 09:33:47.607: D/dalvikvm(4788): DexOpt: 'Ljunit/framework/TestResult;' has an earlier definition; blocking out
11-05 09:33:47.607: D/dalvikvm(4788): DexOpt: 'Ljunit/framework/TestSuite$1;' has an earlier definition; blocking out
11-05 09:33:47.607: D/dalvikvm(4788): DexOpt: 'Ljunit/framework/TestSuite;' has an earlier definition; blocking out
11-05 09:33:47.607: D/dalvikvm(4788): DexOpt: 'Lorg/kxml2/io/KXmlSerializer;' has an earlier definition; blocking out
11-05 09:33:47.617: I/dalvikvm(4788): DexOpt: not resolving ambiguous class 'Lorg/kxml2/io/KXmlSerializer;'
11-05 09:33:47.617: D/dalvikvm(4788): DexOpt: not verifying/optimizing 'Ljunit/framework/Assert;': multiple definitions
11-05 09:33:47.617: D/dalvikvm(4788): DexOpt: not verifying/optimizing 'Ljunit/framework/Test;': multiple definitions
11-05 09:33:47.617: D/dalvikvm(4788): DexOpt: not verifying/optimizing 'Ljunit/extensions/TestDecorator;': multiple definitions
11-05 09:33:47.617: D/dalvikvm(4788): DexOpt: not verifying/optimizing 'Ljunit/framework/AssertionFailedError;': multiple definitions
11-05 09:33:47.617: D/dalvikvm(4788): DexOpt: not verifying/optimizing 'Ljunit/framework/ComparisonCompactor;': multiple definitions
11-05 09:33:47.617: D/dalvikvm(4788): DexOpt: not verifying/optimizing 'Ljunit/framework/ComparisonFailure;': multiple definitions
11-05 09:33:47.617: I/dalvikvm(4788): DexOpt: not resolving ambiguous class 'Ljunit/framework/TestResult;'
11-05 09:33:47.617: I/dalvikvm(4788): DexOpt: not resolving ambiguous class 'Ljunit/framework/Test;'
11-05 09:33:47.617: D/dalvikvm(4788): DexOpt: not verifying/optimizing 'Ljunit/framework/Protectable;': multiple definitions
11-05 09:33:47.617: D/dalvikvm(4788): DexOpt: not verifying/optimizing 'Ljunit/framework/TestCase;': multiple definitions
11-05 09:33:47.617: D/dalvikvm(4788): DexOpt: not verifying/optimizing 'Ljunit/framework/TestFailure;': multiple definitions
11-05 09:33:47.617: D/dalvikvm(4788): DexOpt: not verifying/optimizing 'Ljunit/framework/TestListener;': multiple definitions
11-05 09:33:47.617: D/dalvikvm(4788): DexOpt: not verifying/optimizing 'Ljunit/framework/TestResult$1;': multiple definitions
11-05 09:33:47.617: D/dalvikvm(4788): DexOpt: not verifying/optimizing 'Ljunit/framework/TestResult;': multiple definitions
11-05 09:33:47.617: D/dalvikvm(4788): DexOpt: not verifying/optimizing 'Ljunit/framework/TestSuite$1;': multiple definitions
11-05 09:33:47.617: D/dalvikvm(4788): DexOpt: not verifying/optimizing 'Ljunit/framework/TestSuite;': multiple definitions
11-05 09:33:47.617: I/dalvikvm(4788): DexOpt: not resolving ambiguous class 'Ljunit/framework/TestCase;'
11-05 09:33:47.617: I/dalvikvm(4788): DexOpt: not resolving ambiguous class 'Ljunit/framework/TestCase;'
11-05 09:33:47.617: I/dalvikvm(4788): DexOpt: not resolving ambiguous class 'Ljunit/framework/TestSuite;'
11-05 09:33:47.617: I/dalvikvm(4788): DexOpt: not resolving ambiguous class 'Ljunit/framework/Test;'
11-05 09:33:47.617: D/dalvikvm(4788): DexOpt: not verifying/optimizing 'Lorg/kxml2/io/KXmlSerializer;': multiple definitions
11-05 09:33:47.617: D/dalvikvm(4788): DexOpt: load 19ms, verify+opt 12ms, 439380 bytes
11-05 09:33:47.627: I/ActivityManager(1705): Force stopping android.support.test.orchestrator appid=10071 user=-1: update pkg
11-05 09:33:47.627: I/Remoter(1338): Saved screenshot to '/data/screenshots/__pmv__-0072.jpg'
11-05 09:33:47.647: I/InputReader(1705): Reconfiguring input devices.  changes=0x00000010
11-05 09:33:47.647: I/ActivityManager(1705): Delay finish: com.google.android.partnersetup/.RlzPingBroadcastReceiver
11-05 09:33:47.657: I/PackageManager(1705):   Action: "android.intent.action.SENDTO"
11-05 09:33:47.657: I/PackageManager(1705):   Category: "android.intent.category.DEFAULT"
11-05 09:33:47.657: I/PackageManager(1705):   Scheme: "sms"
11-05 09:33:47.657: I/PackageManager(1705): Adding preferred activity ComponentInfo{com.android.mms/com.android.mms.ui.ComposeMessageActivity} for user 0 :
11-05 09:33:47.667: I/ActivityManager(1705): Resuming delayed broadcast
11-05 09:33:47.667: I/ActivityManager(1705): Delay finish: com.google.android.partnersetup/.AppInstalledReceiver
11-05 09:33:47.667: I/ActivityManager(1705): Resuming delayed broadcast
11-05 09:33:47.667: I/ActivityManager(1705): Delay finish: com.android.musicfx/.Compatibility$Receiver
11-05 09:33:47.667: I/ActivityManager(1705): Resuming delayed broadcast
11-05 09:33:47.677: D/dalvikvm(1861): GC_FOR_ALLOC freed 422K, 14% free 4104K/4764K, paused 3ms, total 3ms
11-05 09:33:47.677: I/PackageManager(1705):   Action: "android.intent.action.SENDTO"
11-05 09:33:47.677: I/PackageManager(1705):   Category: "android.intent.category.DEFAULT"
11-05 09:33:47.677: I/PackageManager(1705):   Scheme: "smsto"
11-05 09:33:47.677: I/Icing.InternalIcingCorporaProvider(4558): Updating corpora: A: android.support.test.orchestrator, C: MAYBE
11-05 09:33:47.677: I/PackageManager(1705):   Action: "android.intent.action.SENDTO"
11-05 09:33:47.677: I/PackageManager(1705):   Category: "android.intent.category.DEFAULT"
11-05 09:33:47.677: I/PackageManager(1705):   Scheme: "mms"
11-05 09:33:47.677: I/PackageManager(1705): Adding preferred activity ComponentInfo{com.android.mms/com.android.mms.ui.ComposeMessageActivity} for user 0 :
11-05 09:33:47.677: I/ActivityManager(1705): Delay finish: com.google.android.googlequicksearchbox/com.google.android.search.core.summons.icing.InternalIcingCorporaProvider$CorporaChangedReceiver
11-05 09:33:47.677: I/PackageManager(1705): Adding preferred activity ComponentInfo{com.android.mms/com.android.mms.ui.ComposeMessageActivity} for user 0 :
11-05 09:33:47.687: D/dalvikvm(1705): GC_EXPLICIT freed 977K, 18% free 8994K/10844K, paused 1ms+2ms, total 43ms
11-05 09:33:47.687: D/AndroidRuntime(4778): Shutting down VM
11-05 09:33:47.687: D/dalvikvm(4778): GC_CONCURRENT freed 93K, 15% free 552K/648K, paused 0ms+1ms, total 1ms
11-05 09:33:47.697: I/PackageManager(1705):   Action: "android.intent.action.SENDTO"
11-05 09:33:47.697: I/PackageManager(1705):   Category: "android.intent.category.DEFAULT"
11-05 09:33:47.697: I/PackageManager(1705):   Scheme: "mmsto"
11-05 09:33:47.697: I/PackageManager(1705): Adding preferred activity ComponentInfo{com.android.mms/com.android.mms.ui.ComposeMessageActivity} for user 0 :
11-05 09:33:47.707: I/Icing.InternalIcingCorporaProvider(4558): UpdateCorporaTask done [took 22 ms] updated apps [took 22 ms] 
11-05 09:33:47.707: I/PackageManager(1705):   Action: "android.intent.action.SENDTO"
11-05 09:33:47.707: I/PackageManager(1705):   Category: "android.intent.category.DEFAULT"
11-05 09:33:47.707: I/PackageManager(1705):   Scheme: "sms"
11-05 09:33:47.707: D/dalvikvm(1861): GC_CONCURRENT freed 348K, 13% free 4145K/4764K, paused 1ms+0ms, total 4ms
11-05 09:33:47.707: I/ActivityManager(1705): Resuming delayed broadcast
11-05 09:33:47.707: I/PackageManager(1705): Adding preferred activity ComponentInfo{com.android.mms/com.android.mms.ui.ComposeMessageActivity} for user 0 :
11-05 09:33:47.717: W/ResourceType(1705): Failure getting entry for 0x7f060000 (t=5 e=0) in package 0 (error -75)
11-05 09:33:47.717: I/PackageManager(1705):   Action: "android.intent.action.SENDTO"
11-05 09:33:47.717: I/PackageManager(1705):   Category: "android.intent.category.DEFAULT"
11-05 09:33:47.717: I/PackageManager(1705):   Scheme: "smsto"
11-05 09:33:47.717: D/BackupManagerService(1705): Received broadcast Intent { act=android.intent.action.PACKAGE_ADDED dat=package:android.support.test.orchestrator flg=0x4000010 (has extras) }
11-05 09:33:47.717: V/BackupManagerService(1705): addPackageParticipantsLocked: #1
11-05 09:33:47.717: I/PackageManager(1705): Adding preferred activity ComponentInfo{com.android.mms/com.android.mms.ui.ComposeMessageActivity} for user 0 :
11-05 09:33:47.727: I/FontsPackageChangeOp(2022): Package android.support.test.orchestrator has no metadata
11-05 09:33:47.727: I/PackageManager(1705):   Action: "android.intent.action.SENDTO"
11-05 09:33:47.727: I/PackageManager(1705):   Category: "android.intent.category.DEFAULT"
11-05 09:33:47.727: I/PackageManager(1705):   Scheme: "mms"
11-05 09:33:47.727: I/PackageManager(1705): Adding preferred activity ComponentInfo{com.android.mms/com.android.mms.ui.ComposeMessageActivity} for user 0 :
11-05 09:33:47.737: I/Icing(2022): IndexChimeraService.getServiceInterface callingPackage=com.google.android.gms componentName=AppsCorpus serviceId=32
11-05 09:33:47.737: I/Icing(2022): IndexChimeraService.getServiceInterface callingPackage=com.google.android.gms componentName=AppsCorpus serviceId=36
11-05 09:33:47.747: I/PackageManager(1705):   Action: "android.intent.action.SENDTO"
11-05 09:33:47.747: I/PackageManager(1705):   Category: "android.intent.category.DEFAULT"
11-05 09:33:47.747: I/PackageManager(1705):   Scheme: "mmsto"
11-05 09:33:47.747: D/Wear_Controller(2022): Received broadcast action=android.intent.action.PACKAGE_ADDED and uri=android.support.test.orchestrator
11-05 09:33:47.747: I/PackageManager(1705): Adding preferred activity ComponentInfo{com.android.mms/com.android.mms.ui.ComposeMessageActivity} for user 0 :
11-05 09:33:47.757: D/dalvikvm(1861): GC_FOR_ALLOC freed 384K, 13% free 4158K/4764K, paused 3ms, total 3ms
11-05 09:33:47.757: I/Icing(2022): Usage reports 0 indexed 0 rejected 0 imm upload false
11-05 09:33:47.757: D/dalvikvm(1861): GC_CONCURRENT freed 140K, 15% free 4091K/4764K, paused 0ms+0ms, total 3ms
11-05 09:33:47.757: I/Icing(2022): Usage reports 0 indexed 0 rejected 0 imm upload false
11-05 09:33:47.787: D/dalvikvm(1875): GC_FOR_ALLOC freed 2221K, 18% free 11328K/13788K, paused 3ms, total 7ms
11-05 09:33:47.897: I/ActivityManager(1705): Delay finish: com.google.android.gms/.stats.service.DropBoxEntryAddedReceiver
11-05 09:33:47.927: I/ActivityManager(1705): Resuming delayed broadcast
11-05 09:33:47.937: I/Icing(2022): Indexing A75616D29BC546BBF9754AD9C3F0EA5D18DB1E9A from com.google.android.googlequicksearchbox
11-05 09:33:47.957: D/dalvikvm(1705): GC_CONCURRENT freed 1341K, 17% free 9008K/10844K, paused 1ms+1ms, total 75ms
11-05 09:33:48.007: I/Icing(2022): Indexing done A75616D29BC546BBF9754AD9C3F0EA5D18DB1E9A
11-05 09:33:48.007: I/Icing(2022): Indexing C7964761759975815F38BA30A7C6318FBC326FC4 from com.google.android.gms
11-05 09:33:48.007: I/Icing(2022): Indexing done C7964761759975815F38BA30A7C6318FBC326FC4
11-05 09:33:48.317: D/AndroidRuntime(4814): >>>>>> AndroidRuntime START com.android.internal.os.RuntimeInit <<<<<<
11-05 09:33:48.317: W/linker(4814): libdvm.so has text relocations. This is wasting memory and is a security risk. Please fix.
11-05 09:33:48.327: D/AndroidRuntime(4814): CheckJNI is OFF
11-05 09:33:48.327: D/dalvikvm(4814): Trying to load lib libjavacore.so 0x0
11-05 09:33:48.327: D/dalvikvm(4814): Added shared lib libjavacore.so 0x0
11-05 09:33:48.327: D/dalvikvm(4814): Trying to load lib libnativehelper.so 0x0
11-05 09:33:48.327: D/dalvikvm(4814): Added shared lib libnativehelper.so 0x0
11-05 09:33:48.327: D/dalvikvm(4814): No JNI_OnLoad found in libnativehelper.so 0x0, skipping init
11-05 09:33:48.337: D/dalvikvm(4814): Note: class Landroid/app/ActivityManagerNative; has 179 unimplemented (abstract) methods
11-05 09:33:48.357: E/memtrack(4814): Couldn't load memtrack module (No such file or directory)
11-05 09:33:48.357: E/android.os.Debug(4814): failed to load memtrack module: -2
11-05 09:33:48.367: D/AndroidRuntime(4814): Calling main entry com.android.commands.pm.Pm
11-05 09:33:48.377: W/ActivityManager(1705): No content provider found for permission revoke: file:///data/local/tmp/android.support.test.services.apk
11-05 09:33:48.377: W/ActivityManager(1705): No content provider found for permission revoke: file:///data/local/tmp/android.support.test.services.apk
11-05 09:33:48.377: I/PackageManager(1705): Copying native libraries to /data/app-lib/vmdl-1576902626
11-05 09:33:48.407: D/dalvikvm(1705): GC_FOR_ALLOC freed 819K, 15% free 9298K/10844K, paused 8ms, total 8ms
11-05 09:33:48.447: D/dalvikvm(1705): GC_FOR_ALLOC freed 1104K, 14% free 9381K/10844K, paused 8ms, total 8ms
11-05 09:33:48.467: D/dalvikvm(1705): GC_FOR_ALLOC freed 1120K, 15% free 9387K/10940K, paused 8ms, total 8ms
11-05 09:33:48.487: D/dalvikvm(1705): GC_FOR_ALLOC freed 1125K, 15% free 9394K/10952K, paused 9ms, total 9ms
11-05 09:33:48.507: D/dalvikvm(1705): GC_FOR_ALLOC freed 1201K, 15% free 9414K/10964K, paused 9ms, total 9ms
11-05 09:33:48.517: I/PackageManager(1705): Running dexopt on: android.support.test.services
11-05 09:33:48.517: W/linker(4824): libdvm.so has text relocations. This is wasting memory and is a security risk. Please fix.
11-05 09:33:48.547: D/dalvikvm(4824): Note: class Landroid/app/ActivityManagerNative; has 179 unimplemented (abstract) methods
11-05 09:33:48.547: D/dalvikvm(4824): DexOpt: couldn't find field Landroid/app/Notification;.headsUpContentView
11-05 09:33:48.567: D/dalvikvm(4824): DexOpt: load 9ms, verify+opt 26ms, 1117396 bytes
11-05 09:33:48.577: I/ActivityManager(1705): Force stopping android.support.test.services appid=10072 user=-1: update pkg
11-05 09:33:48.597: W/ResourceType(1705): Failure getting entry for 0x7f060000 (t=5 e=0) in package 0 (error -75)
11-05 09:33:48.607: I/PackageManager(1705):   Action: "android.intent.action.SENDTO"
11-05 09:33:48.607: I/PackageManager(1705):   Category: "android.intent.category.DEFAULT"
11-05 09:33:48.607: I/PackageManager(1705):   Scheme: "sms"
11-05 09:33:48.607: I/ActivityManager(1705): Delay finish: com.google.android.partnersetup/.RlzPingBroadcastReceiver
11-05 09:33:48.607: I/PackageManager(1705): Adding preferred activity ComponentInfo{com.android.mms/com.android.mms.ui.ComposeMessageActivity} for user 0 :
11-05 09:33:48.617: I/ActivityManager(1705): Resuming delayed broadcast
11-05 09:33:48.617: I/PackageManager(1705):   Action: "android.intent.action.SENDTO"
11-05 09:33:48.617: I/PackageManager(1705):   Category: "android.intent.category.DEFAULT"
11-05 09:33:48.617: I/PackageManager(1705):   Scheme: "smsto"
11-05 09:33:48.617: I/PackageManager(1705):   Action: "android.intent.action.SENDTO"
11-05 09:33:48.617: I/PackageManager(1705):   Category: "android.intent.category.DEFAULT"
11-05 09:33:48.617: I/PackageManager(1705):   Scheme: "mms"
11-05 09:33:48.617: I/ActivityManager(1705): Delay finish: com.google.android.partnersetup/.AppInstalledReceiver
11-05 09:33:48.617: I/PackageManager(1705): Adding preferred activity ComponentInfo{com.android.mms/com.android.mms.ui.ComposeMessageActivity} for user 0 :
11-05 09:33:48.617: I/PackageManager(1705): Adding preferred activity ComponentInfo{com.android.mms/com.android.mms.ui.ComposeMessageActivity} for user 0 :
11-05 09:33:48.627: I/InputReader(1705): Reconfiguring input devices.  changes=0x00000010
11-05 09:33:48.627: I/PackageManager(1705):   Action: "android.intent.action.SENDTO"
11-05 09:33:48.627: I/PackageManager(1705):   Category: "android.intent.category.DEFAULT"
11-05 09:33:48.627: I/PackageManager(1705):   Scheme: "mmsto"
11-05 09:33:48.627: I/PackageManager(1705): Adding preferred activity ComponentInfo{com.android.mms/com.android.mms.ui.ComposeMessageActivity} for user 0 :
11-05 09:33:48.627: I/ActivityManager(1705): Resuming delayed broadcast
11-05 09:33:48.637: I/ActivityManager(1705): Delay finish: com.android.musicfx/.Compatibility$Receiver
11-05 09:33:48.647: D/dalvikvm(1861): GC_CONCURRENT freed 383K, 13% free 4168K/4764K, paused 2ms+0ms, total 9ms
11-05 09:33:48.647: D/dalvikvm(1861): WAIT_FOR_CONCURRENT_GC blocked 7ms
11-05 09:33:48.647: I/PackageManager(1705):   Action: "android.intent.action.SENDTO"
11-05 09:33:48.647: I/PackageManager(1705):   Category: "android.intent.category.DEFAULT"
11-05 09:33:48.647: I/PackageManager(1705):   Scheme: "sms"
11-05 09:33:48.647: D/dalvikvm(1705): GC_EXPLICIT freed 1350K, 14% free 9521K/10976K, paused 1ms+14ms, total 59ms
11-05 09:33:48.647: D/dalvikvm(1705): WAIT_FOR_CONCURRENT_GC blocked 2ms
11-05 09:33:48.647: I/PackageManager(1705): Adding preferred activity ComponentInfo{com.android.mms/com.android.mms.ui.ComposeMessageActivity} for user 0 :
11-05 09:33:48.657: D/BackupManagerService(1705): Received broadcast Intent { act=android.intent.action.PACKAGE_ADDED dat=package:android.support.test.services flg=0x4000010 (has extras) }
11-05 09:33:48.667: V/BackupManagerService(1705): addPackageParticipantsLocked: #1
11-05 09:33:48.667: D/AndroidRuntime(4814): Shutting down VM
11-05 09:33:48.667: I/PackageManager(1705):   Action: "android.intent.action.SENDTO"
11-05 09:33:48.667: I/PackageManager(1705):   Category: "android.intent.category.DEFAULT"
11-05 09:33:48.667: I/PackageManager(1705):   Scheme: "smsto"
11-05 09:33:48.667: D/dalvikvm(4814): GC_CONCURRENT freed 93K, 15% free 552K/648K, paused 0ms+1ms, total 1ms
11-05 09:33:48.667: I/ActivityManager(1705): Resuming delayed broadcast
11-05 09:33:48.667: I/PackageManager(1705): Adding preferred activity ComponentInfo{com.android.mms/com.android.mms.ui.ComposeMessageActivity} for user 0 :
11-05 09:33:48.677: I/ActivityManager(1705): Delay finish: com.google.android.googlequicksearchbox/com.google.android.search.core.summons.icing.InternalIcingCorporaProvider$CorporaChangedReceiver
11-05 09:33:48.677: I/PackageManager(1705):   Action: "android.intent.action.SENDTO"
11-05 09:33:48.677: I/PackageManager(1705):   Category: "android.intent.category.DEFAULT"
11-05 09:33:48.677: I/PackageManager(1705):   Scheme: "mms"
11-05 09:33:48.677: I/Icing.InternalIcingCorporaProvider(4558): Updating corpora: A: android.support.test.services, C: MAYBE
11-05 09:33:48.677: I/PackageManager(1705): Adding preferred activity ComponentInfo{com.android.mms/com.android.mms.ui.ComposeMessageActivity} for user 0 :
11-05 09:33:48.687: D/dalvikvm(1861): GC_FOR_ALLOC freed 370K, 13% free 4159K/4764K, paused 3ms, total 4ms
11-05 09:33:48.687: I/PackageManager(1705):   Action: "android.intent.action.SENDTO"
11-05 09:33:48.687: I/PackageManager(1705):   Category: "android.intent.category.DEFAULT"
11-05 09:33:48.687: I/PackageManager(1705):   Scheme: "mmsto"
11-05 09:33:48.687: I/PackageManager(1705): Adding preferred activity ComponentInfo{com.android.mms/com.android.mms.ui.ComposeMessageActivity} for user 0 :
11-05 09:33:48.697: D/dalvikvm(4558): GC_CONCURRENT freed 447K, 12% free 4037K/4572K, paused 1ms+1ms, total 5ms
11-05 09:33:48.707: I/Icing.InternalIcingCorporaProvider(4558): UpdateCorporaTask done [took 31 ms] updated apps [took 31 ms] 
11-05 09:33:48.707: I/ActivityManager(1705): Resuming delayed broadcast
11-05 09:33:48.727: I/FontsPackageChangeOp(2022): Package android.support.test.services has no metadata
11-05 09:33:48.727: D/Wear_Controller(2022): Received broadcast action=android.intent.action.PACKAGE_ADDED and uri=android.support.test.services
11-05 09:33:48.747: I/Icing(2022): IndexChimeraService.getServiceInterface callingPackage=com.google.android.gms componentName=AppsCorpus serviceId=32
11-05 09:33:48.747: I/Icing(2022): IndexChimeraService.getServiceInterface callingPackage=com.google.android.gms componentName=AppsCorpus serviceId=36
11-05 09:33:48.777: I/Icing(2022): Usage reports 0 indexed 0 rejected 0 imm upload false
11-05 09:33:48.777: I/Remoter(1338): Saved screenshot to '/data/screenshots/__pmv__-0073.jpg'
11-05 09:33:48.797: I/Icing(2022): Usage reports 0 indexed 0 rejected 0 imm upload false
11-05 09:33:48.817: I/Icing(2022): Indexing C7964761759975815F38BA30A7C6318FBC326FC4 from com.google.android.gms
11-05 09:33:48.817: I/Icing(2022): Indexing done C7964761759975815F38BA30A7C6318FBC326FC4
11-05 09:33:49.297: D/AndroidRuntime(4850): >>>>>> AndroidRuntime START com.android.internal.os.RuntimeInit <<<<<<
11-05 09:33:49.297: W/linker(4850): libdvm.so has text relocations. This is wasting memory and is a security risk. Please fix.
11-05 09:33:49.307: D/AndroidRuntime(4850): CheckJNI is OFF
11-05 09:33:49.307: D/dalvikvm(4850): Trying to load lib libjavacore.so 0x0
11-05 09:33:49.307: D/dalvikvm(4850): Added shared lib libjavacore.so 0x0
11-05 09:33:49.307: D/dalvikvm(4850): Trying to load lib libnativehelper.so 0x0
11-05 09:33:49.307: D/dalvikvm(4850): Added shared lib libnativehelper.so 0x0
11-05 09:33:49.307: D/dalvikvm(4850): No JNI_OnLoad found in libnativehelper.so 0x0, skipping init
11-05 09:33:49.317: D/dalvikvm(4850): Note: class Landroid/app/ActivityManagerNative; has 179 unimplemented (abstract) methods
11-05 09:33:49.337: E/memtrack(4850): Couldn't load memtrack module (No such file or directory)
11-05 09:33:49.337: E/android.os.Debug(4850): failed to load memtrack module: -2
11-05 09:33:49.347: D/AndroidRuntime(4850): Calling main entry com.android.commands.pm.Pm
11-05 09:33:49.357: W/ActivityManager(1705): No content provider found for permission revoke: file:///data/local/tmp/com.google.android.apps.mtaas.stubapp.apk
11-05 09:33:49.357: W/ActivityManager(1705): No content provider found for permission revoke: file:///data/local/tmp/com.google.android.apps.mtaas.stubapp.apk
11-05 09:33:49.357: I/PackageManager(1705): Copying native libraries to /data/app-lib/vmdl-610848615
11-05 09:33:49.357: I/PackageParser(1705): com.google.android.apps.mtaas.stubapp: compat added android.permission.WRITE_EXTERNAL_STORAGE android.permission.READ_PHONE_STATE
11-05 09:33:49.357: I/PackageManager(1705): Running dexopt on: com.google.android.apps.mtaas.stubapp
11-05 09:33:49.357: W/linker(4860): libdvm.so has text relocations. This is wasting memory and is a security risk. Please fix.
11-05 09:33:49.367: D/dalvikvm(4860): DexOpt: load 0ms, verify+opt 0ms, 83452 bytes
11-05 09:33:49.367: I/ActivityManager(1705): Force stopping com.google.android.apps.mtaas.stubapp appid=10073 user=-1: update pkg
11-05 09:33:49.387: D/dalvikvm(1705): GC_CONCURRENT freed 1967K, 19% free 9034K/11092K, paused 1ms+2ms, total 15ms
11-05 09:33:49.397: I/InputReader(1705): Reconfiguring input devices.  changes=0x00000010
11-05 09:33:49.407: I/ActivityManager(1705): Delay finish: com.google.android.partnersetup/.RlzPingBroadcastReceiver
11-05 09:33:49.407: I/ActivityManager(1705): Resuming delayed broadcast
11-05 09:33:49.417: I/ActivityManager(1705): Delay finish: com.google.android.partnersetup/.AppInstalledReceiver
11-05 09:33:49.417: I/PackageManager(1705):   Action: "android.intent.action.SENDTO"
11-05 09:33:49.417: I/PackageManager(1705):   Category: "android.intent.category.DEFAULT"
11-05 09:33:49.417: I/PackageManager(1705):   Scheme: "sms"
11-05 09:33:49.417: I/PackageManager(1705): Adding preferred activity ComponentInfo{com.android.mms/com.android.mms.ui.ComposeMessageActivity} for user 0 :
11-05 09:33:49.427: I/PackageManager(1705):   Action: "android.intent.action.SENDTO"
11-05 09:33:49.427: I/PackageManager(1705):   Category: "android.intent.category.DEFAULT"
11-05 09:33:49.427: I/PackageManager(1705):   Scheme: "smsto"
11-05 09:33:49.427: I/ActivityManager(1705): Resuming delayed broadcast
11-05 09:33:49.427: I/PackageManager(1705): Adding preferred activity ComponentInfo{com.android.mms/com.android.mms.ui.ComposeMessageActivity} for user 0 :
11-05 09:33:49.427: I/ActivityManager(1705): Delay finish: com.android.musicfx/.Compatibility$Receiver
11-05 09:33:49.437: W/ResourceType(1705): Failure getting entry for 0x7f060000 (t=5 e=0) in package 0 (error -75)
11-05 09:33:49.437: D/dalvikvm(1861): GC_FOR_ALLOC freed 383K, 13% free 4146K/4764K, paused 3ms, total 3ms
11-05 09:33:49.437: I/PackageManager(1705):   Action: "android.intent.action.SENDTO"
11-05 09:33:49.437: I/PackageManager(1705):   Category: "android.intent.category.DEFAULT"
11-05 09:33:49.437: I/PackageManager(1705):   Scheme: "mms"
11-05 09:33:49.437: I/PackageManager(1705):   Action: "android.intent.action.SENDTO"
11-05 09:33:49.437: I/PackageManager(1705):   Category: "android.intent.category.DEFAULT"
11-05 09:33:49.437: I/PackageManager(1705):   Scheme: "mmsto"
11-05 09:33:49.437: D/BackupManagerService(1705): Received broadcast Intent { act=android.intent.action.PACKAGE_ADDED dat=package:com.google.android.apps.mtaas.stubapp flg=0x4000010 (has extras) }
11-05 09:33:49.437: I/PackageManager(1705): Adding preferred activity ComponentInfo{com.android.mms/com.android.mms.ui.ComposeMessageActivity} for user 0 :
11-05 09:33:49.437: V/BackupManagerService(1705): addPackageParticipantsLocked: #1
11-05 09:33:49.437: I/PackageManager(1705): Adding preferred activity ComponentInfo{com.android.mms/com.android.mms.ui.ComposeMessageActivity} for user 0 :
11-05 09:33:49.447: D/dalvikvm(1705): GC_EXPLICIT freed 1000K, 19% free 9028K/11092K, paused 7ms+2ms, total 41ms
11-05 09:33:49.447: D/AndroidRuntime(4850): Shutting down VM
11-05 09:33:49.447: I/ActivityManager(1705): Resuming delayed broadcast
11-05 09:33:49.457: D/dalvikvm(4850): GC_CONCURRENT freed 93K, 15% free 552K/648K, paused 0ms+0ms, total 0ms
11-05 09:33:49.457: I/PackageManager(1705):   Action: "android.intent.action.SENDTO"
11-05 09:33:49.457: I/PackageManager(1705):   Category: "android.intent.category.DEFAULT"
11-05 09:33:49.457: I/PackageManager(1705):   Scheme: "sms"
11-05 09:33:49.457: I/Icing.InternalIcingCorporaProvider(4558): Updating corpora: A: com.google.android.apps.mtaas.stubapp, C: MAYBE
11-05 09:33:49.457: D/dalvikvm(1861): GC_FOR_ALLOC freed 354K, 13% free 4160K/4764K, paused 3ms, total 3ms
11-05 09:33:49.457: I/PackageManager(1705):   Action: "android.intent.action.SENDTO"
11-05 09:33:49.457: I/PackageManager(1705):   Category: "android.intent.category.DEFAULT"
11-05 09:33:49.457: I/PackageManager(1705):   Scheme: "smsto"
11-05 09:33:49.457: I/ActivityManager(1705): Delay finish: com.google.android.googlequicksearchbox/com.google.android.search.core.summons.icing.InternalIcingCorporaProvider$CorporaChangedReceiver
11-05 09:33:49.457: I/PackageManager(1705): Adding preferred activity ComponentInfo{com.android.mms/com.android.mms.ui.ComposeMessageActivity} for user 0 :
11-05 09:33:49.457: I/PackageManager(1705): Adding preferred activity ComponentInfo{com.android.mms/com.android.mms.ui.ComposeMessageActivity} for user 0 :
11-05 09:33:49.467: I/PackageManager(1705):   Action: "android.intent.action.SENDTO"
11-05 09:33:49.467: I/PackageManager(1705):   Category: "android.intent.category.DEFAULT"
11-05 09:33:49.467: I/PackageManager(1705):   Scheme: "mms"
11-05 09:33:49.467: I/PackageManager(1705):   Action: "android.intent.action.SENDTO"
11-05 09:33:49.467: I/PackageManager(1705):   Category: "android.intent.category.DEFAULT"
11-05 09:33:49.467: I/PackageManager(1705):   Scheme: "mmsto"
11-05 09:33:49.467: I/PackageManager(1705): Adding preferred activity ComponentInfo{com.android.mms/com.android.mms.ui.ComposeMessageActivity} for user 0 :
11-05 09:33:49.467: I/PackageManager(1705): Adding preferred activity ComponentInfo{com.android.mms/com.android.mms.ui.ComposeMessageActivity} for user 0 :
11-05 09:33:49.477: I/Icing.InternalIcingCorporaProvider(4558): UpdateCorporaTask done [took 15 ms] updated apps [took 15 ms] 
11-05 09:33:49.477: I/ActivityManager(1705): Resuming delayed broadcast
11-05 09:33:49.487: D/dalvikvm(1861): GC_FOR_ALLOC freed 354K, 13% free 4156K/4764K, paused 6ms, total 6ms
11-05 09:33:49.497: D/dalvikvm(1705): GC_FOR_ALLOC freed 877K, 20% free 8939K/11092K, paused 9ms, total 10ms
11-05 09:33:49.497: I/FontsPackageChangeOp(2022): Package com.google.android.apps.mtaas.stubapp has no metadata
11-05 09:33:49.497: D/Wear_Controller(2022): Received broadcast action=android.intent.action.PACKAGE_ADDED and uri=com.google.android.apps.mtaas.stubapp
11-05 09:33:49.507: I/Icing(2022): IndexChimeraService.getServiceInterface callingPackage=com.google.android.gms componentName=AppsCorpus serviceId=32
11-05 09:33:49.507: I/Icing(2022): IndexChimeraService.getServiceInterface callingPackage=com.google.android.gms componentName=AppsCorpus serviceId=36
11-05 09:33:49.517: I/Icing(2022): Usage reports 0 indexed 0 rejected 0 imm upload false
11-05 09:33:49.517: I/Icing(2022): Usage reports 0 indexed 0 rejected 0 imm upload false
11-05 09:33:49.747: D/AndroidRuntime(4870): >>>>>> AndroidRuntime START com.android.internal.os.RuntimeInit <<<<<<
11-05 09:33:49.747: W/linker(4870): libdvm.so has text relocations. This is wasting memory and is a security risk. Please fix.
11-05 09:33:49.747: D/AndroidRuntime(4870): CheckJNI is OFF
11-05 09:33:49.757: D/dalvikvm(4870): Trying to load lib libjavacore.so 0x0
11-05 09:33:49.757: D/dalvikvm(4870): Added shared lib libjavacore.so 0x0
11-05 09:33:49.757: D/dalvikvm(4870): Trying to load lib libnativehelper.so 0x0
11-05 09:33:49.757: D/dalvikvm(4870): Added shared lib libnativehelper.so 0x0
11-05 09:33:49.757: D/dalvikvm(4870): No JNI_OnLoad found in libnativehelper.so 0x0, skipping init
11-05 09:33:49.757: D/dalvikvm(4870): Note: class Landroid/app/ActivityManagerNative; has 179 unimplemented (abstract) methods
11-05 09:33:49.797: E/memtrack(4870): Couldn't load memtrack module (No such file or directory)
11-05 09:33:49.797: E/android.os.Debug(4870): failed to load memtrack module: -2
11-05 09:33:49.807: I/Icing(2022): Indexing C7964761759975815F38BA30A7C6318FBC326FC4 from com.google.android.gms
11-05 09:33:49.807: I/Icing(2022): Indexing done C7964761759975815F38BA30A7C6318FBC326FC4
11-05 09:33:49.817: D/AndroidRuntime(4870): Calling main entry com.android.commands.input.Input
11-05 09:33:49.817: I/Input(4870): injectKeyEvent: KeyEvent { action=ACTION_DOWN, keyCode=KEYCODE_MENU, scanCode=0, metaState=0, flags=0x0, repeatCount=0, eventTime=73695540, downTime=73695540, deviceId=-1, source=0x101 }
11-05 09:33:49.837: I/Input(4870): injectKeyEvent: KeyEvent { action=ACTION_UP, keyCode=KEYCODE_MENU, scanCode=0, metaState=0, flags=0x0, repeatCount=0, eventTime=73695540, downTime=73695540, deviceId=-1, source=0x101 }
11-05 09:33:49.847: D/dalvikvm(1705): GC_FOR_ALLOC freed 366K, 20% free 8944K/11092K, paused 11ms, total 11ms
11-05 09:33:49.847: I/dalvikvm-heap(1705): Grow heap (frag case) to 8.934MB for 118834-byte allocation
11-05 09:33:49.857: D/dalvikvm(1705): GC_FOR_ALLOC freed 2K, 20% free 9058K/11212K, paused 10ms, total 10ms
11-05 09:33:49.857: D/AndroidRuntime(4870): Shutting down VM
11-05 09:33:49.857: D/dalvikvm(4870): GC_CONCURRENT freed 96K, 15% free 554K/652K, paused 1ms+0ms, total 1ms
11-05 09:33:49.877: I/GceGrallocRegionRegistry(1758): Unmapped gralloc-1328.11 hnd=0xb802c350 fd=64 base=0x7ba89000
11-05 09:33:49.877: I/GceGrallocRegionRegistry(1758): Unmapped gralloc-1328.14 hnd=0xb80a31b0 fd=66 base=0x7b19d000
11-05 09:33:49.877: I/GceGrallocRegionRegistry(1758): Unmapped gralloc-1328.16 hnd=0xb822e060 fd=69 base=0x7a7e5000
11-05 09:33:49.877: I/GceGrallocRegionRegistry(1328): Unmapped gralloc-1328.11 hnd=0xb94d4be0 fd=37 base=0xad952000
11-05 09:33:49.877: I/GceGrallocRegionRegistry(1328): Unmapped gralloc-1328.14 hnd=0xb94dcf30 fd=22 base=0xb29ef000
11-05 09:33:49.877: D/dalvikvm(1705): GC_FOR_ALLOC freed 356K, 20% free 8976K/11212K, paused 8ms, total 8ms
11-05 09:33:49.877: I/dalvikvm-heap(1705): Grow heap (frag case) to 9.022MB for 178248-byte allocation
11-05 09:33:49.877: I/Remoter(1338): Saved screenshot to '/data/screenshots/__pmv__-0074.jpg'
11-05 09:33:49.887: D/dalvikvm(1705): GC_FOR_ALLOC freed <1K, 20% free 9150K/11388K, paused 8ms, total 8ms
11-05 09:33:49.897: D/dalvikvm(1705): GC_FOR_ALLOC freed 150K, 21% free 9027K/11388K, paused 7ms, total 7ms
11-05 09:33:49.897: I/dalvikvm-heap(1705): Grow heap (frag case) to 9.033MB for 137260-byte allocation
11-05 09:33:49.907: D/dalvikvm(1705): GC_FOR_ALLOC freed <1K, 21% free 9161K/11524K, paused 7ms, total 7ms
11-05 09:33:49.907: I/Authzen(2022): [DeviceStateSyncManager] Device state fast sync is disabled
11-05 09:33:49.907: D/PhoneStatusBar(1758): disable: < expand icons alerts ticker system_info back* home* recent* clock* search >
11-05 09:33:49.917: W/InputMethodManagerService(1705): Window already focused, ignoring focus gain of: com.android.internal.view.IInputMethodClient$Stub$Proxy@9547f610 attribute=null, token = android.os.BinderProxy@95427290
11-05 09:33:49.977: D/dalvikvm(1841): GC_CONCURRENT freed 1212K, 18% free 7424K/8984K, paused 1ms+1ms, total 60ms
