11-05 09:33:58.767: D/dalvikvm(2234): GC_CONCURRENT freed 354K, 12% free 3551K/4000K, paused 0ms+0ms, total 5ms
11-05 09:33:58.777: I/iu.SyncManager(2022): account change detect - update database
11-05 09:33:58.777: I/iu.SyncManager(2022): SYNC; picasa accounts
11-05 09:33:58.777: I/iu.SyncManager(2022): account change detect - update database
11-05 09:33:58.777: I/Auth(1905): [BroadcastManager] Broadcasting account services changed.
11-05 09:33:58.777: I/iu.SyncManager(2022): SYNC; picasa accounts
11-05 09:33:58.787: I/AuthService(5062): [AddAccountOperation] Succeeded.
11-05 09:33:58.787: I/RlzPingService(4481): Setting next ping for 1509978838800
11-05 09:33:58.797: D/Volley(4512): [188] DiskBasedCache.clear: Cache cleared.
11-05 09:33:58.797: D/Volley(4512): [192] DiskBasedCache.clear: Cache cleared.
11-05 09:33:58.797: D/Finsky(4512): [1] UpdateWidgetsReceiver.onReceive: Updated 0 MarketWidgetProvider widgets (android.accounts.LOGIN_ACCOUNTS_CHANGED)
11-05 09:33:58.797: D/Finsky(4512): [1] UpdateWidgetsReceiver.onReceive: Updated 0 RecommendedWidgetProvider widgets (android.accounts.LOGIN_ACCOUNTS_CHANGED)
11-05 09:33:58.807: D/Finsky(4512): [1] UpdateWidgetsReceiver.onReceive: Updated 0 NowPlayingWidgetProvider widgets (android.accounts.LOGIN_ACCOUNTS_CHANGED)
11-05 09:33:58.807: I/ContactsProvider(4199): Accounts changed
11-05 09:33:58.817: D/dalvikvm(4558): GC_CONCURRENT freed 522K, 14% free 4000K/4608K, paused 1ms+1ms, total 5ms
11-05 09:33:58.827: I/Icing(2022): updateResources: need to parse qzc{com.google.android.gms}
11-05 09:33:58.827: I/ActivityManager(1705): Start proc com.google.android.calendar for service com.google.android.calendar/com.google.android.syncadapters.calendar.CalendarSyncAdapterService: pid=5125 uid=10027 gids={50027, 3003}
11-05 09:33:58.847: W/GAV2(4558): Thread[main,5,main]: Need to call initialize() and be in fallback mode to start dispatch.
11-05 09:33:58.847: D/dalvikvm(4199): GC_CONCURRENT freed 252K, 8% free 3935K/4272K, paused 2ms+1ms, total 4ms
11-05 09:33:58.857: I/Velvet.VelvetFactory(4558): refreshing internal icing corpora
11-05 09:33:58.887: D/dalvikvm(1705): GC_CONCURRENT freed 2037K, 19% free 10781K/13196K, paused 1ms+23ms, total 51ms
11-05 09:33:58.887: D/dalvikvm(1705): WAIT_FOR_CONCURRENT_GC blocked 33ms
11-05 09:33:58.887: D/dalvikvm(1705): WAIT_FOR_CONCURRENT_GC blocked 30ms
11-05 09:33:58.887: D/dalvikvm(1705): WAIT_FOR_CONCURRENT_GC blocked 28ms
11-05 09:33:58.887: D/dalvikvm(1705): WAIT_FOR_CONCURRENT_GC blocked 28ms
11-05 09:33:58.887: D/dalvikvm(1705): WAIT_FOR_CONCURRENT_GC blocked 37ms
11-05 09:33:58.887: D/dalvikvm(1705): WAIT_FOR_CONCURRENT_GC blocked 36ms
11-05 09:33:58.887: D/dalvikvm(1705): WAIT_FOR_CONCURRENT_GC blocked 29ms
11-05 09:33:58.887: D/dalvikvm(1705): WAIT_FOR_CONCURRENT_GC blocked 29ms
11-05 09:33:58.887: D/dalvikvm(1705): WAIT_FOR_CONCURRENT_GC blocked 28ms
11-05 09:33:58.907: D/dalvikvm(1905): GC_CONCURRENT freed 787K, 19% free 6014K/7336K, paused 1ms+2ms, total 13ms
11-05 09:33:58.907: I/Velvet.VelvetFactory(4558): refreshing search history.
11-05 09:33:58.917: I/Icing.InternalIcingCorporaProvider(4558): Updating corpora: A: MAYBE, C: MAYBE
11-05 09:33:58.927: E/GCoreUlr(1841): Create new device tag of -1668059947 after device reboot.
11-05 09:33:58.937: D/dalvikvm(4558): GC_CONCURRENT freed 388K, 14% free 4005K/4608K, paused 1ms+1ms, total 4ms
11-05 09:33:58.937: I/Icing.InternalIcingCorporaProvider(4558): UpdateCorporaTask done [took 13 ms] updated apps [took 13 ms] 
11-05 09:33:58.937: W/GAV2(4558): Thread[Thread-215,5,main]: dispatch call queued.  Need to call GAServiceManager.getInstance().initialize().
11-05 09:33:58.937: W/Sidekick_LocationOracleImpl(4558): Best location was null
11-05 09:33:58.967: I/AuthService(5062): [AccountService] Execution time for add account with authorization code, options: Bundle[{}] is 2135 ms.
11-05 09:33:58.967: W/AbstractGoogleClient(5125): Application name is not set. Call Builder#setApplicationName.
11-05 09:33:58.967: I/ActivityManager(1705): Start proc com.google.android.exchange for content provider com.google.android.exchange/com.android.exchange.provider.ExchangeDirectoryProvider: pid=5152 uid=10034 gids={50034, 3003, 1028, 1015}
11-05 09:33:58.977: I/dalvikvm(1905): Could not find method android.accounts.AccountManager.removeAccount, referenced from method bsv.a
11-05 09:33:58.977: W/dalvikvm(1905): VFY: unable to resolve virtual method 2870: Landroid/accounts/AccountManager;.removeAccount (Landroid/accounts/Account;Landroid/app/Activity;Landroid/accounts/AccountManagerCallback;Landroid/os/Handler;)Landroid/accounts/AccountManagerFuture;
11-05 09:33:58.977: D/dalvikvm(1905): VFY: replacing opcode 0x6e at 0x0031
11-05 09:33:58.977: D/LoginUtil(5046): Instrumentation completed successfully
11-05 09:33:58.987: I/ActivityManager(1705): Force stopping com.google.android.apps.mtaas.loginutil appid=10067 user=0: finished inst
11-05 09:33:58.987: D/AndroidRuntime(5036): Shutting down VM
11-05 09:33:58.987: D/dalvikvm(5036): GC_CONCURRENT freed 95K, 15% free 558K/656K, paused 0ms+0ms, total 0ms
11-05 09:33:58.987: I/ActivityManager(1705): Killing 5046:com.google.android.apps.mtaas.loginutil/u0a67 (adj 0): stop com.google.android.apps.mtaas.loginutil
11-05 09:33:59.017: D/dalvikvm(1705): GC_CONCURRENT freed 1733K, 19% free 10764K/13196K, paused 0ms+1ms, total 20ms
11-05 09:33:59.017: I/ActivityManager(1705): Start proc com.android.chrome for broadcast com.android.chrome/com.google.android.apps.chrome.services.AccountsChangedReceiver: pid=5175 uid=10029 gids={50029, 3003, 1028, 1015}
11-05 09:33:59.027: I/Icing(2022): updateResources: need to parse qzc{com.google.android.gms}
11-05 09:33:59.037: I/ActivityManager(1705): Start proc com.android.providers.calendar for content provider com.android.providers.calendar/.CalendarProvider2: pid=5188 uid=10001 gids={50001, 3003, 1028, 1015}
11-05 09:33:59.047: I/dalvikvm(1905): Could not find method android.accounts.AccountManager.renameAccount, referenced from method eah.b
11-05 09:33:59.047: W/dalvikvm(1905): VFY: unable to resolve virtual method 2872: Landroid/accounts/AccountManager;.renameAccount (Landroid/accounts/Account;Ljava/lang/String;Landroid/accounts/AccountManagerCallback;Landroid/os/Handler;)Landroid/accounts/AccountManagerFuture;
11-05 09:33:59.047: D/dalvikvm(1905): VFY: replacing opcode 0x6e at 0x0046
11-05 09:33:59.047: I/Auth(1905): [ReflectiveChannelBinder] Successfully bound channel!
11-05 09:33:59.057: W/dalvikvm(1905): VFY: unable to find class referenced in signature (Landroid/net/Network;)
11-05 09:33:59.057: E/dalvikvm(1905): Could not find class 'android.net.Network', referenced from method quw.a
11-05 09:33:59.057: W/dalvikvm(1905): VFY: unable to resolve check-cast 3492 (Landroid/net/Network;) in Lquw;
11-05 09:33:59.057: D/dalvikvm(1905): VFY: replacing opcode 0x1f at 0x000f
11-05 09:33:59.057: I/ActivityManager(1705): Start proc com.google.android.email for content provider com.google.android.email/com.android.email.provider.EmailProvider: pid=5201 uid=10033 gids={50033, 3003, 1028, 1015}
11-05 09:33:59.067: I/ContactDirectoryManager(4199): deleted 0 stale rows which don't have any relevant directory
11-05 09:33:59.077: W/Conscrypt(1905): Could not set socket write timeout:
11-05 09:33:59.077: W/Conscrypt(1905):    java.lang.reflect.Method.invokeNative(Native Method)
11-05 09:33:59.077: W/Conscrypt(1905):    java.lang.reflect.Method.invoke(Method.java:515)
11-05 09:33:59.087: W/Conscrypt(1905): Could not set socket write timeout:
11-05 09:33:59.087: W/Conscrypt(1905):    java.lang.reflect.Method.invokeNative(Native Method)
11-05 09:33:59.087: W/Conscrypt(1905):    java.lang.reflect.Method.invoke(Method.java:515)
11-05 09:33:59.107: D/ActivityThread(5201): Loading provider com.google.android.email.provider;com.google.android.email.notifier: com.android.email.provider.EmailProvider
11-05 09:33:59.107: W/Conscrypt(1905): Could not set socket write timeout:
11-05 09:33:59.107: W/Conscrypt(1905):    java.lang.reflect.Method.invokeNative(Native Method)
11-05 09:33:59.107: W/Conscrypt(1905):    java.lang.reflect.Method.invoke(Method.java:515)
11-05 09:33:59.107: D/ActivityThread(5201): Loading provider com.google.android.email.provider;com.google.android.email.notifier: com.android.email.provider.EmailProvider
11-05 09:33:59.117: W/Conscrypt(1905): Could not set socket write timeout:
11-05 09:33:59.117: W/Conscrypt(1905):    java.lang.reflect.Method.invokeNative(Native Method)
11-05 09:33:59.117: W/Conscrypt(1905):    java.lang.reflect.Method.invoke(Method.java:515)
11-05 09:33:59.117: I/ContactDirectoryManager(4199): Discovered 1 contact directories in 296ms
11-05 09:33:59.127: I/CalendarProvider2(5188): Created com.android.providers.calendar.CalendarAlarmManager@9510dfe8(com.android.providers.calendar.CalendarProvider2@951055f0)
11-05 09:33:59.127: I/ActivityManager(1705): Delay finish: com.google.android.email/com.android.email.service.EmailBroadcastReceiver
11-05 09:33:59.127: D/dalvikvm(1905): GC_CONCURRENT freed 722K, 17% free 6090K/7336K, paused 0ms+0ms, total 12ms
11-05 09:33:59.137: D/dalvikvm(4558): GC_CONCURRENT freed 269K, 11% free 4120K/4608K, paused 1ms+0ms, total 4ms
11-05 09:33:59.137: D/dalvikvm(5201): GC_CONCURRENT freed 243K, 9% free 3672K/4004K, paused 1ms+1ms, total 13ms
11-05 09:33:59.137: I/Email(5201): System accounts updated.
11-05 09:33:59.147: I/ActivityManager(1705): Delaying start of: ServiceRecord{956a6958 u0 com.android.providers.calendar/.EmptyService}
11-05 09:33:59.157: W/Conscrypt(1905): Could not set socket write timeout:
11-05 09:33:59.157: W/Conscrypt(1905):    java.lang.reflect.Method.invokeNative(Native Method)
11-05 09:33:59.157: W/Conscrypt(1905):    java.lang.reflect.Method.invoke(Method.java:515)
11-05 09:33:59.157: W/Conscrypt(1905): Could not set socket write timeout:
11-05 09:33:59.157: W/Conscrypt(1905):    java.lang.reflect.Method.invokeNative(Native Method)
11-05 09:33:59.157: W/Conscrypt(1905):    java.lang.reflect.Method.invoke(Method.java:515)
11-05 09:33:59.157: W/ActivityManager(1705): Unable to start service Intent { cmp=com.google.android.email/com.android.email.service.AttachmentDownloadService } U=0: not found
11-05 09:33:59.157: I/ActivityManager(1705): Delaying start of: ServiceRecord{956907d0 u0 com.google.android.exchange/com.android.exchange.service.EmailSyncAdapterService}
11-05 09:33:59.167: I/Email(5201): Observing account changes for notifications
11-05 09:33:59.167: I/ActivityManager(1705): Resuming delayed broadcast
11-05 09:33:59.177: I/Exchange(5152): Accounts changed - requesting FolderSync for unsynced accounts
11-05 09:33:59.187: I/ActivityManager(1705): Start proc com.google.android.gm for broadcast com.google.android.gm/.AccountsChangedReceiver: pid=5228 uid=10038 gids={50038, 3003, 1028, 1015}
11-05 09:33:59.187: W/ActivityManager(1705): Unable to start service Intent { cmp=com.google.android.email/com.android.email.service.AttachmentDownloadService } U=0: not found
11-05 09:33:59.187: W/ActivityManager(1705): Unable to start service Intent { cmp=com.google.android.email/com.android.email.service.AttachmentDownloadService } U=0: not found
11-05 09:33:59.197: D/dalvikvm(5228): GC_CONCURRENT freed 240K, 8% free 3720K/4044K, paused 0ms+1ms, total 3ms
11-05 09:33:59.197: D/ActivityThread(5228): Loading provider com.android.gmail.ui: com.google.android.gm.provider.GmailProvider
11-05 09:33:59.207: W/GAV2(5228): Thread[main,5,main]: Need to call initialize() and be in fallback mode to start dispatch.
11-05 09:33:59.217: I/Icing(2022): IndexChimeraService.getServiceInterface callingPackage=com.google.android.gm componentName=null serviceId=21
11-05 09:33:59.217: I/ActivityManager(1705): Delay finish: com.google.android.gm/.AccountsChangedReceiver
11-05 09:33:59.227: I/Icing(2022): Usage reports 0 indexed 0 rejected 0 imm upload false
11-05 09:33:59.227: D/dalvikvm(5228): GC_CONCURRENT freed 328K, 10% free 3797K/4216K, paused 0ms+1ms, total 3ms
11-05 09:33:59.237: W/Auth(1905): [GetToken] GetToken failed with status code: INVALID_SCOPE
11-05 09:33:59.237: W/Search.LoginHelper(4558): Google auth exception for scope: oauth2:https://www.googleapis.com/auth/googlenow
11-05 09:33:59.237: E/Velvet.VelvetNetworkClient(4558): Failed to get auth token
11-05 09:33:59.237: W/Sidekick_NowOptInSettingsImpl(4558): Failed to fetch default configuration
11-05 09:33:59.237: I/Auth(1905): [BroadcastManager] Broadcasting account services changed.
11-05 09:33:59.247: I/Auth(1905): [BroadcastManager] Broadcasting account services changed.
11-05 09:33:59.247: W/Search.SearchUrlHelper(4558): Auth token not ready, no auth header set.
11-05 09:33:59.257: D/dalvikvm(4558): GC_FOR_ALLOC freed 80K, 10% free 4218K/4648K, paused 2ms, total 2ms
11-05 09:33:59.297: I/Icing(2022): Indexing 50F06055B6979F9ED90C4BA6102B9A1624B9D31A from com.google.android.gm
11-05 09:33:59.317: I/Gmail(5228): Bootstrapping db:/data/data/com.google.android.gm/databases/internal.73QQWBI3JPM3R25FFOHSJWYUOE-01@cloudtestlabaccounts.com.db Current version is 0
11-05 09:33:59.347: I/Gmail(5228): Bootstrapping db: /data/data/com.google.android.gm/databases/mailstore.73QQWBI3JPM3R25FFOHSJWYUOE-01@cloudtestlabaccounts.com.db Current version is 0
11-05 09:33:59.367: I/Auth(1905): [BroadcastManager] Broadcasting account services changed.
11-05 09:33:59.377: I/Gmail(5228): calculateUnknownSyncRationalesAndPurgeInBackground: exiting (labelMap not synced
11-05 09:33:59.377: E/SQLiteLog(5228): (1) no such table: search_status
11-05 09:33:59.377: I/Gmail(5228): Setting up for AppDataSearch
11-05 09:33:59.387: I/Gmail(5228): calculateUnknownSyncRationalesAndPurgeInBackground: exiting (labelMap not synced
11-05 09:33:59.387: I/Gmail(5228): calculateUnknownSyncRationalesAndPurgeInBackground: exiting (labelMap not synced
11-05 09:33:59.387: I/Gmail(5228): Backfilling search sequence table
11-05 09:33:59.397: W/ContextImpl(5228): Implicit intents with startService are not safe: Intent { act=com.android.mail.action.BACKUP_DATA_CHANGED } android.content.ContextWrapper.startService:494 com.android.mail.MailIntentService.broadcastBackupDataChanged:96 com.android.mail.preferences.VersionedPrefs.notifyBackupPreferenceChanged:260 
11-05 09:33:59.397: W/ContextImpl(5228): Implicit intents with startService are not safe: Intent { act=com.android.mail.action.BACKUP_DATA_CHANGED } android.content.ContextWrapper.startService:494 com.android.mail.MailIntentService.broadcastBackupDataChanged:96 com.android.mail.preferences.VersionedPrefs.notifyBackupPreferenceChanged:260 
11-05 09:33:59.397: I/Gmail(5228): Backfilling search sequence table
11-05 09:33:59.397: D/dalvikvm(5228): GC_CONCURRENT freed 291K, 9% free 3921K/4300K, paused 0ms+1ms, total 3ms
11-05 09:33:59.397: W/ContextImpl(5228): Implicit intents with startService are not safe: Intent { act=com.android.mail.action.BACKUP_DATA_CHANGED } android.content.ContextWrapper.startService:494 com.android.mail.MailIntentService.broadcastBackupDataChanged:96 com.android.mail.preferences.VersionedPrefs.notifyBackupPreferenceChanged:260 
11-05 09:33:59.397: W/ActivityManager(1705): Unable to start service Intent { act=com.android.mail.action.BACKUP_DATA_CHANGED } U=0: not found
11-05 09:33:59.397: W/ActivityManager(1705): Unable to start service Intent { act=com.android.mail.action.BACKUP_DATA_CHANGED } U=0: not found
11-05 09:33:59.397: W/ActivityManager(1705): Unable to start service Intent { act=com.android.mail.action.BACKUP_DATA_CHANGED } U=0: not found
11-05 09:33:59.407: E/Gmail.LabelManager(5228): Unable to get label ^i for account 73QQWBI3JPM3R25FFOHSJWYUOE-01@cloudtestlabaccounts.com
11-05 09:33:59.407: E/Gmail(5228): Couldn't find label: ^i
11-05 09:33:59.407: I/Icing(2022): Indexing done 50F06055B6979F9ED90C4BA6102B9A1624B9D31A
11-05 09:33:59.417: I/ActivityManager(1705): Resuming delayed broadcast
11-05 09:33:59.427: I/ActivityManager(1705): Start proc com.google.android.videos for broadcast com.google.android.videos/.accounts.AccountsChangedService$AccountsChangedReceiver: pid=5269 uid=10062 gids={50062, 3003, 1028, 1015, 3002}
11-05 09:33:59.437: W/Auth(1905): [GetToken] GetToken failed with status code: INVALID_SCOPE
11-05 09:33:59.437: W/Search.LoginHelper(4558): Google auth exception for scope: oauth2:https://www.googleapis.com/auth/googlenow
11-05 09:33:59.457: D/dalvikvm(1905): GC_CONCURRENT freed 769K, 17% free 6136K/7336K, paused 1ms+4ms, total 18ms
11-05 09:33:59.497: W/Auth(1905): [GetToken] GetToken failed with status code: INVALID_SCOPE
11-05 09:33:59.507: D/dalvikvm(5269): GC_CONCURRENT freed 298K, 10% free 3687K/4072K, paused 0ms+0ms, total 4ms
11-05 09:33:59.507: W/Search.LoginHelper(4558): Google auth exception for scope: oauth2:https://www.googleapis.com/auth/googlenow
11-05 09:33:59.507: D/dalvikvm(4558): GC_CONCURRENT freed 273K, 8% free 4396K/4756K, paused 1ms+0ms, total 5ms
11-05 09:33:59.537: W/ResourceType(1705): Failure getting entry for 0x7f060000 (t=5 e=0) in package 0 (error -75)
11-05 09:33:59.547: D/dalvikvm(5269): GC_CONCURRENT freed 193K, 7% free 3887K/4168K, paused 0ms+0ms, total 2ms
11-05 09:33:59.547: D/PlayMovies(5269): PersistentCache.cleanup:126 Cache is below limit, no need to shrink: [size=0, limit=5242880]
11-05 09:33:59.557: D/dalvikvm(5269): GC_CONCURRENT freed 383K, 11% free 3905K/4376K, paused 2ms+0ms, total 4ms
11-05 09:33:59.567: D/dalvikvm(5269): GC_FOR_ALLOC freed 468K, 14% free 3901K/4504K, paused 2ms, total 2ms
11-05 09:33:59.567: D/dalvikvm(5269): GC_CONCURRENT freed 24K, 13% free 3920K/4504K, paused 0ms+1ms, total 3ms
11-05 09:33:59.577: I/MediaRouter(5269): Found default route: MediaRouter.RouteInfo{ uniqueId=android/.support.v7.media.SystemMediaRouteProvider:DEFAULT_ROUTE, name=Phone, description=null, enabled=true, connecting=false, playbackType=0, playbackStream=3, volumeHandling=1, volume=11, volumeMax=15, presentationDisplayId=-1, extras=null, providerPackageName=android }
11-05 09:33:59.577: D/PlayMovies(5269): MediaRouteManager.onRouteSelected:125 routeInfo: MediaRouter.RouteInfo{ uniqueId=android/.support.v7.media.SystemMediaRouteProvider:DEFAULT_ROUTE, name=Phone, description=null, enabled=true, connecting=false, playbackType=0, playbackStream=3, volumeHandling=1, volume=11, volumeMax=15, presentationDisplayId=-1, extras=null, providerPackageName=android }
11-05 09:33:59.587: D/PlayMovies(5269): TransferService.onCreate:52 creating transfer service
11-05 09:33:59.587: I/ActivityManager(1705): Delay finish: com.google.android.videos/.accounts.AccountsChangedService$AccountsChangedReceiver
11-05 09:33:59.587: D/dalvikvm(5269): GC_CONCURRENT freed 317K, 10% free 4083K/4504K, paused 1ms+0ms, total 3ms
11-05 09:33:59.597: D/PlayMovies(5269): MediaRouteManager.onRouteSelected:125 routeInfo: MediaRouter.RouteInfo{ uniqueId=android/.support.v7.media.SystemMediaRouteProvider:DEFAULT_ROUTE, name=Phone, description=null, enabled=true, connecting=false, playbackType=0, playbackStream=3, volumeHandling=1, volume=11, volumeMax=15, presentationDisplayId=-1, extras=null, providerPackageName=android }
11-05 09:33:59.597: I/Icing(2022): IndexChimeraService.getServiceInterface callingPackage=com.google.android.videos componentName=null serviceId=21
11-05 09:33:59.617: D/dalvikvm(5269): GC_FOR_ALLOC freed 516K, 13% free 4079K/4680K, paused 3ms, total 3ms
11-05 09:33:59.627: D/dalvikvm(5269): GC_CONCURRENT freed 154K, 13% free 4078K/4680K, paused 0ms+0ms, total 2ms
11-05 09:33:59.637: D/dalvikvm(5269): GC_FOR_ALLOC freed 547K, 14% free 4042K/4680K, paused 3ms, total 3ms
11-05 09:33:59.647: D/dalvikvm(5269): GC_CONCURRENT freed 124K, 14% free 4040K/4680K, paused 0ms+1ms, total 3ms
11-05 09:33:59.657: D/dalvikvm(5269): GC_CONCURRENT freed 388K, 14% free 4043K/4680K, paused 2ms+0ms, total 4ms
11-05 09:33:59.657: I/ActivityManager(1705): Resuming delayed broadcast
11-05 09:33:59.667: I/ActivityManager(1705): Start proc com.google.android.youtube for broadcast com.google.android.youtube/com.google.android.apps.youtube.core.async.UserAuthorizer$AccountsChangedReceiver: pid=5311 uid=10065 gids={50065, 3003, 1028, 1015}
11-05 09:33:59.687: I/Icing(2022): Usage reports 0 indexed 0 rejected 0 imm upload false
11-05 09:33:59.707: I/ActivityManager(1705): Killing 2819:com.google.android.deskclock/u0a31 (adj 15): empty #17
11-05 09:33:59.727: D/YouTube(5311): apps.youtube.core.utils.bb.a:41 HttpClient.UserAgent: com.google.android.youtube/5.2.27(Linux; U; Android 4.4.4; en_US; GCE x86 phone Build/KTU84P.KXG52)
11-05 09:33:59.737: D/dalvikvm(5311): GC_CONCURRENT freed 276K, 9% free 3744K/4104K, paused 4ms+1ms, total 7ms
11-05 09:33:59.737: D/dalvikvm(5311): WAIT_FOR_CONCURRENT_GC blocked 2ms
11-05 09:33:59.737: I/Remoter(1338): Saved screenshot to '/data/screenshots/__pmv__-0083.jpg'
11-05 09:33:59.747: I/Icing(2022): Indexing 3D08E8CEEF13C6F4A2FF4E64D8A65DD7D1D308BE from com.google.android.videos
11-05 09:33:59.747: D/YouTube(5311): apps.youtube.core.utils.bb.a:41 HttpClient.UserAgent: com.google.android.youtube/5.2.27(Linux; U; Android 4.4.4; en_US; GCE x86 phone Build/KTU84P.KXG52)
11-05 09:33:59.757: I/Icing(2022): Indexing done 3D08E8CEEF13C6F4A2FF4E64D8A65DD7D1D308BE
11-05 09:33:59.757: I/Icing(2022): Indexing 1DCFEB249A42F1CCFB8E84B6E8EFCC96AE76CE3C from com.google.android.videos
11-05 09:33:59.767: I/Icing(2022): Indexing done 1DCFEB249A42F1CCFB8E84B6E8EFCC96AE76CE3C
11-05 09:33:59.777: D/dalvikvm(5311): GC_CONCURRENT freed 272K, 9% free 3856K/4216K, paused 0ms+0ms, total 2ms
11-05 09:33:59.787: D/YouTube(5311): apps.youtube.core.client.r.a:114 event [version=5.2.27-s2000, action=Startup, label=NORMAL_STARTUP, value=-1]
11-05 09:33:59.787: W/ActivityManager(1705): Unable to start service Intent { flg=0x4 cmp=com.android.vending/com.google.android.finsky.services.DailyHygiene (has extras) } U=0: not found
11-05 09:33:59.797: D/YouTube(5311): apps.youtube.core.cache.f.run:163 Cache is below limit, no need to shrink: [size=0, limit=20971520]
11-05 09:33:59.797: D/dalvikvm(5311): GC_CONCURRENT freed 261K, 8% free 4056K/4404K, paused 0ms+1ms, total 4ms
11-05 09:33:59.807: D/dalvikvm(5311): DexOpt: --- BEGIN 'ads1396825198.jar' (bootstrap=0) ---
11-05 09:33:59.807: W/linker(5335): libdvm.so has text relocations. This is wasting memory and is a security risk. Please fix.
11-05 09:33:59.817: D/dalvikvm(5335): DexOpt: load 0ms, verify+opt 1ms, 158252 bytes
11-05 09:33:59.817: D/dalvikvm(5311): DexOpt: --- END 'ads1396825198.jar' (success) ---
11-05 09:33:59.817: D/dalvikvm(5311): DEX prep '/data/data/com.google.android.youtube/cache/ads1396825198.jar': unzip in 0ms, rewrite 11ms
11-05 09:33:59.837: D/dalvikvm(1705): GC_EXPLICIT freed 1392K, 18% free 10918K/13196K, paused 0ms+1ms, total 12ms
11-05 09:33:59.847: D/dalvikvm(5311): GC_CONCURRENT freed 244K, 8% free 4202K/4532K, paused 0ms+1ms, total 3ms
11-05 09:33:59.847: I/GoogleConversionPing(5311): Pinging: http://www.googleadservices.com/pagead/conversion/1001680686/?label=4dahCKKczAYQrt7R3QM&value=&muid=dmFa-xu4qKSIwee6pHxNmQ&bundleid=com.google.android.youtube&appversion=5.2.27&osversion=4.4.4&sdkversion=ct-sdk-a-v1.1.0&remarketing_only=1&timestamp=1509892439&data=screen_name%3D%3CAndroid_YT_Open_App%3E
11-05 09:33:59.867: D/YouTube(5311): apps.youtube.core.transfer.TransferService.onCreate:108 creating transfer service
11-05 09:33:59.867: I/ActivityManager(1705): Delay finish: com.google.android.gms/com.google.android.libraries.social.account.refresh.receiver.AccountsChangedReceiver
11-05 09:33:59.887: I/ActivityManager(1705): Resuming delayed broadcast
11-05 09:33:59.897: I/GoogleConversionPing(5311): Ping responded with response code 200
11-05 09:33:59.897: I/ActivityManager(1705): Delay finish: com.google.android.partnersetup/.RlzPingBroadcastReceiver
11-05 09:33:59.907: D/Volley(4512): [188] DiskBasedCache.clear: Cache cleared.
11-05 09:33:59.907: D/Volley(4512): [192] DiskBasedCache.clear: Cache cleared.
11-05 09:33:59.907: D/Finsky(4512): [1] UpdateWidgetsReceiver.onReceive: Updated 0 MarketWidgetProvider widgets (android.accounts.LOGIN_ACCOUNTS_CHANGED)
11-05 09:33:59.907: I/ActivityManager(1705): Resuming delayed broadcast
11-05 09:33:59.917: D/dalvikvm(4512): GC_CONCURRENT freed 330K, 10% free 3828K/4244K, paused 1ms+0ms, total 3ms
11-05 09:33:59.917: D/Finsky(4512): [1] UpdateWidgetsReceiver.onReceive: Updated 0 RecommendedWidgetProvider widgets (android.accounts.LOGIN_ACCOUNTS_CHANGED)
11-05 09:33:59.917: D/Finsky(4512): [1] UpdateWidgetsReceiver.onReceive: Updated 0 NowPlayingWidgetProvider widgets (android.accounts.LOGIN_ACCOUNTS_CHANGED)
11-05 09:33:59.917: I/ActivityManager(1705): Delay finish: com.google.android.googlequicksearchbox/com.google.android.sidekick.main.AccountsChangedReceiver
11-05 09:33:59.927: I/HeterodyneSyncScheduler(1841): Scheduling Phenotype for a PhenotypeSyncImmediately(5, null) one off with window [1, 2] in seconds
11-05 09:33:59.927: I/PmtsSwAccountIntentOp(2022): Processing intent action=android.accounts.LOGIN_ACCOUNTS_CHANGED
11-05 09:33:59.927: I/PmtsSwAccountIntentOp(2022): Device isn't of sufficient API level
11-05 09:33:59.927: I/ActivityManager(1705): Resuming delayed broadcast
11-05 09:33:59.927: I/ActivityManager(1705): Delay finish: com.google.android.calendar/com.google.android.syncadapters.calendar.CalendarSyncAdapterBroadcastReceiver
11-05 09:33:59.937: I/Email(5201): System accounts updated.
11-05 09:33:59.937: I/ActivityManager(1705): Resuming delayed broadcast
11-05 09:33:59.937: I/ActivityManager(1705): Delay finish: com.google.android.email/com.android.email.service.EmailBroadcastReceiver
11-05 09:33:59.937: I/ActivityManager(1705): Delaying start of: ServiceRecord{956435d8 u0 com.google.android.exchange/com.android.exchange.service.EmailSyncAdapterService}
11-05 09:33:59.947: I/Exchange(5152): Accounts changed - requesting FolderSync for unsynced accounts
11-05 09:33:59.947: I/Gmail(5228): Database deleted: No account for db [internal.73QQWBI3JPM3R25FFOHSJWYUOE-01@cloudtestlabaccounts.com.db]
11-05 09:33:59.947: I/Gmail(5228): Database deleted: No account for db [mailstore.73QQWBI3JPM3R25FFOHSJWYUOE-01@cloudtestlabaccounts.com.db]
11-05 09:33:59.947: I/Gmail(5228): Restarting because we deleted an account.
11-05 09:33:59.947: I/AndroidRuntime(5228): VM exiting with result code -1, cleanup skipped.
11-05 09:33:59.947: I/ActivityManager(1705): Resuming delayed broadcast
11-05 09:33:59.947: I/ActivityManager(1705): Delay finish: com.google.android.gm/.AccountsChangedReceiver
11-05 09:33:59.957: I/ActivityManager(1705): Resuming delayed broadcast
11-05 09:33:59.967: I/ActivityManager(1705): Delay finish: com.google.android.videos/.accounts.AccountsChangedService$AccountsChangedReceiver
11-05 09:33:59.967: I/ActivityManager(1705): Resuming delayed broadcast
11-05 09:33:59.967: I/ActivityManager(1705): Delay finish: com.google.android.youtube/com.google.android.apps.youtube.core.async.UserAuthorizer$AccountsChangedReceiver
11-05 09:33:59.967: I/ActivityManager(1705): Resuming delayed broadcast
11-05 09:33:59.977: I/ActivityManager(1705): Delay finish: com.google.android.gms/com.google.android.libraries.social.account.refresh.receiver.AccountsChangedReceiver
11-05 09:33:59.977: I/PmtsSwAccountIntentOp(2022): Processing intent action=android.accounts.LOGIN_ACCOUNTS_CHANGED
11-05 09:33:59.977: I/PmtsSwAccountIntentOp(2022): Device isn't of sufficient API level
11-05 09:33:59.977: I/ActivityManager(1705): Resuming delayed broadcast
11-05 09:33:59.987: I/HeterodyneSyncScheduler(1841): Scheduling Phenotype for a PhenotypeSyncImmediately(5, null) one off with window [1, 2] in seconds
11-05 09:33:59.987: D/Finsky(4512): [1] BaseWidgetProvider.onReceive: Received ACTION_APPWIDGET_UPDATE, updating 0 widgets.
11-05 09:33:59.997: D/Zygote(1329): Process 5228 exited cleanly (255)
11-05 09:33:59.997: I/ActivityManager(1705): Process com.google.android.gm (pid 5228) has died.
11-05 09:33:59.997: W/ActivityManager(1705): Scheduling restart of crashed service com.google.android.gm/.GmailIntentService in 1000ms
11-05 09:34:00.007: D/Finsky(4512): [1] BaseWidgetProvider.onReceive: Received ACTION_APPWIDGET_UPDATE, updating 0 widgets.
11-05 09:34:00.007: D/Finsky(4512): [1] BaseWidgetProvider.onReceive: Received ACTION_APPWIDGET_UPDATE, updating 0 widgets.
11-05 09:34:00.017: I/Auth(1905): [BroadcastManager] Broadcasting account change.
11-05 09:34:00.037: W/WakefulBroadcastReceiver(1905): No active wake lock id #1
11-05 09:34:00.037: W/WakefulBroadcastReceiver(1905): No active wake lock id #2
11-05 09:34:00.037: I/ActivityManager(1705): Start proc com.google.android.gm for broadcast com.google.android.gm/.MailIntentReceiver: pid=5385 uid=10038 gids={50038, 3003, 1028, 1015}
11-05 09:34:00.057: D/ActivityThread(5385): Loading provider com.android.gmail.ui: com.google.android.gm.provider.GmailProvider
11-05 09:34:00.057: D/dalvikvm(5385): GC_CONCURRENT freed 273K, 10% free 3623K/3984K, paused 0ms+0ms, total 3ms
11-05 09:34:00.097: W/GAV2(5385): Thread[main,5,main]: Need to call initialize() and be in fallback mode to start dispatch.
11-05 09:34:00.107: D/dalvikvm(5385): GC_CONCURRENT freed 258K, 9% free 3788K/4132K, paused 0ms+0ms, total 3ms
11-05 09:34:00.117: D/Finsky(4512): [1] BaseWidgetProvider.onReceive: Received ACTION_APPWIDGET_UPDATE, updating 0 widgets.
11-05 09:34:00.117: D/Finsky(4512): [1] BaseWidgetProvider.onReceive: Received ACTION_APPWIDGET_UPDATE, updating 0 widgets.
11-05 09:34:00.117: D/Finsky(4512): [1] BaseWidgetProvider.onReceive: Received ACTION_APPWIDGET_UPDATE, updating 0 widgets.
11-05 09:34:00.137: I/ActivityManager(1705): Delay finish: com.google.android.gms/.stats.service.DropBoxEntryAddedReceiver
11-05 09:34:00.147: I/CalendarProvider2(5188): Sending notification intent: Intent { act=android.intent.action.PROVIDER_CHANGED dat=content://com.android.calendar }
11-05 09:34:00.147: W/ContentResolver(5188): Failed to get type for: content://com.android.calendar (Unknown URL content://com.android.calendar)
11-05 09:34:00.157: I/Icing(2022): IndexChimeraService.getServiceInterface callingPackage=com.google.android.gm componentName=null serviceId=21
11-05 09:34:00.167: I/ActivityManager(1705): Resuming delayed broadcast
11-05 09:34:00.167: I/ActivityManager(1705): Killing 4545:android.process.media/u0a6 (adj 15): empty #17
11-05 09:34:00.177: W/ConfigurationChimeraProvider(1841): Got null configs for com.google.android.gms.ads
11-05 09:34:00.187: I/ActivityManager(1705): Delay finish: com.google.android.gms/.auth.api.credentials.sync.CredentialSyncBroadcastReceiver
11-05 09:34:00.227: W/UdcContextManagerHelper(1841): Empty context buffer. Thus might mean that the context is not synced down.
11-05 09:34:00.227: W/UploadOptInStatusOp(1841): Empty context model while retrieving upload opt-in status!
11-05 09:34:00.227: D/dalvikvm(2022): GC_EXPLICIT freed 2467K, 23% free 17458K/22432K, paused 2ms+2ms, total 73ms
11-05 09:34:00.237: I/ActivityManager(1705): Resuming delayed broadcast
11-05 09:34:00.237: I/ActivityManager(1705): Delay finish: com.google.android.gms/.checkin.CheckinServiceTriggerReceiver
11-05 09:34:00.257: D/dalvikvm(1905): GC_EXPLICIT freed 640K, 16% free 6187K/7336K, paused 0ms+3ms, total 16ms
11-05 09:34:00.267: I/ActivityManager(1705): Resuming delayed broadcast
11-05 09:34:00.287: W/ConfigurationChimeraProvider(1841): Got null configs for com.google.android.gms.mdm
11-05 09:34:00.297: D/dalvikvm(1841): GC_CONCURRENT freed 1189K, 17% free 7456K/8984K, paused 9ms+1ms, total 17ms
11-05 09:34:00.317: I/Authzen(1841): [AccountChangeProcessingIntentOperation] Received onHandleIntent() call: Intent { act=com.google.android.gms.auth.GOOGLE_ACCOUNT_CHANGE cat=[com.google.android.gms.auth.category.ACCOUNT_ADDED] flg=0x10 cmp=com.google.android.gms/.chimera.GmsIntentOperationService$PersistentInternalReceiver (has extras) }
11-05 09:34:00.317: I/Authzen(1841): [AccountChangeProcessingIntentOperation] Handling added account: <ELLIDED:1203187108>
11-05 09:34:00.317: I/ActivityManager(1705): Delay finish: com.google.android.gm/.MailIntentReceiver
11-05 09:34:00.327: I/EventLogChimeraService(2022): Accumulating logs since 1509891152161
11-05 09:34:00.327: I/Icing(2022): Usage reports 0 indexed 0 rejected 0 imm upload false
11-05 09:34:00.327: I/ActivityManager(1705): Resuming delayed broadcast
11-05 09:34:00.337: I/GCoreUlr(1841): Starting service, intent=Intent { act=com.google.android.location.reporting.ACTION_UPDATE_WORLD cmp=com.google.android.gms/com.google.android.location.reporting.service.DispatchingService (has extras) }, extras=Bundle[{receiverAction=com.google.android.gms.auth.GOOGLE_ACCOUNT_CHANGE, accountsAdded=[Account {name=73QQWBI3JPM3R25FFOHSJWYUOE-01@cloudtestlabaccounts.com, type=com.google}]}]
11-05 09:34:00.337: D/AlertReceiver(5125): onReceive: a=android.intent.action.PROVIDER_CHANGED Intent { act=android.intent.action.PROVIDER_CHANGED dat=content://com.android.calendar flg=0x10 cmp=com.google.android.calendar/com.android.calendar.alerts.AlertReceiver }
11-05 09:34:00.347: D/dalvikvm(5125): GC_CONCURRENT freed 294K, 10% free 3599K/3980K, paused 0ms+0ms, total 3ms
11-05 09:34:00.377: E/ctxmgr(1841): [NetworkUtil]No active synchronizable contexts.
11-05 09:34:00.387: D/AlertService(5125): 0 Action = android.intent.action.PROVIDER_CHANGED
11-05 09:34:00.387: I/ProcessCheckinRequest(2022): Get token from PseudonymousIdApi: 116=Jq8kcVyKxx8i5ntyLHWo0_6cPRMMiH467KlaaWHivqaYmJDxa-cqfhPe92j5q68QMqp-OG-dJdWR9wx7EoYIeCYL7TA1eoi5nLNxXwRRmLx5BaelDrdlFmwqJJlCHghe
11-05 09:34:00.387: I/GoogleURLConnFactory(1841): Using platform SSLCertificateSocketFactory
11-05 09:34:00.387: E/BaseAppContext(1841): Tried to stop global GMSCore RequestQueue. This is likely unintended, so ignoring.
11-05 09:34:00.397: I/CheckinRequestBuilder(2022): Checkin reason type: 4 attempt count: 1
11-05 09:34:00.397: I/GCoreUlr(1841): WorldUpdater received intent Intent { act=com.google.android.location.reporting.ACTION_UPDATE_WORLD cmp=com.google.android.gms/com.google.android.location.reporting.service.DispatchingService (has extras) } with receiverAction com.google.android.gms.auth.GOOGLE_ACCOUNT_CHANGE
11-05 09:34:00.397: I/Authzen(1841): [SyncManager] Sync requested for event 100, account 73QQWBI3JPM3R25FFOHSJWYUOE-01@cloudtestlabaccounts.com, and components 3, with reason 7
11-05 09:34:00.397: I/Authzen(1841): [SyncManager] Triggering AuthZen registration...
11-05 09:34:00.407: I/Authzen(1841): [RegistrationManager] Fetching signing key...
11-05 09:34:00.417: I/Authzen(1841): [RegistrationManager] Signing key fetched successfully!
11-05 09:34:00.417: I/dalvikvm(1841): Could not find method android.app.KeyguardManager.isDeviceLocked, referenced from method ewp.a
11-05 09:34:00.427: W/dalvikvm(1841): VFY: unable to resolve virtual method 3092: Landroid/app/KeyguardManager;.isDeviceLocked ()Z
11-05 09:34:00.427: D/dalvikvm(1841): VFY: replacing opcode 0x6e at 0x000a
11-05 09:34:00.427: I/dalvikvm(1841): Could not find method android.app.KeyguardManager.isDeviceSecure, referenced from method ewp.b
11-05 09:34:00.427: W/dalvikvm(1841): VFY: unable to resolve virtual method 3093: Landroid/app/KeyguardManager;.isDeviceSecure ()Z
11-05 09:34:00.427: D/dalvikvm(1841): VFY: replacing opcode 0x6e at 0x0008
11-05 09:34:00.427: I/Authzen(1841): [RegistrationManager] Starting Enrollment...
11-05 09:34:00.437: D/dalvikvm(1705): GC_EXPLICIT freed 1243K, 18% free 10836K/13196K, paused 1ms+2ms, total 19ms
11-05 09:34:00.437: E/ActivityThread(2022): Failed to find provider info for com.google.android.wearable.settings
11-05 09:34:00.497: W/Auth(1905): [GetToken] GetToken failed with status code: INVALID_SCOPE
11-05 09:34:00.507: E/Authzen(1841): [RegistrationManager] Failed to do enrollment for account: <ELLIDED:1770369010>
11-05 09:34:00.507: I/Authzen(1841): [exa] Syncing data for account <ELLIDED:1770369010>
11-05 09:34:00.517: I/GCoreUlr(1841): WorldUpdater:com.google.android.gms.auth.GOOGLE_ACCOUNT_CHANGE: Ensuring that reporting is stopped because of reasons: {account#10#=[InactiveReason{mIdentifier=6, mName='ReportingNotEnabled'}, InactiveReason{mIdentifier=14, mName='HistoryNotEnabled'}]}
11-05 09:34:00.537: I/GCoreUlr(1841): Unbound from all location providers
11-05 09:34:00.537: I/GCoreUlr(1841): Place inference reporting - stop
11-05 09:34:00.537: I/GCoreUlr(1841): Unregistering for aliased place alerts.
11-05 09:34:00.557: I/GCoreUlr(1841): DispatchingService.onDestroy()
11-05 09:34:00.557: I/GCoreUlr(1841): Stopping handler for UlrDispSvcFast
11-05 09:34:00.557: I/GCoreUlr(1841): Unbound from all location providers
11-05 09:34:00.557: I/GCoreUlr(1841): Place inference reporting - stop
11-05 09:34:00.557: I/GCoreUlr(1841): Unregistering for aliased place alerts.
11-05 09:34:00.567: I/Places(1841): ?: Couldn't find platform key file.
11-05 09:34:00.567: W/Auth(1905): [GetToken] GetToken failed with status code: INVALID_SCOPE
11-05 09:34:00.567: E/Authzen(1841): [exa] Failed to authenticate account: <ELLIDED:1770369010>. Clearing data.
11-05 09:34:00.577: I/Authzen(1841): [fbi] Opening database auth.proximity.permit_store...
11-05 09:34:00.577: I/Authzen(1841): [SyncManager] sync failed for 100
11-05 09:34:00.577: I/Authzen(1841): [SyncManager] Setting up sync 57012812ms later.
11-05 09:34:00.587: I/Authzen(2022): [PermitStore] Getting all permits...
11-05 09:34:00.597: D/dalvikvm(1905): GC_CONCURRENT freed 728K, 15% free 6286K/7336K, paused 0ms+1ms, total 13ms
11-05 09:34:00.607: I/GeofencerStateMachine(1841): removeGeofences: removeRequest=RemoveGeofencingRequest[REMOVE_BY_PENDING_INTENT pendingIntent=PendingIntent[creatorPackage=com.google.android.gms], packageName=null]
11-05 09:34:00.607: I/GeofencerStateMachine(1841): removeGeofences: removeRequest=RemoveGeofencingRequest[REMOVE_BY_PENDING_INTENT pendingIntent=PendingIntent[creatorPackage=com.google.android.gms], packageName=null]
11-05 09:34:00.607: I/Places(1841): ?: Couldn't find platform key file.
11-05 09:34:00.617: W/Auth(1905): [GetToken] GetToken failed with status code: INVALID_SCOPE
11-05 09:34:00.627: W/AuthSessionAuthenticato(1841): Auth related exception is being ignored: INVALID_SCOPE
11-05 09:34:00.647: D/dalvikvm(1841): GC_CONCURRENT freed 1174K, 16% free 7577K/8984K, paused 7ms+3ms, total 28ms
11-05 09:34:00.647: I/GeofencerStateMachine(1841): removeGeofences: removeRequest=RemoveGeofencingRequest[REMOVE_BY_PENDING_INTENT pendingIntent=PendingIntent[creatorPackage=com.google.android.gms], packageName=null]
11-05 09:34:00.647: W/GLSUser(1905): [DeviceKeyStore] Cannot load key: Device key file not found.
11-05 09:34:00.647: I/GeofencerStateMachine(1841): removeGeofences: removeRequest=RemoveGeofencingRequest[REMOVE_BY_PENDING_INTENT pendingIntent=PendingIntent[creatorPackage=com.google.android.gms], packageName=null]
11-05 09:34:00.657: I/GeofencerStateMachine(1841): removeGeofences: removeRequest=RemoveGeofencingRequest[REMOVE_BY_PENDING_INTENT pendingIntent=PendingIntent[creatorPackage=com.google.android.gms], packageName=null]
11-05 09:34:00.657: I/GCoreUlr(1841): Uploading GCM registration ID for account#10#
11-05 09:34:00.657: I/GeofencerStateMachine(1841): removeGeofences: removeRequest=RemoveGeofencingRequest[REMOVE_BY_PENDING_INTENT pendingIntent=PendingIntent[creatorPackage=com.google.android.gms], packageName=null]
11-05 09:34:00.667: I/WVCdm(1331): CdmEngine::OpenSession
11-05 09:34:00.667: I/WVCdm(1331): CdmEngine::QueryKeyControlInfo
11-05 09:34:00.667: I/WVCdm(1331): CdmEngine::GenerateKeyRequest
11-05 09:34:00.687: W/Conscrypt(1905): Could not set socket write timeout:
11-05 09:34:00.687: W/Auth(1905): [GetToken] GetToken failed with status code: INVALID_SCOPE
11-05 09:34:00.687: I/GCM-GMS(2022): Failed to subscribe to group.
11-05 09:34:00.687: I/GCM-GMS(2022): dyj: INVALID_SCOPE
11-05 09:34:00.687: I/GCM-GMS(2022): 	at dyn.a(:com.google.android.gms@11519070:16)
11-05 09:34:00.687: I/GCM-GMS(2022): 	at dym.a(:com.google.android.gms@11519070:2)
11-05 09:34:00.687: I/GCM-GMS(2022): 	at dym.e(:com.google.android.gms@11519070:6)
11-05 09:34:00.687: I/GCM-GMS(2022): 	at dym.d(:com.google.android.gms@11519070:1)
11-05 09:34:00.687: I/GCM-GMS(2022): 	at dym.b(:com.google.android.gms@11519070:1)
11-05 09:34:00.687: I/GCM-GMS(2022): 	at dyk.a(:com.google.android.gms@11519070:1)
11-05 09:34:00.687: I/GCM-GMS(2022): 	at pyq.a(:com.google.android.gms@11519070:23)
11-05 09:34:00.687: I/GCM-GMS(2022): 	at pyq.a(:com.google.android.gms@11519070:44)
11-05 09:34:00.687: I/GCM-GMS(2022): 	at pyq.b(:com.google.android.gms@11519070:6)
11-05 09:34:00.687: I/GCM-GMS(2022): 	at com.google.android.gms.gcm.gmsproc.GcmInGmsTaskChimeraService.a(:com.google.android.gms@11519070:8)
11-05 09:34:00.687: I/GCM-GMS(2022): 	at pwx.run(:com.google.android.gms@11519070:1)
11-05 09:34:00.687: I/GCM-GMS(2022): 	at java.util.concurrent.ThreadPoolExecutor.runWorker(ThreadPoolExecutor.java:1112)
11-05 09:34:00.687: I/GCM-GMS(2022): 	at java.util.concurrent.ThreadPoolExecutor$Worker.run(ThreadPoolExecutor.java:587)
11-05 09:34:00.687: I/GCM-GMS(2022): 	at java.lang.Thread.run(Thread.java:841)
11-05 09:34:00.707: W/Auth(1905): [GetToken] GetToken failed with status code: INVALID_SCOPE
11-05 09:34:00.707: E/Ads(2022): [JAMS] Failed to get OAuth token: dyj: INVALID_SCOPE
11-05 09:34:00.707: W/Conscrypt(1905):    java.lang.reflect.Method.invokeNative(Native Method)
11-05 09:34:00.707: W/Conscrypt(1905):    java.lang.reflect.Method.invoke(Method.java:515)
11-05 09:34:00.707: W/Auth(1905): [GetToken] GetToken failed with status code: INVALID_SCOPE
11-05 09:34:00.717: D/dalvikvm(5082): GC_FOR_ALLOC freed 857K, 13% free 6435K/7392K, paused 17ms, total 17ms
11-05 09:34:00.717: E/CheckinRequestBuilder(2022): Unrecoverable authentication exception: INVALID_SCOPE
11-05 09:34:00.717: E/CheckinRequestBuilder(2022): dyj: INVALID_SCOPE
11-05 09:34:00.717: E/CheckinRequestBuilder(2022): 	at dyn.a(:com.google.android.gms@11519070:16)
11-05 09:34:00.717: E/CheckinRequestBuilder(2022): 	at dym.a(:com.google.android.gms@11519070:2)
11-05 09:34:00.717: E/CheckinRequestBuilder(2022): 	at dym.e(:com.google.android.gms@11519070:6)
11-05 09:34:00.717: E/CheckinRequestBuilder(2022): 	at dyk.f(:com.google.android.gms@11519070:3)
11-05 09:34:00.717: E/CheckinRequestBuilder(2022): 	at dyk.a(:com.google.android.gms@11519070:4)
11-05 09:34:00.717: E/CheckinRequestBuilder(2022): 	at hfb.a(:com.google.android.gms@11519070:219)
11-05 09:34:00.717: E/CheckinRequestBuilder(2022): 	at hgb.a(:com.google.android.gms@11519070:18)
11-05 09:34:00.717: E/CheckinRequestBuilder(2022): 	at hgb.a(:com.google.android.gms@11519070:182)
11-05 09:34:00.717: E/CheckinRequestBuilder(2022): 	at com.google.android.gms.checkin.CheckinChimeraService.a(:com.google.android.gms@11519070:149)
11-05 09:34:00.717: E/CheckinRequestBuilder(2022): 	at hex.run(:com.google.android.gms@11519070:2)
11-05 09:34:00.717: E/CheckinRequestBuilder(2022): 	at jqa.run(:com.google.android.gms@11519070:25)
11-05 09:34:00.717: E/CheckinRequestBuilder(2022): 	at java.util.concurrent.ThreadPoolExecutor.runWorker(ThreadPoolExecutor.java:1112)
11-05 09:34:00.717: E/CheckinRequestBuilder(2022): 	at java.util.concurrent.ThreadPoolExecutor$Worker.run(ThreadPoolExecutor.java:587)
11-05 09:34:00.717: E/CheckinRequestBuilder(2022): 	at jvj.run(:com.google.android.gms@11519070)
11-05 09:34:00.717: E/CheckinRequestBuilder(2022): 	at java.lang.Thread.run(Thread.java:841)
11-05 09:34:00.727: W/Conscrypt(1905): Could not set socket write timeout:
11-05 09:34:00.727: W/Conscrypt(1905):    java.lang.reflect.Method.invokeNative(Native Method)
11-05 09:34:00.727: W/Conscrypt(1905):    java.lang.reflect.Method.invoke(Method.java:515)
11-05 09:34:00.727: D/dalvikvm(5082): GC_CONCURRENT freed 59K, 13% free 6510K/7480K, paused 2ms+1ms, total 10ms
11-05 09:34:00.727: D/dalvikvm(5082): WAIT_FOR_CONCURRENT_GC blocked 8ms
11-05 09:34:00.807: D/dalvikvm(5082): GC_FOR_ALLOC freed 446K, 15% free 6506K/7592K, paused 14ms, total 14ms
11-05 09:34:00.837: D/dalvikvm(1905): GC_CONCURRENT freed 998K, 16% free 6178K/7336K, paused 7ms+29ms, total 45ms
11-05 09:34:00.857: W/Auth(1905): [GetToken] GetToken failed with status code: INVALID_SCOPE
11-05 09:34:00.857: E/GCoreUlr(1841): The Account {name=73QQWBI3JPM3R25FFOHSJWYUOE-01@cloudtestlabaccounts.com, type=com.google} has been under authentication error for 0 minutes
11-05 09:34:00.867: E/GCoreUlr(1841): syncNotDefinedYet() auth exception: dyj: INVALID_SCOPE
11-05 09:34:00.867: E/GCoreUlr(1841): dyj: INVALID_SCOPE
11-05 09:34:00.867: E/GCoreUlr(1841): 	at dyn.a(:com.google.android.gms@11519070:16)
11-05 09:34:00.867: E/GCoreUlr(1841): 	at dym.a(:com.google.android.gms@11519070:2)
11-05 09:34:00.867: E/GCoreUlr(1841): 	at dym.e(:com.google.android.gms@11519070:6)
11-05 09:34:00.867: E/GCoreUlr(1841): 	at dym.d(:com.google.android.gms@11519070:1)
11-05 09:34:00.867: E/GCoreUlr(1841): 	at dyk.b(:com.google.android.gms@11519070:1)
11-05 09:34:00.867: E/GCoreUlr(1841): 	at jlb.b(:com.google.android.gms@11519070)
11-05 09:34:00.867: E/GCoreUlr(1841): 	at jjs.b(:com.google.android.gms@11519070:5)
11-05 09:34:00.867: E/GCoreUlr(1841): 	at jke.b(:com.google.android.gms@11519070:1)
11-05 09:34:00.867: E/GCoreUlr(1841): 	at jke.a(:com.google.android.gms@11519070:7)
11-05 09:34:00.867: E/GCoreUlr(1841): 	at jke.a(:com.google.android.gms@11519070:6)
11-05 09:34:00.867: E/GCoreUlr(1841): 	at akdz.a(:com.google.android.gms@11519070:177)
11-05 09:34:00.867: E/GCoreUlr(1841): 	at akef.a(:com.google.android.gms@11519070:103)
11-05 09:34:00.867: E/GCoreUlr(1841): 	at akfm.b(:com.google.android.gms@11519070:34)
11-05 09:34:00.867: E/GCoreUlr(1841): 	at akfm.a(:com.google.android.gms@11519070:22)
11-05 09:34:00.867: E/GCoreUlr(1841): 	at akfl.a(:com.google.android.gms@11519070:10)
11-05 09:34:00.867: E/GCoreUlr(1841): 	at jpd.onPerformSync(:com.google.android.gms@11519070:6)
11-05 09:34:00.867: E/GCoreUlr(1841): 	at android.content.AbstractThreadedSyncAdapter$SyncThread.run(AbstractThreadedSyncAdapter.java:259)
11-05 09:34:00.867: D/SyncManager(1705): failed sync operation 73QQWBI3JPM3R25FFOHSJWYUOE-01@cloudtestlabaccounts.com u0 (com.google), com.google.android.location.reporting, SERVER, latestRunTime 73706193, reason: AutoSync, SyncResult: stats [ numAuthExceptions: 1]
11-05 09:34:00.907: D/SyncManager(1705): not retrying sync operation because the error is a hard error: 73QQWBI3JPM3R25FFOHSJWYUOE-01@cloudtestlabaccounts.com u0 (com.google), com.google.android.location.reporting, SERVER, latestRunTime 73706629, reason: AutoSync
11-05 09:34:00.907: W/ActivityManager(1705): Unable to start service Intent { flg=0x4 cmp=com.android.vending/com.google.android.finsky.services.DailyHygiene (has extras) } U=0: not found
11-05 09:34:00.947: W/Auth(1905): [GetToken] GetToken failed with status code: INVALID_SCOPE
11-05 09:34:00.957: E/Auth.Api.Credentials(2022): [SyncManager] Error during the sync.
11-05 09:34:00.957: E/Auth.Api.Credentials(2022): dyj: INVALID_SCOPE
11-05 09:34:00.957: E/Auth.Api.Credentials(2022): 	at dyn.a(:com.google.android.gms@11519070:16)
11-05 09:34:00.957: E/Auth.Api.Credentials(2022): 	at dym.a(:com.google.android.gms@11519070:2)
11-05 09:34:00.957: E/Auth.Api.Credentials(2022): 	at dym.e(:com.google.android.gms@11519070:6)
11-05 09:34:00.957: E/Auth.Api.Credentials(2022): 	at dym.d(:com.google.android.gms@11519070:1)
11-05 09:34:00.957: E/Auth.Api.Credentials(2022): 	at dyk.b(:com.google.android.gms@11519070:1)
11-05 09:34:00.957: E/Auth.Api.Credentials(2022): 	at jlb.b(:com.google.android.gms@11519070)
11-05 09:34:00.957: E/Auth.Api.Credentials(2022): 	at jjs.b(:com.google.android.gms@11519070:5)
11-05 09:34:00.957: E/Auth.Api.Credentials(2022): 	at jki.b(:com.google.android.gms@11519070:9)
11-05 09:34:00.957: E/Auth.Api.Credentials(2022): 	at jki.a(:com.google.android.gms@11519070:16)
11-05 09:34:00.957: E/Auth.Api.Credentials(2022): 	at jki.a(:com.google.android.gms@11519070:32)
11-05 09:34:00.957: E/Auth.Api.Credentials(2022): 	at emk.b(:com.google.android.gms@11519070:45)
11-05 09:34:00.957: E/Auth.Api.Credentials(2022): 	at eql.a(:com.google.android.gms@11519070:4)
11-05 09:34:00.957: E/Auth.Api.Credentials(2022): 	at eqj.a(:com.google.android.gms@11519070:84)
11-05 09:34:00.957: E/Auth.Api.Credentials(2022): 	at eqi.a(:com.google.android.gms@11519070:60)
11-05 09:34:00.957: E/Auth.Api.Credentials(2022): 	at jpd.onPerformSync(:com.google.android.gms@11519070:6)
11-05 09:34:00.957: E/Auth.Api.Credentials(2022): 	at android.content.AbstractThreadedSyncAdapter$SyncThread.run(AbstractThreadedSyncAdapter.java:259)
11-05 09:34:00.987: I/Remoter(1338): Saved screenshot to '/data/screenshots/__pmv__-0084.jpg'
11-05 09:34:01.057: E/Auth.Api.Credentials(2022): [CredentialSyncAdapter] Unknown sync event.
11-05 09:34:01.147: D/WVCdm(1331): PrepareKeyRequest: nonce=911823407
11-05 09:34:01.457: I/WVCdm(1331): CdmEngine::CloseSession
11-05 09:34:01.457: I/WVCdm(1331): CdmEngine::OpenSession
11-05 09:34:01.457: I/WVCdm(1331): CdmEngine::QueryKeyControlInfo
11-05 09:34:01.457: I/WVCdm(1331): CdmEngine::GenerateKeyRequest
11-05 09:34:01.637: D/dalvikvm(5082): GC_CONCURRENT freed 479K, 9% free 6965K/7592K, paused 2ms+1ms, total 28ms
11-05 09:34:01.757: W/Settings(5082): Setting install_non_market_apps has moved from android.provider.Settings.Secure to android.provider.Settings.Global.
11-05 09:34:01.767: D/WVCdm(1331): PrepareKeyRequest: nonce=2429623222
11-05 09:34:01.797: W/Conscrypt(1905): Could not set socket write timeout:
11-05 09:34:01.797: W/Conscrypt(1905):    java.lang.reflect.Method.invokeNative(Native Method)
11-05 09:34:01.797: W/Conscrypt(1905):    java.lang.reflect.Method.invoke(Method.java:515)
11-05 09:34:01.807: W/Conscrypt(1905): Could not set socket write timeout:
11-05 09:34:01.807: W/Conscrypt(1905):    java.lang.reflect.Method.invokeNative(Native Method)
