11-05 09:33:39.107: I/Remoter(1338): Saved screenshot to '/data/screenshots/__pmv__-0064.jpg'
11-05 09:33:40.167: I/Remoter(1338): Saved screenshot to '/data/screenshots/__pmv__-0065.jpg'
11-05 09:33:41.227: I/Remoter(1338): Saved screenshot to '/data/screenshots/__pmv__-0066.jpg'
11-05 09:33:42.287: I/Remoter(1338): Saved screenshot to '/data/screenshots/__pmv__-0067.jpg'
11-05 09:33:42.507: D/AndroidRuntime(4456): >>>>>> AndroidRuntime START com.android.internal.os.RuntimeInit <<<<<<
11-05 09:33:42.507: W/linker(4456): libdvm.so has text relocations. This is wasting memory and is a security risk. Please fix.
11-05 09:33:42.507: D/AndroidRuntime(4456): CheckJNI is OFF
11-05 09:33:42.507: D/dalvikvm(4456): Trying to load lib libjavacore.so 0x0
11-05 09:33:42.507: D/dalvikvm(4456): Added shared lib libjavacore.so 0x0
11-05 09:33:42.507: D/dalvikvm(4456): Trying to load lib libnativehelper.so 0x0
11-05 09:33:42.507: D/dalvikvm(4456): Added shared lib libnativehelper.so 0x0
11-05 09:33:42.507: D/dalvikvm(4456): No JNI_OnLoad found in libnativehelper.so 0x0, skipping init
11-05 09:33:42.537: D/dalvikvm(4456): Note: class Landroid/app/ActivityManagerNative; has 179 unimplemented (abstract) methods
11-05 09:33:42.557: E/memtrack(4456): Couldn't load memtrack module (No such file or directory)
11-05 09:33:42.557: E/android.os.Debug(4456): failed to load memtrack module: -2
11-05 09:33:42.567: D/AndroidRuntime(4456): Calling main entry com.android.commands.pm.Pm
11-05 09:33:42.577: D/dalvikvm(1329): GC_EXPLICIT freed 41K, 4% free 3507K/3636K, paused 0ms+0ms, total 3ms
11-05 09:33:42.577: D/dalvikvm(1329): GC_EXPLICIT freed 0K, 4% free 3507K/3636K, paused 1ms+0ms, total 3ms
11-05 09:33:42.577: I/ActivityManager(1705): Start proc com.android.defcontainer for service com.android.defcontainer/.DefaultContainerService: pid=4466 uid=10005 gids={50005, 1028, 1015, 1023, 2001, 1035}
11-05 09:33:42.587: D/dalvikvm(1329): GC_EXPLICIT freed <1K, 4% free 3507K/3636K, paused 0ms+3ms, total 5ms
11-05 09:33:42.597: W/ActivityManager(1705): No content provider found for permission revoke: file:///data/local/tmp/com.google.android.apps.mtaas.tools.apk
11-05 09:33:42.597: W/ActivityManager(1705): No content provider found for permission revoke: file:///data/local/tmp/com.google.android.apps.mtaas.tools.apk
11-05 09:33:42.597: I/PackageManager(1705): Copying native libraries to /data/app-lib/vmdl90941787
11-05 09:33:42.647: I/PackageManager(1705): Running dexopt on: com.google.android.apps.mtaas.tools
11-05 09:33:42.657: W/linker(4480): libdvm.so has text relocations. This is wasting memory and is a security risk. Please fix.
11-05 09:33:42.687: D/dalvikvm(4480): DexOpt: 'Landroid/content/pm/IPackageStatsObserver;' has an earlier definition; blocking out
11-05 09:33:42.697: D/dalvikvm(4480): DexOpt: 'Ljunit/extensions/ActiveTestSuite$1;' has an earlier definition; blocking out
11-05 09:33:42.697: D/dalvikvm(4480): DexOpt: 'Ljunit/framework/Assert;' has an earlier definition; blocking out
11-05 09:33:42.697: D/dalvikvm(4480): DexOpt: 'Ljunit/framework/AssertionFailedError;' has an earlier definition; blocking out
11-05 09:33:42.697: D/dalvikvm(4480): DexOpt: 'Ljunit/framework/ComparisonCompactor;' has an earlier definition; blocking out
11-05 09:33:42.697: D/dalvikvm(4480): DexOpt: 'Ljunit/framework/Protectable;' has an earlier definition; blocking out
11-05 09:33:42.697: D/dalvikvm(4480): DexOpt: 'Ljunit/framework/Test;' has an earlier definition; blocking out
11-05 09:33:42.697: D/dalvikvm(4480): DexOpt: 'Ljunit/framework/TestFailure;' has an earlier definition; blocking out
11-05 09:33:42.697: D/dalvikvm(4480): DexOpt: 'Ljunit/framework/TestListener;' has an earlier definition; blocking out
11-05 09:33:42.697: D/dalvikvm(4480): DexOpt: 'Ljunit/framework/TestResult;' has an earlier definition; blocking out
11-05 09:33:42.697: D/dalvikvm(4480): DexOpt: 'Landroid/content/pm/IPackageStatsObserver$Stub$Proxy;' has an earlier definition; blocking out
11-05 09:33:42.697: D/dalvikvm(4480): DexOpt: 'Landroid/content/pm/IPackageStatsObserver$Stub;' has an earlier definition; blocking out
11-05 09:33:42.697: D/dalvikvm(4480): DexOpt: 'Ljunit/extensions/TestDecorator;' has an earlier definition; blocking out
11-05 09:33:42.697: D/dalvikvm(4480): DexOpt: 'Ljunit/extensions/TestSetup$1;' has an earlier definition; blocking out
11-05 09:33:42.697: D/dalvikvm(4480): DexOpt: 'Ljunit/framework/ComparisonFailure;' has an earlier definition; blocking out
11-05 09:33:42.697: D/dalvikvm(4480): DexOpt: 'Ljunit/framework/TestCase;' has an earlier definition; blocking out
11-05 09:33:42.697: D/dalvikvm(4480): DexOpt: 'Ljunit/framework/TestResult$1;' has an earlier definition; blocking out
11-05 09:33:42.697: D/dalvikvm(4480): DexOpt: 'Ljunit/framework/TestSuite;' has an earlier definition; blocking out
11-05 09:33:42.697: D/dalvikvm(4480): DexOpt: 'Ljunit/extensions/ActiveTestSuite;' has an earlier definition; blocking out
11-05 09:33:42.697: D/dalvikvm(4480): DexOpt: 'Ljunit/extensions/RepeatedTest;' has an earlier definition; blocking out
11-05 09:33:42.697: D/dalvikvm(4480): DexOpt: 'Ljunit/extensions/TestSetup;' has an earlier definition; blocking out
11-05 09:33:42.697: D/dalvikvm(4480): DexOpt: 'Ljunit/framework/TestSuite$1;' has an earlier definition; blocking out
11-05 09:33:42.697: D/dalvikvm(4480): DexOpt: not verifying/optimizing 'Landroid/content/pm/IPackageStatsObserver;': multiple definitions
11-05 09:33:42.707: I/dalvikvm(4480): DexOpt: not resolving ambiguous class 'Ljunit/framework/Test;'
11-05 09:33:42.707: I/dalvikvm(4480): DexOpt: not resolving ambiguous class 'Ljunit/framework/TestCase;'
11-05 09:33:42.707: I/dalvikvm(4480): DexOpt: not resolving ambiguous class 'Ljunit/framework/Assert;'
11-05 09:33:42.707: D/dalvikvm(4480): Note: class Landroid/app/ActivityManagerNative; has 179 unimplemented (abstract) methods
11-05 09:33:42.727: D/dalvikvm(4480): DexOpt: not verifying/optimizing 'Ljunit/extensions/ActiveTestSuite$1;': multiple definitions
11-05 09:33:42.727: D/dalvikvm(4480): DexOpt: not verifying/optimizing 'Ljunit/framework/Assert;': multiple definitions
11-05 09:33:42.727: D/dalvikvm(4480): DexOpt: not verifying/optimizing 'Ljunit/framework/AssertionFailedError;': multiple definitions
11-05 09:33:42.727: D/dalvikvm(4480): DexOpt: not verifying/optimizing 'Ljunit/framework/ComparisonCompactor;': multiple definitions
11-05 09:33:42.727: I/dalvikvm(4480): DexOpt: not resolving ambiguous class 'Ljunit/framework/Test;'
11-05 09:33:42.727: D/dalvikvm(4480): DexOpt: not verifying/optimizing 'Ljunit/framework/Protectable;': multiple definitions
11-05 09:33:42.727: D/dalvikvm(4480): DexOpt: not verifying/optimizing 'Ljunit/framework/Test;': multiple definitions
11-05 09:33:42.727: D/dalvikvm(4480): DexOpt: not verifying/optimizing 'Ljunit/framework/TestFailure;': multiple definitions
11-05 09:33:42.727: D/dalvikvm(4480): DexOpt: not verifying/optimizing 'Ljunit/framework/TestListener;': multiple definitions
11-05 09:33:42.727: D/dalvikvm(4480): DexOpt: not verifying/optimizing 'Ljunit/framework/TestResult;': multiple definitions
11-05 09:33:42.727: I/dalvikvm(4480): DexOpt: not resolving ambiguous class 'Ljunit/framework/TestSuite;'
11-05 09:33:42.727: D/dalvikvm(4480): DexOpt: not verifying/optimizing 'Landroid/content/pm/IPackageStatsObserver$Stub$Proxy;': multiple definitions
11-05 09:33:42.727: D/dalvikvm(4480): DexOpt: not verifying/optimizing 'Landroid/content/pm/IPackageStatsObserver$Stub;': multiple definitions
11-05 09:33:42.727: I/dalvikvm(4480): DexOpt: not resolving ambiguous class 'Ljunit/framework/TestSuite;'
11-05 09:33:42.727: I/dalvikvm(4480): DexOpt: not resolving ambiguous class 'Ljunit/framework/TestResult;'
11-05 09:33:42.727: I/dalvikvm(4480): DexOpt: not resolving ambiguous class 'Ljunit/framework/TestCase;'
11-05 09:33:42.727: I/dalvikvm(4480): DexOpt: not resolving ambiguous class 'Ljunit/framework/Test;'
11-05 09:33:42.727: I/dalvikvm(4480): DexOpt: not resolving ambiguous class 'Landroid/content/pm/IPackageStatsObserver;'
11-05 09:33:42.737: D/dalvikvm(4480): DexOpt: not verifying/optimizing 'Ljunit/extensions/TestDecorator;': multiple definitions
11-05 09:33:42.737: D/dalvikvm(4480): DexOpt: not verifying/optimizing 'Ljunit/extensions/TestSetup$1;': multiple definitions
11-05 09:33:42.737: D/dalvikvm(4480): DexOpt: not verifying/optimizing 'Ljunit/framework/ComparisonFailure;': multiple definitions
11-05 09:33:42.737: I/dalvikvm(4480): DexOpt: not resolving ambiguous class 'Ljunit/framework/TestResult;'
11-05 09:33:42.737: D/dalvikvm(4480): DexOpt: not verifying/optimizing 'Ljunit/framework/TestCase;': multiple definitions
11-05 09:33:42.737: D/dalvikvm(4480): DexOpt: not verifying/optimizing 'Ljunit/framework/TestResult$1;': multiple definitions
11-05 09:33:42.737: D/dalvikvm(4480): DexOpt: not verifying/optimizing 'Ljunit/framework/TestSuite;': multiple definitions
11-05 09:33:42.737: I/dalvikvm(4480): DexOpt: not resolving ambiguous class 'Ljunit/framework/TestSuite;'
11-05 09:33:42.737: I/dalvikvm(4480): DexOpt: not resolving ambiguous class 'Ljunit/framework/TestFailure;'
11-05 09:33:42.737: I/dalvikvm(4480): DexOpt: not resolving ambiguous class 'Ljunit/framework/TestCase;'
11-05 09:33:42.737: I/dalvikvm(4480): DexOpt: not resolving ambiguous class 'Ljunit/framework/TestCase;'
11-05 09:33:42.737: I/dalvikvm(4480): DexOpt: not resolving ambiguous class 'Ljunit/framework/TestSuite;'
11-05 09:33:42.737: I/dalvikvm(4480): DexOpt: not resolving ambiguous class 'Ljunit/framework/Protectable;'
11-05 09:33:42.737: I/dalvikvm(4480): DexOpt: not resolving ambiguous class 'Ljunit/framework/TestSuite;'
11-05 09:33:42.737: I/dalvikvm(4480): DexOpt: not resolving ambiguous class 'Ljunit/framework/TestSuite;'
11-05 09:33:42.737: I/dalvikvm(4480): DexOpt: not resolving ambiguous class 'Ljunit/framework/TestSuite;'
11-05 09:33:42.747: I/dalvikvm(4480): DexOpt: not resolving ambiguous class 'Landroid/content/pm/IPackageStatsObserver$Stub;'
11-05 09:33:42.747: D/dalvikvm(4480): DexOpt: not verifying/optimizing 'Ljunit/extensions/ActiveTestSuite;': multiple definitions
11-05 09:33:42.747: D/dalvikvm(4480): DexOpt: not verifying/optimizing 'Ljunit/extensions/RepeatedTest;': multiple definitions
11-05 09:33:42.747: D/dalvikvm(4480): DexOpt: not verifying/optimizing 'Ljunit/extensions/TestSetup;': multiple definitions
11-05 09:33:42.747: D/dalvikvm(4480): DexOpt: not verifying/optimizing 'Ljunit/framework/TestSuite$1;': multiple definitions
11-05 09:33:42.747: I/dalvikvm(4480): DexOpt: not resolving ambiguous class 'Ljunit/framework/TestResult;'
11-05 09:33:42.747: I/dalvikvm(4480): DexOpt: not resolving ambiguous class 'Ljunit/framework/TestSuite;'
11-05 09:33:42.757: I/dalvikvm(4480): DexOpt: not resolving ambiguous class 'Ljunit/framework/TestSuite;'
11-05 09:33:42.757: I/dalvikvm(4480): DexOpt: not resolving ambiguous class 'Ljunit/framework/Test;'
11-05 09:33:42.757: I/dalvikvm(4480): DexOpt: not resolving ambiguous class 'Ljunit/framework/TestSuite;'
11-05 09:33:42.757: D/dalvikvm(4480): DexOpt: load 11ms, verify+opt 60ms, 1679548 bytes
11-05 09:33:42.767: I/ActivityManager(1705): Force stopping com.google.android.apps.mtaas.tools appid=10066 user=-1: update pkg
11-05 09:33:42.797: W/PackageManager(1705): Not granting permission android.permission.SET_ANIMATION_SCALE to package com.google.android.apps.mtaas.tools (protectionLevel=50 flags=0x8be44)
11-05 09:33:42.797: W/PackageManager(1705): Not granting permission android.permission.CHANGE_CONFIGURATION to package com.google.android.apps.mtaas.tools (protectionLevel=50 flags=0x8be44)
11-05 09:33:42.817: D/dalvikvm(1705): GC_CONCURRENT freed 1148K, 15% free 8887K/10368K, paused 1ms+2ms, total 12ms
11-05 09:33:42.817: D/dalvikvm(1705): WAIT_FOR_CONCURRENT_GC blocked 1ms
11-05 09:33:42.817: I/PackageManager(1705):   Action: "android.intent.action.SENDTO"
11-05 09:33:42.817: I/PackageManager(1705):   Category: "android.intent.category.DEFAULT"
11-05 09:33:42.817: I/PackageManager(1705):   Scheme: "sms"
11-05 09:33:42.817: I/PackageManager(1705): Adding preferred activity ComponentInfo{com.android.mms/com.android.mms.ui.ComposeMessageActivity} for user 0 :
11-05 09:33:42.827: D/Launcher.Model(1875): shortcutWasRestored is false for com.google.android.apps.mtaas.tools/com.google.android.apps.mtaas.tools.activities.MainActivity
11-05 09:33:42.827: D/Launcher.Workspace(1875): 11683562 - removeExtraEmptyScreen()
11-05 09:33:42.827: D/Launcher.Workspace(1875): 11683562 - convertFinalScreenToEmptyScreenIfNecessary()
11-05 09:33:42.827: I/PackageManager(1705):   Action: "android.intent.action.SENDTO"
11-05 09:33:42.827: I/PackageManager(1705):   Category: "android.intent.category.DEFAULT"
11-05 09:33:42.827: I/PackageManager(1705):   Scheme: "smsto"
11-05 09:33:42.827: I/PackageManager(1705): Adding preferred activity ComponentInfo{com.android.mms/com.android.mms.ui.ComposeMessageActivity} for user 0 :
11-05 09:33:42.827: I/ActivityManager(1705): Start proc com.google.android.partnersetup for broadcast com.google.android.partnersetup/.RlzPingBroadcastReceiver: pid=4481 uid=10012 gids={50012, 3003}
11-05 09:33:42.837: D/dalvikvm(1861): GC_CONCURRENT freed 361K, 11% free 4145K/4624K, paused 0ms+0ms, total 3ms
11-05 09:33:42.837: I/PackageManager(1705):   Action: "android.intent.action.SENDTO"
11-05 09:33:42.837: I/PackageManager(1705):   Category: "android.intent.category.DEFAULT"
11-05 09:33:42.837: I/PackageManager(1705):   Scheme: "mms"
11-05 09:33:42.837: I/InputReader(1705): Reconfiguring input devices.  changes=0x00000010
11-05 09:33:42.837: I/PackageManager(1705):   Action: "android.intent.action.SENDTO"
11-05 09:33:42.837: I/PackageManager(1705):   Category: "android.intent.category.DEFAULT"
11-05 09:33:42.837: I/PackageManager(1705):   Scheme: "mmsto"
11-05 09:33:42.837: I/PackageManager(1705): Adding preferred activity ComponentInfo{com.android.mms/com.android.mms.ui.ComposeMessageActivity} for user 0 :
11-05 09:33:42.837: I/PackageManager(1705): Adding preferred activity ComponentInfo{com.android.mms/com.android.mms.ui.ComposeMessageActivity} for user 0 :
11-05 09:33:42.847: I/PackageManager(1705):   Action: "android.intent.action.SENDTO"
11-05 09:33:42.847: I/PackageManager(1705):   Category: "android.intent.category.DEFAULT"
11-05 09:33:42.847: I/PackageManager(1705):   Scheme: "sms"
11-05 09:33:42.847: I/PackageManager(1705): Adding preferred activity ComponentInfo{com.android.mms/com.android.mms.ui.ComposeMessageActivity} for user 0 :
11-05 09:33:42.857: D/BackupManagerService(1705): Received broadcast Intent { act=android.intent.action.PACKAGE_ADDED dat=package:com.google.android.apps.mtaas.tools flg=0x4000010 (has extras) }
11-05 09:33:42.857: D/dalvikvm(1705): GC_EXPLICIT freed 890K, 14% free 8919K/10368K, paused 2ms+3ms, total 41ms
11-05 09:33:42.857: D/AndroidRuntime(4456): Shutting down VM
11-05 09:33:42.857: I/PackageManager(1705):   Action: "android.intent.action.SENDTO"
11-05 09:33:42.857: I/PackageManager(1705):   Category: "android.intent.category.DEFAULT"
11-05 09:33:42.857: I/PackageManager(1705):   Scheme: "smsto"
11-05 09:33:42.857: D/dalvikvm(4456): GC_CONCURRENT freed 93K, 15% free 552K/648K, paused 0ms+0ms, total 0ms
11-05 09:33:42.857: W/ResourceType(1705): Failure getting entry for 0x7f060000 (t=5 e=0) in package 0 (error -75)
11-05 09:33:42.857: V/BackupManagerService(1705): addPackageParticipantsLocked: #1
11-05 09:33:42.857: I/PackageManager(1705): Adding preferred activity ComponentInfo{com.android.mms/com.android.mms.ui.ComposeMessageActivity} for user 0 :
11-05 09:33:42.867: D/dalvikvm(1861): GC_FOR_ALLOC freed 372K, 13% free 4154K/4744K, paused 2ms, total 2ms
11-05 09:33:42.867: I/PackageManager(1705):   Action: "android.intent.action.SENDTO"
11-05 09:33:42.867: I/PackageManager(1705):   Category: "android.intent.category.DEFAULT"
11-05 09:33:42.867: I/PackageManager(1705):   Scheme: "mms"
11-05 09:33:42.867: I/PackageManager(1705): Adding preferred activity ComponentInfo{com.android.mms/com.android.mms.ui.ComposeMessageActivity} for user 0 :
11-05 09:33:42.877: I/PackageManager(1705):   Action: "android.intent.action.SENDTO"
11-05 09:33:42.877: I/PackageManager(1705):   Category: "android.intent.category.DEFAULT"
11-05 09:33:42.877: I/PackageManager(1705):   Scheme: "mmsto"
11-05 09:33:42.877: I/PackageManager(1705): Adding preferred activity ComponentInfo{com.android.mms/com.android.mms.ui.ComposeMessageActivity} for user 0 :
11-05 09:33:42.877: I/ActivityManager(1705): Start proc com.android.musicfx for broadcast com.android.musicfx/.Compatibility$Receiver: pid=4497 uid=10015 gids={50015, 3003, 3002}
11-05 09:33:42.877: I/ActivityManager(1705): Killing 3911:com.google.android.configupdater/u0a2 (adj 15): empty for 41593s
11-05 09:33:42.887: I/ActivityManager(1705): Start proc com.android.vending for broadcast com.android.vending/com.google.android.finsky.receivers.PackageMonitorReceiver$RegisteredReceiver: pid=4512 uid=10016 gids={50016, 3003, 1028, 1015}
11-05 09:33:42.897: D/dalvikvm(1705): GC_FOR_ALLOC freed 888K, 15% free 8844K/10368K, paused 9ms, total 9ms
11-05 09:33:42.897: I/dalvikvm-heap(1705): Grow heap (frag case) to 8.790MB for 69664-byte allocation
11-05 09:33:42.907: D/dalvikvm(1705): GC_FOR_ALLOC freed 64K, 16% free 8847K/10440K, paused 6ms, total 6ms
11-05 09:33:42.907: I/ActivityManager(1705): Killing 3928:android.process.media/u0a6 (adj 15): empty for 41593s
11-05 09:33:42.927: D/Finsky(4512): [1] FinskyApp.onCreate: Initializing network with DFE https://android.clients.google.com/fdfe/
11-05 09:33:42.937: D/dalvikvm(4512): GC_FOR_ALLOC freed 276K, 9% free 3744K/4104K, paused 3ms, total 3ms
11-05 09:33:42.947: D/dalvikvm(4512): GC_CONCURRENT freed 37K, 9% free 3766K/4104K, paused 0ms+2ms, total 3ms
11-05 09:33:42.947: D/Finsky(4512): [1] DailyHygiene.goMakeHygieneIfDirty: Dirty, need more hygiene.
11-05 09:33:42.947: W/Settings(4512): Setting download_manager_max_bytes_over_mobile has moved from android.provider.Settings.Secure to android.provider.Settings.Global.
11-05 09:33:42.947: W/Settings(4512): Setting download_manager_recommended_max_bytes_over_mobile has moved from android.provider.Settings.Secure to android.provider.Settings.Global.
11-05 09:33:42.947: W/Finsky(4512): [1] FinskyApp.getCurrentAccount: No account configured on this device.
11-05 09:33:42.947: W/Finsky(4512): [1] FinskyApp.getDfeApi: No account configured on this device.
11-05 09:33:42.967: I/ActivityManager(1705): Start proc android.process.media for content provider com.android.providers.downloads/.DownloadProvider: pid=4545 uid=10006 gids={50006, 1028, 1015, 1023, 1024, 2001, 3003, 3007}
11-05 09:33:42.977: I/ActivityManager(1705): Start proc com.google.android.googlequicksearchbox:search for broadcast com.google.android.googlequicksearchbox/com.google.android.search.core.summons.icing.InternalIcingCorporaProvider$CorporaChangedReceiver: pid=4558 uid=10020 gids={50020, 3003, 1028, 3002, 1015}
11-05 09:33:42.977: I/ActivityManager(1705): Killing 4123:com.android.providers.calendar/u0a1 (adj 15): empty for 38022s
11-05 09:33:42.977: I/ActivityManager(1705): Killing 4103:com.google.android.calendar/u0a27 (adj 15): empty for 38021s
11-05 09:33:42.997: I/Icing.InternalIcingCorporaProvider(4558): Updating corpora: A: com.google.android.apps.mtaas.tools, C: MAYBE
11-05 09:33:43.007: I/ActivityManager(1705): Start proc com.android.voicedialer for broadcast com.android.voicedialer/.VoiceDialerReceiver: pid=4574 uid=10021 gids={50021, 3002}
11-05 09:33:43.037: D/Finsky(4512): [1] GmsCoreHelper.cleanupNlp: result=false type=4
11-05 09:33:43.037: D/dalvikvm(4558): GC_CONCURRENT freed 261K, 9% free 3755K/4104K, paused 2ms+1ms, total 9ms
11-05 09:33:43.037: D/Finsky(4512): [1] RestoreTracker.stopServiceIfDone: Restore complete with 0 success and 0 failed.
11-05 09:33:43.037: I/ActivityManager(1705): Delay finish: com.google.android.gms/.gass.chimera.PackageChangeBroadcastReceiver
11-05 09:33:43.037: I/ActivityManager(1705): Delaying start of: ServiceRecord{956dcef0 u0 com.android.vending/com.google.android.finsky.services.RestoreService}
11-05 09:33:43.037: I/ActivityManager(1705): Resuming delayed broadcast
11-05 09:33:43.087: W/ConfigurationChimeraProvider(1841): Got null configs for com.google.android.gms.appinvite
11-05 09:33:43.127: I/Icing(2022): IndexChimeraService.getServiceInterface callingPackage=com.google.android.googlequicksearchbox componentName=null serviceId=21
11-05 09:33:43.137: I/FontsPackageChangeOp(2022): Package com.google.android.apps.mtaas.tools has no metadata
11-05 09:33:43.147: D/Wear_Controller(2022): Received broadcast action=android.intent.action.PACKAGE_ADDED and uri=com.google.android.apps.mtaas.tools
11-05 09:33:43.147: I/Icing(2022): Usage reports 0 indexed 0 rejected 0 imm upload true
11-05 09:33:43.157: I/Icing(2022): IndexChimeraService.getServiceInterface callingPackage=com.google.android.gms componentName=AppsCorpus serviceId=32
11-05 09:33:43.157: I/Icing(2022): IndexChimeraService.getServiceInterface callingPackage=com.google.android.gms componentName=AppsCorpus serviceId=36
11-05 09:33:43.157: W/ConfigurationChimeraProvider(1841): Got null configs for com.google.android.gms.chromesync
11-05 09:33:43.167: I/Icing(2022): Usage reports 0 indexed 0 rejected 0 imm upload false
11-05 09:33:43.167: I/Icing(2022): Usage reports 0 indexed 0 rejected 0 imm upload false
11-05 09:33:43.167: I/dalvikvm(2022): Could not find method fx.getMediaController, referenced from method com.google.android.chimera.Activity.getMediaController
11-05 09:33:43.167: W/dalvikvm(2022): VFY: unable to resolve virtual method 10818: Lfx;.getMediaController ()Landroid/media/session/MediaController;
11-05 09:33:43.167: D/dalvikvm(2022): VFY: replacing opcode 0x6e at 0x0002
11-05 09:33:43.167: I/dalvikvm(2022): Could not find method fx.getSearchEvent, referenced from method com.google.android.chimera.Activity.getSearchEvent
11-05 09:33:43.177: W/dalvikvm(2022): VFY: unable to resolve virtual method 10824: Lfx;.getSearchEvent ()Landroid/view/SearchEvent;
11-05 09:33:43.177: D/dalvikvm(2022): VFY: replacing opcode 0x6e at 0x0002
11-05 09:33:43.177: W/dalvikvm(2022): VFY: unable to find class referenced in signature (Landroid/app/VoiceInteractor;)
11-05 09:33:43.177: W/dalvikvm(2022): VFY: unable to find class referenced in signature (Landroid/app/VoiceInteractor;)
11-05 09:33:43.177: W/dalvikvm(2022): VFY: unable to find class referenced in signature (Landroid/os/PersistableBundle;)
11-05 09:33:43.177: W/dalvikvm(2022): VFY: unable to find class referenced in signature (Landroid/os/PersistableBundle;)
11-05 09:33:43.177: W/dalvikvm(2022): VFY: unable to find class referenced in signature (Landroid/os/PersistableBundle;)
11-05 09:33:43.177: W/dalvikvm(2022): VFY: unable to find class referenced in signature (Landroid/os/PersistableBundle;)
11-05 09:33:43.177: W/dalvikvm(2022): VFY: unable to find class referenced in signature (Landroid/app/assist/AssistContent;)
11-05 09:33:43.177: W/dalvikvm(2022): VFY: unable to find class referenced in signature (Landroid/app/assist/AssistContent;)
11-05 09:33:43.177: W/dalvikvm(2022): VFY: unable to find class referenced in signature (Landroid/os/PersistableBundle;)
11-05 09:33:43.177: W/dalvikvm(2022): VFY: unable to find class referenced in signature (Landroid/os/PersistableBundle;)
11-05 09:33:43.177: W/dalvikvm(2022): VFY: unable to find class referenced in signature (Landroid/os/PersistableBundle;)
11-05 09:33:43.177: W/dalvikvm(2022): VFY: unable to find class referenced in signature (Landroid/os/PersistableBundle;)
11-05 09:33:43.177: W/dalvikvm(2022): VFY: unable to find class referenced in signature (Landroid/view/SearchEvent;)
11-05 09:33:43.177: W/dalvikvm(2022): VFY: unable to find class referenced in signature (Landroid/view/SearchEvent;)
11-05 09:33:43.177: I/dalvikvm(2022): Could not find method fx.requestPermissions, referenced from method com.google.android.chimera.Activity.requestPermissions
11-05 09:33:43.177: W/dalvikvm(2022): VFY: unable to resolve virtual method 10928: Lfx;.requestPermissions ([Ljava/lang/String;I)V
11-05 09:33:43.177: D/dalvikvm(2022): VFY: replacing opcode 0x6e at 0x0002
11-05 09:33:43.177: W/dalvikvm(2022): VFY: unable to find class referenced in signature (Landroid/media/session/MediaController;)
11-05 09:33:43.177: I/dalvikvm(2022): Could not find method fx.setMediaController, referenced from method com.google.android.chimera.Activity.setMediaController
11-05 09:33:43.177: W/dalvikvm(2022): VFY: unable to resolve virtual method 10942: Lfx;.setMediaController (Landroid/media/session/MediaController;)V
11-05 09:33:43.177: D/dalvikvm(2022): VFY: replacing opcode 0x6e at 0x0002
11-05 09:33:43.197: D/dalvikvm(4558): GC_CONCURRENT freed 195K, 7% free 4019K/4300K, paused 0ms+0ms, total 2ms
11-05 09:33:43.207: I/Icing(2022): IndexChimeraService.getServiceInterface callingPackage=com.google.android.googlequicksearchbox componentName=null serviceId=21
11-05 09:33:43.207: I/Icing(2022): Usage reports 0 indexed 0 rejected 0 imm upload true
11-05 09:33:43.207: I/Icing.InternalIcingCorporaProvider(4558): UpdateCorporaTask done [took 149 ms] updated apps [took 149 ms] 
11-05 09:33:43.207: I/ActivityManager(1705): Killing 4235:com.google.android.gms.ui/u0a8 (adj 15): empty for 24794s
11-05 09:33:43.337: I/Remoter(1338): Saved screenshot to '/data/screenshots/__pmv__-0068.jpg'
11-05 09:33:43.777: D/AndroidRuntime(4632): >>>>>> AndroidRuntime START com.android.internal.os.RuntimeInit <<<<<<
11-05 09:33:43.777: W/linker(4632): libdvm.so has text relocations. This is wasting memory and is a security risk. Please fix.
11-05 09:33:43.777: D/AndroidRuntime(4632): CheckJNI is OFF
11-05 09:33:43.777: D/dalvikvm(4632): Trying to load lib libjavacore.so 0x0
11-05 09:33:43.777: D/dalvikvm(4632): Added shared lib libjavacore.so 0x0
11-05 09:33:43.777: D/dalvikvm(4632): Trying to load lib libnativehelper.so 0x0
11-05 09:33:43.777: D/dalvikvm(4632): Added shared lib libnativehelper.so 0x0
11-05 09:33:43.777: D/dalvikvm(4632): No JNI_OnLoad found in libnativehelper.so 0x0, skipping init
11-05 09:33:43.787: D/dalvikvm(4632): Note: class Landroid/app/ActivityManagerNative; has 179 unimplemented (abstract) methods
11-05 09:33:43.807: E/memtrack(4632): Couldn't load memtrack module (No such file or directory)
11-05 09:33:43.807: E/android.os.Debug(4632): failed to load memtrack module: -2
11-05 09:33:43.817: D/AndroidRuntime(4632): Calling main entry com.android.commands.pm.Pm
11-05 09:33:43.827: W/ActivityManager(1705): No content provider found for permission revoke: file:///data/local/tmp/com.google.android.apps.mtaas.loginutil.apk
11-05 09:33:43.827: W/ActivityManager(1705): No content provider found for permission revoke: file:///data/local/tmp/com.google.android.apps.mtaas.loginutil.apk
11-05 09:33:43.827: I/PackageManager(1705): Copying native libraries to /data/app-lib/vmdl-1938555586
11-05 09:33:43.827: I/PackageParser(1705): com.google.android.apps.mtaas.loginutil: compat added android.permission.WRITE_EXTERNAL_STORAGE android.permission.READ_PHONE_STATE
11-05 09:33:43.847: I/PackageManager(1705): Running dexopt on: com.google.android.apps.mtaas.loginutil
11-05 09:33:43.847: W/linker(4642): libdvm.so has text relocations. This is wasting memory and is a security risk. Please fix.
11-05 09:33:43.927: D/dalvikvm(4642): DexOpt: load 5ms, verify+opt 50ms, 1029508 bytes
11-05 09:33:43.927: E/dalvikvm(1705): JIT code cache full
11-05 09:33:43.927: I/ActivityManager(1705): Force stopping com.google.android.apps.mtaas.loginutil appid=10067 user=-1: update pkg
11-05 09:33:43.947: W/ActivityManager(1705): Unable to start service Intent { flg=0x4 cmp=com.android.vending/com.google.android.finsky.services.DailyHygiene (has extras) } U=0: not found
11-05 09:33:43.957: I/InputReader(1705): Reconfiguring input devices.  changes=0x00000010
11-05 09:33:43.957: I/ActivityManager(1705): Delay finish: com.google.android.partnersetup/.RlzPingBroadcastReceiver
11-05 09:33:43.957: I/PackageManager(1705):   Action: "android.intent.action.SENDTO"
11-05 09:33:43.957: I/PackageManager(1705):   Category: "android.intent.category.DEFAULT"
11-05 09:33:43.957: I/PackageManager(1705):   Scheme: "sms"
11-05 09:33:43.957: I/ActivityManager(1705): Resuming delayed broadcast
11-05 09:33:43.957: I/PackageManager(1705): Adding preferred activity ComponentInfo{com.android.mms/com.android.mms.ui.ComposeMessageActivity} for user 0 :
11-05 09:33:43.967: D/dalvikvm(1861): GC_FOR_ALLOC freed 422K, 14% free 4087K/4748K, paused 2ms, total 2ms
11-05 09:33:43.967: I/PackageManager(1705):   Action: "android.intent.action.SENDTO"
11-05 09:33:43.967: I/PackageManager(1705):   Category: "android.intent.category.DEFAULT"
11-05 09:33:43.967: I/PackageManager(1705):   Scheme: "smsto"
11-05 09:33:43.967: I/ActivityManager(1705): Delay finish: com.google.android.partnersetup/.AppInstalledReceiver
11-05 09:33:43.967: I/ActivityManager(1705): Resuming delayed broadcast
11-05 09:33:43.967: I/PackageManager(1705): Adding preferred activity ComponentInfo{com.android.mms/com.android.mms.ui.ComposeMessageActivity} for user 0 :
11-05 09:33:43.977: D/dalvikvm(1705): JIT code cache reset delayed (523260 bytes 1/1)
11-05 09:33:43.977: D/dalvikvm(1705): GC_EXPLICIT freed 1215K, 15% free 8972K/10440K, paused 1ms+1ms, total 28ms
11-05 09:33:43.977: D/AndroidRuntime(4632): Shutting down VM
11-05 09:33:43.977: D/dalvikvm(1705): WAIT_FOR_CONCURRENT_GC blocked 8ms
11-05 09:33:43.977: D/dalvikvm(1705): WAIT_FOR_CONCURRENT_GC blocked 4ms
11-05 09:33:43.977: D/dalvikvm(1705): WAIT_FOR_CONCURRENT_GC blocked 6ms
11-05 09:33:43.977: D/dalvikvm(4632): GC_CONCURRENT freed 93K, 15% free 552K/648K, paused 0ms+0ms, total 0ms
11-05 09:33:43.977: W/ResourceType(1705): Failure getting entry for 0x7f060000 (t=5 e=0) in package 0 (error -75)
11-05 09:33:43.987: I/PackageManager(1705):   Action: "android.intent.action.SENDTO"
11-05 09:33:43.987: I/PackageManager(1705):   Category: "android.intent.category.DEFAULT"
11-05 09:33:43.987: I/PackageManager(1705):   Scheme: "mms"
11-05 09:33:43.987: I/PackageManager(1705):   Action: "android.intent.action.SENDTO"
11-05 09:33:43.987: I/PackageManager(1705):   Category: "android.intent.category.DEFAULT"
11-05 09:33:43.987: I/PackageManager(1705):   Scheme: "mmsto"
11-05 09:33:43.987: I/ActivityManager(1705): Delay finish: com.android.musicfx/.Compatibility$Receiver
11-05 09:33:43.987: I/PackageManager(1705): Adding preferred activity ComponentInfo{com.android.mms/com.android.mms.ui.ComposeMessageActivity} for user 0 :
11-05 09:33:43.987: I/PackageManager(1705): Adding preferred activity ComponentInfo{com.android.mms/com.android.mms.ui.ComposeMessageActivity} for user 0 :
11-05 09:33:43.997: D/dalvikvm(1861): GC_CONCURRENT freed 389K, 13% free 4139K/4748K, paused 0ms+0ms, total 2ms
11-05 09:33:43.997: I/PackageManager(1705):   Action: "android.intent.action.SENDTO"
11-05 09:33:43.997: I/PackageManager(1705):   Category: "android.intent.category.DEFAULT"
11-05 09:33:43.997: I/PackageManager(1705):   Scheme: "sms"
11-05 09:33:43.997: I/PackageManager(1705):   Action: "android.intent.action.SENDTO"
11-05 09:33:43.997: I/PackageManager(1705):   Category: "android.intent.category.DEFAULT"
11-05 09:33:43.997: I/PackageManager(1705):   Scheme: "smsto"
11-05 09:33:43.997: I/Icing.InternalIcingCorporaProvider(4558): Updating corpora: A: com.google.android.apps.mtaas.loginutil, C: MAYBE
11-05 09:33:43.997: I/ActivityManager(1705): Resuming delayed broadcast
11-05 09:33:43.997: D/BackupManagerService(1705): Received broadcast Intent { act=android.intent.action.PACKAGE_ADDED dat=package:com.google.android.apps.mtaas.loginutil flg=0x4000010 (has extras) }
11-05 09:33:43.997: V/BackupManagerService(1705): addPackageParticipantsLocked: #1
11-05 09:33:43.997: I/PackageManager(1705): Adding preferred activity ComponentInfo{com.android.mms/com.android.mms.ui.ComposeMessageActivity} for user 0 :
11-05 09:33:43.997: I/ActivityManager(1705): Delay finish: com.google.android.googlequicksearchbox/com.google.android.search.core.summons.icing.InternalIcingCorporaProvider$CorporaChangedReceiver
11-05 09:33:43.997: I/PackageManager(1705): Adding preferred activity ComponentInfo{com.android.mms/com.android.mms.ui.ComposeMessageActivity} for user 0 :
11-05 09:33:44.007: I/PackageManager(1705):   Action: "android.intent.action.SENDTO"
11-05 09:33:44.007: I/PackageManager(1705):   Category: "android.intent.category.DEFAULT"
11-05 09:33:44.007: I/PackageManager(1705):   Scheme: "mms"
11-05 09:33:44.007: I/PackageManager(1705):   Action: "android.intent.action.SENDTO"
11-05 09:33:44.007: I/PackageManager(1705):   Category: "android.intent.category.DEFAULT"
11-05 09:33:44.007: I/PackageManager(1705):   Scheme: "mmsto"
11-05 09:33:44.007: I/Icing.InternalIcingCorporaProvider(4558): UpdateCorporaTask done [took 7 ms] updated apps [took 7 ms] 
11-05 09:33:44.007: I/PackageManager(1705): Adding preferred activity ComponentInfo{com.android.mms/com.android.mms.ui.ComposeMessageActivity} for user 0 :
11-05 09:33:44.007: I/PackageManager(1705): Adding preferred activity ComponentInfo{com.android.mms/com.android.mms.ui.ComposeMessageActivity} for user 0 :
11-05 09:33:44.007: I/ActivityManager(1705): Resuming delayed broadcast
11-05 09:33:44.017: D/dalvikvm(1861): GC_FOR_ALLOC freed 391K, 13% free 4156K/4748K, paused 2ms, total 2ms
11-05 09:33:44.017: D/dalvikvm(1861): GC_CONCURRENT freed <1K, 13% free 4159K/4748K, paused 1ms+0ms, total 3ms
11-05 09:33:44.017: D/dalvikvm(1705): JIT code cache reset in 0 ms (523260 bytes 2/1)
11-05 09:33:44.017: D/dalvikvm(1705): GC_CONCURRENT freed 1321K, 15% free 8909K/10440K, paused 1ms+1ms, total 11ms
11-05 09:33:44.017: D/dalvikvm(1705): WAIT_FOR_CONCURRENT_GC blocked 3ms
11-05 09:33:44.017: I/dalvikvm-heap(1705): Grow heap (frag case) to 8.886MB for 104494-byte allocation
11-05 09:33:44.027: D/dalvikvm(1705): GC_FOR_ALLOC freed 111K, 16% free 8899K/10544K, paused 7ms, total 7ms
11-05 09:33:44.037: I/FontsPackageChangeOp(2022): Package com.google.android.apps.mtaas.loginutil has no metadata
11-05 09:33:44.037: D/Wear_Controller(2022): Received broadcast action=android.intent.action.PACKAGE_ADDED and uri=com.google.android.apps.mtaas.loginutil
11-05 09:33:44.047: I/Icing(2022): IndexChimeraService.getServiceInterface callingPackage=com.google.android.gms componentName=AppsCorpus serviceId=36
11-05 09:33:44.047: I/Icing(2022): IndexChimeraService.getServiceInterface callingPackage=com.google.android.gms componentName=AppsCorpus serviceId=32
11-05 09:33:44.047: I/Icing(2022): Usage reports 0 indexed 0 rejected 0 imm upload false
11-05 09:33:44.047: I/Icing(2022): Usage reports 0 indexed 0 rejected 0 imm upload false
11-05 09:33:44.067: D/dalvikvm(1875): GC_FOR_ALLOC freed 1933K, 18% free 11165K/13556K, paused 2ms, total 2ms
11-05 09:33:44.177: I/Icing(2022): Indexing C7964761759975815F38BA30A7C6318FBC326FC4 from com.google.android.gms
11-05 09:33:44.237: I/Icing(2022): Indexing done C7964761759975815F38BA30A7C6318FBC326FC4
11-05 09:33:44.237: I/Icing(2022): Indexing A75616D29BC546BBF9754AD9C3F0EA5D18DB1E9A from com.google.android.googlequicksearchbox
11-05 09:33:44.247: I/Icing(2022): Indexing done A75616D29BC546BBF9754AD9C3F0EA5D18DB1E9A
11-05 09:33:44.397: I/Remoter(1338): Saved screenshot to '/data/screenshots/__pmv__-0069.jpg'
11-05 09:33:44.677: D/AndroidRuntime(4667): >>>>>> AndroidRuntime START com.android.internal.os.RuntimeInit <<<<<<
11-05 09:33:44.677: W/linker(4667): libdvm.so has text relocations. This is wasting memory and is a security risk. Please fix.
11-05 09:33:44.677: D/AndroidRuntime(4667): CheckJNI is OFF
11-05 09:33:44.687: D/dalvikvm(4667): Trying to load lib libjavacore.so 0x0
11-05 09:33:44.687: D/dalvikvm(4667): Added shared lib libjavacore.so 0x0
11-05 09:33:44.687: D/dalvikvm(4667): Trying to load lib libnativehelper.so 0x0
11-05 09:33:44.687: D/dalvikvm(4667): Added shared lib libnativehelper.so 0x0
11-05 09:33:44.687: D/dalvikvm(4667): No JNI_OnLoad found in libnativehelper.so 0x0, skipping init
11-05 09:33:44.687: D/dalvikvm(4667): Note: class Landroid/app/ActivityManagerNative; has 179 unimplemented (abstract) methods
11-05 09:33:44.717: E/memtrack(4667): Couldn't load memtrack module (No such file or directory)
11-05 09:33:44.717: E/android.os.Debug(4667): failed to load memtrack module: -2
11-05 09:33:44.727: D/AndroidRuntime(4667): Calling main entry com.android.commands.pm.Pm
11-05 09:33:44.727: W/ActivityManager(1705): No content provider found for permission revoke: file:///data/local/tmp/com.google.android.apps.mtaas.backdrop.apk
11-05 09:33:44.727: W/ActivityManager(1705): No content provider found for permission revoke: file:///data/local/tmp/com.google.android.apps.mtaas.backdrop.apk
11-05 09:33:44.727: I/PackageManager(1705): Copying native libraries to /data/app-lib/vmdl-933387976
11-05 09:33:44.777: D/dalvikvm(1705): GC_FOR_ALLOC freed 757K, 15% free 8997K/10544K, paused 8ms, total 10ms
11-05 09:33:44.787: I/PackageManager(1705): Running dexopt on: com.google.android.apps.mtaas.backdrop
11-05 09:33:44.787: W/linker(4677): libdvm.so has text relocations. This is wasting memory and is a security risk. Please fix.
11-05 09:33:44.877: D/dalvikvm(4677): DexOpt: load 9ms, verify+opt 48ms, 1487548 bytes
11-05 09:33:44.887: I/ActivityManager(1705): Force stopping com.google.android.apps.mtaas.backdrop appid=10068 user=-1: update pkg
11-05 09:33:44.947: I/InputReader(1705): Reconfiguring input devices.  changes=0x00000010
11-05 09:33:44.947: I/ActivityManager(1705): Delay finish: com.google.android.partnersetup/.RlzPingBroadcastReceiver
11-05 09:33:44.957: I/PackageManager(1705):   Action: "android.intent.action.SENDTO"
11-05 09:33:44.957: I/PackageManager(1705):   Category: "android.intent.category.DEFAULT"
11-05 09:33:44.957: I/PackageManager(1705):   Scheme: "sms"
11-05 09:33:44.957: I/PackageManager(1705): Adding preferred activity ComponentInfo{com.android.mms/com.android.mms.ui.ComposeMessageActivity} for user 0 :
11-05 09:33:44.957: D/Launcher.Model(1875): shortcutWasRestored is false for com.google.android.apps.mtaas.backdrop/com.google.android.apps.mtaas.backdrop.BackdropActivity
11-05 09:33:44.957: D/Launcher.Workspace(1875): 11683562 - removeExtraEmptyScreen()
11-05 09:33:44.957: D/Launcher.Workspace(1875): 11683562 - convertFinalScreenToEmptyScreenIfNecessary()
11-05 09:33:44.957: I/ActivityManager(1705): Resuming delayed broadcast
11-05 09:33:44.967: I/PackageManager(1705):   Action: "android.intent.action.SENDTO"
11-05 09:33:44.967: I/PackageManager(1705):   Category: "android.intent.category.DEFAULT"
11-05 09:33:44.967: I/PackageManager(1705):   Scheme: "smsto"
11-05 09:33:44.967: I/PackageManager(1705): Adding preferred activity ComponentInfo{com.android.mms/com.android.mms.ui.ComposeMessageActivity} for user 0 :
11-05 09:33:44.977: I/PackageManager(1705):   Action: "android.intent.action.SENDTO"
11-05 09:33:44.977: I/PackageManager(1705):   Category: "android.intent.category.DEFAULT"
11-05 09:33:44.977: I/PackageManager(1705):   Scheme: "mms"
11-05 09:33:44.977: I/ActivityManager(1705): Delay finish: com.google.android.partnersetup/.AppInstalledReceiver
11-05 09:33:44.977: I/PackageManager(1705): Adding preferred activity ComponentInfo{com.android.mms/com.android.mms.ui.ComposeMessageActivity} for user 0 :
11-05 09:33:44.987: D/dalvikvm(1861): GC_FOR_ALLOC freed 379K, 13% free 4158K/4756K, paused 3ms, total 4ms
11-05 09:33:44.987: I/PackageManager(1705):   Action: "android.intent.action.SENDTO"
11-05 09:33:44.987: I/PackageManager(1705):   Category: "android.intent.category.DEFAULT"
11-05 09:33:44.987: I/PackageManager(1705):   Scheme: "mmsto"
11-05 09:33:44.987: I/ActivityManager(1705): Resuming delayed broadcast
11-05 09:33:44.987: I/PackageManager(1705): Adding preferred activity ComponentInfo{com.android.mms/com.android.mms.ui.ComposeMessageActivity} for user 0 :
11-05 09:33:44.997: D/dalvikvm(1705): GC_EXPLICIT freed 1277K, 14% free 9097K/10544K, paused 9ms+1ms, total 49ms
11-05 09:33:44.997: D/dalvikvm(1705): WAIT_FOR_CONCURRENT_GC blocked 3ms
11-05 09:33:44.997: D/dalvikvm(1705): WAIT_FOR_CONCURRENT_GC blocked 5ms
11-05 09:33:44.997: D/AndroidRuntime(4667): Shutting down VM
11-05 09:33:44.997: D/BackupManagerService(1705): Received broadcast Intent { act=android.intent.action.PACKAGE_ADDED dat=package:com.google.android.apps.mtaas.backdrop flg=0x4000010 (has extras) }
11-05 09:33:44.997: V/BackupManagerService(1705): addPackageParticipantsLocked: #1
11-05 09:33:44.997: I/ActivityManager(1705): Delay finish: com.android.musicfx/.Compatibility$Receiver
11-05 09:33:45.007: D/dalvikvm(4667): GC_CONCURRENT freed 93K, 15% free 552K/648K, paused 0ms+0ms, total 1ms
11-05 09:33:45.007: I/PackageManager(1705):   Action: "android.intent.action.SENDTO"
11-05 09:33:45.007: I/PackageManager(1705):   Category: "android.intent.category.DEFAULT"
11-05 09:33:45.007: I/PackageManager(1705):   Scheme: "sms"
11-05 09:33:45.007: W/ResourceType(1705): Failure getting entry for 0x7f060000 (t=5 e=0) in package 0 (error -75)
11-05 09:33:45.007: I/PackageManager(1705): Adding preferred activity ComponentInfo{com.android.mms/com.android.mms.ui.ComposeMessageActivity} for user 0 :
11-05 09:33:45.017: I/PackageManager(1705):   Action: "android.intent.action.SENDTO"
11-05 09:33:45.017: I/PackageManager(1705):   Category: "android.intent.category.DEFAULT"
11-05 09:33:45.017: I/PackageManager(1705):   Scheme: "smsto"
11-05 09:33:45.017: I/PackageManager(1705): Adding preferred activity ComponentInfo{com.android.mms/com.android.mms.ui.ComposeMessageActivity} for user 0 :
11-05 09:33:45.017: I/ActivityManager(1705): Resuming delayed broadcast
11-05 09:33:45.027: D/dalvikvm(1861): GC_FOR_ALLOC freed 354K, 13% free 4161K/4756K, paused 4ms, total 4ms
11-05 09:33:45.027: I/PackageManager(1705):   Action: "android.intent.action.SENDTO"
11-05 09:33:45.027: I/PackageManager(1705):   Category: "android.intent.category.DEFAULT"
11-05 09:33:45.027: I/PackageManager(1705):   Scheme: "mms"
11-05 09:33:45.027: I/Icing.InternalIcingCorporaProvider(4558): Updating corpora: A: com.google.android.apps.mtaas.backdrop, C: MAYBE
11-05 09:33:45.027: I/PackageManager(1705):   Action: "android.intent.action.SENDTO"
11-05 09:33:45.027: I/PackageManager(1705):   Category: "android.intent.category.DEFAULT"
11-05 09:33:45.027: I/PackageManager(1705):   Scheme: "mmsto"
11-05 09:33:45.027: I/ActivityManager(1705): Delay finish: com.google.android.googlequicksearchbox/com.google.android.search.core.summons.icing.InternalIcingCorporaProvider$CorporaChangedReceiver
11-05 09:33:45.027: I/PackageManager(1705): Adding preferred activity ComponentInfo{com.android.mms/com.android.mms.ui.ComposeMessageActivity} for user 0 :
11-05 09:33:45.027: I/PackageManager(1705): Adding preferred activity ComponentInfo{com.android.mms/com.android.mms.ui.ComposeMessageActivity} for user 0 :
11-05 09:33:45.047: D/dalvikvm(1705): GC_FOR_ALLOC freed 981K, 16% free 8929K/10544K, paused 9ms, total 9ms
11-05 09:33:45.047: I/dalvikvm-heap(1705): Grow heap (frag case) to 8.956MB for 156738-byte allocation
11-05 09:33:45.057: D/dalvikvm(4558): GC_CONCURRENT freed 571K, 15% free 3911K/4568K, paused 0ms+0ms, total 4ms
11-05 09:33:45.057: I/Icing(2022): Indexing C7964761759975815F38BA30A7C6318FBC326FC4 from com.google.android.gms
11-05 09:33:45.057: I/Icing(2022): Indexing done C7964761759975815F38BA30A7C6318FBC326FC4
11-05 09:33:45.057: D/dalvikvm(1705): GC_FOR_ALLOC freed 22K, 16% free 9059K/10700K, paused 12ms, total 12ms
11-05 09:33:45.067: I/Icing(2022): IndexChimeraService.getServiceInterface callingPackage=com.google.android.googlequicksearchbox componentName=null serviceId=21
11-05 09:33:45.087: I/Icing.InternalIcingCorporaProvider(4558): UpdateCorporaTask done [took 55 ms] updated apps [took 55 ms] 
11-05 09:33:45.087: I/ActivityManager(1705): Resuming delayed broadcast
11-05 09:33:45.097: I/FontsPackageChangeOp(2022): Package com.google.android.apps.mtaas.backdrop has no metadata
11-05 09:33:45.107: D/Wear_Controller(2022): Received broadcast action=android.intent.action.PACKAGE_ADDED and uri=com.google.android.apps.mtaas.backdrop
11-05 09:33:45.107: I/Icing(2022): Usage reports 0 indexed 0 rejected 0 imm upload true
11-05 09:33:45.107: I/Icing(2022): IndexChimeraService.getServiceInterface callingPackage=com.google.android.gms componentName=AppsCorpus serviceId=36
11-05 09:33:45.117: I/Icing(2022): IndexChimeraService.getServiceInterface callingPackage=com.google.android.gms componentName=AppsCorpus serviceId=32
11-05 09:33:45.117: I/Icing(2022): Usage reports 0 indexed 0 rejected 0 imm upload false
11-05 09:33:45.117: I/Icing(2022): Usage reports 0 indexed 0 rejected 0 imm upload false
11-05 09:33:45.457: I/Remoter(1338): Saved screenshot to '/data/screenshots/__pmv__-0070.jpg'
11-05 09:33:45.667: D/AndroidRuntime(4702): >>>>>> AndroidRuntime START com.android.internal.os.RuntimeInit <<<<<<
11-05 09:33:45.667: W/linker(4702): libdvm.so has text relocations. This is wasting memory and is a security risk. Please fix.
11-05 09:33:45.667: D/AndroidRuntime(4702): CheckJNI is OFF
11-05 09:33:45.667: D/dalvikvm(4702): Trying to load lib libjavacore.so 0x0
11-05 09:33:45.667: D/dalvikvm(4702): Added shared lib libjavacore.so 0x0
11-05 09:33:45.667: D/dalvikvm(4702): Trying to load lib libnativehelper.so 0x0
11-05 09:33:45.667: D/dalvikvm(4702): Added shared lib libnativehelper.so 0x0
11-05 09:33:45.667: D/dalvikvm(4702): No JNI_OnLoad found in libnativehelper.so 0x0, skipping init
11-05 09:33:45.677: D/dalvikvm(4702): Note: class Landroid/app/ActivityManagerNative; has 179 unimplemented (abstract) methods
11-05 09:33:45.707: E/memtrack(4702): Couldn't load memtrack module (No such file or directory)
11-05 09:33:45.707: E/android.os.Debug(4702): failed to load memtrack module: -2
11-05 09:33:45.717: D/AndroidRuntime(4702): Calling main entry com.android.commands.pm.Pm
11-05 09:33:45.717: W/ActivityManager(1705): No content provider found for permission revoke: file:///data/local/tmp/com.google.android.apps.auth.test.support.apk
11-05 09:33:45.727: W/ActivityManager(1705): No content provider found for permission revoke: file:///data/local/tmp/com.google.android.apps.auth.test.support.apk
11-05 09:33:45.727: I/PackageManager(1705): Copying native libraries to /data/app-lib/vmdl1489059232
11-05 09:33:45.727: I/PackageParser(1705): com.google.android.apps.auth.test.support: compat added android.permission.WRITE_EXTERNAL_STORAGE android.permission.READ_PHONE_STATE
11-05 09:33:45.747: D/dalvikvm(1705): GC_FOR_ALLOC freed 877K, 15% free 9159K/10700K, paused 9ms, total 9ms
11-05 09:33:45.767: D/dalvikvm(1705): GC_FOR_ALLOC freed 691K, 15% free 9124K/10700K, paused 8ms, total 8ms
11-05 09:33:45.777: I/PackageManager(1705): Running dexopt on: com.google.android.apps.auth.test.support
11-05 09:33:45.777: W/linker(4712): libdvm.so has text relocations. This is wasting memory and is a security risk. Please fix.
11-05 09:33:45.807: D/dalvikvm(4712): DexOpt: load 2ms, verify+opt 14ms, 499956 bytes
11-05 09:33:45.807: I/ActivityManager(1705): Force stopping com.google.android.apps.auth.test.support appid=10069 user=-1: update pkg
11-05 09:33:45.827: W/PackageManager(1705): Unknown permission android.permission.MANAGE_ACCOUNT in package com.google.android.apps.auth.test.support
11-05 09:33:45.827: W/PackageManager(1705): Not granting permission com.google.android.providers.gsf.permission.WRITE_GSERVICES to package com.google.android.apps.auth.test.support (protectionLevel=18 flags=0x8444)
11-05 09:33:45.847: I/PackageManager(1705):   Action: "android.intent.action.SENDTO"
11-05 09:33:45.847: I/PackageManager(1705):   Category: "android.intent.category.DEFAULT"
11-05 09:33:45.847: I/PackageManager(1705):   Scheme: "sms"
11-05 09:33:45.847: I/PackageManager(1705): Adding preferred activity ComponentInfo{com.android.mms/com.android.mms.ui.ComposeMessageActivity} for user 0 :
11-05 09:33:45.857: I/ActivityManager(1705): Delay finish: com.google.android.partnersetup/.RlzPingBroadcastReceiver
11-05 09:33:45.867: D/dalvikvm(1861): GC_FOR_ALLOC freed 408K, 14% free 4113K/4756K, paused 3ms, total 14ms
11-05 09:33:45.867: I/PackageManager(1705):   Action: "android.intent.action.SENDTO"
11-05 09:33:45.867: I/PackageManager(1705):   Category: "android.intent.category.DEFAULT"
11-05 09:33:45.867: I/PackageManager(1705):   Scheme: "smsto"
11-05 09:33:45.867: I/InputReader(1705): Reconfiguring input devices.  changes=0x00000010
11-05 09:33:45.867: I/PackageManager(1705): Adding preferred activity ComponentInfo{com.android.mms/com.android.mms.ui.ComposeMessageActivity} for user 0 :
11-05 09:33:45.877: I/PackageManager(1705):   Action: "android.intent.action.SENDTO"
11-05 09:33:45.877: I/PackageManager(1705):   Category: "android.intent.category.DEFAULT"
11-05 09:33:45.877: I/PackageManager(1705):   Scheme: "mms"
11-05 09:33:45.877: D/BackupManagerService(1705): Received broadcast Intent { act=android.intent.action.PACKAGE_ADDED dat=package:com.google.android.apps.auth.test.support flg=0x4000010 (has extras) }
11-05 09:33:45.877: I/ActivityManager(1705): Resuming delayed broadcast
11-05 09:33:45.877: V/BackupManagerService(1705): addPackageParticipantsLocked: #1
11-05 09:33:45.877: I/ActivityManager(1705): Delay finish: com.google.android.partnersetup/.AppInstalledReceiver
11-05 09:33:45.877: I/ActivityManager(1705): Resuming delayed broadcast
11-05 09:33:45.877: I/ActivityManager(1705): Delay finish: com.android.musicfx/.Compatibility$Receiver
11-05 09:33:45.877: I/PackageManager(1705): Adding preferred activity ComponentInfo{com.android.mms/com.android.mms.ui.ComposeMessageActivity} for user 0 :
11-05 09:33:45.887: I/PackageManager(1705):   Action: "android.intent.action.SENDTO"
