11-04 16:42:00.512: I/SELinux(2092): SELinux: seapp_context_lookup: seinfo=untrusted, level=s0:c512,c768, pkgname=com.google.android.youtube 
11-04 16:42:00.519: D/ICU(2064): No timezone override file found: /data/misc/zoneinfo/current/icu/icu_tzdata.dat
11-04 16:42:00.526: D/ContextRelationMgrBrdg(2077): loadKlass() : caller=com.samsung.android.bridge.multiscreen.common.ContextRelationManagerBridge.<clinit>:28 android.app.LoadedApk.makeApplication:840 
11-04 16:42:00.539: I/Icing(11736): IndexChimeraService.getServiceInterface callingPackage=com.google.android.gms componentName=AppsCorpus serviceId=32
11-04 16:42:00.540: I/Enhanced Zygote ASLR(2064): DISABLED!
11-04 16:42:00.540: I/Radio-JNI(2064): register_android_hardware_Radio DONE
11-04 16:42:00.544: D/ReflectionHelper(2064): loadKlass() : caller=android.app.Activity.<clinit>:7525 <bottom of call stack> 
11-04 16:42:00.544: D/ReflectionHelper(2064): Reflecting method.....  class <onScreenChanged>
11-04 16:42:00.544: D/ActivityThread(2092): Added TimaKeyStore provider
11-04 16:42:00.545: E/SemAffinityControl(2064): SemAffinityControl: registerfunction enter
11-04 16:42:00.546: I/ActivityManager(3557): DSS on for com.google.android.youtube and scale is 1.0
11-04 16:42:00.550: I/Icing(11736): IndexChimeraService.getServiceInterface callingPackage=com.google.android.gms componentName=AppsCorpus serviceId=36
11-04 16:42:00.556: D/AndroidRuntime(2064): Calling main entry com.android.commands.settings.SettingsCmd
11-04 16:42:00.561: D/BluetoothAdapter(11763): STATE_BLE_ON
11-04 16:42:00.564: D/BluetoothAdapter(11763): STATE_BLE_ON
11-04 16:42:00.565: D/SecContentProvider(3557): query(), uri = 17 selection = isSettingsChangesAllowed
11-04 16:42:00.566: D/BluetoothAdapter(11763): appoCount is = 0
11-04 16:42:00.567: I/NearbyDirect(11763): MagicPairScanner: BluetoothLeScanner is null, Bluetooth might be off. Enabled=false
11-04 16:42:00.570: D/SecContentProvider(3557): called from android.uid.shell:2000
11-04 16:42:00.573: D/SamsungAlarmManager(3557): Cancel Alarm calling from uid:10025 pid :11763 / op:PendingIntent{22f6a63: PendingIntentRecord{c2ca660 com.google.android.gms broadcastIntent}}
11-04 16:42:00.574: D/SamsungAlarmManager(3557): Cancel Alarm calling from uid:1000 pid :3557 / op:PendingIntent{7f44719: PendingIntentRecord{4d2035e android broadcastIntent}}
11-04 16:42:00.581: W/System(2092): ClassLoader referenced unknown path: /system/app/YouTube/lib/arm64
11-04 16:42:00.585: D/skia(2040): ---- fAsset->read(8192) returned 0
11-04 16:42:00.585: D/skia(2040): --- SkAndroidCodec::NewFromStream returned null
11-04 16:42:00.588: D/SamsungAlarmManager(3557): setExact Intent (T:1/F:9/AC:false) 19691231T161000 - CU:1000/CP:3557
11-04 16:42:00.589: I/SamsungAlarmManager(3557): setLocked to kernel - T:3 / 20171104T164201, SetElapsed=34192579, nowELAPSED=34191594
11-04 16:42:00.590: D/AndroidRuntime(2064): Shutting down VM
11-04 16:42:00.596: D/ContextRelationMgrBrdg(2092): loadKlass() : caller=com.samsung.android.bridge.multiscreen.common.ContextRelationManagerBridge.<clinit>:28 android.app.LoadedApk.makeApplication:840 
11-04 16:42:00.597: D/skia(2040): ---- fAsset->read(8192) returned 0
11-04 16:42:00.597: D/skia(2040): --- SkAndroidCodec::NewFromStream returned null
11-04 16:42:00.598: W/Finsky(2077): [1] com.google.android.finsky.FinskyApp.k(1599): No account configured on this device.
11-04 16:42:00.598: D/skia(2040): ---- fAsset->read(8192) returned 0
11-04 16:42:00.611: I/TMSDISP(2064): AcsAndroidVirtualDisplayIntfImpl::~AcsAndroidVirtualDisplayIntfImpl - Enter
11-04 16:42:00.611: I/TMSDISP(2064): AcsAndroidVirtualDisplayIntfImpl::~AcsAndroidVirtualDisplayIntfImpl - Enter2
11-04 16:42:00.611: I/TMSDISP(2064): AcsAndroidVirtualDisplayIntfImpl::~AcsAndroidVirtualDisplayIntfImpl - mSource2
11-04 16:42:00.611: I/TMSDISP(2064): AcsAndroidVirtualDisplayIntfImpl::~AcsAndroidVirtualDisplayIntfImpl - Exit
11-04 16:42:00.619: W/Finsky(2077): [1] com.google.android.finsky.FinskyApp.k(1599): No account configured on this device.
11-04 16:42:00.620: W/Finsky(2077): [1] com.google.android.finsky.FinskyApp.k(1599): No account configured on this device.
11-04 16:42:00.620: V/hong(4144): mid yDiff = 438
11-04 16:42:00.620: V/hong(4144): mid yDiff = 438
11-04 16:42:00.621: W/Finsky(2077): [1] com.google.android.finsky.FinskyApp.k(1599): No account configured on this device.
11-04 16:42:00.622: W/Finsky(2077): [1] com.google.android.finsky.FinskyApp.k(1599): No account configured on this device.
11-04 16:42:00.626: W/Finsky(2077): [1] com.google.android.finsky.FinskyApp.k(1599): No account configured on this device.
11-04 16:42:00.627: D/PackageManager(3557): setEnabledSetting : userId = 0 packageName = com.android.vending cmp = com.android.vending.AssetBrowserActivity newState = 1 callingPackage = 10045
11-04 16:42:00.629: D/skia(2040): --- SkAndroidCodec::NewFromStream returned null
11-04 16:42:00.637: D/SamsungAlarmManager(3557): setInexact Intent (T:2/F:0/AC:false) 20171104T172654 - CU:10025/CP:11763
11-04 16:42:00.658: W/Finsky(2077): [1] com.google.android.finsky.FinskyApp.k(1599): No account configured on this device.
11-04 16:42:00.666: D/MountService(3557): getExternalStorageMountMode : 1
11-04 16:42:00.666: D/MountService(3557): getExternalStorageMountMode : 3
11-04 16:42:00.666: D/MountService(3557): getExternalStorageMountMode : final mountMode=1, uid : 10066, packageName : com.samsung.android.email.provider
11-04 16:42:00.667: I/Icing(11736): Query from com.google.android.gms package restrict com.google.android.gms start 0 num 100
11-04 16:42:00.669: W/Finsky(2077): [1] com.google.android.finsky.FinskyApp.k(1599): No account configured on this device.
11-04 16:42:00.670: W/Finsky(2077): [1] com.google.android.finsky.FinskyApp.k(1599): No account configured on this device.
11-04 16:42:00.674: W/Finsky(2077): [1] com.google.android.finsky.FinskyApp.k(1599): No account configured on this device.
11-04 16:42:00.676: I/Controller(1630): [#CMH#] startRebuilder In 
11-04 16:42:00.676: I/ControllerEventHandler(1630): [#CMH#] onSystemRebooted 
11-04 16:42:00.677: I/BaseThreadPoolExecutor(1630): [#CMH#] Task com.samsung.cmh.database.DatabaseRebuilderTask@e0f4a58 is submitted
11-04 16:42:00.678: D/EnterpriseController(3241): netId is 0
11-04 16:42:00.678: I/DatabaseRebuilderTask(1630): [#CMH#] syncCMHDB started  
11-04 16:42:00.678: D/Netd(3241): getNetworkForDns: using netid 502 for uid 10085
11-04 16:42:00.679: D/DnsProxyListener(3241): DNSDBG::dns addrinfo af 2
11-04 16:42:00.681: D/EnterpriseController(3241): netId is 0
11-04 16:42:00.681: D/Netd(3241): getNetworkForDns: using netid 502 for uid 10085
11-04 16:42:00.681: D/DnsProxyListener(3241): DNSDBG::dns addrinfo af 2
11-04 16:42:00.685: W/System(2092): ClassLoader referenced unknown path: 
11-04 16:42:00.691: W/Finsky(2077): [1] com.google.android.finsky.FinskyApp.k(1599): No account configured on this device.
11-04 16:42:00.693: E/Zygote(2152): v2
11-04 16:42:00.693: I/libpersona(2152): KNOX_SDCARD checking this for 10066
11-04 16:42:00.693: I/libpersona(2152): KNOX_SDCARD not a persona
11-04 16:42:00.693: E/Zygote(2152): isSdpEnabledProcess - SDP enabled
11-04 16:42:00.694: E/Zygote(2152): accessInfo : 64
11-04 16:42:00.694: E/Zygote(2152): isSdpEnabledProcess - SDP enabled
11-04 16:42:00.694: E/Zygote(2152): setSDPgroupsIntarray[pid]: 0 / [gid]: 10066 / [uid]: 10066
11-04 16:42:00.698: W/Finsky(2077): [1] com.google.android.finsky.FinskyApp.k(1599): No account configured on this device.
11-04 16:42:00.698: I/ActivityManager(3557): Start proc 2152:com.samsung.android.email.provider:service/u0a66 for service com.samsung.android.email.provider/com.samsung.android.email.sync.service.EmailService
11-04 16:42:00.699: W/Finsky(2077): [1] com.google.android.finsky.FinskyApp.k(1599): No account configured on this device.
11-04 16:42:00.700: W/SELinux(2152): SELinux selinux_android_compute_policy_index : Policy Index[1],  Con:u:r:zygote:s0 SPD:SEPF_SECMOBILE_7.0_0006 RAM:SEPF_SECMOBILE_7.0_0004, [-1 -1 0 1 0 1]
11-04 16:42:00.700: I/SELinux(2152): SELinux: seapp_context_lookup: seinfo=platform, level=s0:c512,c768, pkgname=com.samsung.android.email.provider:service 
11-04 16:42:00.701: V/NativeCrypto(2092): Registering com/google/android/gms/org/conscrypt/NativeCrypto's 259 native methods...
11-04 16:42:00.707: W/Finsky(2077): [1] com.google.android.finsky.FinskyApp.k(1599): No account configured on this device.
11-04 16:42:00.708: W/Finsky(2077): [1] com.google.android.finsky.FinskyApp.k(1599): No account configured on this device.
11-04 16:42:00.709: W/Finsky(2077): [1] com.google.android.finsky.FinskyApp.k(1599): No account configured on this device.
11-04 16:42:00.710: W/Finsky(2077): [1] com.google.android.finsky.FinskyApp.k(1599): No account configured on this device.
11-04 16:42:00.711: I/EventLogChimeraService(11736): Aggregate from 1509837117130 (log), 1509837117130 (data)
11-04 16:42:00.720: D/NetworkSecurityConfig(2092): No Network Security Config specified, using platform default
11-04 16:42:00.721: I/ProviderInstaller(2092): Installed default security provider GmsCore_OpenSSL
11-04 16:42:00.737: W/Finsky(2077): [1] com.google.android.finsky.FinskyApp.k(1599): No account configured on this device.
11-04 16:42:00.737: D/ActivityThread(2152): Added TimaKeyStore provider
11-04 16:42:00.738: W/Finsky(2077): [1] com.google.android.finsky.FinskyApp.k(1599): No account configured on this device.
11-04 16:42:00.739: W/Finsky(2077): [1] com.google.android.finsky.FinskyApp.k(1599): No account configured on this device.
11-04 16:42:00.742: I/ActivityManager(3557): DSS on for com.samsung.android.email.provider and scale is 1.0
11-04 16:42:00.760: I/Icing(11736): Usage reports 0 indexed 0 rejected 0 imm upload false
11-04 16:42:00.771: W/Finsky(2077): [1] com.google.android.finsky.FinskyApp.k(1599): No account configured on this device.
11-04 16:42:00.774: W/Finsky(2077): [1] com.google.android.finsky.FinskyApp.k(1599): No account configured on this device.
11-04 16:42:00.777: V/WallpaperManagerService(3557): Wallpaper file change: evt=128 path=settings_system.xml.bak sys=false lock=false imagePending=false whichPending=0x0 written=true index=0
11-04 16:42:00.780: W/Finsky(2077): [1] com.google.android.finsky.FinskyApp.k(1599): No account configured on this device.
11-04 16:42:00.782: W/Finsky(2077): [1] com.google.android.finsky.FinskyApp.k(1599): No account configured on this device.
11-04 16:42:00.784: W/Finsky(2077): [1] com.google.android.finsky.FinskyApp.k(1599): No account configured on this device.
11-04 16:42:00.786: W/System(2092): ClassLoader referenced unknown path: /data/user_de/0/com.google.android.gms/app_chimera/m/00000005/n/arm64-v8a
11-04 16:42:00.786: W/Finsky(2077): [1] com.google.android.finsky.FinskyApp.k(1599): No account configured on this device.
11-04 16:42:00.787: I/Finsky(2077): [1] com.google.android.finsky.services.DailyHygiene.a(221): No recent hygiene success, needs more hygiene.
11-04 16:42:00.787: I/OggExtractor(3236): ~OggExtractor ++
11-04 16:42:00.787: I/OggExtractor(3236): ~MyOggExtractor ++ 
11-04 16:42:00.787: I/OggExtractor(3236): ~MyOggExtractor --
11-04 16:42:00.787: I/OggExtractor(3236): ~OggExtractor --
11-04 16:42:00.788: W/System(2152): ClassLoader referenced unknown path: /system/priv-app/SecEmail_N/lib/arm64
11-04 16:42:00.790: I/DatabaseRebuilderTask(1630): [#CMH#] No of Uris that are present in media :  0
11-04 16:42:00.795: W/Finsky(2077): [1] com.google.android.finsky.FinskyApp.k(1599): No account configured on this device.
11-04 16:42:00.800: I/DatabaseRebuilderTask(1630): [#CMH#] No of Uris that are present in CMH :  0
11-04 16:42:00.800: I/DatabaseRebuilderTask(1630): [#CMH#] No of Uris that are present in both Media and CMH:  0
11-04 16:42:00.800: I/DatabaseRebuilderTask(1630): [#CMH#] Insert =  0 Delete =  0
11-04 16:42:00.800: I/DatabaseRebuilderTask(1630): [#CMH#] syncCMHDB ended  0
11-04 16:42:00.801: D/ContextRelationMgrBrdg(2152): loadKlass() : caller=com.samsung.android.bridge.multiscreen.common.ContextRelationManagerBridge.<clinit>:28 android.app.LoadedApk.makeApplication:840 
11-04 16:42:00.806: I/Controller(1630): [#CMH#] com.android.providers.media Insert
11-04 16:42:00.806: I/ServiceManager(1630): [#CMH#]   FaceService already stopped:
11-04 16:42:00.807: I/ServiceManager(1630): [#CMH#]   IPService already stopped:
11-04 16:42:00.807: I/ServiceManager(1630): [#CMH#]   StoryService already stopped:
11-04 16:42:00.807: I/Controller(1630): [#CMH#] startSmartClustering starting clustering 
11-04 16:42:00.807: I/Controller(1630): [#CMH#] startDaywiseClustering starting day clustering 
11-04 16:42:00.809: I/Icing(11736): Usage reports 0 indexed 0 rejected 0 imm upload false
11-04 16:42:00.811: I/ClusteringTask(1630): [#CMH#] before mutex 
11-04 16:42:00.811: I/ClusteringTask(1630): [#CMH#] after mutex 
11-04 16:42:00.811: I/MomentClusteringAlgo(1630): [#CMH#] performClustering images deleted false
11-04 16:42:00.811: I/ClusteringDBUtils(1630): [#CMH#] updateClusterTable In nothing to update 
11-04 16:42:00.814: I/DayAndMonthTask(1630): [#CMH#] before mutex 
11-04 16:42:00.814: I/DayAndMonthTask(1630): [#CMH#] after mutex 
11-04 16:42:00.817: D/SamsungAlarmManager(3557): setExact Intent (T:0/F:0/AC:false) 20171104T164201 - CU:10045/CP:2077
11-04 16:42:00.817: I/SamsungAlarmManager(3557): setLocked to kernel - T:2 / 20171104T164201, SetElapsed=34192804, nowELAPSED=34191823
11-04 16:42:00.823: W/Settings(2077): Setting download_manager_max_bytes_over_mobile has moved from android.provider.Settings.Secure to android.provider.Settings.Global.
11-04 16:42:00.824: W/Settings(2077): Setting download_manager_recommended_max_bytes_over_mobile has moved from android.provider.Settings.Secure to android.provider.Settings.Global.
11-04 16:42:00.824: D/DynamitePackage(2092): Instantiated singleton DynamitePackage.
11-04 16:42:00.824: D/DynamitePackage(2092): Instantiating com.google.android.gms.ads.adshield.ChimeraAdShieldCreatorImpl
11-04 16:42:00.827: V/MediaPlayerService(3240): Create new media retriever from pid 5199
11-04 16:42:00.829: I/DayAndMonthTask(1630): [#CMH#] after mutex release 
11-04 16:42:00.832: I/BNRClientProivder, VERSION : 1.7.5(2152): register - xml6 quick_backup : Email, QJ5JBlRnP9, com.samsung.android.email.provider.service.sCloudBNRService
11-04 16:42:00.833: I/QBNRClientHelper(2152): init SyncClientHelper : Email
11-04 16:42:00.836: W/Finsky(2077): [1] com.google.android.finsky.FinskyApp.k(1599): No account configured on this device.
11-04 16:42:00.839: E/SEC_DRM_PLUGIN_Omafl(3194): OmaPlugin::onOpenDecryptSession(fd)::Drm2IsDrmFileByExtFd::file is NOT DRM by extension
11-04 16:42:00.840: W/SEC_DRM_PLUGIN_Playready(3194): PlayreadyPlugIn: Function[DRM_ASFVerify_Context_Initialize]; Line[4469]; File type[0]
11-04 16:42:00.840: W/SEC_DRM_PLUGIN_Playready(3194): PlayReadyPlugIn: Function[onOpenDecryptSession]; Line[2576]; DRM Result[0x80004005]
11-04 16:42:00.841: W/Finsky(2077): [1] com.google.android.finsky.FinskyApp.k(1599): No account configured on this device.
11-04 16:42:00.843: W/Finsky(2077): [1] com.google.android.finsky.FinskyApp.k(1599): No account configured on this device.
11-04 16:42:00.845: W/Finsky(2077): [1] com.google.android.finsky.FinskyApp.k(1599): No account configured on this device.
11-04 16:42:00.847: D/PackageManager(3557): setEnabledSetting : userId = 0 packageName = com.android.vending cmp = com.google.android.finsky.activities.DebugActivity newState = 2 callingPackage = 10045
11-04 16:42:00.850: I/MomentClusteringAlgo(1630): [#CMH#] performClustering In 0 
11-04 16:42:00.851: I/ClusteringTask(1630): [#CMH#] Cluster size: 0
11-04 16:42:00.851: I/ClusteringDBUtils(1630): [#CMH#] updateClusterTable In nothing to update 
11-04 16:42:00.851: I/ClusteringTask(1630): [#CMH#] after mutex release 
11-04 16:42:00.855: I/BaseThreadPoolExecutor(1630): [#CMH#] afterExecute FutureTask
11-04 16:42:00.859: W/Finsky(2077): [1] com.google.android.finsky.FinskyApp.k(1599): No account configured on this device.
11-04 16:42:00.860: W/Finsky(2077): [1] com.google.android.finsky.FinskyApp.k(1599): No account configured on this device.
11-04 16:42:00.862: V/WallpaperManagerService(3557): Wallpaper file change: evt=8 path=settings_system.xml sys=false lock=false imagePending=false whichPending=0x0 written=true index=0
11-04 16:42:00.862: W/Finsky(2077): [1] com.google.android.finsky.FinskyApp.k(1599): No account configured on this device.
11-04 16:42:00.862: V/WallpaperManagerService(3557): Wallpaper file change: evt=512 path=settings_system.xml.bak sys=false lock=false imagePending=false whichPending=0x0 written=false index=0
11-04 16:42:00.863: W/Finsky(2077): [1] com.google.android.finsky.FinskyApp.k(1599): No account configured on this device.
11-04 16:42:00.864: I/UpdateIcingCorporaServi(4897): UpdateCorporaTask done [took 572 ms] updated apps [took 528 ms] updated contacts [took 44 ms]
11-04 16:42:00.864: W/Finsky(2077): [1] com.google.android.finsky.FinskyApp.k(1599): No account configured on this device.
11-04 16:42:00.864: W/Finsky(2077): [1] com.google.android.finsky.FinskyApp.b(1246): No account configured on this device.
11-04 16:42:00.866: W/Finsky(2077): [1] com.google.android.finsky.FinskyApp.k(1599): No account configured on this device.
11-04 16:42:00.867: W/Finsky(2077): [1] com.google.android.finsky.FinskyApp.k(1599): No account configured on this device.
11-04 16:42:00.868: W/Finsky(2077): [1] com.google.android.finsky.FinskyApp.k(1599): No account configured on this device.
11-04 16:42:00.870: W/Finsky(2077): [1] com.google.android.finsky.FinskyApp.k(1599): No account configured on this device.
11-04 16:42:00.872: W/Finsky(2077): [1] com.google.android.finsky.FinskyApp.k(1599): No account configured on this device.
11-04 16:42:00.879: W/art(2092): Suspending all threads took: 11.931ms
11-04 16:42:00.885: W/Finsky(2077): [1561] com.google.android.finsky.FinskyApp.k(1599): No account configured on this device.
11-04 16:42:00.886: V/GoogleSignatureVerifier(2077): com.google.android.gms signature not valid.  Found: 
11-04 16:42:00.886: V/GoogleSignatureVerifier(2077): MIIEQzCCAyugAwIBAgIJAMLgh0ZkSjCNMA0GCSqGSIb3DQEBBAUAMHQxCzAJBgNVBAYTAlVTMRMw
11-04 16:42:00.886: V/GoogleSignatureVerifier(2077): EQYDVQQIEwpDYWxpZm9ybmlhMRYwFAYDVQQHEw1Nb3VudGFpbiBWaWV3MRQwEgYDVQQKEwtHb29n
11-04 16:42:00.886: V/GoogleSignatureVerifier(2077): bGUgSW5jLjEQMA4GA1UECxMHQW5kcm9pZDEQMA4GA1UEAxMHQW5kcm9pZDAeFw0wODA4MjEyMzEz
11-04 16:42:00.886: V/GoogleSignatureVerifier(2077): MzRaFw0zNjAxMDcyMzEzMzRaMHQxCzAJBgNVBAYTAlVTMRMwEQYDVQQIEwpDYWxpZm9ybmlhMRYw
11-04 16:42:00.886: V/GoogleSignatureVerifier(2077): FAYDVQQHEw1Nb3VudGFpbiBWaWV3MRQwEgYDVQQKEwtHb29nbGUgSW5jLjEQMA4GA1UECxMHQW5k
11-04 16:42:00.886: V/GoogleSignatureVerifier(2077): cm9pZDEQMA4GA1UEAxMHQW5kcm9pZDCCASAwDQYJKoZIhvcNAQEBBQADggENADCCAQgCggEBAKtW
11-04 16:42:00.886: V/GoogleSignatureVerifier(2077): LgDYO6IIrgqWbxJOKdoR8qtW0I9Y4sypEwPpt1TTcvZApxsdyxMJZ2JORland2qSGT2y5b+3JKke
11-04 16:42:00.886: V/GoogleSignatureVerifier(2077): dxiLDmpHpDsz2WCbdxgxRczfey5YZnTJ4VZbH0xqWVW/8lGmPav5xVwnIiJS6HXk+BVKZF+JcWjA
11-04 16:42:00.886: V/GoogleSignatureVerifier(2077): sb/GEuq/eFdpuzSqeYTcfi6idkyugwfYwXFU1+5fZKUaRKYCwkkFQVfcAs1fXA5V+++FGfvjJ/Cx
11-04 16:42:00.886: V/GoogleSignatureVerifier(2077): URaSxaBvGdGDhfXE28LWuT9ozCl5xw4Yq5OGazvV24mZVSoOO0yZ31j7kYvtwYK6NeADwbSxDdJE
11-04 16:42:00.886: V/GoogleSignatureVerifier(2077): qO4k//0zOHKrUiGYXtqw/A0LFFtqoZKFjnkCAQOjgdkwgdYwHQYDVR0OBBYEFMd9jMIhF1Ylmn/T
11-04 16:42:00.886: V/GoogleSignatureVerifier(2077): gt9r45jk14alMIGmBgNVHSMEgZ4wgZuAFMd9jMIhF1Ylmn/Tgt9r45jk14aloXikdjB0MQswCQYD
11-04 16:42:00.886: V/GoogleSignatureVerifier(2077): VQQGEwJVUzETMBEGA1UECBMKQ2FsaWZvcm5pYTEWMBQGA1UEBxMNTW91bnRhaW4gVmlldzEUMBIG
11-04 16:42:00.886: V/GoogleSignatureVerifier(2077): A1UEChMLR29vZ2xlIEluYy4xEDAOBgNVBAsTB0FuZHJvaWQxEDAOBgNVBAMTB0FuZHJvaWSCCQDC
11-04 16:42:00.886: V/GoogleSignatureVerifier(2077): 4IdGZEowjTAMBgNVHRMEBTADAQH/MA0GCSqGSIb3DQEBBAUAA4IBAQBt0lLO74UwLDYKqs6Tm8/y
11-04 16:42:00.886: V/GoogleSignatureVerifier(2077): zKkEu116FmH4rkaymUIE0P9KaMftGlMexFlaYjzmB2OxZyl6euNXEsQH8gjwyxCUKRJNexBiGcCE
11-04 16:42:00.886: V/GoogleSignatureVerifier(2077): yj6z+a1fuHHvkiaai+KL8W1EyNmgjmyy8AW7P+LLlkR+ho5zEHatRbM/YAnqGcFh5iZBqpknHf1S
11-04 16:42:00.886: V/GoogleSignatureVerifier(2077): KMXFh4dd239FJ1jWYfbMDMy3NS5CTMQ2XFI1MvcyUTdZPErjQfTbQe3aDQsQcafEQPD+nqActifK
11-04 16:42:00.886: V/GoogleSignatureVerifier(2077): Z0Np0IS9L9kR/wbNvyz6ENwPiTrjV2KRkEjH78ZMcUQXg0L3BYHJ3lc69Vs5Ddf9uUGGMYldX3Wf
11-04 16:42:00.886: V/GoogleSignatureVerifier(2077): MBEmh/9iFBDAaTCK
11-04 16:42:00.926: D/WifiStateMachine(3557): Current network is: "wl-ftl-mt12-1-5" , ID is: 0
11-04 16:42:00.926: D/WifiStateMachine(3557): 5GHz mQnsLowerRssiThreshold is recovered, currentRssi = -44
11-04 16:42:00.949: I/dex2oat(2192): /system/bin/dex2oat --dex-file=/data/user/0/com.google.android.youtube/cache/1496809943795.jar --oat-fd=59 --oat-location=/data/user/0/com.google.android.youtube/cache/1496809943795.dex --compiler-filter=speed
11-04 16:42:00.981: I/OggExtractor(3236): ~OggExtractor ++
11-04 16:42:00.981: I/OggExtractor(3236): ~MyOggExtractor ++ 
11-04 16:42:00.981: I/OggExtractor(3236): ~MyOggExtractor --
11-04 16:42:00.982: I/OggExtractor(3236): ~OggExtractor --
11-04 16:42:01.007: D/RCPManagerService(3557): exchangeData() failure , invalid userId
11-04 16:42:01.009: V/MediaPlayerService(3240): Create new media retriever from pid 5199
11-04 16:42:01.014: I/Finsky(2077): [1] com.google.android.finsky.installer.z.a(1282): Installer kick - no action, not running yet
11-04 16:42:01.025: I/dex2oat(2192): ----------------------------------------------------
11-04 16:42:01.025: I/dex2oat(2192): <SS>: S T A R T I N G . . .
11-04 16:42:01.025: E/dex2oat(2192): <SS>: oat location is not valid /data/user/0/com.google.android.youtube/cache/1496809943795.dex
11-04 16:42:01.026: I/dex2oat(2192): dex2oat took 77.989ms (threads: 8) arena alloc=940KB (962616B) java alloc=87KB (89104B) native alloc=1037KB (1062192B) free=3MB (4180688B)
11-04 16:42:01.039: I/WearableService(11763): Wearable Services not starting - Wear is not available on this device.
11-04 16:42:01.041: D/skia(2152): ---- fAsset->read(8192) returned 0
11-04 16:42:01.042: D/skia(2152): --- SkAndroidCodec::NewFromStream returned null
11-04 16:42:01.043: D/BadgeCountReceiver(1842): badge intent : Intent { act=com.sec.intent.action.BADGE_COUNT_UPDATE flg=0x10 cmp=com.sec.android.provider.badge/.BadgeCountReceiver launchParam=MultiScreenLaunchParams { mDisplayId=0 mFlags=0 } bqHint=1 (has extras) }
11-04 16:42:01.043: D/skia(2152): ---- fAsset->read(8192) returned 0
11-04 16:42:01.043: D/skia(2152): --- SkAndroidCodec::NewFromStream returned null
11-04 16:42:01.043: D/BadgeCountReceiver(1842): packageName: com.samsung.android.email.provider, className: com.samsung.android.email.ui.activity.MessageListXL, count: 0
11-04 16:42:01.043: D/skia(2152): ---- fAsset->read(8192) returned 0
11-04 16:42:01.043: D/skia(2152): --- SkAndroidCodec::NewFromStream returned null
11-04 16:42:01.045: D/BaseReflect(1842): null getOwnClass TEST
11-04 16:42:01.045: D/MethodReflector(1842): android.content.ContentResolver getClass TEST
11-04 16:42:01.045: D/BaseReflect(1842): class android.content.ContentResolver isSupportClass TEST
11-04 16:42:01.045: D/BaseReflect(1842): class android.content.ContentResolver getOwnClass TEST
11-04 16:42:01.050: D/MethodReflector(1842): notifyChange is called
11-04 16:42:01.050: D/LauncherApplication(4825): onChange: mBadgeRefreshHandler removeCallbacks
11-04 16:42:01.051: D/BadgeProvider(1842): sendNotify entered. [uri] : content://com.sec.badge/apps
11-04 16:42:01.051: D/BadgeProvider(1842): sendNotify, [notify] : null
11-04 16:42:01.051: D/LauncherApplication(4825): onChange: mBadgeRefreshHandler removeCallbacks
11-04 16:42:01.051: D/BadgeProvider(1842): update, getCallingPackage() : com.sec.android.provider.badge
11-04 16:42:01.051: D/BadgeProvider(1842): update, [uri] : content://com.sec.badge/apps
11-04 16:42:01.051: D/BadgeProvider(1842): update, [uri.query] : null
11-04 16:42:01.051: D/BadgeProvider(1842): update, [BadgeCount] : badgecount=0
11-04 16:42:01.051: D/BadgeProvider(1842): update, [UpdateCount] : 1
11-04 16:42:01.068: E/SEC_DRM_PLUGIN_Omafl(3194): OmaPlugin::onOpenDecryptSession(fd)::Drm2IsDrmFileByExtFd::file is NOT DRM by extension
11-04 16:42:01.068: W/SEC_DRM_PLUGIN_Playready(3194): PlayreadyPlugIn: Function[DRM_ASFVerify_Context_Initialize]; Line[4469]; File type[0]
11-04 16:42:01.068: W/SEC_DRM_PLUGIN_Playready(3194): PlayReadyPlugIn: Function[onOpenDecryptSession]; Line[2576]; DRM Result[0x80004005]
11-04 16:42:01.091: I/FIPS_bssl(2153): FIPS (v1.1) approved mode (1) | 2153 | app_process
11-04 16:42:01.091: D/SecurityManagerNative(2153): SecurityManagerNative v2.7.2.2 On 64bit PLATFORM With BORINGSSL
11-04 16:42:01.096: E/appproc(2153): Enhanced Zygote ASLR: ro.knox.enhance.zygote.aslr != 1. Enhanced Zygote ASLR is DISABLED!
11-04 16:42:01.097: D/AndroidRuntime(2153): >>>>>> START com.android.internal.os.RuntimeInit uid 2000 <<<<<<
11-04 16:42:01.099: D/AndroidRuntime(2153): CheckJNI is OFF
11-04 16:42:01.100: D/AndroidRuntime(2153): addProductProperty: start
11-04 16:42:01.116: W/art(2092): Before Android 4.1, method double java.util.concurrent.ThreadLocalRandom.internalNextDouble(double, double) would have incorrectly overridden the package-private method in java.util.Random
11-04 16:42:01.116: W/art(2092): Before Android 4.1, method int java.util.concurrent.ThreadLocalRandom.internalNextInt(int, int) would have incorrectly overridden the package-private method in java.util.Random
11-04 16:42:01.116: W/art(2092): Before Android 4.1, method long java.util.concurrent.ThreadLocalRandom.internalNextLong(long, long) would have incorrectly overridden the package-private method in java.util.Random
11-04 16:42:01.151: I/[saiv 1.1](2153): saiv_OnLoadJNI.cpp(38): _init: Version 1.1 Build # 3532
11-04 16:42:01.151: I/[saiv 1.1](2153): saiv_OnLoadJNI.cpp(43): _init: _init() was called
11-04 16:42:01.172: I/OggExtractor(3236): ~OggExtractor ++
11-04 16:42:01.172: I/OggExtractor(3236): ~MyOggExtractor ++ 
11-04 16:42:01.172: I/OggExtractor(3236): ~MyOggExtractor --
11-04 16:42:01.172: I/OggExtractor(3236): ~OggExtractor --
11-04 16:42:01.176: I/MLDAP(2153):            libMLDAP/MLDAP.c:  53: ================================================
11-04 16:42:01.176: I/MLDAP(2153):            libMLDAP/MLDAP.c:  53:  MLDAP_LIB v1.1.15
11-04 16:42:01.176: I/MLDAP(2153):            libMLDAP/MLDAP.c:  53: ================================================
11-04 16:42:01.214: W/Finsky(2077): [1] com.google.android.finsky.FinskyApp.k(1599): No account configured on this device.
11-04 16:42:01.216: W/Finsky(2077): [1] com.google.android.finsky.FinskyApp.k(1599): No account configured on this device.
11-04 16:42:01.219: V/MediaPlayerService(3240): Create new media retriever from pid 5199
11-04 16:42:01.224: D/SamsungAlarmManager(3557): Cancel Alarm calling from uid:10085 pid :4897 / op:PendingIntent{1d54b4a: PendingIntentRecord{1d7e014 com.google.android.googlequicksearchbox startService}}
11-04 16:42:01.225: I/SamsungAlarmManager(3557): setLocked to kernel - T:2 / 20171104T164201, SetElapsed=34192801, nowELAPSED=34192231
11-04 16:42:01.225: I/SamsungAlarmManager(3557): setLocked to kernel - T:3 / 19691231T161000, SetElapsed=-1509804128994, nowELAPSED=34192231
11-04 16:42:01.229: D/SamsungAlarmManager(3557): Expired : 8
11-04 16:42:01.229: V/SamsungAlarmManager(3557): Sending to uid : 1000 action=com.android.server.action.UPDATE_TWILIGHT_STATE alarm=Alarm{c767bd8 type 1 when 600000 android}
11-04 16:42:01.234: I/TMSDISP(2153): AcsAndroidVirtualDisplayIntfImpl
11-04 16:42:01.235: I/Finsky(2077): [1] com.google.android.finsky.c.l.a(250): result=false type=4
11-04 16:42:01.236: W/Finsky(2077): [1561] com.google.android.finsky.FinskyApp.k(1599): No account configured on this device.
11-04 16:42:01.239: E/SEC_DRM_PLUGIN_Omafl(3194): OmaPlugin::onOpenDecryptSession(fd)::Drm2IsDrmFileByExtFd::file is NOT DRM by extension
11-04 16:42:01.239: W/SEC_DRM_PLUGIN_Playready(3194): PlayreadyPlugIn: Function[DRM_ASFVerify_Context_Initialize]; Line[4469]; File type[0]
11-04 16:42:01.239: W/SEC_DRM_PLUGIN_Playready(3194): PlayReadyPlugIn: Function[onOpenDecryptSession]; Line[2576]; DRM Result[0x80004005]
11-04 16:42:01.251: D/LauncherApplication(4825): run: mBadgeRefreshHandler reloadBadges
11-04 16:42:01.251: D/Launcher.Model(4825): reloadBadges entered.
11-04 16:42:01.258: D/ICU(2153): No timezone override file found: /data/misc/zoneinfo/current/icu/icu_tzdata.dat
11-04 16:42:01.269: D/SecMenutree(1813): Download ringtones(download_ringtone) is disabled so not indexed in Notification sounds
11-04 16:42:01.269: D/SecMenutree(1813): Ringtone(ringtone) is disabled so not indexed in Notification sounds
11-04 16:42:01.269: D/SecMenutree(1813): Ringtone(ringtone2) is disabled so not indexed in Notification sounds
11-04 16:42:01.270: D/SecMenutree(1813): Ringtone(ds_ring_tone) is disabled so not indexed in Notification sounds
11-04 16:42:01.270: E/SecMenutree(1813): nonIndexableKeys: ringtones_category
11-04 16:42:01.270: D/SecMenutree(1813): Default notification sound(notification_sound) is disabled so not indexed in Notification sounds
11-04 16:42:01.270: D/SecMenutree(1813): T coloring(tcoloring) is disabled so not indexed in Notification sounds
11-04 16:42:01.270: D/SecMenutree(1813): Ringtoyou(ringtoyou) is disabled so not indexed in Notification sounds
11-04 16:42:01.277: I/Enhanced Zygote ASLR(2153): DISABLED!
11-04 16:42:01.277: I/Radio-JNI(2153): register_android_hardware_Radio DONE
11-04 16:42:01.279: D/SamsungAlarmManager(3557): setInexact Intent (T:0/F:0/AC:false) 20171116T154201 - CU:10085/CP:4897
11-04 16:42:01.281: D/ReflectionHelper(2153): loadKlass() : caller=android.app.Activity.<clinit>:7525 <bottom of call stack> 
11-04 16:42:01.281: D/ReflectionHelper(2153): Reflecting method.....  class <onScreenChanged>
11-04 16:42:01.282: E/SemAffinityControl(2153): SemAffinityControl: registerfunction enter
11-04 16:42:01.282: D/WearableService(11763): onGetService - Wear is not available on this device.
11-04 16:42:01.292: D/AndroidRuntime(2153): Calling main entry com.android.commands.am.Am
11-04 16:42:01.293: E/Finsky(2077): [1] com.google.android.finsky.wear.bo.a(836): onConnectionFailed: ConnectionResult{statusCode=API_UNAVAILABLE, resolution=null, message=null}
11-04 16:42:01.294: I/Finsky(2077): [1] com.google.android.finsky.wear.an.run(2394): Dropping command=send_installed_apps due to Gms not connected
11-04 16:42:01.298: D/BadgeProvider(1842): query, [selection] : null
11-04 16:42:01.301: I/BlobLobber(4897): Received new velour config
11-04 16:42:01.304: I/BlobLobber(4897): Canceling downloads: []
11-04 16:42:01.335: I/Finsky(2077): [1] com.google.android.finsky.wear.an.run(2394): Dropping command=send_installed_apps due to Gms not connected
11-04 16:42:01.335: D/PackageManager(3557): setEnabledSetting : userId = 0 packageName = com.google.android.googlequicksearchbox cmp = com.google.android.apps.gsa.soundsearchwidget.IntentWidgetProvider newState = 1 callingPackage = 10085
11-04 16:42:01.337: I/Finsky(2077): [1] com.google.android.finsky.services.bd.a(1071): Restore complete with 0 success and 0 failed.
11-04 16:42:01.338: D/SecMenutree(1813): Messages(mms_sound_ds) is disabled so not indexed in Notification sounds
11-04 16:42:01.352: I/ActivityManager(3557): START u0 {act=null typ=null flg=0x10000000 cmp=ComponentInfo{com.google.android.apps.mtaas.backdrop/com.google.android.apps.mtaas.backdrop.BackdropActivity}} from uid 2000 on display 0
11-04 16:42:01.356: D/SecMenutree(1813): Email(email_sound) is disabled so not indexed in Notification sounds
11-04 16:42:01.356: E/SecMenutree(1813): nonIndexableKeys: system_sounds
11-04 16:42:01.356: D/SecMenutree(1813): Touch sounds(touch_sounds) is disabled so not indexed in Notification sounds
11-04 16:42:01.356: D/SecMenutree(1813): Dialing keypad tones(dial_pad_tones) is disabled so not indexed in Notification sounds
11-04 16:42:01.356: D/SecMenutree(1813): Screen lock sounds(screen_locking_sounds) is disabled so not indexed in Notification sounds
11-04 16:42:01.356: D/SecMenutree(1813): GPS notifications(gps_notification_sounds) is disabled so not indexed in Notification sounds
11-04 16:42:01.356: D/SecMenutree(1813): Docking sounds(docking_sounds) is disabled so not indexed in Notification sounds
11-04 16:42:01.357: D/SecMenutree(1813): Dock speakers play(dock_audio_media) is disabled so not indexed in Notification sounds
11-04 16:42:01.357: D/SecMenutree(1813): Emergency tone(emergency_tone) is disabled so not indexed in Notification sounds
11-04 16:42:01.357: D/SecMenutree(1813): Keyboard sound(keyboard_sound) is disabled so not indexed in Notification sounds
11-04 16:42:01.357: D/SecMenutree(1813): Folder open/close sounds(folder_sounds) is disabled so not indexed in Notification sounds
11-04 16:42:01.357: D/SecMenutree(1813): Charging sound(charging_sounds) is disabled so not indexed in Notification sounds
11-04 16:42:01.358: D/ActivityManager(3557): ActivityRecord() Constructor : multiScreenAttrs=MultiScreenAttrs{mDisplayId=0, mBaseDisplayId=0, mBaseActivity=false}
11-04 16:42:01.360: D/CustomFrequencyManagerService(3557): acquireDVFSLockLocked : type : DVFS_MIN_LIMIT  frequency : 1560000  uid : 1000  pid : 3557  pkgName : AMS_RESUME@CPU_MIN@7
11-04 16:42:01.360: D/ActivityManager(3557): mActivityResumeBooster.acquire()
11-04 16:42:01.361: D/ActivityManager(3557): computeStackFocus: stackId=1
11-04 16:42:01.362: D/MultiScreenManagerService(3557): createStack: stackId=1 createOnTop=true caller=com.android.server.am.ActivityStackSupervisor.getStack:2406 com.android.server.am.ActivityStarter.computeStackFocus:2485 com.android.server.am.ActivityStarter.setTaskFromReuseOrCreateNewTask:2176 com.android.server.am.ActivityStarter.startActivityUnchecked:1449 
11-04 16:42:01.362: D/ActivityManager(3557): attachDisplay() : attach stack#1 to d0
11-04 16:42:01.362: D/MultiScreenManagerService(3557): createStack: stackId=1 displayId=0 createOnTop=true
11-04 16:42:01.362: D/MultiScreenManagerService(3557): createStack: stack=ActivityStack{15c0deed0 stackId=1, 0 tasks}
11-04 16:42:01.362: D/ActivityManager(3557): computeStackFocus: New stack r=ActivityRecord{484a28fd0 u0 com.google.android.apps.mtaas.backdrop/.BackdropActivity t-1} stackId=1
11-04 16:42:01.363: I/MultiWindowManagerService(3557): setTaskDimensions: Task=TaskRecord{132d8abd0 #4 A=com.google.android.apps.mtaas.backdrop U=0 StackId=1 sz=1} minWidth=-1 minHeight=-1 maxWidth=-1 maxHeight=-1
11-04 16:42:01.364: D/ActivityManager(3557): moveToFront() : reason=startedActivity setFocusedActivity isAttached=true TaskRecord{132d8abd0 #4 A=com.google.android.apps.mtaas.backdrop U=0 StackId=1 sz=1}
11-04 16:42:01.364: D/ActivityManager(3557): setFocusStackUnchecked: reason=startedActivity setFocusedActivity focusCandidate=ActivityStack{15c0deed0 stackId=1, 1 tasks} caller=com.android.server.am.ActivityStack.moveToFront:873 com.android.server.am.ActivityStackSupervisor.moveActivityStackToFront:1994 
11-04 16:42:01.365: D/InputDispatcher(3557): Focused application set to: xxxx
11-04 16:42:01.365: D/InputDispatcher(3557): Focus left window: 4825
11-04 16:42:01.366: D/ActivityManager(3557): resumeTopActivityInnerLocked() : #1 prevTask=TaskRecord{132d8abd0 #4 A=com.google.android.apps.mtaas.backdrop U=0 StackId=1 sz=1} next=ActivityRecord{484a28fd0 u0 com.google.android.apps.mtaas.backdrop/.BackdropActivity t4} mFocusedStack=ActivityStack{15c0deed0 stackId=1, 1 tasks}
11-04 16:42:01.366: D/ActivityTrigger(3557): ActivityTrigger activityPauseTrigger 
11-04 16:42:01.367: D/GameManagerService(3557): sem_perfomance_mode: 0
11-04 16:42:01.368: D/LockSettingsStorage(3557): mSKTLockState = 2
11-04 16:42:01.368: D/Launcher(4825): onPause, Launcher: 91943536
11-04 16:42:01.368: D/Launcher.HomeView(4825): onPause
11-04 16:42:01.369: D/Launcher.Workspace(4825): exitWidgetResizeMode. isClearResizeFrame is false
11-04 16:42:01.370: D/AndroidRuntime(2153): Shutting down VM
11-04 16:42:01.376: D/ActivityManager(3557): resumeTopActivityInnerLocked() : #1 prevTask=TaskRecord{62c0c73d0 #2 A=com.sec.android.app.launcher U=0 StackId=0 sz=1} next=ActivityRecord{484a28fd0 u0 com.google.android.apps.mtaas.backdrop/.BackdropActivity t4} mFocusedStack=ActivityStack{15c0deed0 stackId=1, 1 tasks}
11-04 16:42:01.379: D/MountService(3557): getExternalStorageMountMode : 1
11-04 16:42:01.379: D/MountService(3557): getExternalStorageMountMode : 3
11-04 16:42:01.379: D/MountService(3557): getExternalStorageMountMode : final mountMode=1, uid : 10186, packageName : com.google.android.apps.mtaas.backdrop
11-04 16:42:01.392: D/Settings_Utils(1813): ApplicationInfo is not null. get appName = Calendar
11-04 16:42:01.396: D/SecMenutree(1813): isSupportedExternalPackage/com.samsung.android.messaging: false
11-04 16:42:01.396: D/VoldConnector(3557): SND -> {15 volume mkdirs /storage/emulated/0/Android/data/com.google.android.googlequicksearchbox/files/pending_blobs/}
11-04 16:42:01.397: D/VoldCmdListener(3105): CommandListener::runCommand() cmd:mkdirs
11-04 16:42:01.397: D/epmd(3105): Added EPM Instance (PID:3105)
11-04 16:42:01.397: D/epmd(3105): Terminated seperator: 1
11-04 16:42:01.398: I/TMSDISP(2153): AcsAndroidVirtualDisplayIntfImpl::~AcsAndroidVirtualDisplayIntfImpl - Enter
11-04 16:42:01.398: I/TMSDISP(2153): AcsAndroidVirtualDisplayIntfImpl::~AcsAndroidVirtualDisplayIntfImpl - Enter2
11-04 16:42:01.398: I/TMSDISP(2153): AcsAndroidVirtualDisplayIntfImpl::~AcsAndroidVirtualDisplayIntfImpl - mSource2
11-04 16:42:01.398: I/TMSDISP(2153): AcsAndroidVirtualDisplayIntfImpl::~AcsAndroidVirtualDisplayIntfImpl - Exit
11-04 16:42:01.399: D/WindowManager(3557): addWindow: android.view.ViewRootImpl$W@fd436aa displayId=0
11-04 16:42:01.399: D/InputTransport(3557): Input channel constructed: fd=390
11-04 16:42:01.399: D/InputTransport(3557): Input channel constructed: fd=401
11-04 16:42:01.400: D/SecMenutree(1813): isSupportedExternalPackage/com.samsung.android.calendar: false
11-04 16:42:01.400: D/ViewRootImpl@6394595[backdrop](3557): setView = DecorView@65cc638[backdrop] touchMode=true
11-04 16:42:01.400: D/VoldConnector(3557): RCV <- {200 15 Command succeeded}
11-04 16:42:01.407: E/Zygote(2270): v2
11-04 16:42:01.407: I/libpersona(2270): KNOX_SDCARD checking this for 10186
11-04 16:42:01.407: I/libpersona(2270): KNOX_SDCARD not a persona
11-04 16:42:01.409: E/Zygote(2270): accessInfo : 0
11-04 16:42:01.410: I/ActivityManager(3557): Start proc 2270:com.google.android.apps.mtaas.backdrop/u0a186 for activity com.google.android.apps.mtaas.backdrop/.BackdropActivity
11-04 16:42:01.417: W/SELinux(2270): SELinux selinux_android_compute_policy_index : Policy Index[1],  Con:u:r:zygote:s0 SPD:SEPF_SECMOBILE_7.0_0006 RAM:SEPF_SECMOBILE_7.0_0004, [-1 -1 0 1 0 1]
11-04 16:42:01.417: D/SecMenutree(1813): Set your device to mute all calls, alerts, and media, except for your selected exceptions.(dnd_description) is disabled so not indexed in Do not disturb
11-04 16:42:01.417: D/MountService(3557): getExternalStorageMountMode : 1
11-04 16:42:01.417: D/MountService(3557): getExternalStorageMountMode : 3
11-04 16:42:01.417: D/MountService(3557): getExternalStorageMountMode : final mountMode=1, uid : 1000, packageName : com.samsung.android.lool
11-04 16:42:01.418: I/SELinux(2270): SELinux: seapp_context_lookup: seinfo=untrusted, level=s0:c512,c768, pkgname=com.google.android.apps.mtaas.backdrop 
11-04 16:42:01.421: V/WindowManager(3557): Relayout Window{77f429bd0 u0 Starting com.google.android.apps.mtaas.backdrop}: viewVisibility=0 req=1080x1848 WM.LayoutParams{(0,0)(fillxfill) sim=#20 ty=3 fl=#1830118 pfl=0x11 wanim=0x103038a needsMenuKey=2 naviIconColor=0}
11-04 16:42:01.422: I/SurfaceFlinger(3188): id=22 createSurf (1x1),1 flag=404, cackdrop
11-04 16:42:01.424: V/WindowManager(3557): rotationForOrientationLw(orient=-1, last=0); user=0 USER_ROTATION_LOCKED sensorRotation=-1 mLidState=-1 mDockMode=0 mHdmiPlugged=false
11-04 16:42:01.425: D/LockSettingsStorage(3557): mSKTLockState = 2
11-04 16:42:01.429: D/SecMenutree(1813): Days(days) is disabled so not indexed in Do not disturb
11-04 16:42:01.433: I/OggExtractor(3236): ~OggExtractor ++
11-04 16:42:01.433: I/OggExtractor(3236): ~MyOggExtractor ++ 
11-04 16:42:01.433: I/OggExtractor(3236): ~MyOggExtractor --
11-04 16:42:01.433: I/OggExtractor(3236): ~OggExtractor --
11-04 16:42:01.437: D/LockSettingsStorage(3557): mSKTLockState = 2
11-04 16:42:01.444: E/Zygote(2284): v2
11-04 16:42:01.444: I/libpersona(2284): KNOX_SDCARD checking this for 1000
11-04 16:42:01.444: I/libpersona(2284): KNOX_SDCARD not a persona
11-04 16:42:01.444: I/ActivityManager(3557): Start proc 2284:com.samsung.android.lool/1000 for broadcast com.samsung.android.lool/com.samsung.android.sm.common.SmartManagerReceiver
11-04 16:42:01.445: E/Zygote(2284): accessInfo : 0
11-04 16:42:01.452: W/SELinux(2284): SELinux selinux_android_compute_policy_index : Policy Index[1],  Con:u:r:zygote:s0 SPD:SEPF_SECMOBILE_7.0_0006 RAM:SEPF_SECMOBILE_7.0_0004, [-1 -1 0 1 0 1]
11-04 16:42:01.453: I/SELinux(2284): SELinux: seapp_context_lookup: seinfo=platform, pkgname=com.samsung.android.lool 
11-04 16:42:01.454: D/SecMenutree(1813): Cannot find field 'SEARCH_INDEX_DATA_PROVIDER'
11-04 16:42:01.455: V/MediaPlayerService(3240): Create new media retriever from pid 5199
11-04 16:42:01.459: W/NetworkIdentity(3557): Active mobile network without subscriber!
11-04 16:42:01.459: D/WindowManager(3557): finishDrawingWindow: Window{77f429bd0 u0 Starting com.google.android.apps.mtaas.backdrop} mDrawState=DRAW_PENDING
11-04 16:42:01.459: D/BadgeCache(4825): 1. updateBadgeCounts: com.samsung.android.email.provider = 0
11-04 16:42:01.459: D/ViewRootImpl@6394595[backdrop](3557): MSG_RESIZED_REPORT: ci=Rect(0, 72 - 0, 0) vi=Rect(0, 72 - 0, 0) or=1
11-04 16:42:01.459: D/BadgeCache(4825): 1. updateBadgeCounts: com.samsung.android.messaging = 0
11-04 16:42:01.459: D/BadgeCache(4825): 1. updateBadgeCounts: com.samsung.android.lool = 0
11-04 16:42:01.459: D/BadgeCache(4825): 1. updateBadgeCounts: com.android.settings = 0
11-04 16:42:01.459: D/BadgeCache(4825): 1. updateBadgeCounts: com.samsung.android.spay = 0
11-04 16:42:01.459: D/BadgeCache(4825): 1. updateBadgeCounts: com.wssyncmldm = 0
11-04 16:42:01.459: D/BadgeCache(4825): 1. updateBadgeCounts: com.sec.android.app.samsungapps = 0
11-04 16:42:01.462: D/ActivityThread(2270): Added TimaKeyStore provider
11-04 16:42:01.462: D/WindowManager(3557): finishDrawingWindow: Window{77f429bd0 u0 Starting com.google.android.apps.mtaas.backdrop} mDrawState=COMMIT_DRAW_PENDING
11-04 16:42:01.463: D/LockSettingsStorage(3557): mSKTLockState = 2
11-04 16:42:01.463: D/ViewRootImpl@a13bb24[LauncherActivity](4825): MSG_WINDOW_FOCUS_CHANGED 0
11-04 16:42:01.464: D/BadgeCache(4825): updated Badged:0
11-04 16:42:01.464: D/BadgeCache(4825): updateBadgeCounts:0
11-04 16:42:01.466: I/ActivityManager(3557): DSS on for com.google.android.apps.mtaas.backdrop and scale is 1.0
11-04 16:42:01.469: D/LockSettingsStorage(3557): mSKTLockState = 2
11-04 16:42:01.476: I/Icing(11736): IndexChimeraService.getServiceInterface callingPackage=com.google.android.googlequicksearchbox componentName=null serviceId=33
11-04 16:42:01.478: D/GameManagerService(3557): sem_perfomance_mode: 0
11-04 16:42:01.479: D/GameManagerService(3557): NotifyRunnable. pkg: com.google.android.apps.mtaas.backdrop, type: 4, isMinimized: false, isTunableApp: false
11-04 16:42:01.479: D/LockSettingsStorage(3557): mSKTLockState = 2
11-04 16:42:01.479: D/GameManagerService(3557): unexpected mPrevNotiType: -1
11-04 16:42:01.484: D/ActivityThread(2284): Added TimaKeyStore provider
11-04 16:42:01.491: D/LockSettingsStorage(3557): mSKTLockState = 2
11-04 16:42:01.491: D/LockSettingsStorage(3557): mSKTLockState = 2
11-04 16:42:01.494: E/SEC_DRM_PLUGIN_Omafl(3194): OmaPlugin::onOpenDecryptSession(fd)::Drm2IsDrmFileByExtFd::file is NOT DRM by extension
11-04 16:42:01.494: W/SEC_DRM_PLUGIN_Playready(3194): PlayreadyPlugIn: Function[DRM_ASFVerify_Context_Initialize]; Line[4469]; File type[0]
11-04 16:42:01.494: W/SEC_DRM_PLUGIN_Playready(3194): PlayReadyPlugIn: Function[onOpenDecryptSession]; Line[2576]; DRM Result[0x80004005]
11-04 16:42:01.495: D/ForegroundUtils(4722): could not check pending caller
11-04 16:42:01.495: I/ServiceManager(1630): [#CMH#]   FaceService already paused:
11-04 16:42:01.496: D/SecContentProvider2(3557): query(), uri = 15 selection = getAppBlockDownloadState
11-04 16:42:01.496: I/ServiceManager(1630): [#CMH#]   IPService already paused:
11-04 16:42:01.496: I/ServiceManager(1630): [#CMH#]   StoryService already paused:
11-04 16:42:01.496: I/ActivityManager(3557): DSS on for com.samsung.android.lool and scale is 1.0
11-04 16:42:01.497: D/GameManagerService(3557): identifyGamePackage. com.google.android.apps.mtaas.backdrop
11-04 16:42:01.497: D/GameManagerService(3557): identifyGamePackage. com.google.android.apps.mtaas.backdrop
11-04 16:42:01.497: I/Icing(11736): IndexChimeraService.getServiceInterface callingPackage=com.google.android.googlequicksearchbox componentName=null serviceId=32
11-04 16:42:01.500: W/InstanceID/Rpc(2092): Found 10025
11-04 16:42:01.504: D/MountService(3557): getExternalStorageMountMode : 1
11-04 16:42:01.504: D/MountService(3557): getExternalStorageMountMode : 3
11-04 16:42:01.504: D/MountService(3557): getExternalStorageMountMode : final mountMode=1, uid : 1000, packageName : com.samsung.android.lool
11-04 16:42:01.505: D/SecMenutree(1813): There is no xmlResId: com.samsung.android.settings.notification.BlockNotificationList
11-04 16:42:01.508: W/System(2270): ClassLoader referenced unknown path: /data/app/com.google.android.apps.mtaas.backdrop-1/lib/arm64
11-04 16:42:01.518: D/ContextRelationMgrBrdg(2270): loadKlass() : caller=com.samsung.android.bridge.multiscreen.common.ContextRelationManagerBridge.<clinit>:28 android.app.LoadedApk.makeApplication:840 
11-04 16:42:01.525: I/ActivityManager(3557): Start proc 2315:com.samsung.android.sm.provider/1000 for content provider com.samsung.android.lool/com.samsung.android.sm.database.SmProvider
11-04 16:42:01.530: V/WindowManager(3557): Relayout Window{b86cae4d0 u0 com.sec.android.app.launcher/com.sec.android.app.launcher.activities.LauncherActivity}: viewVisibility=8 req=1080x1920 WM.LayoutParams{(0,0)(fillxfill) sim=#130 ty=1 fl=#81910d00 pfl=0x20000 fmt=-2 wanim=0x103038a vsysui=0x600 needsMenuKey=2 dimDuration=0 naviIconColor=0}
11-04 16:42:01.531: D/LockSettingsStorage(3557): mSKTLockState = 2
11-04 16:42:01.531: E/Zygote(2315): v2
11-04 16:42:01.531: I/libpersona(2315): KNOX_SDCARD checking this for 1000
11-04 16:42:01.531: I/libpersona(2315): KNOX_SDCARD not a persona
11-04 16:42:01.533: D/ContextRelationMgrBrdg(2284): loadKlass() : caller=com.samsung.android.bridge.multiscreen.common.ContextRelationManagerBridge.<clinit>:28 android.app.LoadedApk.makeApplication:840 
11-04 16:42:01.537: I/System.out(2092): Thread-1562(ApacheHTTPLog):Reading from variable values from setDefaultValuesToVariables
11-04 16:42:01.538: I/System.out(2092): Thread-1562(ApacheHTTPLog):isSBSettingEnabled false
11-04 16:42:01.538: I/System.out(2092): Thread-1562(ApacheHTTPLog):isShipBuild true
11-04 16:42:01.538: I/System.out(2092): Thread-1562(ApacheHTTPLog):getDebugLevel 0x4f4c
11-04 16:42:01.538: I/System.out(2092): Thread-1562(ApacheHTTPLog):Smart Bonding Setting is false
11-04 16:42:01.538: I/System.out(2092): Thread-1562(ApacheHTTPLog):SmartBonding Setting is false, SHIP_BUILD is true, log to file is false, DBG is false, DEBUG_LEVEL (1-LOW, 2-MID, 3-HIGH) is 1
11-04 16:42:01.540: D/BluetoothAdapter(11763): STATE_BLE_ON
11-04 16:42:01.540: D/EnterpriseController(3241): netId is 0
11-04 16:42:01.541: D/Netd(3241): getNetworkForDns: using netid 502 for uid 10178
11-04 16:42:01.541: D/DnsProxyListener(3241): DNSDBG::dns addrinfo af 0
11-04 16:42:01.541: E/Zygote(2315): accessInfo : 0
11-04 16:42:01.542: D/BluetoothAdapter(11763): STATE_BLE_ON
11-04 16:42:01.543: D/BluetoothAdapter(11763): appoCount is = 0
11-04 16:42:01.545: I/NearbyDirect(11763): MagicPairScanner: BluetoothLeScanner is null, Bluetooth might be off. Enabled=false
11-04 16:42:01.546: W/SELinux(2315): SELinux selinux_android_compute_policy_index : Policy Index[1],  Con:u:r:zygote:s0 SPD:SEPF_SECMOBILE_7.0_0006 RAM:SEPF_SECMOBILE_7.0_0004, [-1 -1 0 1 0 1]
11-04 16:42:01.547: I/SELinux(2315): SELinux: seapp_context_lookup: seinfo=platform, pkgname=com.samsung.android.sm.provider 
11-04 16:42:01.548: D/SamsungAlarmManager(3557): Cancel Alarm calling from uid:10025 pid :11763 / op:PendingIntent{f72088b: PendingIntentRecord{6eaf768 com.google.android.gms broadcastIntent}}
11-04 16:42:01.549: I/SamsungAlarmManager(3557): setLocked to kernel - T:2 / 20171104T164201, SetElapsed=34192800, nowELAPSED=34192555
11-04 16:42:01.553: D/WindowManager(3557): set systemUiVisibility of statusbar : vis= 0x0
11-04 16:42:01.556: D/WindowManager(3557): adjustSystemUiVisibilityLw : vis= 0x0
11-04 16:42:01.557: D/SamsungAlarmManager(3557): Cancel Alarm calling from uid:10025 pid :11763 / op:PendingIntent{bb3581: PendingIntentRecord{c76a267 com.google.android.gms broadcastIntent}}
11-04 16:42:01.578: D/GameManagerService(3557): identifyGamePackage. com.google.android.apps.mtaas.backdrop
11-04 16:42:01.580: D/GameManagerService(3557): identifyGamePackage. com.google.android.apps.mtaas.backdrop
11-04 16:42:01.590: D/ActivityThread(2315): Added TimaKeyStore provider
11-04 16:42:01.598: I/FIPS_bssl(2313): FIPS (v1.1) approved mode (1) | 2313 | /system/bin/gpsd
11-04 16:42:01.598: D/SecurityManagerNative(2313): SecurityManagerNative v2.7.2.2 On 64bit PLATFORM With BORINGSSL
