11-05 09:33:49.977: D/dalvikvm(1841): WAIT_FOR_CONCURRENT_GC blocked 54ms
11-05 09:33:50.037: I/CastDatabase(2022): Opening the database
11-05 09:33:50.207: I/SQLiteCastStore(2022): 0 CastNetworkInfo instances loaded, 0 CastDeviceInfo instances loaded, 0 paired guest mode devices loaded.
11-05 09:33:50.367: D/AndroidRuntime(4886): >>>>>> AndroidRuntime START com.android.internal.os.RuntimeInit <<<<<<
11-05 09:33:50.367: W/linker(4886): libdvm.so has text relocations. This is wasting memory and is a security risk. Please fix.
11-05 09:33:50.367: D/AndroidRuntime(4886): CheckJNI is OFF
11-05 09:33:50.377: D/dalvikvm(4886): Trying to load lib libjavacore.so 0x0
11-05 09:33:50.377: D/dalvikvm(4886): Added shared lib libjavacore.so 0x0
11-05 09:33:50.387: D/dalvikvm(4886): Trying to load lib libnativehelper.so 0x0
11-05 09:33:50.387: D/dalvikvm(4886): Added shared lib libnativehelper.so 0x0
11-05 09:33:50.387: D/dalvikvm(4886): No JNI_OnLoad found in libnativehelper.so 0x0, skipping init
11-05 09:33:50.397: D/dalvikvm(1905): GC_EXPLICIT freed 291K, 19% free 5963K/7336K, paused 1ms+1ms, total 10ms
11-05 09:33:50.407: D/dalvikvm(4886): Note: class Landroid/app/ActivityManagerNative; has 179 unimplemented (abstract) methods
11-05 09:33:50.457: D/dalvikvm(2022): GC_EXPLICIT freed 2020K, 23% free 17366K/22432K, paused 1ms+3ms, total 40ms
11-05 09:33:50.517: I/GceGrallocRegionRegistry(1328): Unmapped gralloc-1328.16 hnd=0xb951e250 fd=39 base=0xad158000
11-05 09:33:50.567: I/Icing(2022): Indexing C7964761759975815F38BA30A7C6318FBC326FC4 from com.google.android.gms
11-05 09:33:50.567: I/Icing(2022): Indexing done C7964761759975815F38BA30A7C6318FBC326FC4
11-05 09:33:50.567: I/CastSocket(2022): 19 >= 18. Adding new CastClientAuthKeyManager.
11-05 09:33:50.577: I/dalvikvm(2022): Could not find method android.os.PowerManager.isInteractive, referenced from method gtq.a
11-05 09:33:50.577: W/dalvikvm(2022): VFY: unable to resolve virtual method 4659: Landroid/os/PowerManager;.isInteractive ()Z
11-05 09:33:50.577: D/dalvikvm(2022): VFY: replacing opcode 0x6e at 0x0018
11-05 09:33:50.577: I/DiscoveryManager(2022): WifiGuestModeDeviceScanner enabled.
11-05 09:33:50.647: I/MediaRouter(2022): Found default route: MediaRouter.RouteInfo{ uniqueId=android/aco:DEFAULT_ROUTE, name=Phone, description=null, iconUri=null, enabled=true, connecting=false, connectionState=0, canDisconnect=false, playbackType=0, playbackStream=3, deviceType=0, volumeHandling=1, volume=11, volumeMax=15, presentationDisplayId=-1, extras=null, settingsIntent=null, providerPackageName=android }
11-05 09:33:50.757: E/memtrack(4886): Couldn't load memtrack module (No such file or directory)
11-05 09:33:50.757: E/android.os.Debug(4886): failed to load memtrack module: -2
11-05 09:33:50.827: D/AndroidRuntime(4886): Calling main entry com.android.commands.pm.Pm
11-05 09:33:50.837: D/AndroidRuntime(4886): Shutting down VM
11-05 09:33:50.837: D/dalvikvm(4886): GC_CONCURRENT freed 92K, 15% free 548K/644K, paused 0ms+0ms, total 0ms
11-05 09:33:50.927: I/Remoter(1338): Saved screenshot to '/data/screenshots/__pmv__-0075.jpg'
11-05 09:33:51.167: D/AndroidRuntime(4903): >>>>>> AndroidRuntime START com.android.internal.os.RuntimeInit <<<<<<
11-05 09:33:51.167: W/linker(4903): libdvm.so has text relocations. This is wasting memory and is a security risk. Please fix.
11-05 09:33:51.177: D/AndroidRuntime(4903): CheckJNI is OFF
11-05 09:33:51.177: D/dalvikvm(4903): Trying to load lib libjavacore.so 0x0
11-05 09:33:51.177: D/dalvikvm(4903): Added shared lib libjavacore.so 0x0
11-05 09:33:51.177: D/dalvikvm(4903): Trying to load lib libnativehelper.so 0x0
11-05 09:33:51.177: D/dalvikvm(4903): Added shared lib libnativehelper.so 0x0
11-05 09:33:51.177: D/dalvikvm(4903): No JNI_OnLoad found in libnativehelper.so 0x0, skipping init
11-05 09:33:51.197: D/dalvikvm(4903): Note: class Landroid/app/ActivityManagerNative; has 179 unimplemented (abstract) methods
11-05 09:33:51.227: E/memtrack(4903): Couldn't load memtrack module (No such file or directory)
11-05 09:33:51.227: E/android.os.Debug(4903): failed to load memtrack module: -2
11-05 09:33:51.237: D/AndroidRuntime(4903): Calling main entry com.android.commands.am.Am
11-05 09:33:51.237: I/ActivityManager(1705): Force stopping com.google.android.apps.mtaas.tools appid=10066 user=0: start instr
11-05 09:33:51.247: I/ActivityManager(1705): Start proc com.google.android.apps.mtaas.tools for added application com.google.android.apps.mtaas.tools: pid=4913 uid=10066 gids={50066, 1028, 1015, 3003}
11-05 09:33:51.287: D/ChangeLocale(4913): Instrumentation completed successfully
11-05 09:33:51.287: D/AndroidRuntime(4903): Shutting down VM
11-05 09:33:51.287: D/dalvikvm(4903): GC_CONCURRENT freed 95K, 15% free 557K/656K, paused 0ms+0ms, total 0ms
11-05 09:33:51.497: I/ActivityManager(1705): Force stopping com.google.android.apps.mtaas.tools appid=10066 user=0: finished inst
11-05 09:33:51.497: I/ActivityManager(1705): Killing 4913:com.google.android.apps.mtaas.tools/u0a66 (adj 0): stop com.google.android.apps.mtaas.tools
11-05 09:33:51.607: D/AndroidRuntime(4931): >>>>>> AndroidRuntime START com.android.internal.os.RuntimeInit <<<<<<
11-05 09:33:51.607: W/linker(4931): libdvm.so has text relocations. This is wasting memory and is a security risk. Please fix.
11-05 09:33:51.607: D/AndroidRuntime(4931): CheckJNI is OFF
11-05 09:33:51.607: D/dalvikvm(4931): Trying to load lib libjavacore.so 0x0
11-05 09:33:51.607: D/dalvikvm(4931): Added shared lib libjavacore.so 0x0
11-05 09:33:51.607: D/dalvikvm(4931): Trying to load lib libnativehelper.so 0x0
11-05 09:33:51.607: D/dalvikvm(4931): Added shared lib libnativehelper.so 0x0
11-05 09:33:51.607: D/dalvikvm(4931): No JNI_OnLoad found in libnativehelper.so 0x0, skipping init
11-05 09:33:51.617: D/dalvikvm(4931): Note: class Landroid/app/ActivityManagerNative; has 179 unimplemented (abstract) methods
11-05 09:33:51.647: E/memtrack(4931): Couldn't load memtrack module (No such file or directory)
11-05 09:33:51.647: E/android.os.Debug(4931): failed to load memtrack module: -2
11-05 09:33:51.657: D/AndroidRuntime(4931): Calling main entry com.android.commands.settings.SettingsCmd
11-05 09:33:51.657: D/AndroidRuntime(4931): Shutting down VM
11-05 09:33:51.667: D/dalvikvm(4931): GC_CONCURRENT freed 94K, 16% free 553K/652K, paused 0ms+0ms, total 0ms
11-05 09:33:51.987: D/AndroidRuntime(4946): >>>>>> AndroidRuntime START com.android.internal.os.RuntimeInit <<<<<<
11-05 09:33:51.987: W/linker(4946): libdvm.so has text relocations. This is wasting memory and is a security risk. Please fix.
11-05 09:33:51.987: D/AndroidRuntime(4946): CheckJNI is OFF
11-05 09:33:51.997: D/dalvikvm(4946): Trying to load lib libjavacore.so 0x0
11-05 09:33:51.997: D/dalvikvm(4946): Added shared lib libjavacore.so 0x0
11-05 09:33:51.997: D/dalvikvm(4946): Trying to load lib libnativehelper.so 0x0
11-05 09:33:51.997: D/dalvikvm(4946): Added shared lib libnativehelper.so 0x0
11-05 09:33:51.997: D/dalvikvm(4946): No JNI_OnLoad found in libnativehelper.so 0x0, skipping init
11-05 09:33:51.997: D/dalvikvm(4946): Note: class Landroid/app/ActivityManagerNative; has 179 unimplemented (abstract) methods
11-05 09:33:51.997: I/Remoter(1338): Saved screenshot to '/data/screenshots/__pmv__-0076.jpg'
11-05 09:33:52.027: E/memtrack(4946): Couldn't load memtrack module (No such file or directory)
11-05 09:33:52.027: E/android.os.Debug(4946): failed to load memtrack module: -2
11-05 09:33:52.037: D/AndroidRuntime(4946): Calling main entry com.android.commands.settings.SettingsCmd
11-05 09:33:52.047: D/AndroidRuntime(4946): Shutting down VM
11-05 09:33:52.047: D/dalvikvm(4946): GC_CONCURRENT freed 94K, 16% free 553K/652K, paused 0ms+1ms, total 1ms
11-05 09:33:52.357: D/AndroidRuntime(4960): >>>>>> AndroidRuntime START com.android.internal.os.RuntimeInit <<<<<<
11-05 09:33:52.357: W/linker(4960): libdvm.so has text relocations. This is wasting memory and is a security risk. Please fix.
11-05 09:33:52.357: D/AndroidRuntime(4960): CheckJNI is OFF
11-05 09:33:52.357: D/dalvikvm(4960): Trying to load lib libjavacore.so 0x0
11-05 09:33:52.357: D/dalvikvm(4960): Added shared lib libjavacore.so 0x0
11-05 09:33:52.357: D/dalvikvm(4960): Trying to load lib libnativehelper.so 0x0
11-05 09:33:52.357: D/dalvikvm(4960): Added shared lib libnativehelper.so 0x0
11-05 09:33:52.357: D/dalvikvm(4960): No JNI_OnLoad found in libnativehelper.so 0x0, skipping init
11-05 09:33:52.367: D/dalvikvm(4960): Note: class Landroid/app/ActivityManagerNative; has 179 unimplemented (abstract) methods
11-05 09:33:52.397: E/memtrack(4960): Couldn't load memtrack module (No such file or directory)
11-05 09:33:52.397: E/android.os.Debug(4960): failed to load memtrack module: -2
11-05 09:33:52.407: D/AndroidRuntime(4960): Calling main entry com.android.commands.settings.SettingsCmd
11-05 09:33:52.407: D/AndroidRuntime(4960): Shutting down VM
11-05 09:33:52.417: D/dalvikvm(4960): GC_CONCURRENT freed 94K, 16% free 554K/652K, paused 0ms+0ms, total 0ms
11-05 09:33:52.847: D/AndroidRuntime(4980): >>>>>> AndroidRuntime START com.android.internal.os.RuntimeInit <<<<<<
11-05 09:33:52.847: W/linker(4980): libdvm.so has text relocations. This is wasting memory and is a security risk. Please fix.
11-05 09:33:52.857: D/AndroidRuntime(4980): CheckJNI is OFF
11-05 09:33:52.857: D/dalvikvm(4980): Trying to load lib libjavacore.so 0x0
11-05 09:33:52.857: D/dalvikvm(4980): Added shared lib libjavacore.so 0x0
11-05 09:33:52.857: D/dalvikvm(4980): Trying to load lib libnativehelper.so 0x0
11-05 09:33:52.857: D/dalvikvm(4980): Added shared lib libnativehelper.so 0x0
11-05 09:33:52.857: D/dalvikvm(4980): No JNI_OnLoad found in libnativehelper.so 0x0, skipping init
11-05 09:33:52.867: D/dalvikvm(4980): Note: class Landroid/app/ActivityManagerNative; has 179 unimplemented (abstract) methods
11-05 09:33:52.887: E/memtrack(4980): Couldn't load memtrack module (No such file or directory)
11-05 09:33:52.887: E/android.os.Debug(4980): failed to load memtrack module: -2
11-05 09:33:52.897: D/AndroidRuntime(4980): Calling main entry com.android.commands.settings.SettingsCmd
11-05 09:33:52.907: D/AndroidRuntime(4980): Shutting down VM
11-05 09:33:52.907: D/dalvikvm(4980): GC_CONCURRENT freed 94K, 16% free 553K/652K, paused 0ms+0ms, total 0ms
11-05 09:33:53.057: I/Remoter(1338): Saved screenshot to '/data/screenshots/__pmv__-0077.jpg'
11-05 09:33:53.197: D/AndroidRuntime(4994): >>>>>> AndroidRuntime START com.android.internal.os.RuntimeInit <<<<<<
11-05 09:33:53.197: W/linker(4994): libdvm.so has text relocations. This is wasting memory and is a security risk. Please fix.
11-05 09:33:53.207: D/AndroidRuntime(4994): CheckJNI is OFF
11-05 09:33:53.207: D/dalvikvm(4994): Trying to load lib libjavacore.so 0x0
11-05 09:33:53.207: D/dalvikvm(4994): Added shared lib libjavacore.so 0x0
11-05 09:33:53.207: D/dalvikvm(4994): Trying to load lib libnativehelper.so 0x0
11-05 09:33:53.207: D/dalvikvm(4994): Added shared lib libnativehelper.so 0x0
11-05 09:33:53.207: D/dalvikvm(4994): No JNI_OnLoad found in libnativehelper.so 0x0, skipping init
11-05 09:33:53.217: D/dalvikvm(4994): Note: class Landroid/app/ActivityManagerNative; has 179 unimplemented (abstract) methods
11-05 09:33:53.237: E/memtrack(4994): Couldn't load memtrack module (No such file or directory)
11-05 09:33:53.237: E/android.os.Debug(4994): failed to load memtrack module: -2
11-05 09:33:53.247: D/AndroidRuntime(4994): Calling main entry com.android.commands.am.Am
11-05 09:33:53.257: I/ActivityManager(1705): START u0 {flg=0x10000000 cmp=com.google.android.apps.mtaas.backdrop/.BackdropActivity} from pid 4994
11-05 09:33:53.257: I/GceGrallocRegionRegistry(1328): Mapped gralloc-1328.18 hnd=0xb944cd00 fd=41 base=0xb303d000 format=RGBA_8888(0x1) width=492 height=874
11-05 09:33:53.257: I/GceGrallocRegionRegistry(1705): Mapped gralloc-1328.18 hnd=0xb7f5aaa0 fd=170 base=0x7ad06000 format=RGBA_8888(0x1) width=492 height=874
11-05 09:33:53.257: I/GceGrallocRegionRegistry(1328): Unmapped gralloc-1328.18 hnd=0xb944cd00 fd=41 base=0xb303d000
11-05 09:33:53.257: I/GceGrallocRegionRegistry(1328): Mapped gralloc-1328.18 hnd=0xb944cd00 fd=42 base=0xb303d000 format=RGBA_8888(0x1) width=492 height=874
11-05 09:33:53.307: I/GceGrallocRegionRegistry(1328): Unmapped gralloc-1328.18 hnd=0xb944cd00 fd=42 base=0xb303d000
11-05 09:33:53.347: D/dalvikvm(1705): GC_FOR_ALLOC freed 1165K, 21% free 9129K/11524K, paused 48ms, total 51ms
11-05 09:33:53.347: I/dalvikvm-heap(1705): Grow heap (frag case) to 9.818MB for 856092-byte allocation
11-05 09:33:53.367: D/dalvikvm(1705): GC_FOR_ALLOC freed 60K, 20% free 9905K/12364K, paused 15ms, total 15ms
11-05 09:33:53.367: I/GceGrallocRegionRegistry(1705): Unmapped gralloc-1328.18 hnd=0xb7f5aaa0 fd=170 base=0x7ad06000
11-05 09:33:53.377: D/dalvikvm(1705): GC_FOR_ALLOC freed 6K, 20% free 9908K/12364K, paused 7ms, total 7ms
11-05 09:33:53.377: I/dalvikvm-heap(1705): Grow heap (frag case) to 10.579MB for 856092-byte allocation
11-05 09:33:53.387: D/dalvikvm(1705): GC_FOR_ALLOC freed 4K, 19% free 10740K/13204K, paused 8ms, total 8ms
11-05 09:33:53.387: D/AndroidRuntime(4994): Shutting down VM
11-05 09:33:53.387: D/dalvikvm(4994): GC_CONCURRENT freed 94K, 15% free 576K/672K, paused 0ms+0ms, total 0ms
11-05 09:33:53.437: I/ActivityManager(1705): Start proc com.google.android.apps.mtaas.backdrop for activity com.google.android.apps.mtaas.backdrop/.BackdropActivity: pid=5005 uid=10068 gids={50068}
11-05 09:33:53.497: I/GceGrallocRegionRegistry(1328): Mapped gralloc-1328.19 hnd=0xb94f3b00 fd=22 base=0xb2a88000 format=RGBA_8888(0x1) width=1080 height=1776
11-05 09:33:53.507: I/GceGrallocRegionRegistry(1705): Mapped gralloc-1328.19 hnd=0xb7f9f8d0 fd=178 base=0x7a751000 format=RGBA_8888(0x1) width=1080 height=1776
11-05 09:33:53.517: I/dalvikvm(5005): Could not find method android.app.Notification$Builder.<init>, referenced from method android.support.v4.app.NotificationCompatBuilder.<init>
11-05 09:33:53.517: W/dalvikvm(5005): VFY: unable to resolve direct method 135: Landroid/app/Notification$Builder;.<init> (Landroid/content/Context;Ljava/lang/String;)V
11-05 09:33:53.517: D/dalvikvm(5005): VFY: replacing opcode 0x70 at 0x0025
11-05 09:33:53.517: I/dalvikvm(5005): Could not find method android.app.Notification$Builder.setLocalOnly, referenced from method android.support.v4.app.NotificationCompatBuilder.<init>
11-05 09:33:53.517: W/dalvikvm(5005): VFY: unable to resolve virtual method 163: Landroid/app/Notification$Builder;.setLocalOnly (Z)Landroid/app/Notification$Builder;
11-05 09:33:53.517: D/dalvikvm(5005): VFY: replacing opcode 0x6e at 0x018f
11-05 09:33:53.517: I/dalvikvm(5005): Could not find method android.app.Notification$Builder.setCategory, referenced from method android.support.v4.app.NotificationCompatBuilder.<init>
11-05 09:33:53.517: W/dalvikvm(5005): VFY: unable to resolve virtual method 143: Landroid/app/Notification$Builder;.setCategory (Ljava/lang/String;)Landroid/app/Notification$Builder;
11-05 09:33:53.517: D/dalvikvm(5005): VFY: replacing opcode 0x6e at 0x01b0
11-05 09:33:53.517: I/dalvikvm(5005): Could not find method android.app.Notification$Builder.setRemoteInputHistory, referenced from method android.support.v4.app.NotificationCompatBuilder.<init>
11-05 09:33:53.517: W/dalvikvm(5005): VFY: unable to resolve virtual method 170: Landroid/app/Notification$Builder;.setRemoteInputHistory ([Ljava/lang/CharSequence;)Landroid/app/Notification$Builder;
11-05 09:33:53.517: D/dalvikvm(5005): VFY: replacing opcode 0x6e at 0x01fa
11-05 09:33:53.517: I/dalvikvm(5005): Could not find method android.app.Notification$Builder.setBadgeIconType, referenced from method android.support.v4.app.NotificationCompatBuilder.<init>
11-05 09:33:53.517: W/dalvikvm(5005): VFY: unable to resolve virtual method 142: Landroid/app/Notification$Builder;.setBadgeIconType (I)Landroid/app/Notification$Builder;
11-05 09:33:53.517: D/dalvikvm(5005): VFY: replacing opcode 0x6e at 0x0226
11-05 09:33:53.517: E/dalvikvm(5005): Could not find class 'android.app.Notification$Action$Builder', referenced from method android.support.v4.app.NotificationCompatBuilder.addAction
11-05 09:33:53.517: W/dalvikvm(5005): VFY: unable to resolve new-instance 30 (Landroid/app/Notification$Action$Builder;) in Landroid/support/v4/app/NotificationCompatBuilder;
11-05 09:33:53.517: D/dalvikvm(5005): VFY: replacing opcode 0x22 at 0x0006
11-05 09:33:53.517: D/dalvikvm(5005): DexOpt: couldn't find field Landroid/app/Notification;.headsUpContentView
11-05 09:33:53.517: W/dalvikvm(5005): VFY: unable to resolve instance field 13
11-05 09:33:53.517: D/dalvikvm(5005): VFY: replacing opcode 0x5b at 0x0039
11-05 09:33:53.517: I/dalvikvm(5005): Could not find method android.app.Notification.getGroup, referenced from method android.support.v4.app.NotificationCompatBuilder.buildInternal
11-05 09:33:53.517: W/dalvikvm(5005): VFY: unable to resolve virtual method 202: Landroid/app/Notification;.getGroup ()Ljava/lang/String;
11-05 09:33:53.517: D/dalvikvm(5005): VFY: replacing opcode 0x6e at 0x001f
11-05 09:33:53.517: D/dalvikvm(5005): DexOpt: couldn't find field Landroid/app/Notification;.headsUpContentView
11-05 09:33:53.517: W/dalvikvm(5005): VFY: unable to resolve instance field 13
11-05 09:33:53.517: D/dalvikvm(5005): VFY: replacing opcode 0x5b at 0x006f
11-05 09:33:53.517: I/dalvikvm(5005): Could not find method android.app.Notification.getGroup, referenced from method android.support.v4.app.NotificationCompatBuilder.buildInternal
11-05 09:33:53.517: W/dalvikvm(5005): VFY: unable to resolve virtual method 202: Landroid/app/Notification;.getGroup ()Ljava/lang/String;
11-05 09:33:53.517: D/dalvikvm(5005): VFY: replacing opcode 0x6e at 0x0075
11-05 09:33:53.517: I/dalvikvm(5005): Could not find method android.app.Notification.getGroup, referenced from method android.support.v4.app.NotificationCompatBuilder.buildInternal
11-05 09:33:53.517: W/dalvikvm(5005): VFY: unable to resolve virtual method 202: Landroid/app/Notification;.getGroup ()Ljava/lang/String;
11-05 09:33:53.517: D/dalvikvm(5005): VFY: replacing opcode 0x6e at 0x00c4
11-05 09:33:53.517: D/dalvikvm(5005): DexOpt: unable to opt direct call 0x0075 at 0x14 in Landroid/support/v4/app/NotificationCompatBuilder;.addAction
11-05 09:33:53.517: I/GceGrallocRegionRegistry(1875): Unmapped gralloc-1328.6 hnd=0xb7e200b0 fd=51 base=0x7afbd000
11-05 09:33:53.517: I/GceGrallocRegionRegistry(1875): Unmapped gralloc-1328.7 hnd=0xb8152270 fd=58 base=0x7a46b000
11-05 09:33:53.517: I/GceGrallocRegionRegistry(1875): Unmapped gralloc-1328.10 hnd=0xb8177070 fd=61 base=0x79ae6000
11-05 09:33:53.517: I/GceGrallocRegionRegistry(1328): Unmapped gralloc-1328.10 hnd=0xb94acd00 fd=36 base=0xae14c000
11-05 09:33:53.527: I/GceGrallocRegionRegistry(1328): Unmapped gralloc-1328.6 hnd=0xb94ceed0 fd=32 base=0xaea38000
11-05 09:33:53.557: D/dalvikvm(1758): GC_FOR_ALLOC freed 7896K, 39% free 14098K/22800K, paused 17ms, total 28ms
11-05 09:33:53.557: I/dalvikvm-heap(1758): Grow heap (frag case) to 14.408MB for 589836-byte allocation
11-05 09:33:53.567: D/dalvikvm(1758): GC_FOR_ALLOC freed 170K, 38% free 14504K/23380K, paused 5ms, total 5ms
11-05 09:33:53.577: D/dalvikvm(5005): GC_FOR_ALLOC freed 79K, 5% free 3769K/3940K, paused 3ms, total 3ms
11-05 09:33:53.587: D/dalvikvm(5005): GC_FOR_ALLOC freed 2K, 5% free 3987K/4164K, paused 3ms, total 3ms
11-05 09:33:53.587: I/dalvikvm-heap(5005): Grow heap (frag case) to 6.393MB for 2536932-byte allocation
11-05 09:33:53.587: D/dalvikvm(5005): GC_FOR_ALLOC freed <1K, 3% free 6464K/6644K, paused 3ms, total 3ms
11-05 09:33:53.587: D/dalvikvm(5005): GC_CONCURRENT freed <1K, 3% free 6464K/6644K, paused 0ms+0ms, total 2ms
11-05 09:33:53.597: I/GceGrallocRegionRegistry(1328): Mapped gralloc-1328.20 hnd=0xb94ceed0 fd=32 base=0xb09bd000 format=RGBA_8888(0x1) width=1080 height=1776
11-05 09:33:53.597: I/GceGrallocRegionRegistry(1705): Mapped gralloc-1328.20 hnd=0xb7f50d30 fd=179 base=0x7991b000 format=RGBA_8888(0x1) width=1080 height=1776
11-05 09:33:53.647: D/dalvikvm(1758): GC_FOR_ALLOC freed 15K, 27% free 17297K/23380K, paused 3ms, total 11ms
11-05 09:33:53.647: I/dalvikvm-heap(1758): Grow heap (frag case) to 17.302MB for 349068-byte allocation
11-05 09:33:53.667: D/dalvikvm(1758): GC_FOR_ALLOC freed 2K, 26% free 17636K/23724K, paused 14ms, total 14ms
11-05 09:33:53.667: I/MetadataService(1338): Processed 0 update/creates for instance/attributes/
11-05 09:33:53.667: I/MetadataService(1338): Processed 0 update/creates for project/attributes/
11-05 09:33:53.677: D/dalvikvm(1758): GC_FOR_ALLOC freed <1K, 26% free 17636K/23724K, paused 4ms, total 5ms
11-05 09:33:53.677: I/dalvikvm-heap(1758): Grow heap (frag case) to 17.633MB for 349068-byte allocation
11-05 09:33:53.687: I/BackdropActivity(5005): android_id: 4225592113516432942
11-05 09:33:53.687: D/dalvikvm(1758): GC_FOR_ALLOC freed <1K, 26% free 17977K/24068K, paused 5ms, total 5ms
11-05 09:33:54.167: I/Remoter(1338): Saved screenshot to '/data/screenshots/__pmv__-0078.jpg'
11-05 09:33:54.247: I/GceGrallocRegionRegistry(1328): Unmapped gralloc-1328.7 hnd=0xb94f86b0 fd=33 base=0xafa2c000
11-05 09:33:54.287: D/OpenGLRenderer(5005): Enabling debug mode 0
11-05 09:33:54.317: I/GceGrallocRegionRegistry(5005): Mapped gralloc-1328.3 hnd=0xb7e3aec0 fd=43 base=0x7ea10000 format=RGBA_8888(0x1) width=768 height=768
11-05 09:33:54.687: I/GceGrallocRegionRegistry(1328): Mapped gralloc-1328.21 hnd=0xb9352f30 fd=33 base=0xb13a3000 format=RGBA_8888(0x1) width=1080 height=1776
11-05 09:33:54.687: I/GceGrallocRegionRegistry(5005): Mapped gralloc-1328.21 hnd=0xb7e7e4c0 fd=44 base=0x7ca59000 format=RGBA_8888(0x1) width=1080 height=1776
11-05 09:33:54.717: I/ActivityManager(1705): Displayed com.google.android.apps.mtaas.backdrop/.BackdropActivity: +1s333ms
11-05 09:33:54.807: I/GceGrallocRegionRegistry(1328): Mapped gralloc-1328.22 hnd=0xb95c6d60 fd=36 base=0xafac5000 format=RGBA_8888(0x1) width=1080 height=1776
11-05 09:33:54.807: I/GceGrallocRegionRegistry(5005): Mapped gralloc-1328.22 hnd=0xb8033b90 fd=46 base=0x7c278000 format=RGBA_8888(0x1) width=1080 height=1776
11-05 09:33:55.067: I/GceGrallocRegionRegistry(1705): Unmapped gralloc-1328.19 hnd=0xb7f9f8d0 fd=178 base=0x7a751000
11-05 09:33:55.067: I/GceGrallocRegionRegistry(1328): Unmapped gralloc-1328.19 hnd=0xb94f3b00 fd=22 base=0xb2a88000
11-05 09:33:55.067: I/GceGrallocRegionRegistry(1705): Unmapped gralloc-1328.20 hnd=0xb7f50d30 fd=179 base=0x7991b000
11-05 09:33:55.087: I/GceGrallocRegionRegistry(1328): Unmapped gralloc-1328.20 hnd=0xb94ceed0 fd=32 base=0xb09bd000
11-05 09:33:55.097: D/dalvikvm(1705): GC_CONCURRENT freed 1539K, 18% free 10951K/13196K, paused 1ms+1ms, total 39ms
11-05 09:33:55.227: I/Remoter(1338): Saved screenshot to '/data/screenshots/__pmv__-0079.jpg'
11-05 09:33:55.297: I/GceGrallocRegionRegistry(1328): Mapped gralloc-1328.23 hnd=0xb94ceed0 fd=22 base=0xb2a88000 format=RGBA_8888(0x1) width=1080 height=1776
11-05 09:33:55.297: I/GceGrallocRegionRegistry(5005): Mapped gralloc-1328.23 hnd=0xb7e5f6f0 fd=47 base=0x7bb17000 format=RGBA_8888(0x1) width=1080 height=1776
11-05 09:33:55.407: I/GceRil(1327): Received request 19
11-05 09:33:55.407: I/GceRil(1327): Reporting signal strength: GW=13 CDMA=-98 EVDO=-83 LTE=25
11-05 09:33:56.337: I/GceMetadataClient(2870): Received updated metadata.
11-05 09:33:56.347: I/Remoter(1338): Saved screenshot to '/data/screenshots/__pmv__-0080.jpg'
11-05 09:33:56.357: D/AndroidRuntime(5036): >>>>>> AndroidRuntime START com.android.internal.os.RuntimeInit <<<<<<
11-05 09:33:56.357: W/linker(5036): libdvm.so has text relocations. This is wasting memory and is a security risk. Please fix.
11-05 09:33:56.357: D/AndroidRuntime(5036): CheckJNI is OFF
11-05 09:33:56.357: D/dalvikvm(5036): Trying to load lib libjavacore.so 0x0
11-05 09:33:56.357: D/dalvikvm(5036): Added shared lib libjavacore.so 0x0
11-05 09:33:56.357: D/dalvikvm(5036): Trying to load lib libnativehelper.so 0x0
11-05 09:33:56.357: D/dalvikvm(5036): Added shared lib libnativehelper.so 0x0
11-05 09:33:56.357: D/dalvikvm(5036): No JNI_OnLoad found in libnativehelper.so 0x0, skipping init
11-05 09:33:56.367: D/dalvikvm(5036): Note: class Landroid/app/ActivityManagerNative; has 179 unimplemented (abstract) methods
11-05 09:33:56.397: E/memtrack(5036): Couldn't load memtrack module (No such file or directory)
11-05 09:33:56.397: E/android.os.Debug(5036): failed to load memtrack module: -2
11-05 09:33:56.407: D/AndroidRuntime(5036): Calling main entry com.android.commands.am.Am
11-05 09:33:56.407: I/ActivityManager(1705): Force stopping com.google.android.apps.mtaas.loginutil appid=10067 user=0: start instr
11-05 09:33:56.417: I/ActivityManager(1705): Start proc com.google.android.apps.mtaas.loginutil for added application com.google.android.apps.mtaas.loginutil: pid=5046 uid=10067 gids={50067, 3003, 1028, 1015}
11-05 09:33:56.437: D/dalvikvm(5046): GC_CONCURRENT freed 195K, 8% free 3714K/3996K, paused 2ms+1ms, total 6ms
11-05 09:33:56.777: D/LoginUtil(5046): Connected to Internet
11-05 09:33:56.777: D/LoginUtil(5046): Adding Account {name=73QQWBI3JPM3R25FFOHSJWYUOE-01@cloudtestlabaccounts.com, type=com.google}
11-05 09:33:56.807: I/ActivityManager(1705): Start proc com.google.android.apps.auth.test.support for service com.google.android.apps.auth.test.support/.services.AccountService: pid=5062 uid=10069 gids={50069, 3003, 1028, 1015}
11-05 09:33:56.827: W/AuthService(5062): [TestArgsHelper] Error when calling AndroidTestUtil.getTestArgs(). Note that this behavior might be expected.
11-05 09:33:56.827: E/ActivityThread(5062): Failed to find provider info for com.google.android.apps.common.testing.services.storage.testargs
11-05 09:33:56.837: I/dalvikvm(5062): Could not find method android.content.pm.PackageManager.getPackageInstaller, referenced from method db.a
11-05 09:33:56.837: W/dalvikvm(5062): VFY: unable to resolve virtual method 181: Landroid/content/pm/PackageManager;.getPackageInstaller ()Landroid/content/pm/PackageInstaller;
11-05 09:33:56.837: D/dalvikvm(5062): VFY: replacing opcode 0x6e at 0x000b
11-05 09:33:56.837: I/AuthService(5062): [AddAccountOperation] Call GmsCore API.
11-05 09:33:56.877: I/dalvikvm(1905): Could not find method android.accounts.AccountManager.notifyAccountAuthenticated, referenced from method fkq.a
11-05 09:33:56.877: W/dalvikvm(1905): VFY: unable to resolve virtual method 2867: Landroid/accounts/AccountManager;.notifyAccountAuthenticated (Landroid/accounts/Account;)Z
11-05 09:33:56.877: D/dalvikvm(1905): VFY: replacing opcode 0x6e at 0x009d
11-05 09:33:56.877: I/dalvikvm(1905): Could not find method android.accounts.AccountManager.removeAccountExplicitly, referenced from method ebp.a
11-05 09:33:56.877: W/dalvikvm(1905): VFY: unable to resolve virtual method 2871: Landroid/accounts/AccountManager;.removeAccountExplicitly (Landroid/accounts/Account;)Z
11-05 09:33:56.877: D/dalvikvm(1905): VFY: replacing opcode 0x6e at 0x0023
11-05 09:33:56.877: I/dalvikvm(1905): Could not find method java.util.Locale.toLanguageTag, referenced from method ebp.c
11-05 09:33:56.877: W/dalvikvm(1905): VFY: unable to resolve virtual method 38660: Ljava/util/Locale;.toLanguageTag ()Ljava/lang/String;
11-05 09:33:56.877: D/dalvikvm(1905): VFY: replacing opcode 0x6e at 0x0014
11-05 09:33:56.907: I/ActivityManager(1705): Killing 3091:com.google.android.gms.unstable/u0a8 (adj 15): empty for 2959s
11-05 09:33:56.937: I/GoogleURLConnFactory(1905): Using platform SSLCertificateSocketFactory
11-05 09:33:56.967: E/BaseAppContext(1905): Tried to stop global GMSCore RequestQueue. This is likely unintended, so ignoring.
11-05 09:33:57.037: I/Auth(1905): [ReflectiveChannelBinder] Successfully bound channel!
11-05 09:33:57.067: D/dalvikvm(1329): GC_EXPLICIT freed 41K, 4% free 3507K/3636K, paused 0ms+2ms, total 5ms
11-05 09:33:57.067: I/ActivityManager(1705): Start proc com.google.android.gms.unstable for service com.google.android.gms/.droidguard.DroidGuardService: pid=5082 uid=10008 gids={50008, 3003, 1007, 1028, 1015, 3002, 3001, 3007, 2001, 3006}
11-05 09:33:57.097: D/dalvikvm(1329): GC_EXPLICIT freed <1K, 4% free 3507K/3636K, paused 1ms+0ms, total 32ms
11-05 09:33:57.147: W/dalvikvm(5082): VFY: unable to resolve static field 332 (PR_SET_DUMPABLE) in Landroid/system/OsConstants;
11-05 09:33:57.147: D/dalvikvm(5082): VFY: replacing opcode 0x60 at 0x0009
11-05 09:33:57.147: I/dalvikvm(5082): Could not find method android.content.Context.getSystemService, referenced from method ni.a
11-05 09:33:57.157: W/dalvikvm(5082): VFY: unable to resolve virtual method 715: Landroid/content/Context;.getSystemService (Ljava/lang/Class;)Ljava/lang/Object;
11-05 09:33:57.157: D/dalvikvm(5082): VFY: replacing opcode 0x6e at 0x0008
11-05 09:33:57.157: I/dalvikvm(5082): Could not find method android.content.Context.createDeviceProtectedStorageContext, referenced from method iyb.a
11-05 09:33:57.167: D/dalvikvm(1329): GC_EXPLICIT freed <1K, 4% free 3507K/3636K, paused 0ms+1ms, total 58ms
11-05 09:33:57.167: W/dalvikvm(5082): VFY: unable to resolve virtual method 689: Landroid/content/Context;.createDeviceProtectedStorageContext ()Landroid/content/Context;
11-05 09:33:57.167: D/dalvikvm(5082): VFY: replacing opcode 0x6e at 0x0029
11-05 09:33:57.167: I/dalvikvm(5082): Could not find method android.content.Context.getSystemService, referenced from method iyb.b
11-05 09:33:57.167: W/dalvikvm(5082): VFY: unable to resolve virtual method 715: Landroid/content/Context;.getSystemService (Ljava/lang/Class;)Ljava/lang/Object;
11-05 09:33:57.167: D/dalvikvm(5082): VFY: replacing opcode 0x6e at 0x000b
11-05 09:33:57.167: I/dalvikvm(5082): Could not find method android.content.Context.isDeviceProtectedStorage, referenced from method xtw.a
11-05 09:33:57.167: W/dalvikvm(5082): VFY: unable to resolve virtual method 720: Landroid/content/Context;.isDeviceProtectedStorage ()Z
11-05 09:33:57.167: D/dalvikvm(5082): VFY: replacing opcode 0x6e at 0x0009
11-05 09:33:57.167: I/dalvikvm(5082): Could not find method android.content.Context.isDeviceProtectedStorage, referenced from method xtw.c
11-05 09:33:57.167: W/dalvikvm(5082): VFY: unable to resolve virtual method 720: Landroid/content/Context;.isDeviceProtectedStorage ()Z
11-05 09:33:57.167: D/dalvikvm(5082): VFY: replacing opcode 0x6e at 0x0063
11-05 09:33:57.167: I/dalvikvm(5082): Could not find method android.os.PowerManager.isInteractive, referenced from method ivo.a
11-05 09:33:57.177: W/dalvikvm(5082): VFY: unable to resolve virtual method 1266: Landroid/os/PowerManager;.isInteractive ()Z
11-05 09:33:57.177: D/dalvikvm(5082): VFY: replacing opcode 0x6e at 0x0012
11-05 09:33:57.177: I/dalvikvm(5082): Could not find method android.content.ContextWrapper.createCredentialProtectedStorageContext, referenced from method com.google.android.chimera.ModuleContext.createCredentialProtectedStorageContext
11-05 09:33:57.177: W/dalvikvm(5082): VFY: unable to resolve virtual method 738: Landroid/content/ContextWrapper;.createCredentialProtectedStorageContext ()Landroid/content/Context;
11-05 09:33:57.177: D/dalvikvm(5082): VFY: replacing opcode 0x6f at 0x0002
11-05 09:33:57.177: I/dalvikvm(5082): Could not find method android.content.ContextWrapper.createDeviceProtectedStorageContext, referenced from method com.google.android.chimera.ModuleContext.createDeviceProtectedStorageContext
11-05 09:33:57.177: W/dalvikvm(5082): VFY: unable to resolve virtual method 739: Landroid/content/ContextWrapper;.createDeviceProtectedStorageContext ()Landroid/content/Context;
11-05 09:33:57.177: D/dalvikvm(5082): VFY: replacing opcode 0x6f at 0x0002
11-05 09:33:57.177: I/dalvikvm(5082): Could not find method android.content.Context.isCredentialProtectedStorage, referenced from method buu.a
11-05 09:33:57.177: W/dalvikvm(5082): VFY: unable to resolve virtual method 719: Landroid/content/Context;.isCredentialProtectedStorage ()Z
11-05 09:33:57.177: D/dalvikvm(5082): VFY: replacing opcode 0x6e at 0x0000
11-05 09:33:57.177: I/dalvikvm(5082): Could not find method android.os.UserManager.isUserUnlocked, referenced from method buu.a
11-05 09:33:57.177: W/dalvikvm(5082): VFY: unable to resolve virtual method 1312: Landroid/os/UserManager;.isUserUnlocked ()Z
11-05 09:33:57.177: D/dalvikvm(5082): VFY: replacing opcode 0x6e at 0x001a
11-05 09:33:57.177: I/dalvikvm(5082): Could not find method android.content.Context.isDeviceProtectedStorage, referenced from method buu.b
11-05 09:33:57.177: W/dalvikvm(5082): VFY: unable to resolve virtual method 720: Landroid/content/Context;.isDeviceProtectedStorage ()Z
11-05 09:33:57.177: D/dalvikvm(5082): VFY: replacing opcode 0x6e at 0x0000
11-05 09:33:57.177: I/dalvikvm(5082): Could not find method android.content.Context.isDeviceProtectedStorage, referenced from method buu.c
11-05 09:33:57.177: W/dalvikvm(5082): VFY: unable to resolve virtual method 720: Landroid/content/Context;.isDeviceProtectedStorage ()Z
11-05 09:33:57.177: D/dalvikvm(5082): VFY: replacing opcode 0x6e at 0x0000
11-05 09:33:57.197: I/MultiDex(5082): VM with version 1.6.0 does not have multidex support
11-05 09:33:57.197: I/MultiDex(5082): install
11-05 09:33:57.197: I/MultiDex(5082): MultiDexExtractor.load(/data/app/com.google.android.gms-1.apk, false)
11-05 09:33:57.197: I/MultiDex(5082): Blocking on lock /data/data/com.google.android.gms/code_cache/secondary-dexes/MultiDex.lock
11-05 09:33:57.197: I/MultiDex(5082): /data/data/com.google.android.gms/code_cache/secondary-dexes/MultiDex.lock locked
11-05 09:33:57.227: I/MultiDex(5082): loading existing secondary dex files
11-05 09:33:57.237: I/MultiDex(5082): load found 4 secondary dex files
11-05 09:33:57.237: I/MultiDex(5082): install done
11-05 09:33:57.257: I/dalvikvm(5082): Could not find method android.content.Context.isDeviceProtectedStorage, referenced from method jrg.d
11-05 09:33:57.257: W/dalvikvm(5082): VFY: unable to resolve virtual method 720: Landroid/content/Context;.isDeviceProtectedStorage ()Z
11-05 09:33:57.257: D/dalvikvm(5082): VFY: replacing opcode 0x6e at 0x0006
11-05 09:33:57.267: I/dalvikvm(5082): Could not find method android.os.UserHandle.isOwner, referenced from method jrg.h
11-05 09:33:57.267: W/dalvikvm(5082): VFY: unable to resolve virtual method 1305: Landroid/os/UserHandle;.isOwner ()Z
11-05 09:33:57.267: D/dalvikvm(5082): VFY: replacing opcode 0x6e at 0x000a
11-05 09:33:57.267: I/dalvikvm(5082): Could not find method android.content.pm.PackageManager.isInstantApp, referenced from method jwv.a
11-05 09:33:57.267: W/dalvikvm(5082): VFY: unable to resolve virtual method 836: Landroid/content/pm/PackageManager;.isInstantApp (Ljava/lang/String;)Z
11-05 09:33:57.267: D/dalvikvm(5082): VFY: replacing opcode 0x6e at 0x002d
11-05 09:33:57.277: D/dalvikvm(5082): GC_CONCURRENT freed 345K, 11% free 3586K/4016K, paused 8ms+0ms, total 10ms
11-05 09:33:57.307: I/dalvikvm(5082): Could not find method android.content.ContextWrapper.createCredentialProtectedStorageContext, referenced from method jjp.createCredentialProtectedStorageContext
11-05 09:33:57.307: W/dalvikvm(5082): VFY: unable to resolve virtual method 738: Landroid/content/ContextWrapper;.createCredentialProtectedStorageContext ()Landroid/content/Context;
11-05 09:33:57.307: D/dalvikvm(5082): VFY: replacing opcode 0x6f at 0x0002
11-05 09:33:57.307: I/dalvikvm(5082): Could not find method android.content.ContextWrapper.createDeviceProtectedStorageContext, referenced from method jjp.createDeviceProtectedStorageContext
11-05 09:33:57.307: W/dalvikvm(5082): VFY: unable to resolve virtual method 739: Landroid/content/ContextWrapper;.createDeviceProtectedStorageContext ()Landroid/content/Context;
11-05 09:33:57.307: D/dalvikvm(5082): VFY: replacing opcode 0x6f at 0x0002
11-05 09:33:57.307: D/dalvikvm(5082): DexOpt: couldn't find static field Landroid/os/Build;.SUPPORTED_ABIS
11-05 09:33:57.307: W/dalvikvm(5082): VFY: unable to resolve static field 313 (SUPPORTED_ABIS) in Landroid/os/Build;
11-05 09:33:57.307: D/dalvikvm(5082): VFY: replacing opcode 0x62 at 0x0008
11-05 09:33:57.307: D/dalvikvm(5082): DexOpt: couldn't find static field Landroid/os/Build;.SUPPORTED_ABIS
11-05 09:33:57.307: W/dalvikvm(5082): VFY: unable to resolve static field 313 (SUPPORTED_ABIS) in Landroid/os/Build;
11-05 09:33:57.307: D/dalvikvm(5082): VFY: replacing opcode 0x62 at 0x0097
11-05 09:33:57.307: D/dalvikvm(5082): DexOpt: couldn't find field Landroid/content/pm/ApplicationInfo;.splitSourceDirs
11-05 09:33:57.307: W/dalvikvm(5082): VFY: unable to resolve instance field 243
11-05 09:33:57.307: D/dalvikvm(5082): VFY: replacing opcode 0x54 at 0x0053
11-05 09:33:57.307: D/dalvikvm(5082): Trying to load lib /data/app-lib/com.google.android.gms-1/libgmscore.so 0x950ffe18
11-05 09:33:57.307: D/dalvikvm(5082): Added shared lib /data/app-lib/com.google.android.gms-1/libgmscore.so 0x950ffe18
11-05 09:33:57.307: D/dalvikvm(5082): No JNI_OnLoad found in /data/app-lib/com.google.android.gms-1/libgmscore.so 0x950ffe18, skipping init
11-05 09:33:57.307: D/dalvikvm(5082): Trying to load lib /data/app-lib/com.google.android.gms-1/libconscrypt_gmscore_jni.so 0x950ffe18
11-05 09:33:57.307: D/dalvikvm(5082): Added shared lib /data/app-lib/com.google.android.gms-1/libconscrypt_gmscore_jni.so 0x950ffe18
11-05 09:33:57.307: V/NativeCrypto(5082): Registering com/google/android/gms/org/conscrypt/NativeCrypto's 259 native methods...
11-05 09:33:57.307: E/dalvikvm(5082): Could not find class 'javax.net.ssl.SNIServerName', referenced from method com.google.android.gms.org.conscrypt.Platform.getSniHostnameFromParams
11-05 09:33:57.307: W/dalvikvm(5082): VFY: unable to resolve check-cast 3056 (Ljavax/net/ssl/SNIServerName;) in Lcom/google/android/gms/org/conscrypt/Platform;
11-05 09:33:57.307: D/dalvikvm(5082): VFY: replacing opcode 0x1f at 0x0025
11-05 09:33:57.307: E/dalvikvm(5082): Could not find class 'javax.net.ssl.SNIHostName', referenced from method com.google.android.gms.org.conscrypt.Platform.setParametersSniHostname
11-05 09:33:57.307: W/dalvikvm(5082): VFY: unable to resolve new-instance 3055 (Ljavax/net/ssl/SNIHostName;) in Lcom/google/android/gms/org/conscrypt/Platform;
11-05 09:33:57.307: D/dalvikvm(5082): VFY: replacing opcode 0x22 at 0x0024
11-05 09:33:57.307: E/dalvikvm(5082): Could not find class 'javax.net.ssl.SNIHostName', referenced from method com.google.android.gms.org.conscrypt.Platform.setParametersSniHostname
11-05 09:33:57.307: W/dalvikvm(5082): VFY: unable to resolve new-instance 3055 (Ljavax/net/ssl/SNIHostName;) in Lcom/google/android/gms/org/conscrypt/Platform;
11-05 09:33:57.307: D/dalvikvm(5082): VFY: replacing opcode 0x22 at 0x0024
11-05 09:33:57.307: W/dalvikvm(5082): Unable to resolve superclass of Lcom/google/android/gms/org/conscrypt/OpenSSLExtendedSessionImpl; (3046)
11-05 09:33:57.307: W/dalvikvm(5082): Link of class 'Lcom/google/android/gms/org/conscrypt/OpenSSLExtendedSessionImpl;' failed
11-05 09:33:57.307: E/dalvikvm(5082): Could not find class 'com.google.android.gms.org.conscrypt.OpenSSLExtendedSessionImpl', referenced from method com.google.android.gms.org.conscrypt.Platform.unwrapSSLSession
11-05 09:33:57.307: W/dalvikvm(5082): VFY: unable to resolve instanceof 1717 (Lcom/google/android/gms/org/conscrypt/OpenSSLExtendedSessionImpl;) in Lcom/google/android/gms/org/conscrypt/Platform;
11-05 09:33:57.307: D/dalvikvm(5082): VFY: replacing opcode 0x20 at 0x0007
11-05 09:33:57.307: W/dalvikvm(5082): Unable to resolve superclass of Lcom/google/android/gms/org/conscrypt/OpenSSLExtendedSessionImpl; (3046)
11-05 09:33:57.307: W/dalvikvm(5082): Link of class 'Lcom/google/android/gms/org/conscrypt/OpenSSLExtendedSessionImpl;' failed
11-05 09:33:57.307: E/dalvikvm(5082): Could not find class 'com.google.android.gms.org.conscrypt.OpenSSLExtendedSessionImpl', referenced from method com.google.android.gms.org.conscrypt.Platform.wrapSSLSession
11-05 09:33:57.307: W/dalvikvm(5082): VFY: unable to resolve new-instance 1717 (Lcom/google/android/gms/org/conscrypt/OpenSSLExtendedSessionImpl;) in Lcom/google/android/gms/org/conscrypt/Platform;
11-05 09:33:57.307: D/dalvikvm(5082): VFY: replacing opcode 0x22 at 0x0007
11-05 09:33:57.307: D/dalvikvm(5082): DexOpt: unable to opt direct call 0x3b63 at 0x2a in Lcom/google/android/gms/org/conscrypt/Platform;.setParametersSniHostname
11-05 09:33:57.307: D/dalvikvm(5082): DexOpt: unable to opt direct call 0x3b63 at 0x2a in Lcom/google/android/gms/org/conscrypt/Platform;.setParametersSniHostname
11-05 09:33:57.307: W/dalvikvm(5082): Unable to resolve superclass of Lcom/google/android/gms/org/conscrypt/OpenSSLExtendedSessionImpl; (3046)
11-05 09:33:57.307: W/dalvikvm(5082): Link of class 'Lcom/google/android/gms/org/conscrypt/OpenSSLExtendedSessionImpl;' failed
11-05 09:33:57.307: D/dalvikvm(5082): DexOpt: unable to opt direct call 0x2490 at 0x09 in Lcom/google/android/gms/org/conscrypt/Platform;.wrapSSLSession
11-05 09:33:57.317: D/dalvikvm(5082): GC_CONCURRENT freed 286K, 10% free 3687K/4060K, paused 0ms+0ms, total 3ms
11-05 09:33:57.357: D/dalvikvm(5082): Trying to load lib /data/app-lib/com.google.android.gms-1/libgmscore.so 0x950ffe18
11-05 09:33:57.357: D/dalvikvm(5082): Shared lib '/data/app-lib/com.google.android.gms-1/libgmscore.so' already loaded in same CL 0x950ffe18
11-05 09:33:57.357: D/dalvikvm(5082): Trying to load lib /data/app-lib/com.google.android.gms-1/libconscrypt_gmscore_jni.so 0x950ffe18
11-05 09:33:57.357: D/dalvikvm(5082): Shared lib '/data/app-lib/com.google.android.gms-1/libconscrypt_gmscore_jni.so' already loaded in same CL 0x950ffe18
11-05 09:33:57.387: D/dalvikvm(5082): GC_CONCURRENT freed 236K, 8% free 3939K/4264K, paused 0ms+1ms, total 3ms
11-05 09:33:57.427: I/ProviderInstaller(5082): Installed default security provider GmsCore_OpenSSL
11-05 09:33:57.477: D/dalvikvm(5082): GC_CONCURRENT freed 120K, 5% free 4347K/4536K, paused 0ms+0ms, total 4ms
11-05 09:33:57.477: D/dalvikvm(5082): WAIT_FOR_CONCURRENT_GC blocked 1ms
11-05 09:33:57.487: D/dalvikvm(5082): WAIT_FOR_CONCURRENT_GC blocked 7ms
11-05 09:33:57.497: D/dalvikvm(5082): GC_CONCURRENT freed 101K, 4% free 4631K/4824K, paused 2ms+1ms, total 5ms
11-05 09:33:57.497: I/dalvikvm(5082): Could not find method android.content.ContextWrapper.createCredentialProtectedStorageContext, referenced from method ivg.createCredentialProtectedStorageContext
11-05 09:33:57.497: W/dalvikvm(5082): VFY: unable to resolve virtual method 738: Landroid/content/ContextWrapper;.createCredentialProtectedStorageContext ()Landroid/content/Context;
11-05 09:33:57.497: D/dalvikvm(5082): VFY: replacing opcode 0x6f at 0x0002
11-05 09:33:57.497: I/dalvikvm(5082): Could not find method android.content.ContextWrapper.createDeviceProtectedStorageContext, referenced from method ivg.createDeviceProtectedStorageContext
11-05 09:33:57.497: W/dalvikvm(5082): VFY: unable to resolve virtual method 739: Landroid/content/ContextWrapper;.createDeviceProtectedStorageContext ()Landroid/content/Context;
11-05 09:33:57.497: D/dalvikvm(5082): VFY: replacing opcode 0x6f at 0x0002
11-05 09:33:57.507: D/dalvikvm(5082): GC_CONCURRENT freed 226K, 7% free 4790K/5108K, paused 1ms+1ms, total 5ms
11-05 09:33:57.527: I/dalvikvm(5082): Could not find method android.content.pm.PackageManager.getPackageInstaller, referenced from method ims.a
11-05 09:33:57.527: W/dalvikvm(5082): VFY: unable to resolve virtual method 829: Landroid/content/pm/PackageManager;.getPackageInstaller ()Landroid/content/pm/PackageInstaller;
11-05 09:33:57.527: D/dalvikvm(5082): VFY: replacing opcode 0x6e at 0x001c
11-05 09:33:57.527: D/dalvikvm(5082): GC_CONCURRENT freed 160K, 5% free 5115K/5364K, paused 2ms+0ms, total 6ms
11-05 09:33:57.527: I/Remoter(1338): Saved screenshot to '/data/screenshots/__pmv__-0081.jpg'
11-05 09:33:57.537: I/dalvikvm(5082): Could not find method android.content.Context.checkSelfPermission, referenced from method jjg.a
11-05 09:33:57.537: W/dalvikvm(5082): VFY: unable to resolve virtual method 687: Landroid/content/Context;.checkSelfPermission (Ljava/lang/String;)I
11-05 09:33:57.537: D/dalvikvm(5082): VFY: replacing opcode 0x6e at 0x0034
11-05 09:33:57.537: I/dalvikvm(5082): Failed resolving Ljjh; interface 915 'Landroid/content/pm/PackageManager$OnPermissionsChangedListener;'
11-05 09:33:57.537: W/dalvikvm(5082): Link of class 'Ljjh;' failed
11-05 09:33:57.537: E/dalvikvm(5082): Could not find class 'jjh', referenced from method jjg.a
11-05 09:33:57.537: W/dalvikvm(5082): VFY: unable to resolve new-instance 3204 (Ljjh;) in Ljjg;
11-05 09:33:57.537: D/dalvikvm(5082): VFY: replacing opcode 0x22 at 0x0000
11-05 09:33:57.537: I/dalvikvm(5082): Failed resolving Ljjh; interface 915 'Landroid/content/pm/PackageManager$OnPermissionsChangedListener;'
11-05 09:33:57.537: W/dalvikvm(5082): Link of class 'Ljjh;' failed
11-05 09:33:57.537: D/dalvikvm(5082): DexOpt: unable to opt direct call 0x3dc8 at 0x02 in Ljjg;.a
11-05 09:33:57.537: D/dalvikvm(5082): GC_CONCURRENT freed 220K, 6% free 5425K/5740K, paused 0ms+0ms, total 4ms
11-05 09:33:57.537: D/dalvikvm(5082): WAIT_FOR_CONCURRENT_GC blocked 1ms
11-05 09:33:57.557: D/dalvikvm(1905): GC_EXPLICIT freed 260K, 18% free 6018K/7336K, paused 1ms+2ms, total 11ms
11-05 09:33:57.567: D/dalvikvm(5082): GC_CONCURRENT freed 240K, 6% free 5812K/6152K, paused 1ms+1ms, total 8ms
11-05 09:33:57.577: D/WVCdm(1331): Instantiating CDM.
11-05 09:33:57.577: I/WVCdm(1331): Level3 Library Nov 20 2013 18:13:01
11-05 09:33:57.587: W/WVCdm(1331): Could not load liboemcrypto.so. Falling Back to L3.  dlopen failed: library "liboemcrypto.so" not found
11-05 09:33:57.597: I/WVCdm(1331): CdmEngine::OpenSession
11-05 09:33:57.597: I/WVCdm(1331): CdmEngine::QueryKeyControlInfo
11-05 09:33:57.597: I/WVCdm(1331): CdmEngine::GenerateKeyRequest
11-05 09:33:57.597: I/dalvikvm(5082): Could not find method android.net.Network.openConnection, referenced from method mma.a
11-05 09:33:57.597: W/dalvikvm(5082): VFY: unable to resolve virtual method 4316: Landroid/net/Network;.openConnection (Ljava/net/URL;)Ljava/net/URLConnection;
11-05 09:33:57.597: D/dalvikvm(5082): VFY: replacing opcode 0x6e at 0x000a
11-05 09:33:57.627: I/dalvikvm(5082): Could not find method android.os.PowerManager.isInteractive, referenced from method jsi.a
11-05 09:33:57.627: W/dalvikvm(5082): VFY: unable to resolve virtual method 4659: Landroid/os/PowerManager;.isInteractive ()Z
11-05 09:33:57.627: D/dalvikvm(5082): VFY: replacing opcode 0x6e at 0x0006
11-05 09:33:57.637: D/WVCdm(1331): PrepareKeyRequest: nonce=3041278755
11-05 09:33:57.677: D/dalvikvm(5082): GC_CONCURRENT freed 435K, 9% free 6021K/6548K, paused 2ms+2ms, total 7ms
11-05 09:33:57.697: I/WVCdm(1331): CdmEngine::CloseSession
11-05 09:33:57.757: I/DynamiteModule(5082): Considering local module com.google.android.gms.googlecertificates:4 and remote module com.google.android.gms.googlecertificates:4
11-05 09:33:57.757: I/DynamiteModule(5082): Selected local version of com.google.android.gms.googlecertificates
11-05 09:33:57.767: D/dalvikvm(5082): GC_CONCURRENT freed 2065K, 31% free 4818K/6924K, paused 0ms+1ms, total 8ms
11-05 09:33:57.787: D/dalvikvm(5082): GC_CONCURRENT freed 185K, 28% free 5025K/6924K, paused 1ms+2ms, total 5ms
11-05 09:33:57.807: D/dalvikvm(5082): GC_CONCURRENT freed 171K, 23% free 5365K/6924K, paused 1ms+0ms, total 5ms
11-05 09:33:57.807: D/dalvikvm(5082): WAIT_FOR_CONCURRENT_GC blocked 1ms
11-05 09:33:57.827: D/dalvikvm(5082): GC_CONCURRENT freed 182K, 17% free 5806K/6924K, paused 0ms+1ms, total 5ms
11-05 09:33:57.827: D/dalvikvm(5082): WAIT_FOR_CONCURRENT_GC blocked 2ms
11-05 09:33:57.867: D/dalvikvm(5082): GC_CONCURRENT freed 217K, 9% free 6357K/6924K, paused 1ms+1ms, total 30ms
11-05 09:33:57.867: D/dalvikvm(5082): WAIT_FOR_CONCURRENT_GC blocked 26ms
11-05 09:33:57.867: D/dalvikvm(5082): Trying to load lib /data/data/com.google.android.gms/app_dg_cache/D25E1C4D71576112853EB60DF87903121E02FF31/libdFCE624090436.so 0x952eff80
11-05 09:33:57.897: D/dalvikvm(5082): Added shared lib /data/data/com.google.android.gms/app_dg_cache/D25E1C4D71576112853EB60DF87903121E02FF31/libdFCE624090436.so 0x952eff80
11-05 09:33:57.897: D/dalvikvm(5082): No JNI_OnLoad found in /data/data/com.google.android.gms/app_dg_cache/D25E1C4D71576112853EB60DF87903121E02FF31/libdFCE624090436.so 0x952eff80, skipping init
11-05 09:33:57.947: D/dalvikvm(5082): DexOpt: --- BEGIN 'f.apk' (bootstrap=0) ---
11-05 09:33:57.957: W/linker(5106): libdvm.so has text relocations. This is wasting memory and is a security risk. Please fix.
11-05 09:33:57.957: D/dalvikvm(5106): DexOpt: load 0ms, verify+opt 1ms, 123436 bytes
11-05 09:33:57.967: D/dalvikvm(5082): DexOpt: --- END 'f.apk' (success) ---
11-05 09:33:57.967: D/dalvikvm(5082): DEX prep '/data/data/com.google.android.gms/app_fb/f.apk': unzip in 0ms, rewrite 10ms
11-05 09:33:58.437: W/Settings(5082): Setting install_non_market_apps has moved from android.provider.Settings.Secure to android.provider.Settings.Global.
11-05 09:33:58.587: W/Conscrypt(1905): Could not set socket write timeout:
11-05 09:33:58.587: W/Conscrypt(1905):    java.lang.reflect.Method.invokeNative(Native Method)
11-05 09:33:58.587: W/Conscrypt(1905):    java.lang.reflect.Method.invoke(Method.java:515)
11-05 09:33:58.587: W/Conscrypt(1905): Could not set socket write timeout:
11-05 09:33:58.587: W/Conscrypt(1905):    java.lang.reflect.Method.invokeNative(Native Method)
11-05 09:33:58.587: W/Conscrypt(1905):    java.lang.reflect.Method.invoke(Method.java:515)
11-05 09:33:58.607: I/Remoter(1338): Saved screenshot to '/data/screenshots/__pmv__-0082.jpg'
11-05 09:33:58.757: I/AccountManagerService(1705): the accounts changed, sending broadcast of android.accounts.LOGIN_ACCOUNTS_CHANGED
11-05 09:33:58.757: I/AccountManagerService(1705): the accounts changed, sending broadcast of android.accounts.LOGIN_ACCOUNTS_CHANGED
11-05 09:33:58.767: I/ContactsProvider(4199): Accounts changed
