11-04 16:42:04.382: D/SamsungAlarmManager(3557): setInexact Intent (T:0/F:0/AC:false) 20171104T164703 - CU:10085/CP:4897
11-04 16:42:04.392: E/SEC_DRM_PLUGIN_Omafl(3194): OmaPlugin::onOpenDecryptSession(fd)::Drm2IsDrmFileByExtFd::file is NOT DRM by extension
11-04 16:42:04.393: W/SEC_DRM_PLUGIN_Playready(3194): PlayreadyPlugIn: Function[DRM_ASFVerify_Context_Initialize]; Line[4469]; File type[0]
11-04 16:42:04.393: W/SEC_DRM_PLUGIN_Playready(3194): PlayReadyPlugIn: Function[onOpenDecryptSession]; Line[2576]; DRM Result[0x80004005]
11-04 16:42:04.410: W/System(2607): ClassLoader referenced unknown path: /data/app/com.google.android.apps.mtaas.loginutil-1/lib/arm64
11-04 16:42:04.428: I/[SC]RequestProvider(2593): onCreate() ~!! : com.samsung.android.scloud.framework.SamsungCloudApp@e0411d6
11-04 16:42:04.430: I/[SC]QuotaInterfaceManager(2593): sync start
11-04 16:42:04.431: D/SPlannerAlarm(2443): [AlertMainService] android.intent.action.PROVIDER_CHANGED
11-04 16:42:04.432: D/ContextRelationMgrBrdg(2607): loadKlass() : caller=com.samsung.android.bridge.multiscreen.common.ContextRelationManagerBridge.<clinit>:28 android.app.LoadedApk.makeApplication:840 
11-04 16:42:04.441: I/[SC]RequestProvider(2593): uiregister - started.
11-04 16:42:04.441: I/[SC]RequestProvider(2593): quotaregister - started.
11-04 16:42:04.441: I/[SC]ExternalOEMControlProvider(2593): onCreate
11-04 16:42:04.442: I/[SC]FailLogsProvider(2593): onCreate
11-04 16:42:04.461: D/NetworkSecurityConfig(2607): No Network Security Config specified, using platform default
11-04 16:42:04.462: I/System.out(2607): (HTTPLog)-Static: isSBSettingEnabled false
11-04 16:42:04.463: I/System.out(2607): (HTTPLog)-Static: isSBSettingEnabled false
11-04 16:42:04.464: D/EnterpriseController(3241): netId is 0
11-04 16:42:04.465: D/Netd(3241): getNetworkForDns: using netid 502 for uid 10184
11-04 16:42:04.465: D/DnsProxyListener(3241): DNSDBG::dns addrinfo af 0
11-04 16:42:04.472: I/BlobLobber(4897): Handling download id 48 (blob odws1_en:us_2017-10-01_171146740_release_signed)
11-04 16:42:04.477: D/TP/MmsSmsProvider(4077): query, match:910, calling pid = 1686, accessRestricted = false
11-04 16:42:04.478: D/TP/MmsSmsProvider(4077): getBlockingInfo() result=0
11-04 16:42:04.481: D/TP/MmsSmsProvider(4077): query, match 910:Elapsed time : 3.982 ms
11-04 16:42:04.488: V/SamsungCloudLogs(2593):  set Log level [4->4]act[false]
11-04 16:42:04.490: I/[SC]CommonUtil(2593): isSemAvailable:1
11-04 16:42:04.490: I/[SC]SamsungCloudApp(2593): AppVer[V2MAIN_R 2.3.24][L:4]Sem[true] slog[false]com.samsung.android.scloud
11-04 16:42:04.493: D/Mms/MessagingNotification(1686): getBlockingInfo result=0
11-04 16:42:04.495: D/SamsungAlarmManager(3557): Cancel Alarm calling from uid:10085 pid :4897 / op:PendingIntent{6792a56: PendingIntentRecord{1d7e014 com.google.android.googlequicksearchbox startService}}
11-04 16:42:04.496: D/SamsungAlarmManager(3557): Cancel Alarm calling from uid:10155 pid :2443 / op:PendingIntent{1016ad7: PendingIntentRecord{56094ff com.samsung.android.calendar broadcastIntent}}
11-04 16:42:04.497: I/SamsungAlarmManager(3557): setLocked to kernel - T:3 / 19691231T161000, SetElapsed=-1509804128994, nowELAPSED=34195503
11-04 16:42:04.497: D/SamsungAlarmManager(3557): Expired : 8
11-04 16:42:04.498: D/LoginUtil(2607): Connected to Internet
11-04 16:42:04.499: I/[SC]SamsungCloudApp(2593): controller allowed
11-04 16:42:04.499: V/SamsungAlarmManager(3557): Sending to uid : 1000 action=com.android.server.action.UPDATE_TWILIGHT_STATE alarm=Alarm{5722fc4 type 1 when 600000 android}
11-04 16:42:04.501: D/Mms/MessagingNotification(1686): isBlockingModeEnabled() = false, Zen mode = 0
11-04 16:42:04.502: D/LoginUtil(2607): Adding Account {name=73QQWBI3JPM3R25FFOHSJWYUOE-00@cloudtestlabaccounts.com, type=com.google}
11-04 16:42:04.502: I/[SC]MetaManager(2593): MetaManager--[elapse:       3] Version Info[2.3.24]
11-04 16:42:04.512: D/MountService(3557): getExternalStorageMountMode : 3
11-04 16:42:04.512: D/MountService(3557): getExternalStorageMountMode : 3
11-04 16:42:04.512: D/MountService(3557): getExternalStorageMountMode : final mountMode=3, uid : 10187, packageName : com.google.android.apps.auth.test.support
11-04 16:42:04.537: E/Zygote(2633): v2
11-04 16:42:04.537: I/libpersona(2633): KNOX_SDCARD checking this for 10187
11-04 16:42:04.537: I/libpersona(2633): KNOX_SDCARD not a persona
11-04 16:42:04.538: D/BluetoothAdapter(11763): STATE_BLE_ON
11-04 16:42:04.538: E/Zygote(2633): accessInfo : 0
11-04 16:42:04.540: D/BluetoothAdapter(11763): STATE_BLE_ON
11-04 16:42:04.541: D/BluetoothAdapter(11763): appoCount is = 0
11-04 16:42:04.541: I/ActivityManager(3557): Start proc 2633:com.google.android.apps.auth.test.support/u0a187 for service com.google.android.apps.auth.test.support/.services.AccountService
11-04 16:42:04.543: I/NearbyDirect(11763): MagicPairScanner: BluetoothLeScanner is null, Bluetooth might be off. Enabled=false
11-04 16:42:04.545: D/Mms/MessageUtils(1686): isCurrentUserOwner true
11-04 16:42:04.548: W/SELinux(2633): SELinux selinux_android_compute_policy_index : Policy Index[1],  Con:u:r:zygote:s0 SPD:SEPF_SECMOBILE_7.0_0006 RAM:SEPF_SECMOBILE_7.0_0004, [-1 -1 0 1 0 1]
11-04 16:42:04.550: I/SELinux(2633): SELinux: seapp_context_lookup: seinfo=untrusted, level=s0:c512,c768, pkgname=com.google.android.apps.auth.test.support 
11-04 16:42:04.553: D/SamsungAlarmManager(3557): Cancel Alarm calling from uid:10025 pid :11763 / op:PendingIntent{f448430: PendingIntentRecord{d9318a9 com.google.android.gms broadcastIntent}}
11-04 16:42:04.555: D/MountService(3557): getExternalStorageMountMode : 1
11-04 16:42:04.555: D/MountService(3557): getExternalStorageMountMode : 3
11-04 16:42:04.555: D/MountService(3557): getExternalStorageMountMode : final mountMode=1, uid : 10177, packageName : com.samsung.rcs
11-04 16:42:04.556: D/SamsungAlarmManager(3557): setInexact Intent (T:0/F:0/AC:false) 20171104T164704 - CU:10085/CP:4897
11-04 16:42:04.558: D/Mms/MessageUtils(1686): isCurrentUserOwner true
11-04 16:42:04.576: E/Zygote(2642): v2
11-04 16:42:04.576: I/libpersona(2642): KNOX_SDCARD checking this for 10177
11-04 16:42:04.576: I/libpersona(2642): KNOX_SDCARD not a persona
11-04 16:42:04.577: E/Zygote(2642): accessInfo : 0
11-04 16:42:04.582: I/ActivityManager(3557): Start proc 2642:com.samsung.rcs/u0a177 for broadcast com.samsung.rcs/.service.PlatformReceiver
11-04 16:42:04.584: D/Mms/MessageUtils(1686): isCurrentUserOwner true
11-04 16:42:04.585: D/SamsungAlarmManager(3557): Cancel Alarm calling from uid:10085 pid :4897 / op:PendingIntent{4db2e2e: PendingIntentRecord{1d7e014 com.google.android.googlequicksearchbox startService}}
11-04 16:42:04.585: W/SELinux(2642): SELinux selinux_android_compute_policy_index : Policy Index[1],  Con:u:r:zygote:s0 SPD:SEPF_SECMOBILE_7.0_0006 RAM:SEPF_SECMOBILE_7.0_0004, [-1 -1 0 1 0 1]
11-04 16:42:04.586: I/SELinux(2642): SELinux: seapp_context_lookup: seinfo=platform, level=s0:c512,c768, pkgname=com.samsung.rcs 
11-04 16:42:04.587: I/SamsungAlarmManager(3557): setLocked to kernel - T:2 / 20171104T164208, SetElapsed=34199342, nowELAPSED=34195592
11-04 16:42:04.591: D/CoverManagerWhiteLists(3557): isAllowedToUse : SIGNATURE_MATCH
11-04 16:42:04.600: D/SecMenutree(1813): There is no xmlResId: com.android.settings.applications.ManageApplications
11-04 16:42:04.606: D/ActivityThread(2633): Added TimaKeyStore provider
11-04 16:42:04.623: D/ActivityThread(2642): Added TimaKeyStore provider
11-04 16:42:04.627: D/Mms/MessagingNotificationLight(1686): setBadgeCount(), count=0
11-04 16:42:04.627: D/Mms/MessagingNotification(1686): sendCoverUpdateBrodcast Cover count=zero update broadcast. sEnableNotification = true
11-04 16:42:04.628: D/Mms/MessagingNotification(1686): sendCoverUpdateBrodcast
11-04 16:42:04.632: V/DownloadManager(5199): Deleting /storage/emulated/0/Android/data/com.google.android.googlequicksearchbox/files/pending_blobs/odws1_en:us_2017-10-01_171146740_release_signed via provider delete
11-04 16:42:04.642: W/System(2633): ClassLoader referenced unknown path: /data/app/com.google.android.apps.auth.test.support-1/lib/arm64
11-04 16:42:04.644: I/ActivityManager(3557): DSS on for com.samsung.rcs and scale is 1.0
11-04 16:42:04.649: D/SamsungAlarmManager(3557): setInexact Intent (T:0/F:0/AC:false) 20171104T164704 - CU:10085/CP:4897
11-04 16:42:04.649: I/GAV2(1976): Thread[GAThread,5,main]: No campaign data found.
11-04 16:42:04.662: I/ActivityManager(3557): KPU : put [com.sec.android.app.samsungapps] : 11704 K
11-04 16:42:04.662: I/ActivityManager(3557): Killing 11380:com.sec.android.app.samsungapps/u0a34 (adj 906): DHA:SPC_empty #33
11-04 16:42:04.665: D/ContextRelationMgrBrdg(2633): loadKlass() : caller=com.samsung.android.bridge.multiscreen.common.ContextRelationManagerBridge.<clinit>:28 android.app.LoadedApk.makeApplication:840 
11-04 16:42:04.676: D/Mms/TelephonyUtils(1686): getInsertedSimNum = 0
11-04 16:42:04.677: D/Mms/MessagingNotification(1686): remove alarm
11-04 16:42:04.685: E/ActivityThread(5199): Service com.android.providers.downloads.DownloadJobService has leaked ServiceConnection android.media.MediaScannerConnection@4beb02b that was originally bound here
11-04 16:42:04.685: E/ActivityThread(5199): android.app.ServiceConnectionLeaked: Service com.android.providers.downloads.DownloadJobService has leaked ServiceConnection android.media.MediaScannerConnection@4beb02b that was originally bound here
11-04 16:42:04.685: E/ActivityThread(5199): 	at android.app.LoadedApk$ServiceDispatcher.<init>(LoadedApk.java:1399)
11-04 16:42:04.685: E/ActivityThread(5199): 	at android.app.LoadedApk.getServiceDispatcher(LoadedApk.java:1294)
11-04 16:42:04.685: E/ActivityThread(5199): 	at android.app.ContextImpl.bindServiceCommon(ContextImpl.java:1503)
11-04 16:42:04.685: E/ActivityThread(5199): 	at android.app.ContextImpl.bindService(ContextImpl.java:1475)
11-04 16:42:04.685: E/ActivityThread(5199): 	at android.content.ContextWrapper.bindService(ContextWrapper.java:688)
11-04 16:42:04.685: E/ActivityThread(5199): 	at android.media.MediaScannerConnection.connect(MediaScannerConnection.java:122)
11-04 16:42:04.685: E/ActivityThread(5199): 	at com.android.providers.downloads.DownloadScanner.requestScan(DownloadScanner.java:132)
11-04 16:42:04.685: E/ActivityThread(5199): 	at com.android.providers.downloads.DownloadScanner.requestScanBlocking(DownloadScanner.java:85)
11-04 16:42:04.685: E/ActivityThread(5199): 	at com.android.providers.downloads.DownloadThread.run(DownloadThread.java:844)
11-04 16:42:04.688: I/OggExtractor(3236): ~OggExtractor ++
11-04 16:42:04.688: I/OggExtractor(3236): ~MyOggExtractor ++ 
11-04 16:42:04.688: I/OggExtractor(3236): ~MyOggExtractor --
11-04 16:42:04.688: I/OggExtractor(3236): ~OggExtractor --
11-04 16:42:04.689: I/FIPS_bssl(2660): FIPS (v1.1) approved mode (1) | 2660 | /system/bin/lhd
11-04 16:42:04.689: D/SecurityManagerNative(2660): SecurityManagerNative v2.7.2.2 On 64bit PLATFORM With BORINGSSL
11-04 16:42:04.689: V/lhd(2660): GlLhdInterface::Init(/system/etc/lhd.conf)
11-04 16:42:04.689: E/lhd(2660): SetCfgValue: Critical Error. Unknown configuration parameter "FlpName"="tcp"
11-04 16:42:04.689: V/lhd(2660): SetCfgValue: LHD config "LheSerialControl"="BBD:Serial=TTY"
11-04 16:42:04.689: E/lhd(2660): SetCfgValue: Critical Error. Unknown configuration parameter "LheClockMHz"="100"
11-04 16:42:04.689: V/lhd(2660): SetCfgValue: LHD config "LhePatch"="/dev/bbd_patch"
11-04 16:42:04.689: V/lhd(2660): SetCfgValue: LHD config "LheMaxMcuResetTries"="4"
11-04 16:42:04.689: V/lhd(2660): SetCfgValue: LHD config "LheBbdPacket"="/dev/ttyBCM"
11-04 16:42:04.689: V/lhd(2660): SetCfgValue: LHD config "LheBbdControl"="/dev/bbd_control"
11-04 16:42:04.689: V/lhd(2660): SetCfgValue: LHD config "LheBbdSensor"="/dev/bbd_sensor"
11-04 16:42:04.689: V/lhd(2660): SetCfgValue: LHD config "Lhe477xDebugFlags"="RPC:FACILITY=33:STDOUT_PUTS:STDOUT_LOG"
11-04 16:42:04.689: E/lhd(2660): SetCfgValue: Critical Error. Unknown configuration parameter "LheSensorIpc"="true"
11-04 16:42:04.689: E/lhd(2660): SetCfgValue: Critical Error. Unknown configuration parameter "LhePinMux"="P17=M1"
11-04 16:42:04.689: V/lhd(2660): SetCfgValue: LHD config "LheAutoBaudDelayMS"="10"
11-04 16:42:04.689: V/lhd(2660): SetCfgValue: LHD config "LheMaxMcuResetTries"="3"
11-04 16:42:04.690: E/lhd(2660): OpenFirmwareFile: Fail to open /efs/sec_efs/sensorhub_urgent_fw.patch, errno 2
11-04 16:42:04.690: E/lhd(2660): getCustPatchVersion: Fail to parse patch /efs/sec_efs/sensorhub_urgent_fw.patch
11-04 16:42:04.690: E/lhd(2660): getCustPatchVersion: <CustomerVersion> not found
11-04 16:42:04.690: D/lhd(2660): GpsHalOneInstance: open("/data/system/gps/.lhd.lock", O_WRONLY|O_CREAT, 0660) returned -1, errno=13
11-04 16:42:04.690: E/lhd(2660): LHD Daemon Process is already running, the second instance will not be started!
11-04 16:42:04.691: E/audit(3109): type=1400 audit(1509838924.679:13926): avc:  denied  { write } for  pid=2660 comm="lhd" name=".lhd.lock" dev="sda18" ino=1267310 scontext=u:r:lhd:s0 tcontext=u:object_r:system_data_file:s0 tclass=file permissive=0 SEPF_SECMOBILE_7.0_0006
11-04 16:42:04.692: E/audit(3109): type=1300 audit(1509838924.679:13926): arch=c00000b7 syscall=56 success=no exit=-13 a0=ffffff9c a1=73f5c2fe40 a2=41 a3=1b0 items=0 ppid=1 pid=2660 auid=4294967295 uid=1021 gid=1000 euid=1021 suid=1021 fsuid=1021 egid=1000 sgid=1000 fsgid=1000 tty=(none) ses=4294967295 comm="lhd" exe="/system/bin/lhd" subj=u:r:lhd:s0 key=(null)
11-04 16:42:04.697: D/SecurityLogAgent:SEDenialService(3557): Got Modify Event and sending Denial Intent for audit.log / /system/bin/lhd /system/etc/lhd.conf
11-04 16:42:04.697: E/audit(3109): type=1327 audit(1509838924.679:13926): proctitle=2F73797374656D2F62696E2F6C6864002F73797374656D2F6574632F6C68642E636F6E66
11-04 16:42:04.697: E/audit(3109): type=1320 audit(1509838924.679:13926): 
11-04 16:42:04.698: W/ContextImpl(3557): Calling a method in the system process without a qualified user: android.app.ContextImpl.sendBroadcast:906 com.android.server.SEDenialService$AuditFileObserver.onEvent:84 android.os.FileObserver$ObserverThread.onEvent:122 android.os.FileObserver$ObserverThread.observe:-2 android.os.FileObserver$ObserverThread.run:85 
11-04 16:42:04.835: W/ActivityManager(3557): Slow operation: 151ms so far, now at getContentProviderImpl: after checkContentProviderPermission
11-04 16:42:04.835: W/ActivityManager(3557): Slow operation: 152ms so far, now at getContentProviderImpl: incProviderCountLocked
11-04 16:42:04.835: W/ActivityManager(3557): Slow operation: 152ms so far, now at getContentProviderImpl: before updateLruProcess
11-04 16:42:04.835: W/ActivityManager(3557): Slow operation: 152ms so far, now at getContentProviderImpl: after updateLruProcess
11-04 16:42:04.835: W/ActivityManager(3557): Slow operation: 152ms so far, now at getContentProviderImpl: before updateOomAdj
11-04 16:42:04.837: W/ActivityManager(3557): Slow operation: 154ms so far, now at getContentProviderImpl: after updateOomAdj
11-04 16:42:04.837: W/ActivityManager(3557): Slow operation: 154ms so far, now at getContentProviderImpl: done!
11-04 16:42:04.839: E/ActivityThread(5199): Service com.android.providers.downloads.DownloadJobService has leaked ServiceConnection android.media.MediaScannerConnection@7eee3da that was originally bound here
11-04 16:42:04.839: E/ActivityThread(5199): android.app.ServiceConnectionLeaked: Service com.android.providers.downloads.DownloadJobService has leaked ServiceConnection android.media.MediaScannerConnection@7eee3da that was originally bound here
11-04 16:42:04.839: E/ActivityThread(5199): 	at android.app.LoadedApk$ServiceDispatcher.<init>(LoadedApk.java:1399)
11-04 16:42:04.839: E/ActivityThread(5199): 	at android.app.LoadedApk.getServiceDispatcher(LoadedApk.java:1294)
11-04 16:42:04.839: E/ActivityThread(5199): 	at android.app.ContextImpl.bindServiceCommon(ContextImpl.java:1503)
11-04 16:42:04.839: E/ActivityThread(5199): 	at android.app.ContextImpl.bindService(ContextImpl.java:1475)
11-04 16:42:04.839: E/ActivityThread(5199): 	at android.content.ContextWrapper.bindService(ContextWrapper.java:688)
11-04 16:42:04.839: E/ActivityThread(5199): 	at android.media.MediaScannerConnection.connect(MediaScannerConnection.java:122)
11-04 16:42:04.839: E/ActivityThread(5199): 	at com.android.providers.downloads.DownloadScanner.requestScan(DownloadScanner.java:132)
11-04 16:42:04.839: E/ActivityThread(5199): 	at com.android.providers.downloads.DownloadScanner.requestScanBlocking(DownloadScanner.java:85)
11-04 16:42:04.839: E/ActivityThread(5199): 	at com.android.providers.downloads.DownloadThread.run(DownloadThread.java:844)
11-04 16:42:04.840: D/SamsungAlarmManager(3557): Cancel Alarm calling from uid:10046 pid :1686 / op:PendingIntent{defff3a: PendingIntentRecord{fcf87eb com.samsung.android.messaging broadcastIntent}}
11-04 16:42:04.841: D/ActivityManager(3557): cleanUpApplicationRecord -- 11380
11-04 16:42:04.842: E/ActivityThread(2633): Failed to find provider info for com.google.android.apps.common.testing.services.storage.testargs
11-04 16:42:04.843: W/AuthService(2633): [TestArgsHelper] Error when calling AndroidTestUtil.getTestArgs(). Note that this behavior might be expected.
11-04 16:42:04.844: W/ActivityManager(3557): Scheduling restart of crashed service com.sec.android.app.samsungapps/.account.SamsungAccountServiceReceiver in 1000ms
11-04 16:42:04.848: D/SecurityLogAgent:SEDenialService(3557): audit.ondenial set to 0 after sending samsung.intent.action.knox.DENIAL_NOTIFICATION intent
11-04 16:42:04.856: E/ActivityThread(5199): Service com.android.providers.downloads.DownloadJobService has leaked ServiceConnection android.media.MediaScannerConnection@b204c88 that was originally bound here
11-04 16:42:04.856: E/ActivityThread(5199): android.app.ServiceConnectionLeaked: Service com.android.providers.downloads.DownloadJobService has leaked ServiceConnection android.media.MediaScannerConnection@b204c88 that was originally bound here
11-04 16:42:04.856: E/ActivityThread(5199): 	at android.app.LoadedApk$ServiceDispatcher.<init>(LoadedApk.java:1399)
11-04 16:42:04.856: E/ActivityThread(5199): 	at android.app.LoadedApk.getServiceDispatcher(LoadedApk.java:1294)
11-04 16:42:04.856: E/ActivityThread(5199): 	at android.app.ContextImpl.bindServiceCommon(ContextImpl.java:1503)
11-04 16:42:04.856: E/ActivityThread(5199): 	at android.app.ContextImpl.bindService(ContextImpl.java:1475)
11-04 16:42:04.856: E/ActivityThread(5199): 	at android.content.ContextWrapper.bindService(ContextWrapper.java:688)
11-04 16:42:04.856: E/ActivityThread(5199): 	at android.media.MediaScannerConnection.connect(MediaScannerConnection.java:122)
11-04 16:42:04.856: E/ActivityThread(5199): 	at com.android.providers.downloads.DownloadScanner.requestScan(DownloadScanner.java:132)
11-04 16:42:04.856: E/ActivityThread(5199): 	at com.android.providers.downloads.DownloadScanner.requestScanBlocking(DownloadScanner.java:85)
11-04 16:42:04.856: E/ActivityThread(5199): 	at com.android.providers.downloads.DownloadThread.run(DownloadThread.java:844)
11-04 16:42:04.861: D/ForegroundUtils(4722): could not check pending caller
11-04 16:42:04.873: E/ActivityThread(5199): Service com.android.providers.downloads.DownloadJobService has leaked ServiceConnection android.media.MediaScannerConnection@d6aa985 that was originally bound here
11-04 16:42:04.873: E/ActivityThread(5199): android.app.ServiceConnectionLeaked: Service com.android.providers.downloads.DownloadJobService has leaked ServiceConnection android.media.MediaScannerConnection@d6aa985 that was originally bound here
11-04 16:42:04.873: E/ActivityThread(5199): 	at android.app.LoadedApk$ServiceDispatcher.<init>(LoadedApk.java:1399)
11-04 16:42:04.873: E/ActivityThread(5199): 	at android.app.LoadedApk.getServiceDispatcher(LoadedApk.java:1294)
11-04 16:42:04.873: E/ActivityThread(5199): 	at android.app.ContextImpl.bindServiceCommon(ContextImpl.java:1503)
11-04 16:42:04.873: E/ActivityThread(5199): 	at android.app.ContextImpl.bindService(ContextImpl.java:1475)
11-04 16:42:04.873: E/ActivityThread(5199): 	at android.content.ContextWrapper.bindService(ContextWrapper.java:688)
11-04 16:42:04.873: E/ActivityThread(5199): 	at android.media.MediaScannerConnection.connect(MediaScannerConnection.java:122)
11-04 16:42:04.873: E/ActivityThread(5199): 	at com.android.providers.downloads.DownloadScanner.requestScan(DownloadScanner.java:132)
11-04 16:42:04.873: E/ActivityThread(5199): 	at com.android.providers.downloads.DownloadScanner.requestScanBlocking(DownloadScanner.java:85)
11-04 16:42:04.873: E/ActivityThread(5199): 	at com.android.providers.downloads.DownloadThread.run(DownloadThread.java:844)
11-04 16:42:04.838: V/MediaPlayerService(3240): Create new media retriever from pid 5199
11-04 16:42:04.878: D/TP/SmsProvider(4077): query,matched:0, calling pid = 1686
11-04 16:42:04.881: D/TP/SmsProvider(4077): query, match 0:Elapsed time : 2.102 ms
11-04 16:42:04.898: I/AuthService(2633): [AddAccountOperation] Call GmsCore API.
11-04 16:42:04.900: W/System(2642): ClassLoader referenced unknown path: /system/app/aligned_signed_secRCS_BB/lib/arm64
11-04 16:42:04.907: D/SecurityLogAgent(16763):  SeDenialReceiver : Intent received : samsung.intent.action.knox.DENIAL_NOTIFICATION
11-04 16:42:04.912: E/SEC_DRM_PLUGIN_Omafl(3194): OmaPlugin::onOpenDecryptSession(fd)::Drm2IsDrmFileByExtFd::file is NOT DRM by extension
11-04 16:42:04.913: W/SEC_DRM_PLUGIN_Playready(3194): PlayreadyPlugIn: Function[DRM_ASFVerify_Context_Initialize]; Line[4469]; File type[0]
11-04 16:42:04.913: W/SEC_DRM_PLUGIN_Playready(3194): PlayReadyPlugIn: Function[onOpenDecryptSession]; Line[2576]; DRM Result[0x80004005]
11-04 16:42:04.918: I/Publisher(11736): Triggered Adaptive Discovery
11-04 16:42:04.929: D/ContextRelationMgrBrdg(2642): loadKlass() : caller=com.samsung.android.bridge.multiscreen.common.ContextRelationManagerBridge.<clinit>:28 android.app.LoadedApk.makeApplication:840 
11-04 16:42:04.936: D/SamsungAlarmManager(3557): Cancel Alarm calling from uid:10085 pid :4897 / op:PendingIntent{42311f4: PendingIntentRecord{1d7e014 com.google.android.googlequicksearchbox startService}}
11-04 16:42:04.937: I/SamsungAlarmManager(3557): setLocked to kernel - T:2 / 20171104T164208, SetElapsed=34199343, nowELAPSED=34195943
11-04 16:42:04.941: I/Publisher(11736): Exiting Adaptive Discovery. Current NetworkInfo is NULL.
11-04 16:42:04.943: V/ShootingModesService(2569): ShootingModesService.onDestroy()
11-04 16:42:04.943: E/DirEncryptService(3557): EncPrefs not found
11-04 16:42:04.950: D/SamsungAlarmManager(3557): Cancel Alarm calling from uid:1000 pid :3557 / op:PendingIntent{91f2d1d: PendingIntentRecord{4d2035e android broadcastIntent}}
11-04 16:42:04.952: I/Icing(11736): IndexChimeraService.getServiceInterface callingPackage=com.google.android.googlequicksearchbox componentName=null serviceId=36
11-04 16:42:04.954: D/Mms/MessagingNotification(1686): updateAllHistoryAsRead()
11-04 16:42:04.974: D/Mms/MessagingNotification(1686): [end]    nonBlockingUpdateMessageIndicator() consume time = 1586.408537
11-04 16:42:04.976: D/SamsungAlarmManager(3557): setInexact Intent (T:0/F:0/AC:false) 20171104T164704 - CU:10085/CP:4897
11-04 16:42:04.976: D/PackageManager(3557): setEnabledSetting : userId = 0 packageName = com.samsung.rcs cmp = com.samsung.rcs.filetransfer.TransferContentActivity newState = 2 callingPackage = 10177
11-04 16:42:04.983: I/ActivityManager(3557): KPU : put [com.trustonic.tuiservice] : 8816 K
11-04 16:42:04.983: I/ActivityManager(3557): Killing 19139:com.trustonic.tuiservice/1000 (adj 906): DHA:SPC_empty #33
11-04 16:42:04.984: I/ReactiveServiceManager(1813): Supported : 4
11-04 16:42:04.987: I/ReactiveServiceManager(1813): Supported : 4
11-04 16:42:04.990: D/SamsungAlarmManager(3557): setExact Intent (T:1/F:9/AC:false) 19691231T161000 - CU:1000/CP:3557
11-04 16:42:04.990: I/SamsungAlarmManager(3557): setLocked to kernel - T:3 / 20171104T164205, SetElapsed=34196982, nowELAPSED=34195996
11-04 16:42:05.018: D/SamsungAlarmManager(3557): Cancel Alarm calling from uid:10103 pid :1759 / op:PendingIntent{3733b92: PendingIntentRecord{9230963 com.sec.android.app.clockpackage broadcastIntent}}
11-04 16:42:05.024: D/SamsungAlarmManager(3557): Cancel Alarm calling from uid:10103 pid :1759 / op:PendingIntent{6595960: PendingIntentRecord{d867e19 com.sec.android.app.clockpackage broadcastIntent}}
11-04 16:42:05.042: D/ActivityManager(3557): cleanUpApplicationRecord -- 19139
11-04 16:42:05.044: W/ActivityManager(3557): Scheduling restart of crashed service com.trustonic.tuiservice/.TuiService in 1000ms
11-04 16:42:05.048: D/ForegroundUtils(4722): could not check pending caller
11-04 16:42:05.050: I/Auth(11763): [ReflectiveChannelBinder] Successfully bound channel!
11-04 16:42:05.055: D/MountService(3557): getExternalStorageMountMode : 3
11-04 16:42:05.055: D/MountService(3557): getExternalStorageMountMode : 3
11-04 16:42:05.055: D/MountService(3557): getExternalStorageMountMode : final mountMode=3, uid : 10077, packageName : com.sec.android.app.shealth
11-04 16:42:05.067: D/LockSettingsStorage(3557): mSKTLockState = 2
11-04 16:42:05.070: D/LockSettingsStorage(3557): mSKTLockState = 2
11-04 16:42:05.073: D/LockSettingsStorage(3557): mSKTLockState = 2
11-04 16:42:05.077: D/LockSettingsStorage(3557): mSKTLockState = 2
11-04 16:42:05.083: E/Zygote(2668): v2
11-04 16:42:05.083: I/libpersona(2668): KNOX_SDCARD checking this for 10077
11-04 16:42:05.083: I/libpersona(2668): KNOX_SDCARD not a persona
11-04 16:42:05.083: I/OggExtractor(3236): ~OggExtractor ++
11-04 16:42:05.083: I/OggExtractor(3236): ~MyOggExtractor ++ 
11-04 16:42:05.084: I/OggExtractor(3236): ~MyOggExtractor --
11-04 16:42:05.084: I/OggExtractor(3236): ~OggExtractor --
11-04 16:42:05.085: E/Zygote(2668): accessInfo : 0
11-04 16:42:05.097: W/SELinux(2668): SELinux selinux_android_compute_policy_index : Policy Index[1],  Con:u:r:zygote:s0 SPD:SEPF_SECMOBILE_7.0_0006 RAM:SEPF_SECMOBILE_7.0_0004, [-1 -1 0 1 0 1]
11-04 16:42:05.098: I/ActivityManager(3557): Start proc 2668:com.sec.android.app.shealth:remote/u0a77 for broadcast com.sec.android.app.shealth/com.samsung.android.app.shealth.serviceframework.program.SyncBroadcastReceiver
11-04 16:42:05.099: I/SELinux(2668): SELinux: seapp_context_lookup: seinfo=release, level=s0:c512,c768, pkgname=com.sec.android.app.shealth:remote 
11-04 16:42:05.120: E/Watchdog(3557): !@Sync 1139 [04_Nov_16_42_05.119]
11-04 16:42:05.128: D/ActivityThread(2668): Added TimaKeyStore provider
11-04 16:42:05.233: V/MediaPlayerService(3240): Create new media retriever from pid 5199
11-04 16:42:05.243: I/ActivityManager(3557): DSS on for com.sec.android.app.shealth and scale is 1.0
11-04 16:42:05.248: E/SEC_DRM_PLUGIN_Omafl(3194): OmaPlugin::onOpenDecryptSession(fd)::Drm2IsDrmFileByExtFd::file is NOT DRM by extension
11-04 16:42:05.248: W/SEC_DRM_PLUGIN_Playready(3194): PlayreadyPlugIn: Function[DRM_ASFVerify_Context_Initialize]; Line[4469]; File type[0]
11-04 16:42:05.248: W/SEC_DRM_PLUGIN_Playready(3194): PlayReadyPlugIn: Function[onOpenDecryptSession]; Line[2576]; DRM Result[0x80004005]
11-04 16:42:05.261: I/Drm(3235): android::Drm::Drm() is called from com.google.android.gms.unstable(pid:31113)
11-04 16:42:05.294: D/WVCdm(3235): Instantiating CDM.
11-04 16:42:05.296: I/Drm(3235): virtual status_t android::Drm::openSession(Vector<uint8_t> &) is called from com.google.android.gms.unstable(pid:31113)
11-04 16:42:05.296: I/WVCdm(3235): CdmEngine::OpenSession
11-04 16:42:05.296: I/WVCdm(3235): Level3 Library 4445 Mar 30 2016 13:23:54
11-04 16:42:05.298: D/SecMenutree(1813): Irises(iris_settings) is disabled so not indexed in Lock screen and security
11-04 16:42:05.301: E/CustomizedTextParser(1813): getCustomizedText Rule is empty. mRuleMap={}
11-04 16:42:05.305: W/System(2668): ClassLoader referenced unknown path: /system/priv-app/SHealth5/lib/arm64
11-04 16:42:05.307: D/SecMenutree(1813): Application permissions(app_ops_settings) is disabled so not indexed in Lock screen and security
11-04 16:42:05.310: E/wv_dash(3235): No saved usage table. Creating new table.
11-04 16:42:05.324: D/SecMenutree(1813): Private mode(key_private_mode) is disabled so not indexed in Lock screen and security
11-04 16:42:05.325: D/SecMenutree(1813): Secure Folder(secure_folder) is disabled so not indexed in Lock screen and security
11-04 16:42:05.328: E/CustomizedTextParser(1813): getCustomizedText Rule is empty. mRuleMap={}
11-04 16:42:05.337: I/MultiDex(2668): VM with version 2.1.0 has multidex support
11-04 16:42:05.337: I/MultiDex(2668): install
11-04 16:42:05.337: I/MultiDex(2668): VM has multidex support, MultiDex support library is disabled.
11-04 16:42:05.337: I/MultiDex(2668): install
11-04 16:42:05.337: I/MultiDex(2668): VM has multidex support, MultiDex support library is disabled.
11-04 16:42:05.338: D/ContextRelationMgrBrdg(2668): loadKlass() : caller=com.samsung.android.bridge.multiscreen.common.ContextRelationManagerBridge.<clinit>:28 android.app.LoadedApk.makeApplication:840 
11-04 16:42:05.341: I/System.out(31113): (HTTPLog)-Static: isSBSettingEnabled false
11-04 16:42:05.341: I/System.out(31113): (HTTPLog)-Static: isSBSettingEnabled false
11-04 16:42:05.344: D/EnterpriseController(3241): netId is 0
11-04 16:42:05.344: D/Netd(3241): getNetworkForDns: using netid 502 for uid 10025
11-04 16:42:05.344: D/DnsProxyListener(3241): DNSDBG::dns addrinfo af 0
11-04 16:42:05.345: E/CustomizedTextParser(1813): getCustomizedText Rule is empty. mRuleMap={}
11-04 16:42:05.355: I/TeeDriverClient(3235): driver client open [hardware/samsung_slsi/exynos8890/mobicore/ClientLib/src/driver_client.cpp:103]
11-04 16:42:05.381: D/SamsungAlarmManager(3557): setExact Intent (T:2/F:1/AC:false) 20171104T164210 - CU:10062/CP:2504
11-04 16:42:05.388: D/WVCdm(3235): OEMCrypto_Initialize Level 1 success. I will use level 1.
11-04 16:42:05.413: D/PackageManager(3557): setEnabledSetting : userId = 0 packageName = com.sec.android.app.shealth cmp = com.sec.android.app.shealth.widget.WalkMateAppWidget newState = 1 callingPackage = 10077
11-04 16:42:05.420: D/MountService(3557): getExternalStorageMountMode : 3
11-04 16:42:05.420: D/MountService(3557): getExternalStorageMountMode : 3
11-04 16:42:05.420: D/MountService(3557): getExternalStorageMountMode : final mountMode=3, uid : 10077, packageName : com.sec.android.app.shealth
11-04 16:42:05.425: D/PackageManager(3557): setEnabledSetting : userId = 0 packageName = com.sec.android.app.shealth cmp = com.sec.android.app.shealth.widget.WalkMatePlainAppWidget newState = 1 callingPackage = 10077
11-04 16:42:05.431: D/Settings_Utils(1813): readCountryCode(): country=
11-04 16:42:05.432: D/PackageManager(3557): setEnabledSetting : userId = 0 packageName = com.sec.android.app.shealth cmp = com.sec.android.app.shealth.widget.WalkMateAppEasyWidget newState = 1 callingPackage = 10077
11-04 16:42:05.435: I/ReactiveServiceManager(1813): Supported : 4
11-04 16:42:05.437: I/ReactiveServiceManager(1813): Supported : 4
11-04 16:42:05.453: E/Zygote(2696): v2
11-04 16:42:05.453: I/libpersona(2696): KNOX_SDCARD checking this for 10077
11-04 16:42:05.453: I/libpersona(2696): KNOX_SDCARD not a persona
11-04 16:42:05.454: E/Zygote(2696): accessInfo : 0
11-04 16:42:05.460: I/ActivityManager(3557): Start proc 2696:com.sec.android.app.shealth/u0a77 for content provider com.sec.android.app.shealth/com.samsung.android.app.shealth.home.provider.MultiprocessSharedPreferencesProviderForSDK
11-04 16:42:05.462: W/SELinux(2696): SELinux selinux_android_compute_policy_index : Policy Index[1],  Con:u:r:zygote:s0 SPD:SEPF_SECMOBILE_7.0_0006 RAM:SEPF_SECMOBILE_7.0_0004, [-1 -1 0 1 0 1]
11-04 16:42:05.463: I/SELinux(2696): SELinux: seapp_context_lookup: seinfo=release, level=s0:c512,c768, pkgname=com.sec.android.app.shealth 
11-04 16:42:05.496: I/ActivityManager(3557): KPU : put [com.sec.bcservice] : 8840 K
11-04 16:42:05.496: I/ActivityManager(3557): Killing 19162:com.sec.bcservice/1000 (adj 906): DHA:SPC_empty #33
11-04 16:42:05.500: I/WVCdm(3235): CdmEngine::QueryKeyControlInfo
11-04 16:42:05.500: D/ActivityThread(2696): Added TimaKeyStore provider
11-04 16:42:05.502: I/ActivityManager(3557): DSS on for com.sec.android.app.shealth and scale is 1.0
11-04 16:42:05.505: I/WVCdm(3235): CdmEngine::GenerateKeyRequest
11-04 16:42:05.510: D/WVCdm(3235): PrepareKeyRequest: nonce=82112781
11-04 16:42:05.532: I/OggExtractor(3236): ~OggExtractor ++
11-04 16:42:05.532: I/OggExtractor(3236): ~MyOggExtractor ++ 
11-04 16:42:05.532: I/OggExtractor(3236): ~MyOggExtractor --
11-04 16:42:05.532: I/OggExtractor(3236): ~OggExtractor --
11-04 16:42:05.577: D/PackageManager(3557): setEnabledSetting : userId = 0 packageName = com.sec.android.app.shealth cmp = com.samsung.android.sdk.healthdata.privileged.status.PackageDelegateReceiver newState = 1 callingPackage = 10077
11-04 16:42:05.587: D/ActivityManager(3557): cleanUpApplicationRecord -- 19162
11-04 16:42:05.599: W/ActivityManager(3557): Scheduling restart of crashed service com.sec.bcservice/.BroadcastService in 10445ms
11-04 16:42:05.603: V/MediaPlayerService(3240): Create new media retriever from pid 5199
11-04 16:42:05.606: D/ForegroundUtils(4722): could not check pending caller
11-04 16:42:05.626: D/LockSettingsStorage(3557): mSKTLockState = 2
11-04 16:42:05.647: E/SEC_DRM_PLUGIN_Omafl(3194): OmaPlugin::onOpenDecryptSession(fd)::Drm2IsDrmFileByExtFd::file is NOT DRM by extension
11-04 16:42:05.648: W/SEC_DRM_PLUGIN_Playready(3194): PlayreadyPlugIn: Function[DRM_ASFVerify_Context_Initialize]; Line[4469]; File type[0]
11-04 16:42:05.648: W/SEC_DRM_PLUGIN_Playready(3194): PlayReadyPlugIn: Function[onOpenDecryptSession]; Line[2576]; DRM Result[0x80004005]
11-04 16:42:05.660: I/Health.HealthService(2668): HealthService: onCreate() start (2668)
11-04 16:42:05.662: W/System(2696): ClassLoader referenced unknown path: /system/priv-app/SHealth5/lib/arm64
11-04 16:42:05.703: I/MultiDex(2696): VM with version 2.1.0 has multidex support
11-04 16:42:05.703: I/MultiDex(2696): install
11-04 16:42:05.703: I/MultiDex(2696): VM has multidex support, MultiDex support library is disabled.
11-04 16:42:05.703: I/MultiDex(2696): install
11-04 16:42:05.703: I/MultiDex(2696): VM has multidex support, MultiDex support library is disabled.
11-04 16:42:05.704: D/ContextRelationMgrBrdg(2696): loadKlass() : caller=com.samsung.android.bridge.multiscreen.common.ContextRelationManagerBridge.<clinit>:28 android.app.LoadedApk.makeApplication:840 
11-04 16:42:05.729: D/S HEALTH - MultiprocessSharedPreferencesProviderForSDK(2696): onCreate() - ContextHolder.getContext() is Null
11-04 16:42:05.739: D/MountService(3557): getExternalStorageMountMode : 1
11-04 16:42:05.739: D/MountService(3557): getExternalStorageMountMode : 3
11-04 16:42:05.739: D/MountService(3557): getExternalStorageMountMode : final mountMode=1, uid : 10031, packageName : com.sec.android.service.health
11-04 16:42:05.744: I/ReactiveServiceManager(1813): Supported : 4
11-04 16:42:05.764: E/Zygote(2720): v2
11-04 16:42:05.764: I/libpersona(2720): KNOX_SDCARD checking this for 10031
11-04 16:42:05.764: I/libpersona(2720): KNOX_SDCARD not a persona
11-04 16:42:05.766: E/Zygote(2720): accessInfo : 0
11-04 16:42:05.768: I/ReactiveServiceManager(1813): Supported : 4
11-04 16:42:05.775: I/ActivityManager(3557): Start proc 2720:com.sec.android.service.health/u0a31 for content provider com.sec.android.service.health/.cp.MigrationCpProvider
11-04 16:42:05.776: W/SELinux(2720): SELinux selinux_android_compute_policy_index : Policy Index[1],  Con:u:r:zygote:s0 SPD:SEPF_SECMOBILE_7.0_0006 RAM:SEPF_SECMOBILE_7.0_0004, [-1 -1 0 1 0 1]
11-04 16:42:05.777: I/SELinux(2720): SELinux: seapp_context_lookup: seinfo=platform, level=s0:c512,c768, pkgname=com.sec.android.service.health 
11-04 16:42:05.797: D/HealthDataStore(2668): Service for HealthDataStore is connected
11-04 16:42:05.798: D/MountService(3557): getExternalStorageMountMode : 1
11-04 16:42:05.798: D/MountService(3557): getExternalStorageMountMode : 3
11-04 16:42:05.798: D/MountService(3557): getExternalStorageMountMode : final mountMode=1, uid : 10175, packageName : com.sec.android.daemonapp
11-04 16:42:05.811: D/HealthDataStore(2668): HealthConnectionErrorResult code : 9
11-04 16:42:05.813: D/ActivityThread(2720): Added TimaKeyStore provider
11-04 16:42:05.839: I/ActivityManager(3557): Start proc 2739:com.sec.android.daemonapp/u0a175 for broadcast com.sec.android.daemonapp/com.samsung.android.weather.daemon.receiver.AutoRefreshReceiver
11-04 16:42:05.839: E/Zygote(2739): v2
11-04 16:42:05.839: I/libpersona(2739): KNOX_SDCARD checking this for 10175
11-04 16:42:05.839: I/libpersona(2739): KNOX_SDCARD not a persona
11-04 16:42:05.840: E/Zygote(2739): accessInfo : 0
11-04 16:42:05.843: D/HealthConsole(2668): Service for HealthDataConsole is connected
11-04 16:42:05.847: D/HealthDataStore(2668): Trying to connect with Health Service fails (error code: 9)
11-04 16:42:05.848: I/ActivityManager(3557): DSS on for com.sec.android.service.health and scale is 1.0
11-04 16:42:05.850: W/SELinux(2739): SELinux selinux_android_compute_policy_index : Policy Index[1],  Con:u:r:zygote:s0 SPD:SEPF_SECMOBILE_7.0_0006 RAM:SEPF_SECMOBILE_7.0_0004, [-1 -1 0 1 0 1]
11-04 16:42:05.853: I/SELinux(2739): SELinux: seapp_context_lookup: seinfo=platform, level=s0:c512,c768, pkgname=com.sec.android.daemonapp 
11-04 16:42:05.856: E/HealthDataStore(2668): disconnectService: Context instance is invalid
11-04 16:42:05.862: I/ActivityManager(3557): KPU : put [com.osp.app.signin] : 9744 K
11-04 16:42:05.862: I/ActivityManager(3557): Killing 31929:com.osp.app.signin/u0a54 (adj 906): DHA:empty #33
11-04 16:42:05.863: I/ActivityManager(3557): KPU : put [com.microsoft.office.word] : 7968 K
11-04 16:42:05.863: I/ActivityManager(3557): Killing 19833:com.microsoft.office.word/u0a16 (adj 906): DHA:SPC_empty #33
11-04 16:42:05.864: I/ActivityManager(3557): KPU : put [com.samsung.android.authfw] : 9224 K
11-04 16:42:05.864: I/ActivityManager(3557): Killing 19361:com.samsung.android.authfw/1201 (adj 906): DHA:SPC_empty #33
11-04 16:42:05.892: D/ActivityThread(2739): Added TimaKeyStore provider
11-04 16:42:05.895: I/ActivityManager(3557): DSS on for com.sec.android.daemonapp and scale is 1.0
11-04 16:42:05.915: W/System(2739): ClassLoader referenced unknown path: /system/app/WeatherWidget2017_SE/lib/arm64
11-04 16:42:05.929: D/ContextRelationMgrBrdg(2739): loadKlass() : caller=com.samsung.android.bridge.multiscreen.common.ContextRelationManagerBridge.<clinit>:28 android.app.LoadedApk.makeApplication:840 
11-04 16:42:05.948: I/BNRClientProivder, VERSION : 1.7.8(2739): register - started.
11-04 16:42:05.950: I/BNRClientProivder, VERSION : 1.7.8(2739): register - xml6 quick_backup : WEATHERWIDGET, oo2JSUuSBb, com.sec.android.daemonapp.scloud.BNRTask
11-04 16:42:05.950: I/QBNRClientHelper(2739): init SyncClientHelper : WEATHERWIDGET
11-04 16:42:05.968: D/[WeatherWidget(1375)](2739): {[F28200A0C7BFFD7C08683812C1BFBC02A2AC507C403A743ACDF66E00EEDF9015D5421C7E8F588FE349FB8379A3DA61F7A6075C514915AD74D9202F1DB1F4723476B023F82BEFDC2BDEAFEE3D01D9390E5F6789C7D558C435EDCE0E122CB7A7E8BF7E01729C5FA02D10A29AAB23B9F4C5]}
11-04 16:42:05.969: D/[WeatherWidget(1375)](2739): {[58328EF7D77D12919D0F118EE682AC837FCB3F9F2D12A8F5106B653779830E82847433F990D67724FDB2CA44E67192F59F1432D1879A3EF873C02D22B5821B0C0067C41997D63DBAF88C21EC3FBC29DF7D748C28715C0AD05FB886E4104554F820F10EE2C4B186EDC49E45C033590FEA]}
11-04 16:42:05.969: D/[WeatherWidget(1375)](2739): {[6E96D3651F74F51345516FAB5B26E3CB8A918CA14EB72CA1D1A75A41865E35D4A026483C7DFEC21235CA4741F872B8E233844BDB8CA2207D5FFBA604B20BDD84FA81417FF3724B516FB87B148ADB9C372C462B70458EC68C467ED0BA5C22C5C83D5CC5DC73FB1E797156611EED4376B2]}
11-04 16:42:05.969: D/[WeatherWidget(1375)]  WeatherWidgetApplication(2739): {[A28FDC01DC6076B0F48F82E46560372DC5F3CAEFDD0E51C836DF33EE68167EF224027A9E9DA4A3FA6FD2B209111A24AAFF7F27F3150590FFFEDCE681AF44B774]}
11-04 16:42:05.971: D/[WeatherWidget(1375)](2739): {[38105BC0AB5C06E80E673BD2EBCAB62817F0B3E733DB29AE8C88D84E606F0362C840EE4D5A7BDA9089B24389B88B437D589E8D4D61A57DF4C4518F199B018704C9CA1C56D1BC12BB93B044337FD771ACE1A9CC9D3BE73E2E2D4DB1D92ED469FB9265E32A0819112EFF9E38D3D89FBA84]}
11-04 16:42:05.973: D/[WeatherWidget(1375)](2739): {[2ED2BAA57117B625A86430EFEC4FD0D099B35BC0554F41A63AFD0340487B460A28BE71CBC0B6ED03E28BC5A72E9CDCBEC82DF68836DE98F1226441D9C55F58C4]}
11-04 16:42:05.974: D/[WeatherWidget(1375)]  WeatherDataServiceManager(2739): {[2ED2BAA57117B625A86430EFEC4FD0D03D17C15C1585D15944E20093AEA54738642C5CB68215B120953F151A40BE5933ED06E8A2CC480A61578734AC1ADFBFBE7E626299269C671D334E6D680B58C07E]}
11-04 16:42:05.975: D/[WeatherWidget(1375)]  WeatherDataServiceManager(2739): {[2ED2BAA57117B625A86430EFEC4FD0D04CD72EDC933ACAA6C03FCC1D4109AF894DE6331CF98B0E777E6DC8D5B876B8AA09641339FED16A1C3D8294AD61258137]}
11-04 16:42:05.976: D/SamsungAlarmManager(3557): Expired : 8
11-04 16:42:05.978: V/SamsungAlarmManager(3557): Sending to uid : 1000 action=com.android.server.action.UPDATE_TWILIGHT_STATE alarm=Alarm{7bdc43e type 1 when 600000 android}
11-04 16:42:05.989: I/System.out(11736): (HTTPLog)-Static: isSBSettingEnabled false
11-04 16:42:05.990: I/System.out(11736): (HTTPLog)-Static: isSBSettingEnabled false
11-04 16:42:05.992: D/EnterpriseController(3241): netId is 0
11-04 16:42:05.992: D/Netd(3241): getNetworkForDns: using netid 502 for uid 10025
11-04 16:42:05.992: D/DnsProxyListener(3241): DNSDBG::dns addrinfo af 0
11-04 16:42:06.014: I/Drm(3235): virtual status_t android::Drm::closeSession(const Vector<uint8_t> &) is called from com.google.android.gms.unstable(pid:31113)
11-04 16:42:06.014: I/WVCdm(3235): CdmEngine::CloseSession
11-04 16:42:06.016: D/[WeatherWidget(1375)]  WeatherContentObserver(2739): {[95EA22D572E0C7F5848098D37601BB9DD80E97CA5DCE9DF1541D87F31849388BE21092E759596BAE84B811B9E655E9F353F11C98CD9C19780F93161CF6016FE8]}
11-04 16:42:06.017: D/[WeatherWidget(1375)]  WeatherDataServiceManager(2739): {[2ED2BAA57117B625A86430EFEC4FD0D03D17C15C1585D15944E20093AEA54738642C5CB68215B120953F151A40BE5933B3F87A254C370042BF83256D8D4628C100C5D34E979FF9F9BFB35C1382767E9C]}
11-04 16:42:06.017: D/[WeatherWidget(1375)]  WeatherDataServiceManager(2739): {[2ED2BAA57117B625A86430EFEC4FD0D03D17C15C1585D15944E20093AEA54738642C5CB68215B120953F151A40BE5933B3F87A254C370042BF83256D8D4628C100C5D34E979FF9F9BFB35C1382767E9C]}
11-04 16:42:06.027: I/System.out(11763): (HTTPLog)-Static: isSBSettingEnabled false
11-04 16:42:06.027: I/System.out(11763): (HTTPLog)-Static: isSBSettingEnabled false
11-04 16:42:06.027: D/[WeatherWidget(1375)]  AutoRefresh(2739): {[A50B255AD1BD0442B2A8ACA72488A2F5B9BFE3E2BA922C027B5A781F7E98618027279C8C0C0D1C4EDE8716C428AD708F6BFF2920BD2ABC7CF6A66C35D4A6AE94]}
11-04 16:42:06.029: D/EnterpriseController(3241): netId is 0
11-04 16:42:06.029: D/Netd(3241): getNetworkForDns: using netid 502 for uid 10025
11-04 16:42:06.029: D/DnsProxyListener(3241): DNSDBG::dns addrinfo af 0
11-04 16:42:06.032: E/CustomizedTextParser(1813): getCustomizedText Rule is empty. mRuleMap={}
11-04 16:42:06.033: I/TeeDriverClient(3235): driver client closed [hardware/samsung_slsi/exynos8890/mobicore/ClientLib/src/driver_client.cpp:113]
11-04 16:42:06.033: D/SecMenutree(1813): Adjust the settings below to be prepared in case your device is lost or stolen.(find_my_mobile_description) is disabled so not indexed in Find My Mobile
11-04 16:42:06.034: D/[WeatherWidget(1375)]  WidgetCount(2739): {[AB4C29C459A4C12275C3634348B436625CD7189C798070BD6802FD7F2D720077]}
11-04 16:42:06.034: D/[WeatherWidget(1375)]  WidgetCount(2739): {[FF66E08BC9D7A734EFE75EB12BA91244E014232D2EEFE6EE63262BA1471D5F59]}
11-04 16:42:06.040: W/[WeatherWidget(1375)]  AutoRefresh(2739): {[88D151DB57AE1D93B41B2ADADF86CE7BFCA608A6D335A793D34043019916732D3DAB4D3C334E07F007ABE4427800922B89F55E7C652D55C8D2E5AB6E947B2AC0A712AE57EE78254837B5C6DD90FB98EA69C866029390B5517C9122C0841FEF12]}
11-04 16:42:06.041: W/[WeatherWidget(1375)]  AutoRefresh(2739): {[19BBA5B59A1E2D5FCA553D9FA8DA5B9F65E06C8C8BC8C899ADE57DB42C2366A72403BC3C8B7B1D10F8D33093EB28207E187F8240A021815D4AA3D44F20F1B43F]}
11-04 16:42:06.042: D/[WeatherWidget(1375)]  AutoRefresh(2739): {[EA39F11859BD71D7949058525B1EC52050C90967A9B3E09F5D7464C7AB7D01221509284B496915B4FBB33EA491C28F7541B01D35B6C824A5EF0FA113CC9518CD]}
11-04 16:42:06.042: D/[WeatherWidget(1375)]  AutoRefresh(2739): {[3C0C3E2A0AAD7EF43F581E01B36525458F00CF9224DF60955C05B5787285D994F4C32BD3C3E0663A8ABFAAF1DB3029EA]}
11-04 16:42:06.042: D/[WeatherWidget(1375)]  AutoRefresh(2739): {[BDBB24AE60D5604EF759A1E9690F065E27B1C458A9FB4F2F589D03B94F0648D28C49D6DF98E6E1B69E59F77639178DA3]}
11-04 16:42:06.043: D/[WeatherWidget(1375)]  WeatherDataServiceManager(2739): {[2ED2BAA57117B625A86430EFEC4FD0D03D17C15C1585D15944E20093AEA54738642C5CB68215B120953F151A40BE5933B3F87A254C370042BF83256D8D4628C100C5D34E979FF9F9BFB35C1382767E9C]}
11-04 16:42:06.050: W/Conscrypt(11763): Could not set socket write timeout:
11-04 16:42:06.051: W/Conscrypt(11763):    java.lang.reflect.Method.invoke(Native Method)
11-04 16:42:06.051: W/Conscrypt(11763):    com.google.android.gms.org.conscrypt.Platform.setSocketWriteTimeout(:com.google.android.gms@11509440:13)
11-04 16:42:06.059: D/MountService(3557): getExternalStorageMountMode : 1
11-04 16:42:06.059: D/MountService(3557): getExternalStorageMountMode : 3
11-04 16:42:06.059: D/MountService(3557): getExternalStorageMountMode : final mountMode=1, uid : 1000, packageName : com.trustonic.tuiservice
11-04 16:42:06.079: E/CustomizedTextParser(1813): getCustomizedText Rule is empty. mRuleMap={}
11-04 16:42:06.087: I/ApiInterface(2696): Context is null: isSemAvailable: true
11-04 16:42:06.093: D/Interface SE-SDL(2696): Log
11-04 16:42:06.093: I/ApiInterface(2696): isSemAvailable: true
11-04 16:42:06.098: D/Interface SE-SDL(2696): SystemProperties
11-04 16:42:06.099: I/ApiInterface(2696): Context is null: isSemAvailable: true
11-04 16:42:06.100: D/Interface SE-SDL(2696): FloatingFeature
11-04 16:42:06.100: I/ApiInterface(2696): isSemAvailable: true
11-04 16:42:06.100: I/IcingInternalCorpora(11736): EventIndexer: starting incremental update
11-04 16:42:06.101: D/LibSE Log(2696): SEC_LOG - true
11-04 16:42:06.106: W/Conscrypt(11763): Could not set socket write timeout:
11-04 16:42:06.107: W/Conscrypt(11763):    java.lang.reflect.Method.invoke(Native Method)
11-04 16:42:06.107: W/Conscrypt(11763):    com.google.android.gms.org.conscrypt.Platform.setSocketWriteTimeout(:com.google.android.gms@11509440:13)
11-04 16:42:06.107: D/ContextRelationMgrBrdg(2720): loadKlass() : caller=com.samsung.android.bridge.multiscreen.common.ContextRelationManagerBridge.<clinit>:28 android.app.LoadedApk.makeApplication:840 
11-04 16:42:06.108: W/ActivityManager(3557): Slow operation: 51ms so far, now at startProcess: returned from zygote!
11-04 16:42:06.108: W/ActivityManager(3557): Slow operation: 51ms so far, now at startProcess: done updating battery stats
11-04 16:42:06.109: W/ActivityManager(3557): Slow operation: 51ms so far, now at startProcess: building log message
11-04 16:42:06.109: I/ActivityManager(3557): Start proc 2763:com.trustonic.tuiservice/1000 for service com.trustonic.tuiservice/.TuiService
11-04 16:42:06.109: W/ActivityManager(3557): Slow operation: 51ms so far, now at startProcess: starting to update pids map
11-04 16:42:06.109: W/ActivityManager(3557): Slow operation: 51ms so far, now at startProcess: done updating pids map
11-04 16:42:06.109: W/ActivityManager(3557): Slow operation: 51ms so far, now at startProcess: done starting proc!
11-04 16:42:06.110: D/ActivityManager(3557): cleanUpApplicationRecord -- 31929
11-04 16:42:06.112: D/[WeatherWidget(1375)]  WidgetCount(2739): {[AB4C29C459A4C12275C3634348B436625CD7189C798070BD6802FD7F2D720077]}
11-04 16:42:06.112: E/Zygote(2763): v2
11-04 16:42:06.112: I/libpersona(2763): KNOX_SDCARD checking this for 1000
11-04 16:42:06.112: I/libpersona(2763): KNOX_SDCARD not a persona
11-04 16:42:06.113: D/[WeatherWidget(1375)]  WidgetCount(2739): {[FF66E08BC9D7A734EFE75EB12BA91244E014232D2EEFE6EE63262BA1471D5F59]}
11-04 16:42:06.113: D/[WeatherWidget(1375)]  WidgetCount(2739): {[22D8E37EC3163083FCAB81B3663CE1827D608DC2F82116802D864A1B85766E171C29B3A59A395E0C8701B2EA7CE660F6B35412D7EAA7C1A7E101CCD54D8E20A9]}
11-04 16:42:06.114: E/Zygote(2763): accessInfo : 0
11-04 16:42:06.124: D/ForegroundUtils(4722): could not check pending caller
11-04 16:42:06.125: W/SELinux(2763): SELinux selinux_android_compute_policy_index : Policy Index[1],  Con:u:r:zygote:s0 SPD:SEPF_SECMOBILE_7.0_0006 RAM:SEPF_SECMOBILE_7.0_0004, [-1 -1 0 1 0 1]
11-04 16:42:06.127: I/SELinux(2763): SELinux: seapp_context_lookup: seinfo=platform, pkgname=com.trustonic.tuiservice 
11-04 16:42:06.128: D/[WeatherWidget(1375)]  WidgetCount(2739): {[3F6E04814D047318D00E47657948E1E4C3168CBA179A49C98DA88BFC38EA85DD5384255BBDDC48149A3AF4C5B08987EC9E422AF724DBACFBA5649C279AD33CBD]}
11-04 16:42:06.130: D/[WeatherWidget(1375)]  WidgetCount(2739): {[2CCA50973E314CA6E82A33D4D44C4E44EA4E6A9C4C99DAC65FF0EFCEB88F814040B2EF2D3DC7961167FBA0C1DF0842463C7BCE6409564D6EF6DF4F39CDDFDF2F]}
11-04 16:42:06.131: D/[WeatherWidget(1375)]  AutoRefreshReceiver(2739): {[43EB1C024052B99D53E9919301723796600239417962A275A7A78353D79C6B9B68F7BEEB21754A2772BD83DFAF5189170139D2DC51B93EF9FDF00D97389E0F2DCD1B0B1DF037F7D70E3C94CAE47E53B6]}
11-04 16:42:06.135: D/[WeatherWidget(1375)]  WidgetCount(2739): {[AB4C29C459A4C12275C3634348B436625CD7189C798070BD6802FD7F2D720077]}
11-04 16:42:06.136: D/[WeatherWidget(1375)]  WidgetCount(2739): {[FF66E08BC9D7A734EFE75EB12BA91244E014232D2EEFE6EE63262BA1471D5F59]}
11-04 16:42:06.137: I/ServiceManager(3187): service 'com.samsung.android.pass.IPassService' died
11-04 16:42:06.139: D/ActivityManager(3557): cleanUpApplicationRecord -- 19361
