11-04 16:41:57.666: W/ContextImpl(3557): Calling a method in the system process without a qualified user: android.app.ContextImpl.sendBroadcast:906 android.content.ContextWrapper.sendBroadcast:452 com.android.server.telecom.secutils.SViewCoverNotifier.cancelCoverMissedNotification:443 com.android.server.telecom.ui.MissedCallNotifierImpl.cancelMissedCallNotification:1116 com.android.server.telecom.ui.MissedCallNotifierImpl.cancelMissedCallNotification:1084 
11-04 16:41:57.667: D/Telecom(3557): TelecomUtils: getCurrentUser = 0
11-04 16:41:57.667: I/GnssLocationProvider(3557): WakeLock acquired by sendMessage(12, 0, null)
11-04 16:41:57.667: D/GnssLocationProvider(3557): received SIM related action: 
11-04 16:41:57.668: I/Controller(1630): [#CMH#] startSmartClustering starting clustering 
11-04 16:41:57.669: I/Controller(1630): [#CMH#] startDaywiseClustering starting day clustering 
11-04 16:41:57.672: D/ToggleSlider(4144): onAttachedToWindow 
11-04 16:41:57.672: E/QSMultiSIMPreferredSlotView(4144): onAttachedToWindow()
11-04 16:41:57.673: D/Mms/DbVersion(1686): TP version = 154
11-04 16:41:57.673: E/Mms/DbVersion(1686): queryDbVersion,Elapsed time : 1.411884 ms
11-04 16:41:57.673: D/Mms/DbVersion(1686): MmsSmsDbVersion = 154
11-04 16:41:57.674: D/Mms/CsVersion(1686): CS sdk version = 1
11-04 16:41:57.674: E/Mms/CsVersion(1686): queryCsVersion,Elapsed time : 0.863769 ms
11-04 16:41:57.674: D/Mms/CsVersion(1686): CsVersion = 1
11-04 16:41:57.675: I/Controller(1630): [#CMH#] takeBackupIfNeeded done 
11-04 16:41:57.676: D/Mms/ArtClassLoader(1686): init before art first
11-04 16:41:57.677: W/System(1703): ClassLoader referenced unknown path: /system/priv-app/EnhanceService/lib/arm64
11-04 16:41:57.677: I/Controller(1630): [#CMH#] setSuccessState =  true
11-04 16:41:57.677: I/Controller(1630): [#CMH#] setSuccessState latch is down 
11-04 16:41:57.677: I/Initializer(1630): [#CMH#] CMH initialization ends 
11-04 16:41:57.678: I/ClusteringTask(1630): [#CMH#] before mutex 
11-04 16:41:57.678: I/ClusteringTask(1630): [#CMH#] after mutex 
11-04 16:41:57.679: I/MomentClusteringAlgo(1630): [#CMH#] performClustering images deleted false
11-04 16:41:57.679: D/GnssLocationProvider(3557): SIM MCC/MNC is still not available
11-04 16:41:57.679: I/ClusteringDBUtils(1630): [#CMH#] updateClusterTable In nothing to update 
11-04 16:41:57.679: I/GnssLocationProvider(3557): WakeLock released by handleMessage(12, 0, null)
11-04 16:41:57.682: D/Mms/MmsApp(1686): onCreate() com.samsung.android.messaging
11-04 16:41:57.682: D/Mms/MmsApp(1686): setDefaultPreference() China floating Message is enabled : false
11-04 16:41:57.683: D/LightsService(3557): [api] [SvcLED] turnOff:: id = 6 (uid: 1000 pid: 3557) 
11-04 16:41:57.683: D/PowerManagerUtil(3557): fileWriteString to /sys/power/wake_lock, LightsService
11-04 16:41:57.683: D/LightsService(3557): [SvcLED] setSvcLedStateLocked:: SvcLEDState : 0x0 -> 0x0 | SvcLED(id=6) set Off
11-04 16:41:57.683: D/LightsService(3557): [SvcLED] handleForcedSvcLEDTask()
11-04 16:41:57.683: D/LightsService(3557): [SvcLED]  setSvcLedLightLocked :: Current SvcLED(id=5) maintains its priority right
11-04 16:41:57.683: D/PowerManagerUtil(3557): fileWriteString to /sys/power/wake_unlock, LightsService
11-04 16:41:57.684: D/Mms/ArtClassLoader(1686): init before art second
11-04 16:41:57.684: D/Mms/MmsConfig(1686): [start]    MmsConfig.init() consume time = 21.189307
11-04 16:41:57.684: I/MomentClusteringAlgo(1630): [#CMH#] performClustering In 0 
11-04 16:41:57.685: I/ClusteringTask(1630): [#CMH#] Cluster size: 0
11-04 16:41:57.685: I/ClusteringDBUtils(1630): [#CMH#] updateClusterTable In nothing to update 
11-04 16:41:57.688: I/ClusteringTask(1630): [#CMH#] after mutex release 
11-04 16:41:57.688: I/DayAndMonthTask(1630): [#CMH#] before mutex 
11-04 16:41:57.688: I/DayAndMonthTask(1630): [#CMH#] after mutex 
11-04 16:41:57.689: I/DayAndMonthTask(1630): [#CMH#] after mutex release 
11-04 16:41:57.690: D/ContextRelationMgrBrdg(1703): loadKlass() : caller=com.samsung.android.bridge.multiscreen.common.ContextRelationManagerBridge.<clinit>:28 android.app.LoadedApk.makeApplication:840 
11-04 16:41:57.691: D/Mms/MmsConfig(1686): sPref_EMServiceStatus =false sIsInitializedEMStatus = false
11-04 16:41:57.692: D/Mms/MmsConfig(1686): Load Resize quality : 80
11-04 16:41:57.693: D/Mms/MmsConfig(1686): isTempSwapUSA() false, sConfigOmcVersion = 0
11-04 16:41:57.693: D/Mms/MmsConfig(1686): SupportPlayDuringCall = false
11-04 16:41:57.695: W/System(1720): ClassLoader referenced unknown path: /system/priv-app/DCMService/lib/arm64
11-04 16:41:57.698: I/EnhanceService(1703): [EnhanceService] onbind () called 
11-04 16:41:57.700: D/Mms/MmsConfig(1686):  enable multiwindow = false
11-04 16:41:57.702: D/QSMultiSIMPreferredSlotView(4144): PreferedVoiceObserver onChange():1
11-04 16:41:57.703: D/Mms/MmsConfig(1686): isCustomTheme packageName=null
11-04 16:41:57.703: D/Mms/MmsConfig(1686): isCustomTheme : false
11-04 16:41:57.704: I/ControllerEventHandler(1630): [#CMH#] onLocaleChanged 
11-04 16:41:57.705: D/Mms/MmsConfig(1686): [end]    init() consume time = 20.721231
11-04 16:41:57.705: D/Mms/MmsApp(1686): setDefaultPreferenceCmas, enalbeCmas=false, readAgain=false, provider=0
11-04 16:41:57.705: D/ContextRelationMgrBrdg(1720): loadKlass() : caller=com.samsung.android.bridge.multiscreen.common.ContextRelationManagerBridge.<clinit>:28 android.app.LoadedApk.makeApplication:840 
11-04 16:41:57.705: D/Mms/ArtClassLoader(1686): init before art third
11-04 16:41:57.706: D/NotificationSQLiteLog(3557): Pruned event entries: 0
11-04 16:41:57.710: D/Mms/ArtClassLoader(1686): init [DONE] art
11-04 16:41:57.711: I/DCMService(1720): [#CMH#] onBind() called 
11-04 16:41:57.711: I/ServiceManager(1630): [#CMH#] Explicitly binding  DCMService
11-04 16:41:57.711: I/ServiceManager(1630): [#CMH#] Binding To Service  DCMService
11-04 16:41:57.712: D/Mms/ArtClassLoader(1686): init [DONE] art
11-04 16:41:57.712: I/Utilities(1720): [#CMH#] Location feature: true
11-04 16:41:57.712: I/DatabaseManager(1630): [#CMH#] handleLocaleChange 
11-04 16:41:57.714: W/DCMTask(1720): [#CMH#] No calendar permission  calendar events not supported
11-04 16:41:57.715: I/NamedPlaceExtractor(1720): [#CMH#] Locale  en_US
11-04 16:41:57.715: I/AppWidgetServiceImpl(3557): startListening callbacks : com.android.internal.appwidget.IAppWidgetHost$Stub$Proxy@2918ef9
11-04 16:41:57.716: D/Mms/Contact(1686): [start]    init() consume time = 10.911731
11-04 16:41:57.716: D/Launcher.HomeView(4825): onPageSwitch - newPageIndex = 0, getHomeScreenIndex = 1, moveToZeroPage = false
11-04 16:41:57.716: I/ServiceManager(1630): [#CMH#] Bound to Package  com.samsung.enhanceservice
11-04 16:41:57.717: D/IconInfo(4825): gridSizeChageMenu:174
11-04 16:41:57.718: D/Mms/Contact(1686): [end]    init consume time = 2.475115
11-04 16:41:57.718: I/EnhanceService(1703): [EnhanceService] onSetResponseHandler () called 
11-04 16:41:57.721: D/Launcher.HomeView(4825): createWorkspaceChildren : grid size = GRID_4x4
11-04 16:41:57.730: E/ContactsProvider_EventLog(4554): Flush buffer to file cnt : 1 size : 0Kb duration : 32ms lastUpdatedAfter : 26893 ms mFlush_time_threasold : 2000 mCurrentSize : 207
11-04 16:41:57.731: I/DatabaseManager(1630): [#CMH#] handleLocaleChange notified 
11-04 16:41:57.733: D/TP/MmsSmsProvider(4077): query, match:2117, calling pid = 1686, accessRestricted = false
11-04 16:41:57.734: D/TP/MmsSmsProvider(4077): query, match 2117:Elapsed time : 1.165 ms
11-04 16:41:57.740: I/ServiceManager(1630): [#CMH#] Bound to Package  com.samsung.dcmservice
11-04 16:41:57.741: I/ServiceManager(1630): [#CMH#] Bound to Package  com.samsung.dcmservice
11-04 16:41:57.744: D/Launcher.HomeView(4825): OnFinishInflate() completed
11-04 16:41:57.744: W/NetworkIdentity(3557): Active mobile network without subscriber!
11-04 16:41:57.745: W/NetworkIdentity(3557): Active mobile network without subscriber!
11-04 16:41:57.745: W/NetworkIdentity(3557): Active mobile network without subscriber!
11-04 16:41:57.745: W/NetworkIdentity(3557): Active mobile network without subscriber!
11-04 16:41:57.745: W/NetworkIdentity(3557): Active mobile network without subscriber!
11-04 16:41:57.745: W/NetworkIdentity(3557): Active mobile network without subscriber!
11-04 16:41:57.745: W/NetworkIdentity(3557): Active mobile network without subscriber!
11-04 16:41:57.745: W/NetworkIdentity(3557): Active mobile network without subscriber!
11-04 16:41:57.745: W/NetworkIdentity(3557): Active mobile network without subscriber!
11-04 16:41:57.745: W/NetworkIdentity(3557): Active mobile network without subscriber!
11-04 16:41:57.745: D/Launcher(4825): Setting default transition effect:PLAIN
11-04 16:41:57.749: D/TP/MmsSmsProvider(4077): query, match:13, calling pid = 1686, accessRestricted = false
11-04 16:41:57.751: D/TP/MmsSmsProvider(4077): query, match 13:Elapsed time : 2.048 ms
11-04 16:41:57.752: I/DCMService(1720): [#CMH#] onProcessNow () called 
11-04 16:41:57.752: I/DCMServiceController(1720): [#CMH#] Language Changed Re-running Location Task
11-04 16:41:57.753: I/BaseThreadPoolExecutor(1720): [#CMH#] Task com.samsung.dcmservice.extractors.task.LocationTask@6eb85ae is submitted
11-04 16:41:57.756: I/LocationTask(1720): [#CMH#] LocationTask started 
11-04 16:41:57.756: D/MountService(3557): getExternalStorageMountMode : 3
11-04 16:41:57.756: D/MountService(3557): getExternalStorageMountMode : 3
11-04 16:41:57.756: D/MountService(3557): getExternalStorageMountMode : final mountMode=3, uid : 10103, packageName : com.sec.android.app.clockpackage
11-04 16:41:57.756: D/Mms/MmsApp(1686): getImsManager create a ImsManager
11-04 16:41:57.757: D/Mms/Migration(1686): before migration status :2
11-04 16:41:57.758: D/ImsManager(1686): Register Receiver for Restart
11-04 16:41:57.761: D/Mms/TelephonyPermission(1686): start operation mode monitor
11-04 16:41:57.761: D/Mms/TelephonyPermission(1686): User ID is null set current User Id
11-04 16:41:57.773: E/Zygote(1759): v2
11-04 16:41:57.774: I/libpersona(1759): KNOX_SDCARD checking this for 10103
11-04 16:41:57.774: I/libpersona(1759): KNOX_SDCARD not a persona
11-04 16:41:57.774: E/Zygote(1759): accessInfo : 0
11-04 16:41:57.779: W/SELinux(1759): SELinux selinux_android_compute_policy_index : Policy Index[1],  Con:u:r:zygote:s0 SPD:SEPF_SECMOBILE_7.0_0006 RAM:SEPF_SECMOBILE_7.0_0004, [-1 -1 0 1 0 1]
11-04 16:41:57.780: I/SELinux(1759): SELinux: seapp_context_lookup: seinfo=platform, level=s0:c512,c768, pkgname=com.sec.android.app.clockpackage 
11-04 16:41:57.785: I/ActivityManager(3557): Start proc 1759:com.sec.android.app.clockpackage/u0a103 for broadcast com.sec.android.app.clockpackage/.alarmwidget.ClockAlarmWidgetProvider
11-04 16:41:57.789: D/Mms/TelephonyPermission(1686): DefaultSmsApp is com.samsung.android.messaging
11-04 16:41:57.789: D/Mms/TelephonyPermission(1686): isDefault true
11-04 16:41:57.792: D/Mms/ArtClassLoader(1686): init [DONE] art
11-04 16:41:57.793: D/Mms/MmsApp(1686): getImsManager onConnected()
11-04 16:41:57.793: D/Mms/MmsApp(1686): initWhitePage
11-04 16:41:57.797: D/FestivalPageManager(4825): isFestivalChanged prevFestivalString : null , festivalString : null
11-04 16:41:57.797: D/FestivalPageManager(4825): isFestivalChanged : false themeEnable : false
11-04 16:41:57.797: D/Launcher.Model(4825): LoaderTask isFestivalLoader: false
11-04 16:41:57.797: D/Mms/PackageInfo(1686): com.sgmc.phonenumberlocatorservice is not installed
11-04 16:41:57.797: D/Launcher.Model(4825): Begin LoaderTask: 102129351
11-04 16:41:57.797: D/Launcher.Model(4825): Setting thread priority to DEFAULT
11-04 16:41:57.797: D/Mms/MmsApp(1686): [end]    onCreate() consume time = 79.296308
11-04 16:41:57.799: D/Launcher.Model(4825): extraUpdateByFota => return, it is not FirstRun!
11-04 16:41:57.799: I/CUSTOMER.PostPosition(4825): runHomeAdd() - All
11-04 16:41:57.799: D/ActivityThread(1759): Added TimaKeyStore provider
11-04 16:41:57.800: D/PhoneStatusBar(4144): contaiiner onInflated
11-04 16:41:57.801: I/ActivityManager(3557): DSS on for com.sec.android.app.clockpackage and scale is 1.0
11-04 16:41:57.803: D/Launcher.Model(4825): checkChangedComponentExist PREF_KEY : checkChangedComponentVersion prevVersionName : 5.7.92
11-04 16:41:57.803: D/Launcher.Model(4825): step 1: loading first workspace
11-04 16:41:57.803: D/Launcher.Model(4825): loadAndBindWorkspaceFirst mWorkspaceLoaded: true, mRefreshRequired: true
11-04 16:41:57.812: I/Launcher.Model(4825): getFestivalPageCountFromDb=0
11-04 16:41:57.819: D/Mms/TelephonyUtils(1686): hasIccCard simSlot = 0, returnValue = false
11-04 16:41:57.822: I/Launcher.Model(4825): loadWorkspace screenCount = 2 isSdCardReady=true
11-04 16:41:57.823: E/Launcher.Model(4825): loadworkspace failed for this screen : 1
11-04 16:41:57.823: W/Launcher.Model(4825): bindPageWorkspace page item is null or empty!
11-04 16:41:57.823: D/Launcher.Model(4825): Setting thread priority to BACKGROUND
11-04 16:41:57.824: D/Mms/TelephonyUtils(1686): hasIccCard simSlot = 1, returnValue = false
11-04 16:41:57.825: D/Mms/TelephonyUtils(1686): initInsertedSimNum = 0 and Sim1 false and Sim2 false
11-04 16:41:57.828: D/Launcher(4825): need_dark_color Salecode0
11-04 16:41:57.839: W/System(1759): ClassLoader referenced unknown path: /system/app/ClockPackage_N/lib/arm64
11-04 16:41:57.847: I/FIPS_bssl(1682): FIPS (v1.1) approved mode (1) | 1682 | app_process
11-04 16:41:57.847: D/SecurityManagerNative(1682): SecurityManagerNative v2.7.2.2 On 64bit PLATFORM With BORINGSSL
11-04 16:41:57.848: D/Mms:transaction(1686): Service state changed: Bundle[mParcelledData.dataSize=1632]
11-04 16:41:57.849: D/ContextRelationMgrBrdg(1759): loadKlass() : caller=com.samsung.android.bridge.multiscreen.common.ContextRelationManagerBridge.<clinit>:28 android.app.LoadedApk.makeApplication:840 
11-04 16:41:57.850: D/Mms/MethodReflector(1686): newFromBundle is called
11-04 16:41:57.851: D/Mms:transaction(1686): roaming ------> false, mSimSlot = 0
11-04 16:41:57.853: E/appproc(1682): Enhanced Zygote ASLR: ro.knox.enhance.zygote.aslr != 1. Enhanced Zygote ASLR is DISABLED!
11-04 16:41:57.853: D/AndroidRuntime(1682): >>>>>> START com.android.internal.os.RuntimeInit uid 2000 <<<<<<
11-04 16:41:57.856: D/AndroidRuntime(1682): CheckJNI is OFF
11-04 16:41:57.856: D/AndroidRuntime(1682): addProductProperty: start
11-04 16:41:57.857: D/Mms:transaction(1686): roaming -> false (slotId = 0)
11-04 16:41:57.857: D/Mms:transaction(1686): [NotificationTransaction] getAutoDownloadState simSlot : 0
11-04 16:41:57.857: D/Mms:transaction(1686): isIgnoreNationalRoaming() = false
11-04 16:41:57.857: D/Mms:transaction(1686): auto download without roaming -> true
11-04 16:41:57.857: D/Mms:transaction(1686): [NotificationTransaction] getAutoDownloadState alwaysAuto : false, roaming : false
11-04 16:41:57.857: D/Mms:transaction(1686): mAutoDownload ------> true
11-04 16:41:57.857: D/Mms:transaction(1686): roaming -> false (slotId = 0)
11-04 16:41:57.857: D/Mms:transaction(1686): [NotificationTransaction] getAutoDownloadState simSlot : 0
11-04 16:41:57.858: D/Mms:transaction(1686): isIgnoreNationalRoaming() = false
11-04 16:41:57.858: D/Mms:transaction(1686): auto download without roaming -> true
11-04 16:41:57.858: D/Mms:transaction(1686): [NotificationTransaction] getAutoDownloadState alwaysAuto : false, roaming : false
11-04 16:41:57.861: D/SamsungAlarmManager(3557): Cancel Alarm calling from uid:1000 pid :3557 / op:PendingIntent{635d61c: PendingIntentRecord{4d2035e android broadcastIntent}}
11-04 16:41:57.864: I/[PDLIB]BNRClientProivder, VERSION : 1.7.8(1759): register - started.
11-04 16:41:57.865: I/[PDLIB]BNRClientProivder, VERSION : 1.7.8(1759): register - xml6 : Alarm, v5VJ0Ep6EE, com.sec.android.app.clockpackage.alarm.backuprestore.AlarmSCloudBackupRestore
11-04 16:41:57.866: I/[PDLIB]BNRClientHelper_Alarm(1759): BNRCLIENTHELPER, v: 1.7.8
11-04 16:41:57.866: I/[PDLIB]BNRClientProivder, VERSION : 1.7.8(1759): register - xml6 : WorldClock, pYz7p28bSl, com.sec.android.app.clockpackage.worldclock.backuprestore.WorldclockSCloudBackupRestore
11-04 16:41:57.866: I/[PDLIB]BNRClientHelper_WorldClock(1759): BNRCLIENTHELPER, v: 1.7.8
11-04 16:41:57.866: I/[PDLIB]BNRClientProivder, VERSION : 1.7.8(1759): register - xml6 quick_backup : ALARMWIDGET, I6IHHRg397, com.sec.android.app.clockpackage.alarm.backuprestore.AlarmWidgetSCloudBackupRestore
11-04 16:41:57.867: I/[PDLIB]QBNRClientHelper(1759): init SyncClientHelper : ALARMWIDGET
11-04 16:41:57.867: I/[PDLIB]BNRClientProivder, VERSION : 1.7.8(1759): register - xml6 quick_backup : DUALCLOCKWIDGET, ZCms5GaCFo, com.sec.android.widgetapp.dualclockdigital.DualClockDigitalBackupRestoreReceiver
11-04 16:41:57.867: I/[PDLIB]QBNRClientHelper(1759): init SyncClientHelper : DUALCLOCKWIDGET
11-04 16:41:57.867: D/SamsungAlarmManager(3557): setExact Intent (T:1/F:9/AC:false) 19691231T161000 - CU:1000/CP:3557
11-04 16:41:57.867: I/SamsungAlarmManager(3557): setLocked to kernel - T:3 / 20171104T164158, SetElapsed=34189867, nowELAPSED=34188873
11-04 16:41:57.868: D/Mms:transaction(1686): roaming -> false (slotId = 1)
11-04 16:41:57.872: D/Mms:transaction(1686): [NotificationTransaction] getAutoDownloadState simSlot : 1
11-04 16:41:57.873: D/Mms:transaction(1686): isIgnoreNationalRoaming() = false
11-04 16:41:57.873: D/Mms:transaction(1686): auto download without roaming slot2 -> true
11-04 16:41:57.873: D/Mms:transaction(1686): [NotificationTransaction] getAutoDownloadState alwaysAutoSlot2 : false, roaming : false
11-04 16:41:57.874: D/Mms:transaction(1686): auto download during roaming secondary -> false
11-04 16:41:57.874: D/Mms:transaction(1686): mAutoDownload ------> true
11-04 16:41:57.874: D/Mms:transaction(1686): DownloadManager.init() done
11-04 16:41:57.879: V/WallpaperManagerService(3557): Wallpaper file change: evt=128 path=settings_secure.xml.bak sys=false lock=false imagePending=false whichPending=0x0 written=true index=0
11-04 16:41:57.879: D/SamsungAnalytics(1759): cf feature is supported
11-04 16:41:57.880: I/LocationTask(1720): [#CMH#] Finished processing images in LocationTask,exiting 
11-04 16:41:57.881: I/BaseThreadPoolExecutor(1720): [#CMH#] afterExecute FutureTask
11-04 16:41:57.882: I/ServiceManager(1630): [#CMH#]   DCMService already stopped:
11-04 16:41:57.884: D/Mms/MessageUtils(1686): initContactImage
11-04 16:41:57.884: D/SamsungAnalytics(1759): [Tracker] Tracker start:1.8.15
11-04 16:41:57.893: I/ZeroPageUtils(4825): activityName: flipboard.boxer.gui.LaunchActivity apptitle: Briefing appPreview: android.graphics.drawable.BitmapDrawable@1902063
11-04 16:41:57.904: D/Tile.AirplaneModeTile(4144):  handleUpdateState:  value false  state.dim false
11-04 16:41:57.907: D/WifiStateMachine(3557): Current network is: "wl-ftl-mt12-1-5" , ID is: 0
11-04 16:41:57.908: D/WifiStateMachine(3557): 5GHz mQnsLowerRssiThreshold is recovered, currentRssi = -45
11-04 16:41:57.908: V/WallpaperManagerService(3557): Wallpaper file change: evt=8 path=settings_secure.xml sys=false lock=false imagePending=false whichPending=0x0 written=true index=0
11-04 16:41:57.909: V/WallpaperManagerService(3557): Wallpaper file change: evt=512 path=settings_secure.xml.bak sys=false lock=false imagePending=false whichPending=0x0 written=false index=0
11-04 16:41:57.914: I/[saiv 1.1](1682): saiv_OnLoadJNI.cpp(38): _init: Version 1.1 Build # 3532
11-04 16:41:57.914: I/[saiv 1.1](1682): saiv_OnLoadJNI.cpp(43): _init: _init() was called
11-04 16:41:57.917: I/ZeroPageUtils(4825): activityName: de.axelspringer.yana.activities.HomeActivity apptitle: upday appPreview: android.graphics.drawable.BitmapDrawable@a0ac1de
11-04 16:41:57.917: D/ZeroPageUtils(4825): getZeropageAppListSize() = 2
11-04 16:41:57.919: D/VirtualScreenManager(4825): VirtualScreenManager created by Activity Context
11-04 16:41:57.919: D/SVirtualScreenManagerReflector(4825): completely initialized
11-04 16:41:57.927: D/PackageManager(3557): setEnabledSetting : userId = 0 packageName = com.samsung.android.messaging cmp = com.android.mms.ui.ComposeMessageMms newState = 1 callingPackage = 10046
11-04 16:41:57.930: D/MenuAppsGridFragment(4825): onCreateView. savedInstanceState: not null
11-04 16:41:57.931: D/PackageManager(3557): setEnabledSetting : userId = 0 packageName = com.samsung.android.messaging cmp = com.android.mms.ui.ComposeMessageMmsNoVItem newState = 2 callingPackage = 10046
11-04 16:41:57.931: D/Launcher.MenuAppsGrid(4825): Created: com.android.launcher2.MenuAppsGrid{f5f38db V.E...... ......I. 0,0-0,0 #7f10008b app:id/apps_grid}
11-04 16:41:57.932: D/MenuAppsGridFragment(4825): onPageSwitch - newPageIndex = 0
11-04 16:41:57.932: D/InputMethodManager(4825): HSI from window - flag : 0 Pid : 4825
11-04 16:41:57.932: I/InputMethodManager(4825): HSI ignore mServedView == null or mServedView.getWindowToken() != windowToken, mServedView :0
11-04 16:41:57.932: D/Launcher.MenuAppsGrid(4825): appModelUpdated:-1
11-04 16:41:57.932: D/PackageManager(3557): setEnabledSetting : userId = 0 packageName = com.samsung.android.messaging cmp = com.android.mms.ui.RcsTransferContent newState = 2 callingPackage = 10046
11-04 16:41:57.934: D/PackageManager(3557): setEnabledSetting : userId = 0 packageName = com.samsung.android.messaging cmp = com.android.mms.ui.TmoTransferContent newState = 2 callingPackage = 10046
11-04 16:41:57.935: I/MLDAP(1682):            libMLDAP/MLDAP.c:  53: ================================================
11-04 16:41:57.935: I/MLDAP(1682):            libMLDAP/MLDAP.c:  53:  MLDAP_LIB v1.1.15
11-04 16:41:57.935: I/MLDAP(1682):            libMLDAP/MLDAP.c:  53: ================================================
11-04 16:41:57.935: D/PackageManager(3557): setEnabledSetting : userId = 0 packageName = com.samsung.android.messaging cmp = com.android.mms.ui.TransferContent newState = 2 callingPackage = 10046
11-04 16:41:57.937: D/Launcher(4825): onStart, Launcher: 91943536
11-04 16:41:57.937: D/Launcher.HomeView(4825): onStart
11-04 16:41:57.937: D/MenuAppsGridFragment(4825): onStart:false
11-04 16:41:57.939: I/VerificationLog(4825): onResume
11-04 16:41:57.939: D/Launcher(4825): onResume, Launcher: 91943536
11-04 16:41:57.939: D/PackageManager(3557): setEnabledSetting : userId = 0 packageName = com.samsung.android.messaging cmp = com.android.mms.freemessage.EnhancedMessageEsuReceiver newState = 1 callingPackage = 10046
11-04 16:41:57.941: D/SecContentProvider(3557): query(), uri = 17 selection = isSettingsChangesAllowed
11-04 16:41:57.942: D/SecContentProvider(3557): called from com.sec.android.app.launcher
11-04 16:41:57.943: D/SecContentProvider(3557): query(), uri = 17 selection = isSettingsChangesAllowed
11-04 16:41:57.944: D/SecContentProvider(3557): called from com.sec.android.app.launcher
11-04 16:41:57.945: D/Launcher.HomeView(4825): onResume
11-04 16:41:57.948: D/Mms/TelephonyUtils(1686): ACTION_SIM_STATE_CHANGED
11-04 16:41:57.948: D/Mms/TelephonyUtils(1686): mSimStateReceiver(): simStatus = ABSENT
11-04 16:41:57.948: D/Mms/TelephonyUtils(1686): mSimStateReceiver() ABSENT reset SMSC preference
11-04 16:41:57.952: V/hong(4144): mid yDiff = 0
11-04 16:41:57.952: V/hong(4144): mid yDiff = 0
11-04 16:41:57.952: D/ToggleSlider(4144): setHost = com.android.systemui.statusbar.phone.QSTileHost@a0e6823
11-04 16:41:57.953: D/capture(4825): ---------checkFileExist land
11-04 16:41:57.953: D/capture(4825): currentOrientation: 1 mMainHomeScreenshot: false mMainHomeScreenshotLand: true
11-04 16:41:57.953: D/ToggleSlider(4144): onDetachedFromWindow 
11-04 16:41:57.955: D/MenuAppsGridFragment(4825): onResume:false
11-04 16:41:57.955: D/MenuAppsGridFragment(4825): stateObj = com.android.launcher2.MenuAppsGrid$StateNormal@6072eb6
11-04 16:41:57.956: D/Launcher.MenuAppsGrid(4825): BlurInfo : false , true
11-04 16:41:57.956: D/MenuAppsGridFragment(4825): onResume  no mPendingModelUpdate:false this:MenuAppsGridFragment{80e87b7 #0 id=0x1020011 APPS}
11-04 16:41:57.958: D/Mms/Conversation(1686): [start]    init() consume time = 160.422192
11-04 16:41:57.960: D/WindowManager(3557): addWindow: android.view.IWindow$Stub$Proxy@1dbc39b displayId=0
11-04 16:41:57.961: D/InputTransport(3557): Input channel constructed: fd=468
11-04 16:41:57.961: D/InputTransport(3557): Input channel constructed: fd=470
11-04 16:41:57.961: D/LockSettingsStorage(3557): mSKTLockState = 2
11-04 16:41:57.961: D/BrightnessDetail(4144): onFinishInflate
11-04 16:41:57.961: D/ToggleSlider(4144): onAttachedToWindow 
11-04 16:41:57.962: D/ToggleSlider(4144): initSlider  =  com.android.systemui.settings.ToggleSlider{a5019a5 V.E...... ......I. 0,0-0,0 #7f130300 app:id/brightness_slider}
11-04 16:41:57.963: D/TP/MmsSmsProvider(4077): delete, match:1, calling pid = 1686
11-04 16:41:57.964: D/TP/MmsSmsProvider(4077): deleteConversation threadId: 9223372036854775807
11-04 16:41:57.964: V/TP/MmsSmsProvider(4077): deleteConversation delete_sys_msg: true finalSelection=thread_id = 9223372036854775807
11-04 16:41:57.965: D/SamsungAnalytics(1759): user do not agree
11-04 16:41:57.968: I/TP/MmsSmsProvider(4077): delete messages table selection : (thread_id = 9223372036854775807) AND (box_type = 3) null
11-04 16:41:57.969: D/InputTransport(3557): Input channel destroyed: fd=470
11-04 16:41:57.969: D/TP/MmsSmsProvider(4077): delete URI_CONVERSATIONS_MESSAGES affectedRows=0 isIntegrated=false
11-04 16:41:57.969: V/TP/MmsSmsDatabaseHelper(4077): updateThread(), thread_id = 9223372036854775807
11-04 16:41:57.969: D/InputTransport(4825): Input channel constructed: fd=79
11-04 16:41:57.970: D/ViewRootImpl@a13bb24[LauncherActivity](4825): setView = DecorView@f43d68d[LauncherActivity] touchMode=true
11-04 16:41:57.970: D/ActivityManager(3557): post active user change for 0 fullscreen true isHomeActivity() true
11-04 16:41:57.970: I/WallpaperManagerService(3557): switchPersonaWallpaper is called for personaId-0
11-04 16:41:57.970: D/KnoxTimeoutHandler(3557): post home show event for user 0
11-04 16:41:57.970: D/KnoxTimeoutHandler(3557): postActiveUserChange [MsgParam] userId: 0 fullscreen is true showWhenlocked is false isMutiwindowRecord is false multiwindowstyle is 0
11-04 16:41:57.970: D/WallpaperManagerService(3557):  force update = false; persona id = 0; current user =0; current persona = 0
11-04 16:41:57.970: D/KnoxKeyguardDelegate(3557): clear Flag
11-04 16:41:57.970: D/KnoxTimeoutHandler(3557): handleHomeShow for 0 and current 0
11-04 16:41:57.971: D/KnoxTimeoutHandler(3557): handleActiveUserChange [MsgParam] userId: 0 fullscreen is true showWhenlocked is false isMutiwindowRecord is false multiwindowstyle is 0
11-04 16:41:57.971: D/LockSettingsStorage(3557): mSKTLockState = 2
11-04 16:41:57.973: I/KnoxTimeoutHandler(3557): Shared devices show user statefalse
11-04 16:41:57.974: I/Choreographer(4825): Skipped 46 frames!  The application may be doing too much work on its main thread.
11-04 16:41:57.975: D/Launcher(4825): onAttachedToWindow
11-04 16:41:57.978: I/Telecom(3557): TelecomFeature: getContactsPackageName: com.samsung.android.contacts: TSI.iIC@AF8
11-04 16:41:57.978: V/TP/MmsSmsDatabaseHelper(4077): sUpgradeVersion = 0, db.getVersion() = 154
11-04 16:41:57.978: I/Telecom(3557): com.android.server.telecom.TelecomServiceImpl$1: getSystemDialerPackage: com.samsung.android.contacts: TSI.iIC@AF8
11-04 16:41:57.980: I/Telecom(3557): TelecomFeature: getContactsPackageName: com.samsung.android.contacts: TSI.iIC@AF8
11-04 16:41:57.980: I/Telecom(3557): com.android.server.telecom.TelecomServiceImpl$1: getSystemDialerPackage: com.samsung.android.contacts: TSI.iIC@AF8
11-04 16:41:57.980: D/WallpaperService(4144): MSG_WINDOW_RESIZED
11-04 16:41:57.981: D/WallpaperService(4144): updateSurface forceRelayout=true redrawNeeded=true myWidth=1080 myHeight=1920 fixedSize=true mWidth=1080 mHeight=1920
11-04 16:41:57.981: V/WallpaperService(4144): Changes: creating=false format=false size=false
11-04 16:41:57.981: V/WindowManager(3557): Relayout Window{9d0a3ded0 u0 com.android.systemui.ImageWallpaper}: viewVisibility=0 req=1080x1920 WM.LayoutParams{(0,0)(1080x1920) gr=#800033 ty=2013 fl=#318 fmt=2 wanim=0x10302f2 naviIconColor=0}
11-04 16:41:57.982: D/LockSettingsStorage(3557): mSKTLockState = 2
11-04 16:41:57.985: V/WallpaperService(4144): New surface=Surface(name=null)/@0x4a170b4, frame=Rect(0, 0 - 1080, 1920),relayoutResult=3, mConfiguration={0 1.0 themeSeq = 0 showBtnBg = -1 ?mcc?mnc ?localeList ?layoutDir ?swdp ?wdp ?hdp ?density ?lsize ?long ?orien ?uimode ?night ?touch ?keyb/?/? ?nav/? mkbd/?}
11-04 16:41:57.985: V/WallpaperService(4144): Wallpaper size has changed: (1080, 1920
11-04 16:41:57.985: D/ImageWallpaper(4144): onSurfaceRedrawNeeded
11-04 16:41:57.986: D/ImageWallpaper(4144): drawFrame=false rotation=0 mLastRotation=0
11-04 16:41:57.986: D/ImageWallpaper(4144): drawFrame:[frame.width()]1080[frame.height()]1920
11-04 16:41:57.986: D/ImageWallpaper(4144): surfaceDimensionsChanged=false mLastSurfaceRotation=0 mDisplayWidth=-1 mDisplayHeight=-1
11-04 16:41:57.986: D/ImageWallpaper(4144): mNewKeyboard : 0 mLastKeyboard : 0 mForceDraw : false
11-04 16:41:57.986: D/ImageWallpaper(4144): redrawNeeded = false, mOffsetsChanged = false
11-04 16:41:57.986: D/ImageWallpaper(4144): Suppressed drawFrame since redraw is not needed and offsets have not changed.
11-04 16:41:57.986: D/WallpaperService(4144): finishDrawing
11-04 16:41:57.986: D/WindowManager(3557): finishDrawingWindow: Window{9d0a3ded0 u0 com.android.systemui.ImageWallpaper} mDrawState=DRAW_PENDING
11-04 16:41:57.987: V/WallpaperService(4144): Layout: x=0 y=0 w=1080 h=1920
11-04 16:41:57.987: V/WallpaperService(4144): Offsets change in com.android.systemui.ImageWallpaper$DrawableEngine@b92e5c6: 0.0,0.0
11-04 16:41:57.987: D/ImageWallpaper(4144): onOffsetsChanged: xOffset=0.0, yOffset=0.0, xOffsetStep=0.0, yOffsetStep=0.0, xPixels=0, yPixels=0
11-04 16:41:57.987: D/LockSettingsStorage(3557): mSKTLockState = 2
11-04 16:41:57.987: D/ImageWallpaper(4144): drawFrame=false rotation=0 mLastRotation=0
11-04 16:41:57.987: D/ImageWallpaper(4144): drawFrame:[frame.width()]1080[frame.height()]1920
11-04 16:41:57.987: D/ImageWallpaper(4144): surfaceDimensionsChanged=false mLastSurfaceRotation=0 mDisplayWidth=-1 mDisplayHeight=-1
11-04 16:41:57.987: D/ImageWallpaper(4144): mNewKeyboard : 0 mLastKeyboard : 0 mForceDraw : false
11-04 16:41:57.987: D/ImageWallpaper(4144): redrawNeeded = false, mOffsetsChanged = false
11-04 16:41:57.988: D/ImageWallpaper(4144): Suppressed drawFrame since redraw is not needed and offsets have not changed.
11-04 16:41:57.988: D/vol.SecVolumeDialog(4144): updateWindowWidth lp.width=1080, mCurrentWindowWidth = 1080
11-04 16:41:57.989: W/SemDesktopModeManager(4144): isDesktopMode: Desktop Mode feature not available
11-04 16:41:57.991: I/WallpaperScroller(4825): wallpaerscroller set window token : android.view.ViewRootImpl$W@130b6af
11-04 16:41:57.993: I/TMSDISP(1682): AcsAndroidVirtualDisplayIntfImpl
11-04 16:41:57.993: D/KeyguardUpdateMonitor(4144): received broadcast android.intent.action.LOCALE_CHANGED
11-04 16:41:57.995: D/VolumeInfo(4144): VolumeInfo from Parcel: id private ,type 1 ,disk null
11-04 16:41:57.995: D/VolumeInfo(4144): VolumeInfo from Parcel: id emulated ,type 2 ,disk null
11-04 16:41:57.995: D/VolumeInfo(4144): VolumeInfo from Parcel: id privatemode ,type 0 ,disk null
11-04 16:41:57.995: D/StorageNotification(4144): Notifying about private volume: VolumeInfo{private}:
11-04 16:41:57.995: D/StorageNotification(4144):     type=PRIVATE diskId=null partGuid=null mountFlags=0 mountUserId=-1 
11-04 16:41:57.995: D/StorageNotification(4144):     state=MOUNTED 
11-04 16:41:57.995: D/StorageNotification(4144):     fsType=null fsUuid=null fsLabel=null 
11-04 16:41:57.995: D/StorageNotification(4144):     path=/data internalPath=null 
11-04 16:41:57.995: V/TP/MmsSmsDatabaseHelper(4077): updateThread() end, affectedRows = 0
11-04 16:41:57.995: D/TP/MmsSmsProvider(4077): delete URI_CONVERSATIONS_MESSAGES affectedRows=0
11-04 16:41:57.995: D/TP/MmsSmsProvider(4077): delete threadId: 9223372036854775807
11-04 16:41:57.995: D/TP/MmsSmsProvider(4077): delete, match 1:Elapsed time : 31.935 ms
11-04 16:41:57.995: D/TP/MmsSmsProvider(4077): need read changed broadcast:false
11-04 16:41:57.997: D/NetworkController(4144): dynamicallyReduceTextSize : mDisplayMetrics.densityDpi480
11-04 16:41:58.000: D/ViewRootImpl@570520c[DockedStackDivider](4144): dispatchDetachedFromWindow
11-04 16:41:58.001: W/AppOps(3557): Finishing op nesting under-run: uid 10006 pkg com.android.systemui code 64 time=0 duration=0 nesting=0
11-04 16:41:58.002: D/LockSettingsStorage(3557): mSKTLockState = 2
11-04 16:41:58.004: D/BootupListener(4077): onReceive : android.intent.action.LOCALE_CHANGED
11-04 16:41:58.003: D/InputTransport(3557): Input channel destroyed: fd=390
11-04 16:41:58.005: D/InputTransport(4144): Input channel destroyed: fd=70
11-04 16:41:58.006: V/KeyguardUpdateMonitor(4144): OnSubscriptionsChangedListener : MSG_SIM_SUBSCRIPTION_INFO_CHANGED
11-04 16:41:58.006: I/Choreographer(4144): Skipped 37 frames!  The application may be doing too much work on its main thread.
11-04 16:41:58.008: V/WindowManager(3557): Relayout Window{4754b15d0 u0 DockedStackDivider}: viewVisibility=4 req=1080x144 WM.LayoutParams{(0,0)(fillx144) sim=#20 ty=2034 fl=#21840028 pfl=0x40 fmt=-3 vsysui=0x700 naviIconColor=0}
11-04 16:41:58.008: D/LockSettingsStorage(3557): mSKTLockState = 2
11-04 16:41:58.014: D/LockSettingsStorage(3557): mSKTLockState = 2
11-04 16:41:58.015: D/Mms/Conversation(1686): [end]    init consume time = 48.913423
11-04 16:41:58.017: D/ICU(1682): No timezone override file found: /data/misc/zoneinfo/current/icu/icu_tzdata.dat
11-04 16:41:58.019: D/Mms/DbVersion(1686): add COLUMN_SECRET_MESSAGE
11-04 16:41:58.020: E/Mms/DbVersion(1686): createMessagesProjection,Elapsed time : 0.323654 ms
11-04 16:41:58.020: V/hong(4144): mid yDiff = 0
11-04 16:41:58.020: V/hong(4144): mid yDiff = 0
11-04 16:41:58.023: D/Launcher.Workspace(4825): changeOrientationIfRequired MobileKeyboardChanged : false   DisplayHeight : 1920  Density : 3.0   newConfig.orientation : 1
11-04 16:41:58.023: D/Launcher.Workspace(4825): ChangeMobileKeyboard:false mCurrentOrientation:1 mRequestedOrientation:1 newConfig.orientation:1 isShown:trueQuickViewWorkspace isOpened: false
11-04 16:41:58.025: D/MountService(3557): getExternalStorageMountMode : 1
11-04 16:41:58.025: D/MountService(3557): getExternalStorageMountMode : 3
11-04 16:41:58.025: D/MountService(3557): getExternalStorageMountMode : final mountMode=1, uid : 10167, packageName : com.sec.android.inputmethod
11-04 16:41:58.026: D/QuickViewWorkspace(4825): onMeasure()
11-04 16:41:58.027: V/WindowManager(3557): Relayout Window{b86cae4d0 u0 com.sec.android.app.launcher/com.sec.android.app.launcher.activities.LauncherActivity}: viewVisibility=0 req=1080x1848 WM.LayoutParams{(0,0)(fillxfill) sim=#130 ty=1 fl=#81910d00 pfl=0x20000 fmt=-2 wanim=0x103038a vsysui=0x600 needsMenuKey=2 dimDuration=0 naviIconColor=0}
11-04 16:41:58.028: I/SurfaceFlinger(3188): id=17 createSurf (1080x1920),1 flag=4, MauncherAct
11-04 16:41:58.030: D/Mms/MessagingNotificationLight(1686): [start]    init() consume time = 23.696423
11-04 16:41:58.034: D/LockSettingsStorage(3557): mSKTLockState = 2
11-04 16:41:58.036: I/Enhanced Zygote ASLR(1682): DISABLED!
11-04 16:41:58.036: D/InputDispatcher(3557): Focus entered window: 4825
11-04 16:41:58.036: I/Radio-JNI(1682): register_android_hardware_Radio DONE
11-04 16:41:58.039: D/QuickViewWorkspace(4825): onMeasure()
11-04 16:41:58.040: D/mali_winsys(4825): EGLint new_window_surface(egl_winsys_display*, void*, EGLSurface, EGLConfig, egl_winsys_surface**, egl_color_buffer_format*, EGLBoolean) returns 0x3000,  [1080x1920]-format:1
11-04 16:41:58.040: D/Launcher.HomeView(4825): onPageSwitch - newPageIndex = 1, getHomeScreenIndex = 1, moveToZeroPage = false
11-04 16:41:58.040: D/capture(4825): currentOrientation: 1 mMainHomeScreenshot: false mMainHomeScreenshotLand: true
11-04 16:41:58.040: D/QuickViewWorkspace(4825): onLayout()7
11-04 16:41:58.040: D/ReflectionHelper(1682): loadKlass() : caller=android.app.Activity.<clinit>:7525 <bottom of call stack> 
11-04 16:41:58.040: D/ReflectionHelper(1682): Reflecting method.....  class <onScreenChanged>
11-04 16:41:58.041: E/SemAffinityControl(1682): SemAffinityControl: registerfunction enter
11-04 16:41:58.041: E/ActivityThread(4825): Activity com.android.launcher2.Launcher has leaked IntentReceiver com.android.launcher2.Launcher$3@566c7c2 that was originally registered here. Are you missing a call to unregisterReceiver()?
11-04 16:41:58.041: E/ActivityThread(4825): android.app.IntentReceiverLeaked: Activity com.android.launcher2.Launcher has leaked IntentReceiver com.android.launcher2.Launcher$3@566c7c2 that was originally registered here. Are you missing a call to unregisterReceiver()?
11-04 16:41:58.041: E/ActivityThread(4825): 	at android.app.LoadedApk$ReceiverDispatcher.<init>(LoadedApk.java:1222)
11-04 16:41:58.041: E/ActivityThread(4825): 	at android.app.LoadedApk.getReceiverDispatcher(LoadedApk.java:993)
11-04 16:41:58.041: E/ActivityThread(4825): 	at android.app.ContextImpl.registerReceiverInternal(ContextImpl.java:1331)
11-04 16:41:58.041: E/ActivityThread(4825): 	at android.app.ContextImpl.registerReceiver(ContextImpl.java:1311)
11-04 16:41:58.041: E/ActivityThread(4825): 	at android.app.ContextImpl.registerReceiver(ContextImpl.java:1305)
11-04 16:41:58.041: E/ActivityThread(4825): 	at android.content.ContextWrapper.registerReceiver(ContextWrapper.java:617)
11-04 16:41:58.041: E/ActivityThread(4825): 	at com.android.launcher2.Launcher.onResume(Launcher.java:1084)
11-04 16:41:58.041: E/ActivityThread(4825): 	at android.app.Instrumentation.callActivityOnResume(Instrumentation.java:1277)
11-04 16:41:58.041: E/ActivityThread(4825): 	at android.app.Activity.performResume(Activity.java:7058)
11-04 16:41:58.041: E/ActivityThread(4825): 	at android.app.ActivityThread.performResumeActivity(ActivityThread.java:3765)
11-04 16:41:58.041: E/ActivityThread(4825): 	at android.app.ActivityThread.handleResumeActivity(ActivityThread.java:3828)
11-04 16:41:58.041: E/ActivityThread(4825): 	at android.app.ActivityThread.handleLaunchActivity(ActivityThread.java:2991)
11-04 16:41:58.041: E/ActivityThread(4825): 	at android.app.ActivityThread.-wrap14(ActivityThread.java)
11-04 16:41:58.041: E/ActivityThread(4825): 	at android.app.ActivityThread$H.handleMessage(ActivityThread.java:1635)
11-04 16:41:58.041: E/ActivityThread(4825): 	at android.os.Handler.dispatchMessage(Handler.java:102)
11-04 16:41:58.041: E/ActivityThread(4825): 	at android.os.Looper.loop(Looper.java:154)
11-04 16:41:58.041: E/ActivityThread(4825): 	at android.app.ActivityThread.main(ActivityThread.java:6692)
11-04 16:41:58.041: E/ActivityThread(4825): 	at java.lang.reflect.Method.invoke(Native Method)
11-04 16:41:58.041: E/ActivityThread(4825): 	at com.android.internal.os.ZygoteInit$MethodAndArgsCaller.run(ZygoteInit.java:1468)
11-04 16:41:58.041: E/ActivityThread(4825): 	at com.android.internal.os.ZygoteInit.main(ZygoteInit.java:1358)
11-04 16:41:58.046: E/Zygote(1795): v2
11-04 16:41:58.046: I/libpersona(1795): KNOX_SDCARD checking this for 10167
11-04 16:41:58.046: I/libpersona(1795): KNOX_SDCARD not a persona
11-04 16:41:58.046: E/Zygote(1795): accessInfo : 0
11-04 16:41:58.049: I/ActivityManager(3557): Start proc 1795:com.sec.android.inputmethod:spellcheckerService/u0a167 for service com.sec.android.inputmethod/.base.spellcheckservice.SamsungIMESpellCheckerService
11-04 16:41:58.050: E/ViewRootImpl(4825): sendUserActionEvent() mView == null
11-04 16:41:58.051: W/SELinux(1795): SELinux selinux_android_compute_policy_index : Policy Index[1],  Con:u:r:zygote:s0 SPD:SEPF_SECMOBILE_7.0_0006 RAM:SEPF_SECMOBILE_7.0_0004, [-1 -1 0 1 0 1]
11-04 16:41:58.052: D/AndroidRuntime(1682): Calling main entry com.android.commands.settings.SettingsCmd
11-04 16:41:58.052: I/SELinux(1795): SELinux: seapp_context_lookup: seinfo=platform, level=s0:c512,c768, pkgname=com.sec.android.inputmethod:spellcheckerService 
11-04 16:41:58.057: D/SecContentProvider(3557): query(), uri = 17 selection = isSettingsChangesAllowed
11-04 16:41:58.064: D/SecContentProvider(3557): called from android.uid.shell:2000
11-04 16:41:58.066: D/MediaScannerReceiver(5199): action: android.intent.action.LOCALE_CHANGED
11-04 16:41:58.070: D/ActivityThread(1795): Added TimaKeyStore provider
11-04 16:41:58.073: D/AndroidRuntime(1682): Shutting down VM
11-04 16:41:58.073: I/ActivityManager(3557): DSS on for com.sec.android.inputmethod and scale is 1.0
11-04 16:41:58.079: D/WindowManager(3557): finishDrawingWindow: Window{b86cae4d0 u0 com.sec.android.app.launcher/com.sec.android.app.launcher.activities.LauncherActivity} mDrawState=DRAW_PENDING
11-04 16:41:58.068: D/Mms/MessagingNotificationLight(1686): [end]    init consume time = 37.576116
11-04 16:41:58.080: D/LockSettingsStorage(3557): mSKTLockState = 2
11-04 16:41:58.081: D/Mms/SpamFilter(1686): [start]    SpamFilter fill() begin consume time = 13.072538
11-04 16:41:58.083: D/ViewRootImpl@a13bb24[LauncherActivity](4825): MSG_RESIZED_REPORT: ci=Rect(0, 0 - 0, 0) vi=Rect(0, 0 - 0, 0) or=1
11-04 16:41:58.083: D/ViewRootImpl@a13bb24[LauncherActivity](4825): MSG_WINDOW_FOCUS_CHANGED 1
11-04 16:41:58.085: V/InputMethodManager(4825): Starting input: tba=android.view.inputmethod.EditorInfo@97f2131 nm : com.sec.android.app.launcher ic=null
11-04 16:41:58.085: I/InputMethodManager(4825): [IMM] startInputInner - mService.startInputOrWindowGainedFocus
11-04 16:41:58.086: D/MediaProvider(5199): received ACTION_LOCALE_CHANGED_AND_SCAN > set locale
11-04 16:41:58.087: D/MediaProvider(5199): Start LocaleChangeThread
11-04 16:41:58.088: E/SpellCheckerBindGroup(3557): Remove the spell checker bind unexpectedly.
11-04 16:41:58.090: D/MediaScanner(5199): Scanner Detects Unmount (/storage/emulated/0)
11-04 16:41:58.092: V/hong(4144): mid yDiff = 0
11-04 16:41:58.092: V/hong(4144): mid yDiff = 0
11-04 16:41:58.094: I/TMSDISP(1682): AcsAndroidVirtualDisplayIntfImpl::~AcsAndroidVirtualDisplayIntfImpl - Enter
11-04 16:41:58.094: I/TMSDISP(1682): AcsAndroidVirtualDisplayIntfImpl::~AcsAndroidVirtualDisplayIntfImpl - Enter2
11-04 16:41:58.094: I/TMSDISP(1682): AcsAndroidVirtualDisplayIntfImpl::~AcsAndroidVirtualDisplayIntfImpl - mSource2
11-04 16:41:58.094: I/TMSDISP(1682): AcsAndroidVirtualDisplayIntfImpl::~AcsAndroidVirtualDisplayIntfImpl - Exit
11-04 16:41:58.098: D/InputMethodManagerService(3557): windowGainedFocus mCurrentFocusedUserId - 0 and mSecureKeypadEnabled-false
11-04 16:41:58.100: D/LockSettingsStorage(3557): mSKTLockState = 2
11-04 16:41:58.103: D/MediaProvider(5199): Finish LocaleThread. Time : 16ms 
11-04 16:41:58.111: D/MountService(3557): getExternalStorageMountMode : 1
11-04 16:41:58.111: D/MountService(3557): getExternalStorageMountMode : 3
11-04 16:41:58.111: D/MountService(3557): getExternalStorageMountMode : final mountMode=1, uid : 1000, packageName : com.android.settings
11-04 16:41:58.112: D/InputMethodManagerService(3557): mDesktopModeManager null!
11-04 16:41:58.113: D/InputTransport(3557): Input channel constructed: fd=390
11-04 16:41:58.113: D/SamsungIME(4459): onFinishInput
11-04 16:41:58.113: D/SamsungIME(4459): IMPL finishInput
11-04 16:41:58.114: I/SamsungIME(4459): [IMI] onStartInput - caller packageName : com.sec.android.app.launcher
11-04 16:41:58.114: D/SamsungIME(4459): onStartInput: No inputType, No imeOption, isInputViewShown = false, isExtractViewShown = false, isShowInputRequested = false, isConfigChanged = true, mIsFirstStartInput = false
11-04 16:41:58.114: D/InputTransport(3557): Input channel destroyed: fd=390
11-04 16:41:58.114: D/SKBD SamsungIME_SYNC(4459): import DLM start onstart input
11-04 16:41:58.114: D/SKBD SamsungIME_SYNC(4459): shouldImportDLM mIsImportDLM false
11-04 16:41:58.114: D/InputTransport(4825): Input channel constructed: fd=80
11-04 16:41:58.114: D/InputTransport(4825): Input channel destroyed: fd=63
11-04 16:41:58.129: W/System(1795): ClassLoader referenced unknown path: /system/app/SamsungIMEv4/lib/arm64
11-04 16:41:58.129: D/TP/MmsSmsProvider(4077): query, match:4000, calling pid = 1686, accessRestricted = false
11-04 16:41:58.129: D/TP/MmsSmsProvider(4077): query, match:400, calling pid = 1686, accessRestricted = false
11-04 16:41:58.129: D/WindowManager(3557): finishDrawingWindow: Window{b86cae4d0 u0 com.sec.android.app.launcher/com.sec.android.app.launcher.activities.LauncherActivity} mDrawState=HAS_DRAWN
11-04 16:41:58.131: D/TP/MmsSmsProvider(4077): query, match 4000:Elapsed time : 17.003 ms
11-04 16:41:58.133: E/Zygote(1813): v2
11-04 16:41:58.133: I/libpersona(1813): KNOX_SDCARD checking this for 1000
11-04 16:41:58.133: I/libpersona(1813): KNOX_SDCARD not a persona
11-04 16:41:58.134: E/Zygote(1813): accessInfo : 0
11-04 16:41:58.138: I/ActivityManager(3557): Start proc 1813:com.android.settings/1000 for broadcast com.android.settings/.search.SecSettingsSearchIntentReceiver
11-04 16:41:58.138: D/KnoxTimeoutHandler(3557): notifyActivityDrawn [MsgParam] userId: 0 fullscreen is true showWhenlocked is false isMutiwindowRecord is false multiwindowstyle is 0
11-04 16:41:58.138: D/KnoxTimeoutHandler(3557): activityDrawn [MsgParam] userId: 0 fullscreen is true showWhenlocked is false isMutiwindowRecord is false multiwindowstyle is 0
11-04 16:41:58.139: W/SELinux(1813): SELinux selinux_android_compute_policy_index : Policy Index[1],  Con:u:r:zygote:s0 SPD:SEPF_SECMOBILE_7.0_0006 RAM:SEPF_SECMOBILE_7.0_0004, [-1 -1 0 1 0 1]
11-04 16:41:58.143: D/ContextRelationMgrBrdg(1795): loadKlass() : caller=com.samsung.android.bridge.multiscreen.common.ContextRelationManagerBridge.<clinit>:28 android.app.LoadedApk.makeApplication:840 
11-04 16:41:58.144: I/SELinux(1813): SELinux: seapp_context_lookup: seinfo=platform, pkgname=com.android.settings 
11-04 16:41:58.148: D/SamsungAnalytics(1795): cf feature is supported
11-04 16:41:58.150: I/KnoxTimeoutHandler(3557): SD activityfalse
11-04 16:41:58.150: I/KnoxTimeoutHandler(3557): Fullscreen and mCurrent is not KNOX user. Hence hide keyguard
11-04 16:41:58.154: D/SamsungAnalytics(1795): [Tracker] Tracker start:1.8.15
11-04 16:41:58.154: D/LockSettingsStorage(3557): mSKTLockState = 2
11-04 16:41:58.156: D/Mms/SpamFilter(1686): [end]    SpamFilter fill() finished consume time = 74.694654
11-04 16:41:58.165: I/SKBD AnalyticsLogger(1795): AnalyticsLogger is initialized.
11-04 16:41:58.165: D/SKBD AnalyticsLogger(1795): handleMessage:1
11-04 16:41:58.171: E/Mms/DbUtils(1686): rebuild done, 0 drafts,Elapsed time : 136.35654 ms
11-04 16:41:58.171: D/ActivityThread(1813): Added TimaKeyStore provider
11-04 16:41:58.177: D/ScrollView(4144):  onsize change changed 
11-04 16:41:58.180: I/ActivityManager(3557): DSS on for com.android.settings and scale is 1.0
11-04 16:41:58.195: D/WindowManager(3557): finishDrawingWindow: Window{de773fcd0 u0 StatusBar} mDrawState=DRAW_PENDING
11-04 16:41:58.195: D/KeyguardUpdateMonitor(4144): received broadcast android.intent.action.SERVICE_STATE
11-04 16:41:58.195: V/KeyguardUpdateMonitor(4144): action android.intent.action.SERVICE_STATE serviceState=2 1 voice home data home  UMTS Unknown CSS not supported -1 -1 RoamInd=-1 DefRoamInd=-1 VoiceRegType=0 ImsVoiceAvail=0 IsEbSupport=2 IsEaBarred=0 Snap=0 MobileVoice=1 UMTS MobileData=1 UMTS PsOnly=false FemtocellInd=0 EmergOnly=true IsDataRoamingFromRegistration=false subId=-2
11-04 16:41:58.196: V/WallpaperService(4144): Visibility change in com.android.systemui.ImageWallpaper$DrawableEngine@b92e5c6: 0
11-04 16:41:58.196: D/LockSettingsStorage(3557): mSKTLockState = 2
11-04 16:41:58.198: V/WallpaperService(4144): onVisibilityChanged(false): com.android.systemui.ImageWallpaper$DrawableEngine@b92e5c6
11-04 16:41:58.198: D/ImageWallpaper(4144): onVisibilityChanged: mVisible, visible=true, false
11-04 16:41:58.198: D/ImageWallpaper(4144): Visibility changed to visible=false
11-04 16:41:58.198: D/ImageWallpaper(4144): Wallpaper loaded: android.graphics.Bitmap@630c3cc
11-04 16:41:58.199: D/ImageWallpaper(4144): deviceWidth=1080 deviceHeight=1920 backgroundWidth=1080 backgroundHeight=1920 surfaceWidth=1080 surfaceHeight=1920 tiltEnabled=false lastRequestedWidth=1080 lastRequestedHeight=1920
11-04 16:41:58.199: D/WallpaperService(4144): BaseSurfaceHolder:setFixedSize[width]1080 [height]1920
11-04 16:41:58.199: D/ImageWallpaper(4144): SurfaceSize width : 1080 height: 1920
11-04 16:41:58.199: D/ImageWallpaper(4144): drawFrame=false rotation=0 mLastRotation=0
11-04 16:41:58.199: D/ImageWallpaper(4144): drawFrame:[frame.width()]1080[frame.height()]1920
11-04 16:41:58.199: D/ImageWallpaper(4144): surfaceDimensionsChanged=false mLastSurfaceRotation=0 mDisplayWidth=-1 mDisplayHeight=-1
11-04 16:41:58.199: D/ImageWallpaper(4144): mNewKeyboard : 0 mLastKeyboard : 0 mForceDraw : false
11-04 16:41:58.199: D/ImageWallpaper(4144): redrawNeeded = false, mOffsetsChanged = false
11-04 16:41:58.199: D/ImageWallpaper(4144): Suppressed drawFrame since redraw is not needed and offsets have not changed.
11-04 16:41:58.199: D/NetworkController(4144): dynamicallyReduceTextSize : mDisplayMetrics.densityDpi480
11-04 16:41:58.202: D/MediaScannerService(5199): !@start scanning volume requested by null external: [/storage/emulated/0, /storage/Private]
11-04 16:41:58.205: D/UDSTile(4144): setIsAirplaneMode : false
11-04 16:41:58.209: D/SKBD AnalyticsLogger(1795): initIntenally:false,android.app.SharedPreferencesImpl@33d06f3,com.sec.android.inputmethod:spellcheckerService,com.sec.android.inputmethod
11-04 16:41:58.209: D/SKBD AnalyticsLogger(1795): initLibrary:true,false
11-04 16:41:58.209: D/SKBD AnalyticsLogger(1795): Remote process is running
11-04 16:41:58.212: D/LockSettingsStorage(3557): mSKTLockState = 2
11-04 16:41:58.218: I/WindowManager(3557): Screen frozen for +1s104ms due to Window{de773fcd0 u0 StatusBar}
