11-04 16:42:01.600: D/SecContentProvider2(3557): query(), uri = 15 selection = getAppBlockDownloadState
11-04 16:42:01.601: D/gpsd(2313): GpsHalOneInstance: open("/data/system/gps/.gpsd.lock", O_WRONLY|O_CREAT, 0660) returned -1, errno=13
11-04 16:42:01.601: E/gpsd(2313): GPS Daemon Process is already running, the second instance will not be started!
11-04 16:42:01.601: E/audit(3109): type=1400 audit(1509838921.589:13925): avc:  denied  { write } for  pid=2313 comm="gpsd" name=".gpsd.lock" dev="sda18" ino=1267312 scontext=u:r:gpsd:s0 tcontext=u:object_r:system_data_file:s0 tclass=file permissive=0 SEPF_SECMOBILE_7.0_0006
11-04 16:42:01.602: E/audit(3109): type=1300 audit(1509838921.589:13925): arch=c00000b7 syscall=56 success=no exit=-13 a0=ffffff9c a1=701aa2ffe0 a2=41 a3=1b0 items=0 ppid=1 pid=2313 auid=4294967295 uid=1021 gid=1000 euid=1021 suid=1021 fsuid=1021 egid=1000 sgid=1000 fsgid=1000 tty=(none) ses=4294967295 comm="gpsd" exe="/system/bin/gpsd" subj=u:r:gpsd:s0 key=(null)
11-04 16:42:01.605: E/audit(3109): type=1327 audit(1509838921.589:13925): proctitle=2F73797374656D2F62696E2F67707364002D63002F73797374656D2F6574632F6770732E786D6C
11-04 16:42:01.605: E/audit(3109): type=1320 audit(1509838921.589:13925): 
11-04 16:42:01.605: D/SecurityLogAgent:SEDenialService(3557): Got Modify Event and sending Denial Intent for audit.log / /system/bin/gpsd -c /system/etc/gps.xml
11-04 16:42:01.605: D/io_stats(4479): !@   8,0 r 23603 2375524 w 53586 1159216 d 4559 286388 f 20179 20178 iot 35880 33555 th 548136 0 0 pt 0 inp 0 1 34192.610
11-04 16:42:01.605: W/ContextImpl(3557): Calling a method in the system process without a qualified user: android.app.ContextImpl.sendBroadcast:906 com.android.server.SEDenialService$AuditFileObserver.onEvent:84 android.os.FileObserver$ObserverThread.onEvent:122 android.os.FileObserver$ObserverThread.observe:-2 android.os.FileObserver$ObserverThread.run:85 
11-04 16:42:01.607: D/ApplicationPolicy(3557): isStatusBarNotificationAllowedAsUser: packageName = com.google.android.apps.mtaas.backdrop,userId = 0
11-04 16:42:01.611: I/ActivityManager(3557): DSS on for com.samsung.android.lool and scale is 1.0
11-04 16:42:01.621: D/SamsungAnalytics(2284): cf feature is supported
11-04 16:42:01.624: D/SecurityLogAgent:SEDenialService(3557): audit.ondenial set to 0 after sending samsung.intent.action.knox.DENIAL_NOTIFICATION intent
11-04 16:42:01.629: D/SamsungAnalytics(2284): [Tracker] Tracker start:1.8.15
11-04 16:42:01.638: V/MediaRouter(2092): Adding route: RouteInfo{ name=Phone, description=null, status=null, category=RouteCategory{ name=null types=ROUTE_TYPE_LIVE_AUDIO ROUTE_TYPE_LIVE_VIDEO  groupable=false }, supportedTypes=ROUTE_TYPE_LIVE_AUDIO ROUTE_TYPE_LIVE_VIDEO , presentationDisplay=null }
11-04 16:42:01.638: V/WifiDisplayAdapter(3557): getWifiDisplayStatusLocked: result=WifiDisplayStatus{featureState=2, scanState=0, activeDisplayState=0, activeDisplay=null, displays=[], sessionInfo=WifiDisplaySessionInfo: Client/Owner: Client GroupId:  Passphrase:  SessionId: 0 IP Address: , connectedState=-1, networkQoS=0}
11-04 16:42:01.640: D/MdnieScenarioControlService(3557):  packageName : com.google.android.apps.mtaas.backdrop    className : com.google.android.apps.mtaas.backdrop.BackdropActivity
11-04 16:42:01.641: D/SamsungAlarmManager(3557): setInexact Intent (T:2/F:0/AC:false) 20171104T171957 - CU:10025/CP:11763
11-04 16:42:01.646: D/SamsungAlarmManager(3557): Cancel Alarm calling from uid:1000 pid :3557 / op:PendingIntent{1ed6df3: PendingIntentRecord{4d2035e android broadcastIntent}}
11-04 16:42:01.648: D/SecContentProvider2(3557): query(), uri = 15 selection = getAppBlockDownloadState
11-04 16:42:01.649: D/DownloadManager(5199): [45] Starting com.google.android.googlequicksearchbox
11-04 16:42:01.653: D/SamsungAlarmManager(3557): setExact Intent (T:1/F:9/AC:false) 19691231T161000 - CU:1000/CP:3557
11-04 16:42:01.655: D/PhoneStatusBar(4144): addNotification key=0|com.google.android.apps.mtaas.backdrop|1|null|10186
11-04 16:42:01.667: I/OggExtractor(3236): ~OggExtractor ++
11-04 16:42:01.667: I/OggExtractor(3236): ~MyOggExtractor ++ 
11-04 16:42:01.667: I/OggExtractor(3236): ~MyOggExtractor --
11-04 16:42:01.667: I/OggExtractor(3236): ~OggExtractor --
11-04 16:42:01.710: V/MediaPlayerService(3240): Create new media retriever from pid 5199
11-04 16:42:01.714: V/MediaRouter(2092): Updating audio routes: AudioRoutesInfo{ type=SPEAKER }
11-04 16:42:01.714: I/qtaguid(2092): Untagging socket -1 failed errno=-9
11-04 16:42:01.714: W/NetworkManagementSocketTagger(2092): untagSocket(-1) failed with errno -9
11-04 16:42:01.714: I/System.out(2092): Thread-7 calls detatch()
11-04 16:42:01.716: D/AbsListView(2270): Get MotionRecognitionManager
11-04 16:42:01.716: D/ContextRelationMgrBrdg(2315): loadKlass() : caller=com.samsung.android.bridge.multiscreen.common.ContextRelationManagerBridge.<clinit>:28 android.app.LoadedApk.makeApplication:840 
11-04 16:42:01.718: D/MotionRecognitionManager(2270): mSContextService = com.samsung.android.hardware.context.ISemContextService$Stub$Proxy@57da6a
11-04 16:42:01.721: D/MotionRecognitionManager(2270): motionService = com.samsung.android.gesture.IMotionRecognitionService$Stub$Proxy@1f07b5b
11-04 16:42:01.721: D/MotionRecognitionManager(2270): motionService = com.samsung.android.gesture.IMotionRecognitionService$Stub$Proxy@1f07b5b
11-04 16:42:01.722: V/MediaRouter(2092): Selecting route: RouteInfo{ name=Phone, description=null, status=null, category=RouteCategory{ name=null types=ROUTE_TYPE_LIVE_AUDIO ROUTE_TYPE_LIVE_VIDEO  groupable=false }, supportedTypes=ROUTE_TYPE_LIVE_AUDIO ROUTE_TYPE_LIVE_VIDEO , presentationDisplay=null }
11-04 16:42:01.722: V/WifiDisplayAdapter(3557): getWifiDisplayStatusLocked: result=WifiDisplayStatus{featureState=2, scanState=0, activeDisplayState=0, activeDisplay=null, displays=[], sessionInfo=WifiDisplaySessionInfo: Client/Owner: Client GroupId:  Passphrase:  SessionId: 0 IP Address: , connectedState=-1, networkQoS=0}
11-04 16:42:01.727: D/AudioService(3557): getStreamVolume 3 index 0
11-04 16:42:01.747: E/SEC_DRM_PLUGIN_Omafl(3194): OmaPlugin::onOpenDecryptSession(fd)::Drm2IsDrmFileByExtFd::file is NOT DRM by extension
11-04 16:42:01.747: W/SEC_DRM_PLUGIN_Playready(3194): PlayreadyPlugIn: Function[DRM_ASFVerify_Context_Initialize]; Line[4469]; File type[0]
11-04 16:42:01.747: W/SEC_DRM_PLUGIN_Playready(3194): PlayReadyPlugIn: Function[onOpenDecryptSession]; Line[2576]; DRM Result[0x80004005]
11-04 16:42:01.749: W/NetworkIdentity(3557): Active mobile network without subscriber!
11-04 16:42:01.763: D/SecurityLogAgent(16763):  SeDenialReceiver : Intent received : samsung.intent.action.knox.DENIAL_NOTIFICATION
11-04 16:42:01.764: I/BackdropActivity(2270): android_id: 3791550114360670139
11-04 16:42:01.766: D/MARsDBManager(3557): onChange - mSmartManagerObserver! Uri = content://com.samsung.android.sm/AppFreezer?MARs-self=true&MARs=true
11-04 16:42:01.784: D/PhoneStatusBar(4144): No Fullscreen intent: 0|com.google.android.apps.mtaas.backdrop|1|null|10186 isHeadsUped : false
11-04 16:42:01.787: I/Icing(11736): App usage reports: 2
11-04 16:42:01.794: D/SamsungAlarmManager(3557): Expired : 4
11-04 16:42:01.794: I/SamsungAlarmManager(3557): setLocked to kernel - T:2 / 20171104T164208, SetElapsed=34199342, nowELAPSED=34192800
11-04 16:42:01.795: I/SamsungAlarmManager(3557): setLocked to kernel - T:3 / 20171104T164202, SetElapsed=34193652, nowELAPSED=34192800
11-04 16:42:01.795: V/SamsungAlarmManager(3557): Sending to uid : 10045 action=null alarm=Alarm{c3aba0c type 0 when 1509838921795 com.android.vending}
11-04 16:42:01.799: D/MountService(3557): getExternalStorageMountMode : 1
11-04 16:42:01.799: D/MountService(3557): getExternalStorageMountMode : 3
11-04 16:42:01.799: D/MountService(3557): getExternalStorageMountMode : final mountMode=1, uid : 1000, packageName : com.policydm
11-04 16:42:01.804: D/NetworkSecurityConfig(5199): No Network Security Config specified, using platform default
11-04 16:42:01.821: I/System.out(5199): (HTTPLog)-Static: isSBSettingEnabled false
11-04 16:42:01.821: I/System.out(5199): (HTTPLog)-Static: isSBSettingEnabled false
11-04 16:42:01.822: D/EnterpriseController(3241): netId is 0
11-04 16:42:01.822: D/Netd(3241): getNetworkForDns: using netid 502 for uid 10039
11-04 16:42:01.822: D/DnsProxyListener(3241): DNSDBG::dns addrinfo af 0
11-04 16:42:01.828: E/Zygote(2353): v2
11-04 16:42:01.828: I/libpersona(2353): KNOX_SDCARD checking this for 1000
11-04 16:42:01.828: I/libpersona(2353): KNOX_SDCARD not a persona
11-04 16:42:01.829: E/Zygote(2353): accessInfo : 0
11-04 16:42:01.835: W/SELinux(2353): SELinux selinux_android_compute_policy_index : Policy Index[1],  Con:u:r:zygote:s0 SPD:SEPF_SECMOBILE_7.0_0006 RAM:SEPF_SECMOBILE_7.0_0004, [-1 -1 0 1 0 1]
11-04 16:42:01.835: I/ActivityManager(3557): Start proc 2353:com.policydm/1000 for broadcast com.policydm/.XDMBroadcastReceiver
11-04 16:42:01.836: I/SELinux(2353): SELinux: seapp_context_lookup: seinfo=platform, pkgname=com.policydm 
11-04 16:42:01.836: I/System.out(2092): (HTTPLog)-Static: isSBSettingEnabled false
11-04 16:42:01.836: I/System.out(2092): (HTTPLog)-Static: isSBSettingEnabled false
11-04 16:42:01.837: D/EnterpriseController(3241): netId is 0
11-04 16:42:01.838: D/Netd(3241): getNetworkForDns: using netid 502 for uid 10178
11-04 16:42:01.838: D/DnsProxyListener(3241): DNSDBG::dns addrinfo af 0
11-04 16:42:01.840: D/WindowManager(3557): addWindow: android.view.IWindow$Stub$Proxy@af90f55 displayId=0
11-04 16:42:01.841: D/InputTransport(3557): Input channel constructed: fd=420
11-04 16:42:01.841: D/InputTransport(3557): Input channel constructed: fd=436
11-04 16:42:01.842: W/ActivityManager(3557): Unable to start service Intent { flg=0x4 cmp=com.android.vending/com.google.android.finsky.services.DailyHygiene$DailyHygieneService launchParam=MultiScreenLaunchParams { mDisplayId=0 mFlags=0 } (has extras) } U=0: not found
11-04 16:42:01.842: D/InputTransport(3557): Input channel destroyed: fd=436
11-04 16:42:01.843: D/InputTransport(2270): Input channel constructed: fd=61
11-04 16:42:01.843: D/ViewRootImpl@3e493a4[BackdropActivity](2270): setView = DecorView@227050d[BackdropActivity] touchMode=true
11-04 16:42:01.844: I/Icing(11736): IndexChimeraService.getServiceInterface callingPackage=com.google.android.gms componentName=AppsCorpus serviceId=32
11-04 16:42:01.848: D/ConnectivityManager(2092): requestNetwork; CallingUid : 10178, CallingPid : 2092
11-04 16:42:01.850: D/ConnectivityService(3557): listenForNetwork for Listen from uid/pid:10178/2092 for NetworkRequest [ id=17, legacyType=-1, [ Capabilities: INTERNET&NOT_RESTRICTED&TRUSTED] ]
11-04 16:42:01.851: D/ConnectivityService(3557): rematching NetworkAgentInfo [WIFI () - 502]
11-04 16:42:01.851: D/ConnectivityService(3557):  network has: [ Transports: WIFI Capabilities: NOT_METERED&INTERNET&NOT_RESTRICTED&TRUSTED&NOT_VPN&VALIDATED LinkUpBandwidth>=1048576Kbps LinkDnBandwidth>=1048576Kbps SignalStrength: -45]
11-04 16:42:01.851: D/ConnectivityService(3557):   checking if request is satisfied: NetworkRequest [ id=11, legacyType=-1, [ Capabilities: MMS&NOT_RESTRICTED&TRUSTED&NOT_VPN] ]
11-04 16:42:01.851: D/ConnectivityService(3557):   checking if request is satisfied: NetworkRequest [ id=6, legacyType=-1, [ Transports: CELLULAR|WIFI Capabilities: NOT_RESTRICTED&TRUSTED&NOT_VPN] ]
11-04 16:42:01.851: D/ConnectivityService(3557):   checking if request is satisfied: NetworkRequest [ id=10, legacyType=-1, [ Transports: WIFI Capabilities: INTERNET&NOT_RESTRICTED&TRUSTED&NOT_VPN] ]
11-04 16:42:01.851: D/ConnectivityService(3557):   checking if request is satisfied: NetworkRequest [ id=8, legacyType=-1, [ Transports: WIFI Capabilities: INTERNET&NOT_RESTRICTED&TRUSTED&NOT_VPN] ]
11-04 16:42:01.851: D/ConnectivityService(3557):   checking if request is satisfied: NetworkRequest [ id=5, legacyType=-1, [ Transports: WIFI Capabilities: INTERNET&NOT_RESTRICTED&TRUSTED&NOT_VPN] ]
11-04 16:42:01.851: D/ActivityManager(3557): post active user change for 0 fullscreen true isHomeActivity() false
11-04 16:42:01.851: D/ConnectivityService(3557):   checking if request is satisfied: NetworkRequest [ id=9, legacyType=-1, [ Transports: WIFI Capabilities: INTERNET&NOT_RESTRICTED&TRUSTED&NOT_VPN] ]
11-04 16:42:01.851: D/ConnectivityService(3557): Network NetworkAgentInfo [WIFI () - 502] was already satisfying request 1. No change.
11-04 16:42:01.851: D/ConnectivityService(3557):   checking if request is satisfied: NetworkRequest [ id=3, legacyType=-1, [] ]
11-04 16:42:01.851: D/ConnectivityService(3557):   checking if request is satisfied: NetworkRequest [ id=4, legacyType=-1, [ Transports: CELLULAR Capabilities: INTERNET&NOT_RESTRICTED&TRUSTED&NOT_VPN] ]
11-04 16:42:01.851: D/ConnectivityService(3557):   checking if request is satisfied: NetworkRequest [ id=7, legacyType=-1, [] ]
11-04 16:42:01.851: D/ConnectivityService(3557):   checking if request is satisfied: NetworkRequest [ id=12, legacyType=-1, [ Capabilities: INTERNET&NOT_RESTRICTED&TRUSTED] ]
11-04 16:42:01.851: D/ConnectivityService(3557):   checking if request is satisfied: NetworkRequest [ id=17, legacyType=-1, [ Capabilities: INTERNET&NOT_RESTRICTED&TRUSTED] ]
11-04 16:42:01.851: D/KnoxTimeoutHandler(3557): postActiveUserChange [MsgParam] userId: 0 fullscreen is true showWhenlocked is false isMutiwindowRecord is false multiwindowstyle is 0
11-04 16:42:01.851: D/ConnectivityService(3557): sending notification AVAILABLE for NetworkRequest [ id=17, legacyType=-1, [ Capabilities: INTERNET&NOT_RESTRICTED&TRUSTED] ]
11-04 16:42:01.860: D/ActivityManager(3557): The following uid has registered to recieve broadcast for proxy related updates 10178
11-04 16:42:01.861: W/ContextImpl(3557): Calling a method in the system process without a qualified user: android.app.ContextImpl.sendBroadcast:921 com.android.server.am.ActivityManagerService.requestKnoxVpnToSendProxyBroadcast:26507 com.android.server.am.ActivityManagerService.registerReceiver:21371 android.app.ActivityManagerNative.onTransact:466 com.android.server.am.ActivityManagerService.onTransact:3573 
11-04 16:42:01.863: D/LockSettingsStorage(3557): mSKTLockState = 2
11-04 16:42:01.863: D/KnoxTimeoutHandler(3557): handleActiveUserChange [MsgParam] userId: 0 fullscreen is true showWhenlocked is false isMutiwindowRecord is false multiwindowstyle is 0
11-04 16:42:01.869: I/KnoxTimeoutHandler(3557): Shared devices show user statefalse
11-04 16:42:01.870: D/ActivityThread(2353): Added TimaKeyStore provider
11-04 16:42:01.873: I/ActivityManager(3557): DSS on for com.policydm and scale is 1.0
11-04 16:42:01.877: D/KnoxVpnEngineService(3557): Vpn Receiver : com.samsung.android.knox.intent.action.VPN_PROXY_BROADCAST_INTERNAL
11-04 16:42:01.877: I/KnoxVpnEngineService(3557): vpn handle : Message received
11-04 16:42:01.878: D/SecContentProvider2(3557): query(), uri = 15 selection = getAppBlockDownloadState
11-04 16:42:01.881: V/MediaRouter(2092): Selecting route: RouteInfo{ name=Phone, description=null, status=null, category=RouteCategory{ name=null types=ROUTE_TYPE_LIVE_AUDIO ROUTE_TYPE_LIVE_VIDEO  groupable=false }, supportedTypes=ROUTE_TYPE_LIVE_AUDIO ROUTE_TYPE_LIVE_VIDEO , presentationDisplay=null }
11-04 16:42:01.883: V/WifiDisplayAdapter(3557): getWifiDisplayStatusLocked: result=WifiDisplayStatus{featureState=2, scanState=0, activeDisplayState=0, activeDisplay=null, displays=[], sessionInfo=WifiDisplaySessionInfo: Client/Owner: Client GroupId:  Passphrase:  SessionId: 0 IP Address: , connectedState=-1, networkQoS=0}
11-04 16:42:01.884: I/Icing(11736): IndexChimeraService.getServiceInterface callingPackage=com.google.android.gms componentName=AppsCorpus serviceId=36
11-04 16:42:01.896: W/System(2353): ClassLoader referenced unknown path: /system/priv-app/SPDClient/lib/arm64
11-04 16:42:01.897: W/ActivityManager(3557): Permission Denial: Accessing service ComponentInfo{com.google.android.music/com.google.android.music.dial.DialMediaRouteProviderService} from pid=2092, uid=10178 that is not exported from uid 10135
11-04 16:42:01.908: D/ContextRelationMgrBrdg(2353): loadKlass() : caller=com.samsung.android.bridge.multiscreen.common.ContextRelationManagerBridge.<clinit>:28 android.app.LoadedApk.makeApplication:840 
11-04 16:42:01.910: V/WindowManager(3557): Relayout Window{506825bd0 u0 com.google.android.apps.mtaas.backdrop/com.google.android.apps.mtaas.backdrop.BackdropActivity}: viewVisibility=0 req=1080x1848 WM.LayoutParams{(0,0)(fillxfill) sim=#110 ty=1 fl=#1e10100 wanim=0x103038a needsMenuKey=2 naviIconColor=0}
11-04 16:42:01.911: D/DownloadManager(5199): [46] Starting com.google.android.googlequicksearchbox
11-04 16:42:01.912: I/SurfaceFlinger(3188): id=23 createSurf (1x1),1 flag=404, CackdropAct
11-04 16:42:01.915: W/NetworkIdentity(3557): Active mobile network without subscriber!
11-04 16:42:01.915: I/CastMediaRouteProvider(11736): in onDiscoveryRequestChanged: request=DiscoveryRequest{ selector=MediaRouteSelector{ controlCategories=[com.google.android.gms.cast.CATEGORY_CAST/805741C9, com.google.android.gms.cast.CATEGORY_CAST/233637DE] }, activeScan=false, isValid=true }
11-04 16:42:01.915: D/LockSettingsStorage(3557): mSKTLockState = 2
11-04 16:42:01.915: W/DiscoveryManager(11736): BroadcastReceiver is already registered
11-04 16:42:01.916: I/DiscoveryManager(11736): Filter criteria(805741C9,233637DE) scannerFlags(2)
11-04 16:42:01.916: I/Publisher(11736): onUpdateFilterCriteria [805741C9, 233637DE]
11-04 16:42:01.918: D/NetworkSecurityConfig(5199): No Network Security Config specified, using platform default
11-04 16:42:01.918: I/CastMediaRouteProvider(11736): onDevicesPublished with 0 devices
11-04 16:42:01.918: I/CastMediaRouteProvider(11736): Published 0 routes
11-04 16:42:01.919: I/System.out(5199): (HTTPLog)-Static: isSBSettingEnabled false
11-04 16:42:01.919: I/System.out(5199): (HTTPLog)-Static: isSBSettingEnabled false
11-04 16:42:01.920: D/InputDispatcher(3557): Focus entered window: 2270
11-04 16:42:01.921: D/LockSettingsStorage(3557): mSKTLockState = 2
11-04 16:42:01.923: I/FOTA(2353): [lllIIIIIIlllIlIIIIII(108/llIIIIlllllIIllIIllI)] oms: /customer.xml
11-04 16:42:01.923: I/FOTA(2353): [lllIIIIIIlllIlIIIIII(199/lllIlIlIIIllIIlIllIl)] read default : /system/csc/customer.xml
11-04 16:42:01.930: I/Icing(11736): Usage reports 2 indexed 0 rejected 0 imm upload true
11-04 16:42:01.931: I/OggExtractor(3236): ~OggExtractor ++
11-04 16:42:01.931: I/OggExtractor(3236): ~MyOggExtractor ++ 
11-04 16:42:01.931: I/OggExtractor(3236): ~MyOggExtractor --
11-04 16:42:01.931: I/OggExtractor(3236): ~OggExtractor --
11-04 16:42:01.941: I/OpenGLRenderer(2270): Initialized EGL, version 1.4
11-04 16:42:01.941: D/OpenGLRenderer(2270): Swap behavior 1
11-04 16:42:01.940: V/MediaPlayerService(3240): Create new media retriever from pid 5199
11-04 16:42:01.945: D/libGLESv1(2270): STS_GLApi : DTS is not allowed for Package : com.google.android.apps.mtaas.backdrop
11-04 16:42:01.948: I/FOTA(2353): [com.sec.android.policyagent.PolicyApplication(36/onCreate)] PolicyApplication onCreated!
11-04 16:42:01.949: D/mali_winsys(2270): EGLint new_window_surface(egl_winsys_display*, void*, EGLSurface, EGLConfig, egl_winsys_surface**, egl_color_buffer_format*, EGLBoolean) returns 0x3000,  [1080x1920]-format:1
11-04 16:42:01.953: E/SEC_DRM_PLUGIN_Omafl(3194): OmaPlugin::onOpenDecryptSession(fd)::Drm2IsDrmFileByExtFd::file is NOT DRM by extension
11-04 16:42:01.953: W/SEC_DRM_PLUGIN_Playready(3194): PlayreadyPlugIn: Function[DRM_ASFVerify_Context_Initialize]; Line[4469]; File type[0]
11-04 16:42:01.953: W/SEC_DRM_PLUGIN_Playready(3194): PlayReadyPlugIn: Function[onOpenDecryptSession]; Line[2576]; DRM Result[0x80004005]
11-04 16:42:01.958: D/LockSettingsStorage(3557): mSKTLockState = 2
11-04 16:42:01.960: D/AbsListView(2270):  onsize change 
11-04 16:42:01.963: D/LockSettingsStorage(3557): mSKTLockState = 2
11-04 16:42:01.963: V/WallpaperService(4144): Visibility change in com.android.systemui.ImageWallpaper$DrawableEngine@b92e5c6: 0
11-04 16:42:01.966: I/DBG_POLICYDM(2353): [com.policydm.XDMBroadcastReceiver(52/llIIIIlllllIIllIIllI)] XDMBroadcastReceiver onReceive! action = android.intent.action.LOCALE_CHANGED
11-04 16:42:01.967: V/WallpaperService(4144): onVisibilityChanged(false): com.android.systemui.ImageWallpaper$DrawableEngine@b92e5c6
11-04 16:42:01.967: D/ImageWallpaper(4144): onVisibilityChanged: mVisible, visible=true, false
11-04 16:42:01.967: D/ImageWallpaper(4144): Visibility changed to visible=false
11-04 16:42:01.967: I/DeviceScanner(11736): [MDNS] startScan: scannerFlags: 2 criteria=805741C9,233637DE
11-04 16:42:01.967: I/DeviceScanner(11736): [MDNS] onScanSettingsUpdated: filterCriteriaAdded: 233637DE
11-04 16:42:01.967: I/DeviceScanner(11736): [MDNS] onScanSettingsUpdated: filterCriteriaRemoved: NONE
11-04 16:42:01.967: I/DeviceScanner(11736): [MDNS] onScanSettingsUpdated: Did scan settings changed? true
11-04 16:42:01.967: W/MdnsClient_Cast(11736): Multicast lock held. Releasing. Subtypes:"805741C9"
11-04 16:42:01.968: D/SamsungAnalytics(2315): cf feature is supported
11-04 16:42:01.969: D/WifiHAL(3557): Setting APF program, halHandle = 0x712e0b4de0
11-04 16:42:01.970: I/WifiHAL(3557): createRequest: APF set program request
11-04 16:42:01.977: I/WifiHAL(3557): Done!
11-04 16:42:01.977: W/MdnsClient_Cast(11736): #acquireLock. Multicast lock not held. Acquiring. Subtypes:"805741C9,233637DE"
11-04 16:42:01.978: D/WifiHAL(3557): Setting APF program, halHandle = 0x712e0b4de0
11-04 16:42:01.978: I/WifiHAL(3557): createRequest: APF set program request
11-04 16:42:01.980: I/DeviceScanner(11736): [GuestMode] startScan: scannerFlags: 2 criteria=805741C9,233637DE
11-04 16:42:01.983: I/WifiHAL(3557): Done!
11-04 16:42:01.990: I/DBG_POLICYDM(2353): [com.policydm.db.IIIIllIlIIlIIIIlllIl(52/llIIIIlllllIIllIIllI)] doesn't exist target file: /data/security/sepolicy
11-04 16:42:01.993: I/DBG_POLICYDM(2353): [com.policydm.db.IIIIllIlIIlIIIIlllIl(52/llIIIIlllllIIllIIllI)] doesn't exist target file: /data/security/seapp_contexts
11-04 16:42:01.994: I/DBG_POLICYDM(2353): [com.policydm.db.IIIIllIlIIlIIIIlllIl(52/llIIIIlllllIIllIIllI)] doesn't exist target file: /data/security/property_contexts
11-04 16:42:01.995: I/DBG_POLICYDM(2353): [com.policydm.db.IIIIllIlIIlIIIIlllIl(52/llIIIIlllllIIllIIllI)] doesn't exist target file: /data/security/file_contexts.bin
11-04 16:42:01.995: I/DBG_POLICYDM(2353): [com.policydm.db.IIIIllIlIIlIIIIlllIl(52/llIIIIlllllIIllIIllI)] doesn't exist target file: /data/security/service_contexts
11-04 16:42:01.996: I/DBG_POLICYDM(2353): [com.policydm.db.IIIIllIlIIlIIIIlllIl(52/llIIIIlllllIIllIIllI)] doesn't exist target file: /data/security/mac_permissions.xml
11-04 16:42:01.997: D/SecContentProvider2(3557): query(), uri = 15 selection = getAppBlockDownloadState
11-04 16:42:01.997: I/System.out(2092): Thread-1606(ApacheHTTPLog):isSBSettingEnabled false
11-04 16:42:01.997: I/System.out(2092): Thread-1606(ApacheHTTPLog):isShipBuild true
11-04 16:42:01.997: I/DBG_POLICYDM(2353): [com.sec.android.policyagent.RegistrationReceiver(41/llIIIIlllllIIllIIllI)] RegistrationReceiver onReceive! action = android.intent.action.LOCALE_CHANGED
11-04 16:42:01.998: D/SamsungAnalytics(2315): [Tracker] Tracker start:1.8.15
11-04 16:42:02.009: I/Icing(11736): Usage reports 0 indexed 0 rejected 0 imm upload true
11-04 16:42:02.010: I/System.out(11763): (HTTPLog)-Static: isSBSettingEnabled false
11-04 16:42:02.010: I/System.out(11763): (HTTPLog)-Static: isSBSettingEnabled false
11-04 16:42:02.010: D/SecMenutree(1813): Outdoor mode(outdoor_mode) is disabled so not indexed in Display
11-04 16:42:02.012: I/DBG_POLICYDM(2353): [com.sec.android.policyagent.RegistrationReceiver(77/llIIIIlllllIIllIIllI)] Need to device registering...
11-04 16:42:02.013: I/System.out(2092): Thread-1606(ApacheHTTPLog):getDebugLevel 0x4f4c
11-04 16:42:02.014: I/System.out(2092): Thread-1606(ApacheHTTPLog):Smart Bonding Setting is false
11-04 16:42:02.014: I/System.out(2092): Thread-1606(ApacheHTTPLog):SmartBonding Setting is false, SHIP_BUILD is true, log to file is false, DBG is false, DEBUG_LEVEL (1-LOW, 2-MID, 3-HIGH) is 1
11-04 16:42:02.014: I/DBG_POLICYDM(2353): [com.sec.android.policyagent.db.llllIIIllIlIIIIllllI(68/llIIIIlllllIIllIIllI)] get SalesCode from FotaFeature
11-04 16:42:02.015: D/SecMenutree(1813): Wallpaper(wallpaper) is disabled so not indexed in Display
11-04 16:42:02.015: I/DBG_POLICYDM(2353): [com.sec.android.policyagent.db.llllIIIllIlIIIIllllI(68/llIIIIlllllIIllIIllI)] get SalesCode from FotaFeature
11-04 16:42:02.015: D/SecMenutree(1813): Screen rotation(auto_rotate) is disabled so not indexed in Display
11-04 16:42:02.015: D/SecMenutree(1813): Content scaling(display_scaling) is disabled so not indexed in Display
11-04 16:42:02.016: I/DBG_POLICYDM(2353): [com.sec.android.policyagent.db.IIIIllIlIIlIIIIlllIl(45/llIIIIlllllIIllIIllI)] already Eula Agree
11-04 16:42:02.017: I/DBG_POLICYDM(2353): [com.sec.android.policyagent.RegistrationReceiver(156/llIIIIlllllIIllIIllI)] Do not need to agree FOTA Disclaimer
11-04 16:42:02.035: D/SecMenutree(1813): Double twist for camera(camera_gesture) is disabled so not indexed in Display
11-04 16:42:02.035: I/OggExtractor(3236): ~OggExtractor ++
11-04 16:42:02.035: I/OggExtractor(3236): ~MyOggExtractor ++ 
11-04 16:42:02.035: D/SecMenutree(1813): Press power button twice for camera(camera_double_tap_power_gesture) is disabled so not indexed in Display
11-04 16:42:02.035: I/OggExtractor(3236): ~MyOggExtractor --
11-04 16:42:02.035: I/OggExtractor(3236): ~OggExtractor --
11-04 16:42:02.035: D/SecMenutree(1813): Smart stay(smartscreen_stay) is disabled so not indexed in Display
11-04 16:42:02.036: D/SecMenutree(1813): Edge screen(edge_screen) is disabled so not indexed in Display
11-04 16:42:02.039: D/SecMenutree(1813): Night clock(night_clock) is disabled so not indexed in Display
11-04 16:42:02.039: D/SecMenutree(1813): Touch key light duration(touch_key_light) is disabled so not indexed in Display
11-04 16:42:02.039: D/SecMenutree(1813): Edge lighting(edge_lighting) is disabled so not indexed in Display
11-04 16:42:02.045: D/SecMenutree(1813): Navigation Bar(navigation_Bar) is disabled so not indexed in Display
11-04 16:42:02.045: D/EnterpriseController(3241): netId is 0
11-04 16:42:02.045: D/Netd(3241): getNetworkForDns: using netid 502 for uid 10178
11-04 16:42:02.045: D/DnsProxyListener(3241): DNSDBG::dns addrinfo af 0
11-04 16:42:02.051: W/System(1649): ClassLoader referenced unknown path: 
11-04 16:42:02.051: W/System(1649): ClassLoader referenced unknown path: /system/priv-app/SecSettings2/lib/arm64
11-04 16:42:02.052: E/CustomizedTextParser(1813): getCustomizedText Rule is empty. mRuleMap={}
11-04 16:42:02.055: D/SecMenutree(1813): Outer screen auto lock(sub_lcd_auto_lock) is disabled so not indexed in Display
11-04 16:42:02.056: D/SecMenutree(1813): Night-time keyboard mode(key_night_mode) is disabled so not indexed in Display
11-04 16:42:02.056: D/SecMenutree(1813): Keyboard backlight duration(key_backlight) is disabled so not indexed in Display
11-04 16:42:02.056: D/SecMenutree(1813): Pick up to turn on screen(lift_to_wake) is disabled so not indexed in Display
11-04 16:42:02.056: D/SecMenutree(1813): Ambient display(doze) is disabled so not indexed in Display
11-04 16:42:02.056: D/SecMenutree(1813): Tap to wake(tap_to_wake) is disabled so not indexed in Display
11-04 16:42:02.056: D/SecMenutree(1813): Screen zoom(screen_zoom) is disabled so not indexed in Display
11-04 16:42:02.056: D/SecMenutree(1813): Cast screen(wifi_display) is disabled so not indexed in Display
11-04 16:42:02.057: D/SecMenutree(1813): VR effects(vr_display_pref) is disabled so not indexed in Display
11-04 16:42:02.057: D/Settings_Utils(1813): isSupportBoostMode: true
11-04 16:42:02.058: D/Settings_Utils(1813): isGameModeEnabled: false
11-04 16:42:02.058: E/ActivityThread(1649): Failed to find provider info for com.myscript.atk.rmc
11-04 16:42:02.064: I/Icing(11736): Usage reports 0 indexed 0 rejected 0 imm upload false
11-04 16:42:02.065: D/SecMenutree(1813): isSupportedExternalPackage/com.android.settings: true
11-04 16:42:02.067: D/SecMenutree(1813): SearchIndexableResource 'com.samsung.android.settings.display.IconBackgrounds' should implement the com.android.settings.search.Indexable interface!
11-04 16:42:02.078: D/SecMenutree(1813): Show network speed(network_speed) is disabled so not indexed in Status bar
11-04 16:42:02.078: D/SecMenutree(1813): SearchIndexableResource 'com.android.settings.DreamSettings' should implement the com.android.settings.search.Indexable interface!
11-04 16:42:02.081: D/MountService(3557): getExternalStorageMountMode : 1
11-04 16:42:02.081: D/MountService(3557): getExternalStorageMountMode : 3
11-04 16:42:02.081: D/MountService(3557): getExternalStorageMountMode : final mountMode=1, uid : 10006, packageName : com.samsung.android.app.aodservice
11-04 16:42:02.082: D/SecMenutree(1813): isSupportedExternalPackage/com.android.settings: true
11-04 16:42:02.083: D/SecMenutree(1813): There is no xmlResId: null
11-04 16:42:02.096: D/SecMenutree(1813): isSupportedExternalPackage/com.samsung.android.themestore: false
11-04 16:42:02.103: D/Settings_Utils(1813): readCountryCode(): country=
11-04 16:42:02.104: I/Icing(11736): Usage reports 0 indexed 0 rejected 0 imm upload false
11-04 16:42:02.108: D/Settings_Utils(1813): readCountryCode(): country=
11-04 16:42:02.112: D/MotionRecognitionManager(1813): mSContextService = com.samsung.android.hardware.context.ISemContextService$Stub$Proxy@73a14ec
11-04 16:42:02.114: D/MotionRecognitionManager(1813): motionService = com.samsung.android.gesture.IMotionRecognitionService$Stub$Proxy@a300b5
11-04 16:42:02.115: D/MotionRecognitionManager(1813): motionService = com.samsung.android.gesture.IMotionRecognitionService$Stub$Proxy@a300b5
11-04 16:42:02.130: D/ScoverManager(1813): serviceVersion : 17367040
11-04 16:42:02.133: D/SecMenutree(1813): S Pen(pen_settings_title) is disabled so not indexed in Advanced features
11-04 16:42:02.133: D/SecMenutree(1813): Active key(active_key_settings) is disabled so not indexed in Advanced features
11-04 16:42:02.133: D/SecMenutree(1813): Accessories(dock_settings) is disabled so not indexed in Advanced features
11-04 16:42:02.139: D/SecMenutree(1813): Floating messages(display_airmessage) is disabled so not indexed in Advanced features
11-04 16:42:02.139: D/SecMenutree(1813): Festival effect(key_festival_effect) is disabled so not indexed in Advanced features
11-04 16:42:02.140: D/SecMenutree(1813): App lock(key_applock) is disabled so not indexed in Advanced features
11-04 16:42:02.140: D/SecMenutree(1813): Identify unsaved numbers(identify_unsaved_numbers) is disabled so not indexed in Advanced features
11-04 16:42:02.140: D/SecMenutree(1813): Call/message spam filter(call_message_spam_filter) is disabled so not indexed in Advanced features
11-04 16:42:02.140: D/SecMenutree(1813): Quick grab hongbao(accelerate_hongbao_receiving) is disabled so not indexed in Advanced features
11-04 16:42:02.141: D/SecMenutree(1813): Hongbao assistant(hongbao_assistant) is disabled so not indexed in Advanced features
11-04 16:42:02.151: D/WindowManager(3557): finishDrawingWindow: Window{506825bd0 u0 com.google.android.apps.mtaas.backdrop/com.google.android.apps.mtaas.backdrop.BackdropActivity} mDrawState=DRAW_PENDING
11-04 16:42:02.151: V/MediaPlayerService(3240): Create new media retriever from pid 5199
11-04 16:42:02.151: D/ViewRootImpl@3e493a4[BackdropActivity](2270): MSG_RESIZED_REPORT: ci=Rect(0, 72 - 0, 0) vi=Rect(0, 72 - 0, 0) or=1
11-04 16:42:02.151: D/LockSettingsStorage(3557): mSKTLockState = 2
11-04 16:42:02.151: D/ViewRootImpl@3e493a4[BackdropActivity](2270): MSG_WINDOW_FOCUS_CHANGED 1
11-04 16:42:02.152: W/ActivityManager(3557): Slow operation: 73ms so far, now at startProcess: returned from zygote!
11-04 16:42:02.152: W/ActivityManager(3557): Slow operation: 73ms so far, now at startProcess: done updating battery stats
11-04 16:42:02.153: W/ActivityManager(3557): Slow operation: 73ms so far, now at startProcess: building log message
11-04 16:42:02.153: I/ActivityManager(3557): Start proc 2404:com.samsung.android.app.aodservice:settingui/u0a6 for broadcast com.samsung.android.app.aodservice/.settings.SettingUIReceiver
11-04 16:42:02.153: W/ActivityManager(3557): Slow operation: 73ms so far, now at startProcess: starting to update pids map
11-04 16:42:02.153: W/ActivityManager(3557): Slow operation: 73ms so far, now at startProcess: done updating pids map
11-04 16:42:02.153: W/ActivityManager(3557): Slow operation: 73ms so far, now at startProcess: done starting proc!
11-04 16:42:02.154: E/Zygote(2404): v2
11-04 16:42:02.154: I/libpersona(2404): KNOX_SDCARD checking this for 10006
11-04 16:42:02.154: I/libpersona(2404): KNOX_SDCARD not a persona
11-04 16:42:02.154: D/LockSettingsStorage(3557): mSKTLockState = 2
11-04 16:42:02.154: V/InputMethodManager(2270): Starting input: tba=android.view.inputmethod.EditorInfo@dae2c41 nm : com.google.android.apps.mtaas.backdrop ic=null
11-04 16:42:02.154: I/InputMethodManager(2270): [IMM] startInputInner - mService.startInputOrWindowGainedFocus
11-04 16:42:02.156: E/Zygote(2404): accessInfo : 0
11-04 16:42:02.158: D/KnoxTimeoutHandler(3557): notifyActivityDrawn [MsgParam] userId: 0 fullscreen is true showWhenlocked is false isMutiwindowRecord is false multiwindowstyle is 1
11-04 16:42:02.159: D/KnoxTimeoutHandler(3557): activityDrawn [MsgParam] userId: 0 fullscreen is true showWhenlocked is false isMutiwindowRecord is false multiwindowstyle is 1
11-04 16:42:02.160: I/ActivityManager(3557): Displayed com.google.android.apps.mtaas.backdrop/.BackdropActivity: +783ms
11-04 16:42:02.160: D/ActivityManager(3557): mActivityResumeBoosterTail.acquire()
11-04 16:42:02.160: D/CustomFrequencyManagerService(3557): releaseDVFSLockLocked : Getting Lock type frm List : DVFS_MIN_LIMIT  frequency : 1560000  uid : 1000  pid : 3557  tag : AMS_RESUME@CPU_MIN@7
11-04 16:42:02.161: D/ActivityManager(3557): mActivityResumeBooster.release()
11-04 16:42:02.161: D/ViewRootImpl@6394595[backdrop](3557): dispatchDetachedFromWindow
11-04 16:42:02.162: D/SecMenutree(1813): Record screen(screen_recorder) is disabled so not indexed in Advanced features
11-04 16:42:02.165: D/CustomFrequencyManagerService(3557): acquireDVFSLockLocked : type : DVFS_MIN_LIMIT  frequency : 1560000  uid : 1000  pid : 3557  pkgName : AMS_RESUME_TAIL@CPU_MIN@13
11-04 16:42:02.166: W/SELinux(2404): SELinux selinux_android_compute_policy_index : Policy Index[1],  Con:u:r:zygote:s0 SPD:SEPF_SECMOBILE_7.0_0006 RAM:SEPF_SECMOBILE_7.0_0004, [-1 -1 0 1 0 1]
11-04 16:42:02.167: I/SELinux(2404): SELinux: seapp_context_lookup: seinfo=platform, level=s0:c512,c768, pkgname=com.samsung.android.app.aodservice:settingui 
11-04 16:42:02.167: I/KnoxTimeoutHandler(3557): SD activityfalse
11-04 16:42:02.168: I/KnoxTimeoutHandler(3557): Fullscreen and mCurrent is not KNOX user. Hence hide keyguard
11-04 16:42:02.168: D/LockSettingsStorage(3557): mSKTLockState = 2
11-04 16:42:02.169: D/InputTransport(3557): Input channel destroyed: fd=390
11-04 16:42:02.170: D/InputTransport(3557): Input channel destroyed: fd=401
11-04 16:42:02.173: D/SecMenutree(1813): Galaxy Labs(galaxy_labs) is disabled so not indexed in Advanced features
11-04 16:42:02.173: D/SecMenutree(1813): Panic mode(key_panic_mode) is disabled so not indexed in Advanced features
11-04 16:42:02.174: V/WindowManager(3557): Show surface turning screen on: Window{506825bd0 u0 com.google.android.apps.mtaas.backdrop/com.google.android.apps.mtaas.backdrop.BackdropActivity}
11-04 16:42:02.175: D/InputMethodManagerService(3557): windowGainedFocus mCurrentFocusedUserId - 0 and mSecureKeypadEnabled-false
11-04 16:42:02.175: D/LockSettingsStorage(3557): mSKTLockState = 2
11-04 16:42:02.176: D/SamsungPhoneWindowManager(3557): Turning screen on : com.google.android.apps.mtaas.backdrop
11-04 16:42:02.176: W/DownloadManager(5199): fallocate() said ENOTSUP; falling back to ftruncate()
11-04 16:42:02.177: D/PowerManagerService(3557): [api] [s] wakeUp (uid: 1000 pid: 3557) eventTime = 34193182
11-04 16:42:02.177: D/InputMethodManagerService(3557): mDesktopModeManager null!
11-04 16:42:02.177: D/InputTransport(3557): Input channel constructed: fd=390
11-04 16:42:02.177: D/InputTransport(3557): Input channel constructed: fd=401
11-04 16:42:02.178: D/InputTransport(3557): Input channel destroyed: fd=401
11-04 16:42:02.178: D/InputTransport(4825): Input channel destroyed: fd=80
11-04 16:42:02.178: D/InputTransport(4459): Input channel constructed: fd=66
11-04 16:42:02.180: D/SecContentProvider2(3557): query(), uri = 15 selection = getAppBlockDownloadState
11-04 16:42:02.181: D/InputTransport(3557): Input channel constructed: fd=401
11-04 16:42:02.181: D/InputTransport(3557): Input channel destroyed: fd=401
11-04 16:42:02.181: D/InputTransport(2270): Input channel constructed: fd=68
11-04 16:42:02.182: D/SamsungIME(4459): onFinishInput
11-04 16:42:02.182: D/SamsungIME(4459): IMPL finishInput
11-04 16:42:02.182: I/SamsungIME(4459): [IMI] onStartInput - caller packageName : com.google.android.apps.mtaas.backdrop
11-04 16:42:02.182: D/SamsungIME(4459): onStartInput: No inputType, No imeOption, isInputViewShown = false, isExtractViewShown = false, isShowInputRequested = false, isConfigChanged = true, mIsFirstStartInput = false
11-04 16:42:02.182: D/SKBD SamsungIME_SYNC(4459): import DLM start onstart input
11-04 16:42:02.182: D/SKBD SamsungIME_SYNC(4459): shouldImportDLM mIsImportDLM false
11-04 16:42:02.183: W/DownloadManager(5199): fallocate() said ENOTSUP; falling back to ftruncate()
11-04 16:42:02.185: D/WindowManager(3557): finishDrawingWindow: Window{506825bd0 u0 com.google.android.apps.mtaas.backdrop/com.google.android.apps.mtaas.backdrop.BackdropActivity} mDrawState=HAS_DRAWN
11-04 16:42:02.185: V/InputMethodManager(2270): Starting input: tba=android.view.inputmethod.EditorInfo@fead5e6 nm : com.google.android.apps.mtaas.backdrop ic=null
11-04 16:42:02.186: D/ActivityTrigger(3557): ActivityTrigger activityStopTrigger 
11-04 16:42:02.187: E/SEC_DRM_PLUGIN_Omafl(3194): OmaPlugin::onOpenDecryptSession(fd)::Drm2IsDrmFileByExtFd::file is NOT DRM by extension
11-04 16:42:02.188: W/SEC_DRM_PLUGIN_Playready(3194): PlayreadyPlugIn: Function[DRM_ASFVerify_Context_Initialize]; Line[4469]; File type[0]
11-04 16:42:02.188: W/SEC_DRM_PLUGIN_Playready(3194): PlayReadyPlugIn: Function[onOpenDecryptSession]; Line[2576]; DRM Result[0x80004005]
11-04 16:42:02.192: D/MenuAppsGridFragment(4825): onStop
11-04 16:42:02.192: D/Launcher.HomeView(4825): onStop
11-04 16:42:02.192: D/capture(4825): ----destroy
11-04 16:42:02.227: D/ActivityThread(2404): Added TimaKeyStore provider
11-04 16:42:02.232: I/FileSource(3240): [Read time] time (34954) us > 10000 us, request_size (2048), read_size (2048) offset(0) mOffset(0)
11-04 16:42:02.244: I/ActivityManager(3557): DSS on for com.samsung.android.app.aodservice and scale is 1.0
11-04 16:42:02.249: D/Launcher(4825): onTrimMemory. Level: 20
11-04 16:42:02.267: D/DownloadManager(5199): [45] Finished with status SUCCESS
11-04 16:42:02.267: V/DownloadManager(5199): MIME Type = application/java-archive
11-04 16:42:02.268: I/WindowManager(3557): Destroying surface Surface(name=com.sec.android.app.launcher/com.sec.android.app.launcher.activities.LauncherActivity) called by com.android.server.wm.WindowStateAnimator.destroySurface:2838 com.android.server.wm.WindowStateAnimator.destroySurfaceLocked:1069 com.android.server.wm.WindowState.destroyOrSaveSurface:2534 com.android.server.wm.AppWindowToken.destroySurfaces:412 com.android.server.wm.AppWindowToken.destroySurfaces:376 com.android.server.wm.AppWindowToken.notifyAppStopped:456 com.android.server.wm.WindowManagerService.notifyAppStopped:5190 com.android.server.am.ActivityStack.activityStoppedLocked:1571 
11-04 16:42:02.268: I/SurfaceFlinger(3188): id=17 Removed MauncherAct (1/5)
11-04 16:42:02.268: I/SurfaceFlinger(3188): id=17 Removed MauncherAct (-2/5)
11-04 16:42:02.271: D/ForegroundUtils(4722): could not check pending caller
11-04 16:42:02.277: D/SamsungAlarmManager(3557): Cancel Alarm calling from uid:10025 pid :11763 / op:PendingIntent{941cebe: PendingIntentRecord{6eaf768 com.google.android.gms broadcastIntent}}
11-04 16:42:02.277: I/SamsungAlarmManager(3557): setLocked to kernel - T:3 / 19691231T160959, SetElapsed=-1509804128995, nowELAPSED=34193283
11-04 16:42:02.278: D/SamsungAlarmManager(3557): Expired : 8
11-04 16:42:02.278: V/SamsungAlarmManager(3557): Sending to uid : 1000 action=com.android.server.action.UPDATE_TWILIGHT_STATE alarm=Alarm{2f71b1f type 1 when 600000 android}
11-04 16:42:02.280: D/DownloadManager(5199): [46] Finished with status SUCCESS
11-04 16:42:02.281: W/System(2404): ClassLoader referenced unknown path: /system/priv-app/AODService_v20/lib/arm64
11-04 16:42:02.281: V/DownloadManager(5199): MIME Type = application/java-archive
11-04 16:42:02.282: D/SamsungAlarmManager(3557): Cancel Alarm calling from uid:1000 pid :3557 / op:PendingIntent{6742e6c: PendingIntentRecord{4d2035e android broadcastIntent}}
11-04 16:42:02.283: D/SecMenutree(1813): Increase touch sensitivity(increse_touch_sensetivity) is disabled so not indexed in Advanced features
11-04 16:42:02.283: D/SamsungAlarmManager(3557): setExact Intent (T:1/F:9/AC:false) 19691231T161000 - CU:1000/CP:3557
11-04 16:42:02.283: I/SamsungAlarmManager(3557): setLocked to kernel - T:3 / 20171104T164203, SetElapsed=34194287, nowELAPSED=34193288
11-04 16:42:02.283: D/SecMenutree(1813): SearchIndexableResource 'com.samsung.android.settings.SmartStaySettings' should implement the com.android.settings.search.Indexable interface!
11-04 16:42:02.296: D/ContextRelationMgrBrdg(2404): loadKlass() : caller=com.samsung.android.bridge.multiscreen.common.ContextRelationManagerBridge.<clinit>:28 android.app.LoadedApk.makeApplication:840 
11-04 16:42:02.298: D/SamsungAlarmManager(3557): setInexact Intent (T:2/F:0/AC:false) 20171104T171957 - CU:10025/CP:11763
11-04 16:42:02.307: D/SecMenutree(1813): Cannot find field 'SEARCH_INDEX_DATA_PROVIDER'
11-04 16:42:02.308: D/SecMenutree(1813): Cannot find field 'SEARCH_INDEX_DATA_PROVIDER'
11-04 16:42:02.308: D/SecMenutree(1813): Cannot find field 'SEARCH_INDEX_DATA_PROVIDER'
11-04 16:42:02.308: D/SecMenutree(1813): Cannot find field 'SEARCH_INDEX_DATA_PROVIDER'
11-04 16:42:02.309: D/SecMenutree(1813): Cannot find field 'SEARCH_INDEX_DATA_PROVIDER'
11-04 16:42:02.316: D/SecMenutree(1813): isSupportedExternalPackage/com.sec.android.app.safetyassurance: false
11-04 16:42:02.316: D/SecMenutree(1813): Cannot find field 'SEARCH_INDEX_DATA_PROVIDER'
11-04 16:42:02.319: D/SecContentProvider2(3557): query(), uri = 15 selection = getAppBlockDownloadState
11-04 16:42:02.331: D/SecMenutree(1813): isSupportedExternalPackage/com.samsung.android.lool: true
11-04 16:42:02.333: D/DownloadManager(5199): [47] Starting com.google.android.googlequicksearchbox
11-04 16:42:02.333: W/System(1813): ClassLoader referenced unknown path: 
11-04 16:42:02.354: D/AODFeature(2404): ScreenLimitType.getType: SCREEN_LIMIT_TYPE_NONE
11-04 16:42:02.355: I/WindowManager(3557): Destroying surface Surface(name=Starting com.google.android.apps.mtaas.backdrop) called by com.android.server.wm.WindowStateAnimator.destroySurface:2838 com.android.server.wm.WindowStateAnimator.destroySurfaceLocked:1069 com.android.server.wm.WindowState.destroyOrSaveSurface:2534 com.android.server.wm.AppWindowToken.destroySurfaces:412 com.android.server.wm.AppWindowToken.destroySurfaces:376 com.android.server.wm.WindowStateAnimator.finishExit:654 com.android.server.wm.WindowStateAnimator.stepAnimationLocked:564 com.android.server.wm.WindowAnimator.updateWindowsLocked:439 
11-04 16:42:02.356: I/SurfaceFlinger(3188): id=22 Removed cackdrop (3/4)
11-04 16:42:02.356: D/SecContentProvider2(3557): query(), uri = 15 selection = getAppBlockDownloadState
11-04 16:42:02.358: D/LockSettingsStorage(3557): mSKTLockState = 2
11-04 16:42:02.362: D/LockSettingsStorage(3557): mSKTLockState = 2
11-04 16:42:02.363: D/DBManager(2404): ver : 5
11-04 16:42:02.363: D/DBManager(2404): create create table if not exists table_log (UID integer primary key autoincrement, TIME integer, MESSAGE text)
11-04 16:42:02.363: D/DBManager(2404): create create table if not exists table_touch_notification (UID integer primary key autoincrement, PACKAGE text, COUNT integer)
11-04 16:42:02.363: W/NetworkIdentity(3557): Active mobile network without subscriber!
11-04 16:42:02.364: D/DBManager(2404): create create table if not exists table_clockcustom (UID integer primary key autoincrement, CLOCK_NAME text, SELECTED_COLOR integer, SELECTED_WALLPAPER integer, SELECTED_FONT integer, SELECTED_FONT_SIZE integer, SIGNATURE_TEXT text, BITMAP blob, SRC_BITMAP blob, COLOR_ELIMINATION_LEVEL integer, COLOR_SAMPLING_LEVEL integer, COLOR_INVERT integer, COLOR_MAX_LEVEL real, COLOR_MIN_LEVEL real)
11-04 16:42:02.364: D/DBManager(2404): create create table if not exists remoteview_calendar (UID integer primary key autoincrement, type text, date text, image blob, preview integer, timezoneid text, cityname text)
11-04 16:42:02.364: D/DBManager(2404): create create table if not exists table_settings (UID integer primary key autoincrement, SETTING_KEY text, SETTING_VALUE text)
11-04 16:42:02.369: I/SettingUIReceiver(2404): onReceive : android.intent.action.LOCALE_CHANGED
11-04 16:42:02.369: D/SettingUIReceiver(2404): onReceive : ACTION_LOCALE_CHANGED
11-04 16:42:02.375: I/OggExtractor(3236): ~OggExtractor ++
11-04 16:42:02.375: I/OggExtractor(3236): ~MyOggExtractor ++ 
11-04 16:42:02.375: I/OggExtractor(3236): ~MyOggExtractor --
11-04 16:42:02.375: I/OggExtractor(3236): ~OggExtractor --
11-04 16:42:02.376: I/System.out(2092): Thread-1563(ApacheHTTPLog):isSBSettingEnabled false
11-04 16:42:02.377: I/System.out(2092): Thread-1563(ApacheHTTPLog):isShipBuild true
11-04 16:42:02.377: I/System.out(2092): Thread-1563(ApacheHTTPLog):getDebugLevel 0x4f4c
11-04 16:42:02.377: I/System.out(2092): Thread-1563(ApacheHTTPLog):Smart Bonding Setting is false
11-04 16:42:02.377: I/System.out(2092): Thread-1563(ApacheHTTPLog):SmartBonding Setting is false, SHIP_BUILD is true, log to file is false, DBG is false, DEBUG_LEVEL (1-LOW, 2-MID, 3-HIGH) is 1
11-04 16:42:02.378: D/NetworkSecurityConfig(5199): No Network Security Config specified, using platform default
11-04 16:42:02.378: I/qtaguid(2092): Tagging socket -1 with tag 0(0) for uid -1 failed errno=-9
11-04 16:42:02.379: I/NetworkManagementSocketTagger(2092): tagSocketFd(-1, 0, -1) failed with errno-9
11-04 16:42:02.379: D/DownloadManager(5199): [48] Starting com.google.android.googlequicksearchbox
11-04 16:42:02.380: I/System.out(5199): (HTTPLog)-Static: isSBSettingEnabled false
11-04 16:42:02.380: I/System.out(5199): (HTTPLog)-Static: isSBSettingEnabled false
11-04 16:42:02.385: D/SamsungAlarmManager(3557): Cancel Alarm calling from uid:10085 pid :4897 / op:PendingIntent{e21e770: PendingIntentRecord{1d7e014 com.google.android.googlequicksearchbox startService}}
11-04 16:42:02.386: I/SamsungAlarmManager(3557): setLocked to kernel - T:2 / 20171104T164208, SetElapsed=34199343, nowELAPSED=34193392
11-04 16:42:02.387: I/SamsungAlarmManager(3557): setLocked to kernel - T:3 / 19691231T161000, SetElapsed=-1509804128994, nowELAPSED=34193392
11-04 16:42:02.387: D/SamsungAlarmManager(3557): Expired : 8
11-04 16:42:02.387: V/SamsungAlarmManager(3557): Sending to uid : 1000 action=com.android.server.action.UPDATE_TWILIGHT_STATE alarm=Alarm{993dae9 type 1 when 600000 android}
11-04 16:42:02.387: V/MediaPlayerService(3240): Create new media retriever from pid 5199
11-04 16:42:02.391: W/NetworkIdentity(3557): Active mobile network without subscriber!
11-04 16:42:02.393: E/SEC_DRM_PLUGIN_Omafl(3194): OmaPlugin::onOpenDecryptSession(fd)::Drm2IsDrmFileByExtFd::file is NOT DRM by extension
11-04 16:42:02.394: W/SEC_DRM_PLUGIN_Playready(3194): PlayreadyPlugIn: Function[DRM_ASFVerify_Context_Initialize]; Line[4469]; File type[0]
11-04 16:42:02.394: W/SEC_DRM_PLUGIN_Playready(3194): PlayReadyPlugIn: Function[onOpenDecryptSession]; Line[2576]; DRM Result[0x80004005]
11-04 16:42:02.397: D/MountService(3557): getExternalStorageMountMode : 1
11-04 16:42:02.397: D/MountService(3557): getExternalStorageMountMode : 3
11-04 16:42:02.397: D/MountService(3557): getExternalStorageMountMode : final mountMode=1, uid : 10047, packageName : com.samsung.android.app.galaxyfinder
11-04 16:42:02.398: D/SamsungAlarmManager(3557): setInexact Intent (T:0/F:0/AC:false) 20171116T154202 - CU:10085/CP:4897
11-04 16:42:02.400: D/NetworkSecurityConfig(5199): No Network Security Config specified, using platform default
11-04 16:42:02.402: I/System.out(5199): (HTTPLog)-Static: isSBSettingEnabled false
11-04 16:42:02.402: I/System.out(5199): (HTTPLog)-Static: isSBSettingEnabled false
11-04 16:42:02.412: I/OggExtractor(3236): ~OggExtractor ++
11-04 16:42:02.412: I/OggExtractor(3236): ~MyOggExtractor ++ 
11-04 16:42:02.412: I/OggExtractor(3236): ~MyOggExtractor --
11-04 16:42:02.412: I/OggExtractor(3236): ~OggExtractor --
11-04 16:42:02.415: I/ActivityManager(3557): Start proc 2428:com.samsung.android.app.galaxyfinder/u0a47 for broadcast com.samsung.android.app.galaxyfinder/.ApplicationStatusReceiver
11-04 16:42:02.415: E/Zygote(2428): v2
11-04 16:42:02.416: I/libpersona(2428): KNOX_SDCARD checking this for 10047
11-04 16:42:02.416: I/libpersona(2428): KNOX_SDCARD not a persona
11-04 16:42:02.417: E/Zygote(2428): accessInfo : 0
11-04 16:42:02.419: V/MediaPlayerService(3240): Create new media retriever from pid 5199
11-04 16:42:02.422: E/SEC_DRM_PLUGIN_Omafl(3194): OmaPlugin::onOpenDecryptSession(fd)::Drm2IsDrmFileByExtFd::file is NOT DRM by extension
